Archive member included because of file (symbol)

c:/altera/12.1sp1/nios2eds/bin/gnu/h-i686-mingw32/bin/../lib/gcc/nios2-elf/4.1.2/../../../../nios2-elf/lib\libm.a(lib_a-w_sqrt.o)
                              obj/default/dtw.o (sqrt)
c:/altera/12.1sp1/nios2eds/bin/gnu/h-i686-mingw32/bin/../lib/gcc/nios2-elf/4.1.2/../../../../nios2-elf/lib\libm.a(lib_a-e_sqrt.o)
                              c:/altera/12.1sp1/nios2eds/bin/gnu/h-i686-mingw32/bin/../lib/gcc/nios2-elf/4.1.2/../../../../nios2-elf/lib\libm.a(lib_a-w_sqrt.o) (__ieee754_sqrt)
c:/altera/12.1sp1/nios2eds/bin/gnu/h-i686-mingw32/bin/../lib/gcc/nios2-elf/4.1.2/../../../../nios2-elf/lib\libm.a(lib_a-s_isnand.o)
                              c:/altera/12.1sp1/nios2eds/bin/gnu/h-i686-mingw32/bin/../lib/gcc/nios2-elf/4.1.2/../../../../nios2-elf/lib\libm.a(lib_a-w_sqrt.o) (__isnand)
c:/altera/12.1sp1/nios2eds/bin/gnu/h-i686-mingw32/bin/../lib/gcc/nios2-elf/4.1.2/../../../../nios2-elf/lib\libm.a(lib_a-s_lib_ver.o)
                              c:/altera/12.1sp1/nios2eds/bin/gnu/h-i686-mingw32/bin/../lib/gcc/nios2-elf/4.1.2/../../../../nios2-elf/lib\libm.a(lib_a-w_sqrt.o) (__fdlib_version)
c:/altera/12.1sp1/nios2eds/bin/gnu/h-i686-mingw32/bin/../lib/gcc/nios2-elf/4.1.2/../../../../nios2-elf/lib\libm.a(lib_a-s_matherr.o)
                              c:/altera/12.1sp1/nios2eds/bin/gnu/h-i686-mingw32/bin/../lib/gcc/nios2-elf/4.1.2/../../../../nios2-elf/lib\libm.a(lib_a-w_sqrt.o) (matherr)
c:/altera/12.1sp1/nios2eds/bin/gnu/h-i686-mingw32/bin/../lib/gcc/nios2-elf/4.1.2\libgcc.a(_muldi3.o)
                              obj/default/dtw.o (__muldi3)
c:/altera/12.1sp1/nios2eds/bin/gnu/h-i686-mingw32/bin/../lib/gcc/nios2-elf/4.1.2\libgcc.a(_fixdfdi.o)
                              obj/default/hello_ucosii.o (__fixdfdi)
c:/altera/12.1sp1/nios2eds/bin/gnu/h-i686-mingw32/bin/../lib/gcc/nios2-elf/4.1.2\libgcc.a(_fixunsdfdi.o)
                              c:/altera/12.1sp1/nios2eds/bin/gnu/h-i686-mingw32/bin/../lib/gcc/nios2-elf/4.1.2\libgcc.a(_fixdfdi.o) (__fixunsdfdi)
c:/altera/12.1sp1/nios2eds/bin/gnu/h-i686-mingw32/bin/../lib/gcc/nios2-elf/4.1.2\libgcc.a(_floatdidf.o)
                              obj/default/dtw.o (__floatdidf)
c:/altera/12.1sp1/nios2eds/bin/gnu/h-i686-mingw32/bin/../lib/gcc/nios2-elf/4.1.2\libgcc.a(_addsub_df.o)
                              c:/altera/12.1sp1/nios2eds/bin/gnu/h-i686-mingw32/bin/../lib/gcc/nios2-elf/4.1.2/../../../../nios2-elf/lib\libm.a(lib_a-e_sqrt.o) (__subdf3)
c:/altera/12.1sp1/nios2eds/bin/gnu/h-i686-mingw32/bin/../lib/gcc/nios2-elf/4.1.2\libgcc.a(_mul_df.o)
                              obj/default/dtw.o (__muldf3)
c:/altera/12.1sp1/nios2eds/bin/gnu/h-i686-mingw32/bin/../lib/gcc/nios2-elf/4.1.2\libgcc.a(_div_df.o)
                              c:/altera/12.1sp1/nios2eds/bin/gnu/h-i686-mingw32/bin/../lib/gcc/nios2-elf/4.1.2/../../../../nios2-elf/lib\libm.a(lib_a-w_sqrt.o) (__divdf3)
c:/altera/12.1sp1/nios2eds/bin/gnu/h-i686-mingw32/bin/../lib/gcc/nios2-elf/4.1.2\libgcc.a(_lt_df.o)
                              c:/altera/12.1sp1/nios2eds/bin/gnu/h-i686-mingw32/bin/../lib/gcc/nios2-elf/4.1.2/../../../../nios2-elf/lib\libm.a(lib_a-w_sqrt.o) (__ltdf2)
c:/altera/12.1sp1/nios2eds/bin/gnu/h-i686-mingw32/bin/../lib/gcc/nios2-elf/4.1.2\libgcc.a(_si_to_df.o)
                              obj/default/dtw.o (__floatsidf)
c:/altera/12.1sp1/nios2eds/bin/gnu/h-i686-mingw32/bin/../lib/gcc/nios2-elf/4.1.2\libgcc.a(_df_to_si.o)
                              obj/default/dtw.o (__fixdfsi)
c:/altera/12.1sp1/nios2eds/bin/gnu/h-i686-mingw32/bin/../lib/gcc/nios2-elf/4.1.2\libgcc.a(_thenan_df.o)
                              c:/altera/12.1sp1/nios2eds/bin/gnu/h-i686-mingw32/bin/../lib/gcc/nios2-elf/4.1.2\libgcc.a(_addsub_df.o) (__thenan_df)
c:/altera/12.1sp1/nios2eds/bin/gnu/h-i686-mingw32/bin/../lib/gcc/nios2-elf/4.1.2\libgcc.a(_usi_to_df.o)
                              obj/default/hello_ucosii.o (__floatunsidf)
c:/altera/12.1sp1/nios2eds/bin/gnu/h-i686-mingw32/bin/../lib/gcc/nios2-elf/4.1.2\libgcc.a(_clzsi2.o)
                              c:/altera/12.1sp1/nios2eds/bin/gnu/h-i686-mingw32/bin/../lib/gcc/nios2-elf/4.1.2\libgcc.a(_si_to_df.o) (__clzsi2)
c:/altera/12.1sp1/nios2eds/bin/gnu/h-i686-mingw32/bin/../lib/gcc/nios2-elf/4.1.2\libgcc.a(_fixunsdfsi.o)
                              c:/altera/12.1sp1/nios2eds/bin/gnu/h-i686-mingw32/bin/../lib/gcc/nios2-elf/4.1.2\libgcc.a(_fixunsdfdi.o) (__fixunsdfsi)
c:/altera/12.1sp1/nios2eds/bin/gnu/h-i686-mingw32/bin/../lib/gcc/nios2-elf/4.1.2\libgcc.a(_pack_df.o)
                              c:/altera/12.1sp1/nios2eds/bin/gnu/h-i686-mingw32/bin/../lib/gcc/nios2-elf/4.1.2\libgcc.a(_addsub_df.o) (__pack_d)
c:/altera/12.1sp1/nios2eds/bin/gnu/h-i686-mingw32/bin/../lib/gcc/nios2-elf/4.1.2\libgcc.a(_unpack_df.o)
                              c:/altera/12.1sp1/nios2eds/bin/gnu/h-i686-mingw32/bin/../lib/gcc/nios2-elf/4.1.2\libgcc.a(_addsub_df.o) (__unpack_d)
[...]
Memory Configuration

Name             Origin             Length             Attributes
sdram_0          0x00800000         0x00800000
generic_tristate_controller_0 0x01400000         0x00400000
sram_0           0x01880000         0x00080000
reset            0x01904000         0x00000020
onchip_memory2_0 0x01904020         0x00003fe0
*default*        0x00000000         0xffffffff

Linker script and memory map

LOAD C:/Users/jchang3/Documents/ECE492/test/software/accelerometer_pen50s_bsp//obj/HAL/src/crt0.o
LOAD obj/default/dtw.o
LOAD obj/default/hello_ucosii.o
LOAD c:/altera/12.1sp1/nios2eds/bin/gnu/h-i686-mingw32/bin/../lib/gcc/nios2-elf/4.1.2/../../../../nios2-elf/lib\libstdc++.a
LOAD c:/altera/12.1sp1/nios2eds/bin/gnu/h-i686-mingw32/bin/../lib/gcc/nios2-elf/4.1.2/../../../../nios2-elf/lib\libm.a
LOAD c:/altera/12.1sp1/nios2eds/bin/gnu/h-i686-mingw32/bin/../lib/gcc/nios2-elf/4.1.2\libgcc.a
START GROUP
LOAD c:/altera/12.1sp1/nios2eds/bin/gnu/h-i686-mingw32/bin/../lib/gcc/nios2-elf/4.1.2/../../../../nios2-elf/lib\libc.a
LOAD c:/altera/12.1sp1/nios2eds/bin/gnu/h-i686-mingw32/bin/../lib/gcc/nios2-elf/4.1.2\libgcc.a
LOAD C:/Users/jchang3/Documents/ECE492/test/software/accelerometer_pen50s_bsp/\libucosii_bsp.a
END GROUP
LOAD c:/altera/12.1sp1/nios2eds/bin/gnu/h-i686-mingw32/bin/../lib/gcc/nios2-elf/4.1.2\libgcc.a
                0x00800000                __alt_mem_sdram_0 = 0x800000
                0x01400000                __alt_mem_generic_tristate_controller_0 = 0x1400000
                0x01880000                __alt_mem_sram_0 = 0x1880000
                0x01904000                __alt_mem_onchip_memory2_0 = 0x1904000

.entry          0x01904000       0x20
 *(.entry)
 .entry         0x01904000       0x20 C:/Users/jchang3/Documents/ECE492/test/software/accelerometer_pen50s_bsp//obj/HAL/src/crt0.o
                0x01904000                __reset

.exceptions     0x01904020      0x1a0 load address 0x00800000
                0x01904020                PROVIDE (__ram_exceptions_start, ABSOLUTE (.))
                0x01904020                . = ALIGN (0x20)
 *(.irq)
 *(.exceptions.entry.label)
 .exceptions.entry.label
                0x01904020        0x0 C:/Users/jchang3/Documents/ECE492/test/software/accelerometer_pen50s_bsp/\libucosii_bsp.a(alt_irq_entry.o)
                0x01904020                alt_irq_entry
 .exceptions.entry.label
                0x01904020        0x0 C:/Users/jchang3/Documents/ECE492/test/software/accelerometer_pen50s_bsp/\libucosii_bsp.a(alt_exception_entry.o)
                0x01904020                alt_exception
 *(.exceptions.entry.user)
 *(.exceptions.entry)
 .exceptions.entry
                0x01904020       0x54 C:/Users/jchang3/Documents/ECE492/test/software/accelerometer_pen50s_bsp/\libucosii_bsp.a(alt_exception_entry.o)
 *(.exceptions.irqtest.user)
 *(.exceptions.irqtest)
 .exceptions.irqtest
                0x01904074       0x10 C:/Users/jchang3/Documents/ECE492/test/software/accelerometer_pen50s_bsp/\libucosii_bsp.a(alt_irq_entry.o)
 *(.exceptions.irqhandler.user)
 *(.exceptions.irqhandler)
 .exceptions.irqhandler
                0x01904084        0x4 C:/Users/jchang3/Documents/ECE492/test/software/accelerometer_pen50s_bsp/\libucosii_bsp.a(alt_irq_entry.o)
 *(.exceptions.irqreturn.user)
 *(.exceptions.irqreturn)
 .exceptions.irqreturn
                0x01904088        0x4 C:/Users/jchang3/Documents/ECE492/test/software/accelerometer_pen50s_bsp/\libucosii_bsp.a(alt_irq_entry.o)
 *(.exceptions.notirq.label)
 .exceptions.notirq.label
                0x0190408c        0x0 C:/Users/jchang3/Documents/ECE492/test/software/accelerometer_pen50s_bsp/\libucosii_bsp.a(alt_irq_entry.o)
 *(.exceptions.notirq.user)
 *(.exceptions.notirq)
 .exceptions.notirq
                0x0190408c        0x8 C:/Users/jchang3/Documents/ECE492/test/software/accelerometer_pen50s_bsp/\libucosii_bsp.a(alt_exception_entry.o)
 *(.exceptions.soft.user)
 *(.exceptions.soft)
 *(.exceptions.unknown.user)
 *(.exceptions.unknown)
 .exceptions.unknown
                0x01904094        0x4 C:/Users/jchang3/Documents/ECE492/test/software/accelerometer_pen50s_bsp/\libucosii_bsp.a(alt_exception_entry.o)
 *(.exceptions.exit.label)
 .exceptions.exit.label
                0x01904098        0x0 C:/Users/jchang3/Documents/ECE492/test/software/accelerometer_pen50s_bsp/\libucosii_bsp.a(alt_irq_entry.o)
 .exceptions.exit.label
                0x01904098        0x0 C:/Users/jchang3/Documents/ECE492/test/software/accelerometer_pen50s_bsp/\libucosii_bsp.a(alt_exception_entry.o)
 *(.exceptions.exit.user)
 *(.exceptions.exit)
 .exceptions.exit
                0x01904098       0x54 C:/Users/jchang3/Documents/ECE492/test/software/accelerometer_pen50s_bsp/\libucosii_bsp.a(alt_exception_entry.o)
 *(.exceptions)
 .exceptions    0x019040ec       0xd4 C:/Users/jchang3/Documents/ECE492/test/software/accelerometer_pen50s_bsp/\libucosii_bsp.a(alt_irq_handler.o)
                0x019040ec                alt_irq_handler
                0x019041c0                PROVIDE (__ram_exceptions_end, ABSOLUTE (.))
                0x00800000                PROVIDE (__flash_exceptions_start, LOADADDR (.exceptions))

.text           0x008001a0    0x1bdf4
                0x008001a0                PROVIDE (stext, ABSOLUTE (.))
 *(.interp)
 *(.hash)
 *(.dynsym)
 *(.dynstr)
 *(.gnu.version)
 *(.gnu.version_d)
 *(.gnu.version_r)
 *(.rel.init)
 *(.rela.init)
 *(.rel.text .rel.text.* .rel.gnu.linkonce.t.*)
 *(.rela.text .rela.text.* .rela.gnu.linkonce.t.*)
 *(.rel.fini)
 *(.rela.fini)
 *(.rel.rodata .rel.rodata.* .rel.gnu.linkonce.r.*)
 *(.rela.rodata .rela.rodata.* .rela.gnu.linkonce.r.*)
 *(.rel.data .rel.data.* .rel.gnu.linkonce.d.*)
 *(.rela.data .rela.data.* .rela.gnu.linkonce.d.*)
 *(.rel.tdata .rel.tdata.* .rel.gnu.linkonce.td.*)
 *(.rela.tdata .rela.tdata.* .rela.gnu.linkonce.td.*)
 *(.rel.tbss .rel.tbss.* .rel.gnu.linkonce.tb.*)
 *(.rela.tbss .rela.tbss.* .rela.gnu.linkonce.tb.*)
 *(.rel.ctors)
 *(.rela.ctors)
 *(.rel.dtors)
 *(.rela.dtors)
 *(.rel.got)
 *(.rela.got)
 *(.rel.sdata .rel.sdata.* .rel.gnu.linkonce.s.*)
 *(.rela.sdata .rela.sdata.* .rela.gnu.linkonce.s.*)
 *(.rel.sbss .rel.sbss.* .rel.gnu.linkonce.sb.*)
 *(.rela.sbss .rela.sbss.* .rela.gnu.linkonce.sb.*)
 *(.rel.sdata2 .rel.sdata2.* .rel.gnu.linkonce.s2.*)
 *(.rela.sdata2 .rela.sdata2.* .rela.gnu.linkonce.s2.*)
 *(.rel.sbss2 .rel.sbss2.* .rel.gnu.linkonce.sb2.*)
 *(.rela.sbss2 .rela.sbss2.* .rela.gnu.linkonce.sb2.*)
 *(.rel.bss .rel.bss.* .rel.gnu.linkonce.b.*)
 *(.rela.bss .rela.bss.* .rela.gnu.linkonce.b.*)
 *(.rel.plt)
 *(.rela.plt)
 *(.rel.dyn)
 *(.init)
 *(.plt)
 *(.text .stub .text.* .gnu.linkonce.t.*)
 .text          0x008001a0       0x3c C:/Users/jchang3/Documents/ECE492/test/software/accelerometer_pen50s_bsp//obj/HAL/src/crt0.o
                0x008001a0                _start
 .text          0x008001dc      0x4ec obj/default/dtw.o
                0x008001dc                min_three
                0x00800238                min
                0x0080027c                max
                0x008002c0                dist
                0x00800374                dtw
 .text          0x008006c8     0x16ec obj/default/hello_ucosii.o
                0x008006c8                taskModeSelect
                0x00800854                taskLoadSDCard
                0x00800c20                taskCalibrate
                0x00800fc0                taskWriteSDCard
                0x0080121c                taskCharacterRead
                0x008016f8                taskTemplateMatch
                0x008019cc                taskDTWX
                0x00801a54                taskDTWY
                0x00801ae4                main
 .text          0x00801db4      0x130 c:/altera/12.1sp1/nios2eds/bin/gnu/h-i686-mingw32/bin/../lib/gcc/nios2-elf/4.1.2/../../../../nios2-elf/lib\libm.a(lib_a-w_sqrt.o)
                0x00801db4                sqrt
 .text          0x00801ee4      0x2c8 c:/altera/12.1sp1/nios2eds/bin/gnu/h-i686-mingw32/bin/../lib/gcc/nios2-elf/4.1.2/../../../../nios2-elf/lib\libm.a(lib_a-e_sqrt.o)
                0x00801ee4                __ieee754_sqrt
 .text          0x008021ac       0x30 c:/altera/12.1sp1/nios2eds/bin/gnu/h-i686-mingw32/bin/../lib/gcc/nios2-elf/4.1.2/../../../../nios2-elf/lib\libm.a(lib_a-s_isnand.o)
                0x008021ac                __isnand
 .text          0x008021dc        0x0 c:/altera/12.1sp1/nios2eds/bin/gnu/h-i686-mingw32/bin/../lib/gcc/nios2-elf/4.1.2/../../../../nios2-elf/lib\libm.a(lib_a-s_lib_ver.o)
 .text          0x008021dc        0x8 c:/altera/12.1sp1/nios2eds/bin/gnu/h-i686-mingw32/bin/../lib/gcc/nios2-elf/4.1.2/../../../../nios2-elf/lib\libm.a(lib_a-s_matherr.o)
                0x008021dc                matherr
 .text          0x008021e4       0x98 c:/altera/12.1sp1/nios2eds/bin/gnu/h-i686-mingw32/bin/../lib/gcc/nios2-elf/4.1.2\libgcc.a(_muldi3.o)
                0x008021e4                __muldi3
 .text          0x0080227c       0x7c c:/altera/12.1sp1/nios2eds/bin/gnu/h-i686-mingw32/bin/../lib/gcc/nios2-elf/4.1.2\libgcc.a(_fixdfdi.o)
                0x0080227c                __fixdfdi
 .text          0x008022f8       0xbc c:/altera/12.1sp1/nios2eds/bin/gnu/h-i686-mingw32/bin/../lib/gcc/nios2-elf/4.1.2\libgcc.a(_fixunsdfdi.o)
                0x008022f8                __fixunsdfdi
 .text          0x008023b4       0x88 c:/altera/12.1sp1/nios2eds/bin/gnu/h-i686-mingw32/bin/../lib/gcc/nios2-elf/4.1.2\libgcc.a(_floatdidf.o)
                0x008023b4                __floatdidf
 .text          0x0080243c      0x504 c:/altera/12.1sp1/nios2eds/bin/gnu/h-i686-mingw32/bin/../lib/gcc/nios2-elf/4.1.2\libgcc.a(_addsub_df.o)
                0x0080284c                __subdf3
                0x008028cc                __adddf3
 .text          0x00802940      0x3c4 c:/altera/12.1sp1/nios2eds/bin/gnu/h-i686-mingw32/bin/../lib/gcc/nios2-elf/4.1.2\libgcc.a(_mul_df.o)
                0x00802940                __muldf3
 .text          0x00802d04      0x258 c:/altera/12.1sp1/nios2eds/bin/gnu/h-i686-mingw32/bin/../lib/gcc/nios2-elf/4.1.2\libgcc.a(_div_df.o)
                0x00802d04                __divdf3
 .text          0x00802f5c       0x88 c:/altera/12.1sp1/nios2eds/bin/gnu/h-i686-mingw32/bin/../lib/gcc/nios2-elf/4.1.2\libgcc.a(_lt_df.o)
                0x00802f5c                __ltdf2
 .text          0x00802fe4       0xf8 c:/altera/12.1sp1/nios2eds/bin/gnu/h-i686-mingw32/bin/../lib/gcc/nios2-elf/4.1.2\libgcc.a(_si_to_df.o)
                0x00802fe4                __floatsidf
 .text          0x008030dc       0xd8 c:/altera/12.1sp1/nios2eds/bin/gnu/h-i686-mingw32/bin/../lib/gcc/nios2-elf/4.1.2\libgcc.a(_df_to_si.o)
                0x008030dc                __fixdfsi
 .text          0x008031b4        0x0 c:/altera/12.1sp1/nios2eds/bin/gnu/h-i686-mingw32/bin/../lib/gcc/nios2-elf/4.1.2\libgcc.a(_thenan_df.o)
 .text          0x008031b4      0x194 c:/altera/12.1sp1/nios2eds/bin/gnu/h-i686-mingw32/bin/../lib/gcc/nios2-elf/4.1.2\libgcc.a(_usi_to_df.o)
                0x008031b4                __floatunsidf
 .text          0x00803348       0x80 c:/altera/12.1sp1/nios2eds/bin/gnu/h-i686-mingw32/bin/../lib/gcc/nios2-elf/4.1.2\libgcc.a(_clzsi2.o)
                0x00803348                __clzsi2
 .text          0x008033c8       0xa4 c:/altera/12.1sp1/nios2eds/bin/gnu/h-i686-mingw32/bin/../lib/gcc/nios2-elf/4.1.2\libgcc.a(_fixunsdfsi.o)
                0x008033c8                __fixunsdfsi
 .text          0x0080346c      0x314 c:/altera/12.1sp1/nios2eds/bin/gnu/h-i686-mingw32/bin/../lib/gcc/nios2-elf/4.1.2\libgcc.a(_pack_df.o)
                0x0080346c                __pack_d
 .text          0x00803780      0x138 c:/altera/12.1sp1/nios2eds/bin/gnu/h-i686-mingw32/bin/../lib/gcc/nios2-elf/4.1.2\libgcc.a(_unpack_df.o)
                0x00803780                __unpack_d
 .text          0x008038b8       0xc8 c:/altera/12.1sp1/nios2eds/bin/gnu/h-i686-mingw32/bin/../lib/gcc/nios2-elf/4.1.2\libgcc.a(_fpcmp_parts_df.o)
                0x008038b8                __fpcmp_parts_d
 .text          0x00803980       0x88 c:/altera/12.1sp1/nios2eds/bin/gnu/h-i686-mingw32/bin/../lib/gcc/nios2-elf/4.1.2\libgcc.a(_ge_df.o)
                0x00803980                __gedf2
 .text          0x00803a08        0x0 c:/altera/12.1sp1/nios2eds/bin/gnu/h-i686-mingw32/bin/../lib/gcc/nios2-elf/4.1.2\libgcc.a(_clz.o)
 .text          0x00803a08       0x10 c:/altera/12.1sp1/nios2eds/bin/gnu/h-i686-mingw32/bin/../lib/gcc/nios2-elf/4.1.2/../../../../nios2-elf/lib\libc.a(lib_a-errno.o)
                0x00803a08                __errno
 .text          0x00803a18        0x0 c:/altera/12.1sp1/nios2eds/bin/gnu/h-i686-mingw32/bin/../lib/gcc/nios2-elf/4.1.2/../../../../nios2-elf/lib\libc.a(lib_a-impure.o)
 .text          0x00803a18       0x78 c:/altera/12.1sp1/nios2eds/bin/gnu/h-i686-mingw32/bin/../lib/gcc/nios2-elf/4.1.2/../../../../nios2-elf/lib\libc.a(lib_a-printf.o)
                0x00803a18                printf
                0x00803a5c                _printf_r
 .text          0x00803a90       0xb4 c:/altera/12.1sp1/nios2eds/bin/gnu/h-i686-mingw32/bin/../lib/gcc/nios2-elf/4.1.2/../../../../nios2-elf/lib\libc.a(lib_a-puts.o)
                0x00803a90                _puts_r
                0x00803b30                puts
 .text          0x00803b44       0x74 c:/altera/12.1sp1/nios2eds/bin/gnu/h-i686-mingw32/bin/../lib/gcc/nios2-elf/4.1.2/../../../../nios2-elf/lib\libc.a(lib_a-strlen.o)
                0x00803b44                strlen
 .text          0x00803bb8     0x1f28 c:/altera/12.1sp1/nios2eds/bin/gnu/h-i686-mingw32/bin/../lib/gcc/nios2-elf/4.1.2/../../../../nios2-elf/lib\libc.a(lib_a-vfprintf.o)
                0x00803c10                ___vfprintf_internal_r
                0x00805abc                __vfprintf_internal
 .text          0x00805ae0      0x13c c:/altera/12.1sp1/nios2eds/bin/gnu/h-i686-mingw32/bin/../lib/gcc/nios2-elf/4.1.2/../../../../nios2-elf/lib\libc.a(lib_a-wsetup.o)
                0x00805ae0                __swsetup_r
 .text          0x00805c1c     0x17cc c:/altera/12.1sp1/nios2eds/bin/gnu/h-i686-mingw32/bin/../lib/gcc/nios2-elf/4.1.2/../../../../nios2-elf/lib\libc.a(lib_a-dtoa.o)
                0x00805e34                _dtoa_r
 .text          0x008073e8      0x230 c:/altera/12.1sp1/nios2eds/bin/gnu/h-i686-mingw32/bin/../lib/gcc/nios2-elf/4.1.2/../../../../nios2-elf/lib\libc.a(lib_a-fflush.o)
                0x008073e8                _fflush_r
                0x008075e4                fflush
 .text          0x00807618      0x2c0 c:/altera/12.1sp1/nios2eds/bin/gnu/h-i686-mingw32/bin/../lib/gcc/nios2-elf/4.1.2/../../../../nios2-elf/lib\libc.a(lib_a-findfp.o)
                0x00807670                __sfp_lock_acquire
                0x00807674                __sfp_lock_release
                0x00807678                __sinit_lock_acquire
                0x0080767c                __sinit_lock_release
                0x00807680                __sinit
                0x00807734                __fp_unlock_all
                0x0080774c                __fp_lock_all
                0x00807764                _cleanup_r
                0x00807770                _cleanup
                0x00807780                __sfmoreglue
                0x008077e8                __sfp
 .text          0x008078d8      0x440 c:/altera/12.1sp1/nios2eds/bin/gnu/h-i686-mingw32/bin/../lib/gcc/nios2-elf/4.1.2/../../../../nios2-elf/lib\libc.a(lib_a-freer.o)
                0x008078d8                _malloc_trim_r
                0x00807a04                _free_r
 .text          0x00807d18      0x49c c:/altera/12.1sp1/nios2eds/bin/gnu/h-i686-mingw32/bin/../lib/gcc/nios2-elf/4.1.2/../../../../nios2-elf/lib\libc.a(lib_a-fvwrite.o)
                0x00807d18                __sfvwrite_r
 .text          0x008081b4      0x180 c:/altera/12.1sp1/nios2eds/bin/gnu/h-i686-mingw32/bin/../lib/gcc/nios2-elf/4.1.2/../../../../nios2-elf/lib\libc.a(lib_a-fwalk.o)
                0x008081b4                _fwalk_reent
                0x0080827c                _fwalk
 .text          0x00808334       0xc4 c:/altera/12.1sp1/nios2eds/bin/gnu/h-i686-mingw32/bin/../lib/gcc/nios2-elf/4.1.2/../../../../nios2-elf/lib\libc.a(lib_a-locale.o)
                0x00808334                __locale_charset
                0x0080833c                _localeconv_r
                0x00808348                localeconv
                0x00808358                _setlocale_r
                0x008083dc                setlocale
 .text          0x008083f8      0x194 c:/altera/12.1sp1/nios2eds/bin/gnu/h-i686-mingw32/bin/../lib/gcc/nios2-elf/4.1.2/../../../../nios2-elf/lib\libc.a(lib_a-makebuf.o)
                0x008083f8                __smakebuf_r
 .text          0x0080858c      0x740 c:/altera/12.1sp1/nios2eds/bin/gnu/h-i686-mingw32/bin/../lib/gcc/nios2-elf/4.1.2/../../../../nios2-elf/lib\libc.a(lib_a-mallocr.o)
                0x0080858c                _malloc_r
 .text          0x00808ccc       0xe4 c:/altera/12.1sp1/nios2eds/bin/gnu/h-i686-mingw32/bin/../lib/gcc/nios2-elf/4.1.2/../../../../nios2-elf/lib\libc.a(lib_a-memchr.o)
                0x00808ccc                memchr
 .text          0x00808db0       0xa0 c:/altera/12.1sp1/nios2eds/bin/gnu/h-i686-mingw32/bin/../lib/gcc/nios2-elf/4.1.2/../../../../nios2-elf/lib\libc.a(lib_a-memcpy.o)
                0x00808db0                memcpy
 .text          0x00808e50       0xe0 c:/altera/12.1sp1/nios2eds/bin/gnu/h-i686-mingw32/bin/../lib/gcc/nios2-elf/4.1.2/../../../../nios2-elf/lib\libc.a(lib_a-memmove.o)
                0x00808e50                memmove
 .text          0x00808f30       0x98 c:/altera/12.1sp1/nios2eds/bin/gnu/h-i686-mingw32/bin/../lib/gcc/nios2-elf/4.1.2/../../../../nios2-elf/lib\libc.a(lib_a-memset.o)
                0x00808f30                memset
 .text          0x00808fc8      0xff4 c:/altera/12.1sp1/nios2eds/bin/gnu/h-i686-mingw32/bin/../lib/gcc/nios2-elf/4.1.2/../../../../nios2-elf/lib\libc.a(lib_a-mprec.o)
                0x00808fc8                _Bfree
                0x00808ff0                __hi0bits
                0x00809060                __lo0bits
                0x00809124                __mcmp
                0x00809184                __ulp
                0x00809204                __b2d
                0x00809324                __ratio
                0x008093d4                _mprec_log10
                0x00809468                __copybits
                0x008094c0                __any_on
                0x00809548                _Balloc
                0x00809604                __d2b
                0x00809780                __mdiff
                0x0080990c                __lshift
                0x00809a58                __multiply
                0x00809c40                __i2b
                0x00809c7c                __multadd
                0x00809d7c                __pow5mult
                0x00809e9c                __s2b
 .text          0x00809fbc      0x5f4 c:/altera/12.1sp1/nios2eds/bin/gnu/h-i686-mingw32/bin/../lib/gcc/nios2-elf/4.1.2/../../../../nios2-elf/lib\libc.a(lib_a-reallocr.o)
                0x00809fbc                _realloc_r
 .text          0x0080a5b0       0x40 c:/altera/12.1sp1/nios2eds/bin/gnu/h-i686-mingw32/bin/../lib/gcc/nios2-elf/4.1.2/../../../../nios2-elf/lib\libc.a(lib_a-s_isinfd.o)
                0x0080a5b0                __isinfd
 .text          0x0080a5f0       0x70 c:/altera/12.1sp1/nios2eds/bin/gnu/h-i686-mingw32/bin/../lib/gcc/nios2-elf/4.1.2/../../../../nios2-elf/lib\libc.a(lib_a-sbrkr.o)
                0x0080a5f0                _sbrk_r
 .text          0x0080a660      0x14c c:/altera/12.1sp1/nios2eds/bin/gnu/h-i686-mingw32/bin/../lib/gcc/nios2-elf/4.1.2/../../../../nios2-elf/lib\libc.a(lib_a-stdio.o)
                0x0080a660                __sclose
                0x0080a668                __sseek
                0x0080a6d0                __swrite
                0x0080a74c                __sread
 .text          0x0080a7ac       0xbc c:/altera/12.1sp1/nios2eds/bin/gnu/h-i686-mingw32/bin/../lib/gcc/nios2-elf/4.1.2/../../../../nios2-elf/lib\libc.a(lib_a-strcmp.o)
                0x0080a7ac                strcmp
 .text          0x0080a868       0x78 c:/altera/12.1sp1/nios2eds/bin/gnu/h-i686-mingw32/bin/../lib/gcc/nios2-elf/4.1.2/../../../../nios2-elf/lib\libc.a(lib_a-writer.o)
                0x0080a868                _write_r
 .text          0x0080a8e0       0xb4 c:/altera/12.1sp1/nios2eds/bin/gnu/h-i686-mingw32/bin/../lib/gcc/nios2-elf/4.1.2/../../../../nios2-elf/lib\libc.a(lib_a-callocr.o)
                0x0080a8e0                _calloc_r
 .text          0x0080a994       0x70 c:/altera/12.1sp1/nios2eds/bin/gnu/h-i686-mingw32/bin/../lib/gcc/nios2-elf/4.1.2/../../../../nios2-elf/lib\libc.a(lib_a-closer.o)
                0x0080a994                _close_r
 .text          0x0080aa04      0x124 c:/altera/12.1sp1/nios2eds/bin/gnu/h-i686-mingw32/bin/../lib/gcc/nios2-elf/4.1.2/../../../../nios2-elf/lib\libc.a(lib_a-fclose.o)
                0x0080aa04                _fclose_r
                0x0080ab14                fclose
 .text          0x0080ab28       0x74 c:/altera/12.1sp1/nios2eds/bin/gnu/h-i686-mingw32/bin/../lib/gcc/nios2-elf/4.1.2/../../../../nios2-elf/lib\libc.a(lib_a-fstatr.o)
                0x0080ab28                _fstat_r
 .text          0x0080ab9c        0x0 c:/altera/12.1sp1/nios2eds/bin/gnu/h-i686-mingw32/bin/../lib/gcc/nios2-elf/4.1.2/../../../../nios2-elf/lib\libc.a(lib_a-int_errno.o)
 .text          0x0080ab9c       0x70 c:/altera/12.1sp1/nios2eds/bin/gnu/h-i686-mingw32/bin/../lib/gcc/nios2-elf/4.1.2/../../../../nios2-elf/lib\libc.a(lib_a-isattyr.o)
                0x0080ab9c                _isatty_r
 .text          0x0080ac0c       0x78 c:/altera/12.1sp1/nios2eds/bin/gnu/h-i686-mingw32/bin/../lib/gcc/nios2-elf/4.1.2/../../../../nios2-elf/lib\libc.a(lib_a-lseekr.o)
                0x0080ac0c                _lseek_r
 .text          0x0080ac84       0x78 c:/altera/12.1sp1/nios2eds/bin/gnu/h-i686-mingw32/bin/../lib/gcc/nios2-elf/4.1.2/../../../../nios2-elf/lib\libc.a(lib_a-readr.o)
                0x0080ac84                _read_r
 .text          0x0080acfc      0x5dc c:/altera/12.1sp1/nios2eds/bin/gnu/h-i686-mingw32/bin/../lib/gcc/nios2-elf/4.1.2\libgcc.a(_udivdi3.o)
                0x0080acfc                __udivdi3
 .text          0x0080b2d8      0x5b0 c:/altera/12.1sp1/nios2eds/bin/gnu/h-i686-mingw32/bin/../lib/gcc/nios2-elf/4.1.2\libgcc.a(_umoddi3.o)
                0x0080b2d8                __umoddi3
 .text          0x0080b888       0x88 c:/altera/12.1sp1/nios2eds/bin/gnu/h-i686-mingw32/bin/../lib/gcc/nios2-elf/4.1.2\libgcc.a(_eq_df.o)
                0x0080b888                __eqdf2
 .text          0x0080b910       0x88 c:/altera/12.1sp1/nios2eds/bin/gnu/h-i686-mingw32/bin/../lib/gcc/nios2-elf/4.1.2\libgcc.a(_ne_df.o)
                0x0080b910                __nedf2
 .text          0x0080b998       0x88 c:/altera/12.1sp1/nios2eds/bin/gnu/h-i686-mingw32/bin/../lib/gcc/nios2-elf/4.1.2\libgcc.a(_gt_df.o)
                0x0080b998                __gtdf2
 .text          0x0080ba20      0x14c c:/altera/12.1sp1/nios2eds/bin/gnu/h-i686-mingw32/bin/../lib/gcc/nios2-elf/4.1.2\libgcc.a(lib2-divmod.o)
                0x0080ba9c                __divsi3
                0x0080bafc                __modsi3
                0x0080bb5c                __udivsi3
                0x0080bb64                __umodsi3
 .text          0x0080bb6c      0x15c C:/Users/jchang3/Documents/ECE492/test/software/accelerometer_pen50s_bsp/\libucosii_bsp.a(alt_close.o)
                0x0080bb6c                close
 .text          0x0080bcc8       0x2c C:/Users/jchang3/Documents/ECE492/test/software/accelerometer_pen50s_bsp/\libucosii_bsp.a(alt_dev.o)
 .text          0x0080bcf4        0x0 C:/Users/jchang3/Documents/ECE492/test/software/accelerometer_pen50s_bsp/\libucosii_bsp.a(alt_errno.o)
 .text          0x0080bcf4      0x134 C:/Users/jchang3/Documents/ECE492/test/software/accelerometer_pen50s_bsp/\libucosii_bsp.a(alt_fstat.o)
                0x0080bcf4                fstat
 .text          0x0080be28      0x120 C:/Users/jchang3/Documents/ECE492/test/software/accelerometer_pen50s_bsp/\libucosii_bsp.a(alt_isatty.o)
                0x0080be28                isatty
 .text          0x0080bf48       0xec C:/Users/jchang3/Documents/ECE492/test/software/accelerometer_pen50s_bsp/\libucosii_bsp.a(alt_load.o)
                0x0080bf48                alt_load
 .text          0x0080c034      0x150 C:/Users/jchang3/Documents/ECE492/test/software/accelerometer_pen50s_bsp/\libucosii_bsp.a(alt_lseek.o)
                0x0080c034                lseek
 .text          0x0080c184       0xc8 C:/Users/jchang3/Documents/ECE492/test/software/accelerometer_pen50s_bsp/\libucosii_bsp.a(alt_main.o)
                0x0080c184                alt_main
 .text          0x0080c24c      0x180 C:/Users/jchang3/Documents/ECE492/test/software/accelerometer_pen50s_bsp/\libucosii_bsp.a(alt_read.o)
                0x0080c24c                read
 .text          0x0080c3cc       0x60 C:/Users/jchang3/Documents/ECE492/test/software/accelerometer_pen50s_bsp/\libucosii_bsp.a(alt_release_fd.o)
                0x0080c3cc                alt_release_fd
 .text          0x0080c42c       0xbc C:/Users/jchang3/Documents/ECE492/test/software/accelerometer_pen50s_bsp/\libucosii_bsp.a(alt_sbrk.o)
                0x0080c42c                sbrk
 .text          0x0080c4e8      0x180 C:/Users/jchang3/Documents/ECE492/test/software/accelerometer_pen50s_bsp/\libucosii_bsp.a(alt_write.o)
                0x0080c4e8                write
 .text          0x0080c668      0x108 C:/Users/jchang3/Documents/ECE492/test/software/accelerometer_pen50s_bsp/\libucosii_bsp.a(alt_env_lock.o)
                0x0080c668                __env_lock
                0x0080c714                __env_unlock
 .text          0x0080c770      0x1d8 C:/Users/jchang3/Documents/ECE492/test/software/accelerometer_pen50s_bsp/\libucosii_bsp.a(alt_malloc_lock.o)
                0x0080c770                __malloc_lock
                0x0080c878                __malloc_unlock
 .text          0x0080c948     0x2128 C:/Users/jchang3/Documents/ECE492/test/software/accelerometer_pen50s_bsp/\libucosii_bsp.a(os_core.o)
                0x0080c948                OSEventNameGet
                0x0080ca78                OSEventNameSet
                0x0080cbbc                OSEventPendMulti
                0x0080d270                OSInit
                0x0080d2c4                OSIntEnter
                0x0080d340                OSIntExit
                0x0080d440                OSSchedLock
                0x0080d4cc                OSSchedUnlock
                0x0080d5b0                OSStart
                0x0080d620                OSStatInit
                0x0080d6cc                OSTimeTick
                0x0080d90c                OSVersion
                0x0080d92c                OS_Dummy
                0x0080d948                OS_EventTaskRdy
                0x0080dadc                OS_EventTaskWait
                0x0080dbec                OS_EventTaskWaitMulti
                0x0080dd40                OS_EventTaskRemove
                0x0080ddf8                OS_EventTaskRemoveMulti
                0x0080defc                OS_EventWaitListInit
                0x0080e2c8                OS_MemClr
                0x0080e31c                OS_MemCopy
                0x0080e388                OS_Sched
                0x0080e4cc                OS_StrCopy
                0x0080e54c                OS_StrLen
                0x0080e5a4                OS_TaskIdle
                0x0080e600                OS_TaskStat
                0x0080e6c8                OS_TaskStatStkChk
                0x0080e790                OS_TCBInit
 .text          0x0080ea70      0x18c C:/Users/jchang3/Documents/ECE492/test/software/accelerometer_pen50s_bsp/\libucosii_bsp.a(os_dbg.o)
                0x0080ea70                OSDebugInit
 .text          0x0080ebfc     0x193c C:/Users/jchang3/Documents/ECE492/test/software/accelerometer_pen50s_bsp/\libucosii_bsp.a(os_flag.o)
                0x0080ebfc                OSFlagAccept
                0x0080ef30                OSFlagCreate
                0x0080f06c                OSFlagDel
                0x0080f314                OSFlagNameGet
                0x0080f458                OSFlagNameSet
                0x0080f5ac                OSFlagPend
                0x0080fbf0                OSFlagPendGetFlagsRdy
                0x0080fc58                OSFlagPost
                0x00810000                OSFlagQuery
                0x00810298                OS_FlagInit
                0x0081048c                OS_FlagUnlink
 .text          0x00810538      0x808 C:/Users/jchang3/Documents/ECE492/test/software/accelerometer_pen50s_bsp/\libucosii_bsp.a(os_mem.o)
                0x00810538                OSMemCreate
                0x00810754                OSMemGet
                0x00810858                OSMemNameGet
                0x00810964                OSMemNameSet
                0x00810a84                OSMemPut
                0x00810b74                OSMemQuery
                0x00810c70                OS_MemInit
 .text          0x00810d40     0x1334 C:/Users/jchang3/Documents/ECE492/test/software/accelerometer_pen50s_bsp/\libucosii_bsp.a(os_q.o)
                0x00810d40                OSQAccept
                0x00810e94                OSQCreate
                0x008110a8                OSQDel
                0x008113a8                OSQFlush
                0x00811470                OSQPend
                0x00811790                OSQPendAbort
                0x0081190c                OSQPost
                0x00811a8c                OSQPostFront
                0x00811c14                OSQPostOpt
                0x00811e48                OSQQuery
                0x00811fc8                OS_QInit
 .text          0x00812074      0xbc8 C:/Users/jchang3/Documents/ECE492/test/software/accelerometer_pen50s_bsp/\libucosii_bsp.a(os_sem.o)
                0x00812074                OSSemAccept
                0x00812134                OSSemCreate
                0x00812248                OSSemDel
                0x008124e8                OSSemPend
                0x00812764                OSSemPendAbort
                0x008128e0                OSSemPost
                0x00812a08                OSSemQuery
                0x00812b38                OSSemSet
 .text          0x00812c3c     0x1a40 C:/Users/jchang3/Documents/ECE492/test/software/accelerometer_pen50s_bsp/\libucosii_bsp.a(os_task.o)
                0x00812c3c                OSTaskChangePrio
                0x008131b0                OSTaskCreate
                0x00813384                OSTaskCreateExt
                0x00813584                OSTaskDel
                0x00813990                OSTaskDelReq
                0x00813b00                OSTaskNameGet
                0x00813cb8                OSTaskNameSet
                0x00813e7c                OSTaskResume
                0x00814094                OSTaskStkChk
                0x00814290                OSTaskSuspend
                0x008144bc                OSTaskQuery
                0x00814600                OS_TaskStkClr
 .text          0x0081467c      0x598 C:/Users/jchang3/Documents/ECE492/test/software/accelerometer_pen50s_bsp/\libucosii_bsp.a(os_time.o)
                0x0081467c                OSTimeDly
                0x008147c8                OSTimeDlyHMSM
                0x0081493c                OSTimeDlyResume
                0x00814b4c                OSTimeGet
                0x00814bb0                OSTimeSet
 .text          0x00814c14       0xf8 C:/Users/jchang3/Documents/ECE492/test/software/accelerometer_pen50s_bsp/\libucosii_bsp.a(alt_sys_init.o)
                0x00814c14                alt_irq_init
                0x00814c48                alt_sys_init
 .text          0x00814d0c      0x148 C:/Users/jchang3/Documents/ECE492/test/software/accelerometer_pen50s_bsp/\libucosii_bsp.a(altera_avalon_jtag_uart_fd.o)
                0x00814d0c                altera_avalon_jtag_uart_read_fd
                0x00814d64                altera_avalon_jtag_uart_write_fd
                0x00814dbc                altera_avalon_jtag_uart_close_fd
                0x00814e04                altera_avalon_jtag_uart_ioctl_fd
 .text          0x00814e54      0x580 C:/Users/jchang3/Documents/ECE492/test/software/accelerometer_pen50s_bsp/\libucosii_bsp.a(altera_avalon_jtag_uart_init.o)
                0x00814e54                altera_avalon_jtag_uart_init
                0x00815360                altera_avalon_jtag_uart_close
 .text          0x008153d4       0xf4 C:/Users/jchang3/Documents/ECE492/test/software/accelerometer_pen50s_bsp/\libucosii_bsp.a(altera_avalon_jtag_uart_ioctl.o)
                0x008153d4                altera_avalon_jtag_uart_ioctl
 .text          0x008154c8      0x2c0 C:/Users/jchang3/Documents/ECE492/test/software/accelerometer_pen50s_bsp/\libucosii_bsp.a(altera_avalon_jtag_uart_read.o)
                0x008154c8                altera_avalon_jtag_uart_read
 .text          0x00815788      0x2dc C:/Users/jchang3/Documents/ECE492/test/software/accelerometer_pen50s_bsp/\libucosii_bsp.a(altera_avalon_jtag_uart_write.o)
                0x00815788                altera_avalon_jtag_uart_write
 .text          0x00815a64       0xfc C:/Users/jchang3/Documents/ECE492/test/software/accelerometer_pen50s_bsp/\libucosii_bsp.a(altera_avalon_timer_sc.o)
                0x00815ad8                alt_avalon_timer_sc_init
 .text          0x00815b60      0x530 C:/Users/jchang3/Documents/ECE492/test/software/accelerometer_pen50s_bsp/\libucosii_bsp.a(altera_up_avalon_character_lcd.o)
                0x00815b60                get_DDRAM_addr
                0x00815bdc                alt_up_character_lcd_send_cmd
                0x00815c10                alt_up_character_lcd_init
                0x00815c44                alt_up_character_lcd_open_dev
                0x00815c84                alt_up_character_lcd_write
                0x00815cfc                alt_up_character_lcd_string
                0x00815d74                alt_up_character_lcd_write_fd
                0x00815dc0                alt_up_character_lcd_set_cursor_pos
                0x00815e38                alt_up_character_lcd_shift_cursor
                0x00815ee8                alt_up_character_lcd_shift_display
                0x00815f98                alt_up_character_lcd_erase_pos
                0x00816028                alt_up_character_lcd_cursor_off
                0x0081605c                alt_up_character_lcd_cursor_blink_on
 .text          0x00816090      0x398 C:/Users/jchang3/Documents/ECE492/test/software/accelerometer_pen50s_bsp/\libucosii_bsp.a(altera_up_avalon_rs232.o)
                0x00816090                alt_up_rs232_enable_read_interrupt
                0x008160e4                alt_up_rs232_disable_read_interrupt
                0x0081613c                alt_up_rs232_get_used_space_in_read_FIFO
                0x00816178                alt_up_rs232_get_available_space_in_write_FIFO
                0x008161b8                alt_up_rs232_check_parity
                0x00816208                alt_up_rs232_write_data
                0x00816250                alt_up_rs232_read_data
                0x008162c4                alt_up_rs232_read_fd
                0x00816354                alt_up_rs232_write_fd
                0x008163e8                alt_up_rs232_open_dev
 .text          0x00816428     0x4430 C:/Users/jchang3/Documents/ECE492/test/software/accelerometer_pen50s_bsp/\libucosii_bsp.a(altera_up_sd_card_avalon_interface.o)
                0x00816428                Write_Sector_Data
                0x008164f0                Save_Modified_Sector
                0x00816540                Read_Sector_Data
                0x0081663c                get_cluster_flag
                0x008166f4                mark_cluster
                0x008167d8                Check_for_Master_Boot_Record
                0x00816988                Read_File_Record_At_Offset
                0x00816c0c                Write_File_Record_At_Offset
                0x00816ec4                Check_for_DOS_FAT
                0x0081750c                Look_for_FAT16
                0x00817604                filename_to_upper_case
                0x008176d4                check_file_name_for_FAT16_compliance
                0x00817964                get_dir_divider_location
                0x00817a24                match_file_record_to_name_ext
                0x00817d10                get_home_directory_cluster_for_file
                0x00818224                find_file_in_directory
                0x00818688                find_first_empty_cluster
                0x0081882c                find_first_empty_record_in_a_subdirectory
                0x00818a78                find_first_empty_record_in_root_directory
                0x00818ba4                convert_filename_to_name_extension
                0x00818d5c                create_file
                0x00819030                copy_file_record_name_to_string
                0x00819184                alt_up_sd_card_open_dev
                0x00819248                alt_up_sd_card_is_Present
                0x00819310                alt_up_sd_card_is_FAT16
                0x00819384                alt_up_sd_card_find_first
                0x00819458                alt_up_sd_card_find_next
                0x00819808                alt_up_sd_card_fopen
                0x00819bb0                alt_up_sd_card_set_attributes
                0x00819c40                alt_up_sd_card_get_attributes
                0x00819ccc                alt_up_sd_card_read
                0x0081a068                alt_up_sd_card_write
                0x0081a68c                alt_up_sd_card_fclose
 .text          0x0081a858      0x154 C:/Users/jchang3/Documents/ECE492/test/software/accelerometer_pen50s_bsp/\libucosii_bsp.a(alt_alarm_start.o)
                0x0081a858                alt_alarm_start
 .text          0x0081a9ac       0x1c C:/Users/jchang3/Documents/ECE492/test/software/accelerometer_pen50s_bsp/\libucosii_bsp.a(alt_dcache_flush_all.o)
                0x0081a9ac                alt_dcache_flush_all
 .text          0x0081a9c8      0x114 C:/Users/jchang3/Documents/ECE492/test/software/accelerometer_pen50s_bsp/\libucosii_bsp.a(alt_dev_llist_insert.o)
                0x0081a9c8                alt_dev_llist_insert
 .text          0x0081aadc       0x64 C:/Users/jchang3/Documents/ECE492/test/software/accelerometer_pen50s_bsp/\libucosii_bsp.a(alt_do_ctors.o)
                0x0081aadc                _do_ctors
 .text          0x0081ab40       0x64 C:/Users/jchang3/Documents/ECE492/test/software/accelerometer_pen50s_bsp/\libucosii_bsp.a(alt_do_dtors.o)
                0x0081ab40                _do_dtors
 .text          0x0081aba4       0x94 C:/Users/jchang3/Documents/ECE492/test/software/accelerometer_pen50s_bsp/\libucosii_bsp.a(alt_find_dev.o)
                0x0081aba4                alt_find_dev
 .text          0x0081ac38       0x30 C:/Users/jchang3/Documents/ECE492/test/software/accelerometer_pen50s_bsp/\libucosii_bsp.a(alt_icache_flush_all.o)
                0x0081ac38                alt_icache_flush_all
 .text          0x0081ac68      0x13c C:/Users/jchang3/Documents/ECE492/test/software/accelerometer_pen50s_bsp/\libucosii_bsp.a(alt_io_redirect.o)
                0x0081ad2c                alt_io_redirect
 .text          0x0081ada4      0x1c0 C:/Users/jchang3/Documents/ECE492/test/software/accelerometer_pen50s_bsp/\libucosii_bsp.a(alt_irq_register.o)
                0x0081ada4                alt_irq_register
 .text          0x0081af64        0x0 C:/Users/jchang3/Documents/ECE492/test/software/accelerometer_pen50s_bsp/\libucosii_bsp.a(alt_irq_vars.o)
 .text          0x0081af64      0x2c4 C:/Users/jchang3/Documents/ECE492/test/software/accelerometer_pen50s_bsp/\libucosii_bsp.a(alt_open.o)
                0x0081b040                open
 .text          0x0081b228      0x1a8 C:/Users/jchang3/Documents/ECE492/test/software/accelerometer_pen50s_bsp/\libucosii_bsp.a(alt_tick.o)
                0x0081b228                alt_alarm_stop
                0x0081b2c0                alt_tick
 .text          0x0081b3d0       0x20 C:/Users/jchang3/Documents/ECE492/test/software/accelerometer_pen50s_bsp/\libucosii_bsp.a(altera_nios2_qsys_irq.o)
                0x0081b3d0                altera_nios2_qsys_irq_init
 .text          0x0081b3f0       0xd0 C:/Users/jchang3/Documents/ECE492/test/software/accelerometer_pen50s_bsp/\libucosii_bsp.a(os_cpu_a.o)
                0x0081b3f0                OSCtxSw
                0x0081b3f0                OSIntCtxSw
                0x0081b47c                OSStartHighRdy
                0x0081b49c                OSStartTsk
 .text          0x0081b4c0      0x418 C:/Users/jchang3/Documents/ECE492/test/software/accelerometer_pen50s_bsp/\libucosii_bsp.a(os_cpu_c.o)
                0x0081b4c0                OSTaskStkInit
                0x0081b7d0                OSTaskCreateHook
                0x0081b7f0                OSTaskDelHook
                0x0081b810                OSTaskSwHook
                0x0081b82c                OSTaskStatHook
                0x0081b848                OSTimeTickHook
                0x0081b864                OSInitHookBegin
                0x0081b880                OSInitHookEnd
                0x0081b89c                OSTaskIdleHook
                0x0081b8b8                OSTCBInitHook
 .text          0x0081b8d8      0x120 C:/Users/jchang3/Documents/ECE492/test/software/accelerometer_pen50s_bsp/\libucosii_bsp.a(alt_find_file.o)
                0x0081b8d8                alt_find_file
 .text          0x0081b9f8       0xf4 C:/Users/jchang3/Documents/ECE492/test/software/accelerometer_pen50s_bsp/\libucosii_bsp.a(alt_get_fd.o)
                0x0081b9f8                alt_get_fd
 .text          0x0081baec       0x90 C:/Users/jchang3/Documents/ECE492/test/software/accelerometer_pen50s_bsp/\libucosii_bsp.a(alt_icache_flush.o)
                0x0081baec                alt_icache_flush
 .text          0x0081bb7c        0x0 C:/Users/jchang3/Documents/ECE492/test/software/accelerometer_pen50s_bsp/\libucosii_bsp.a(alt_irq_entry.o)
 .text          0x0081bb7c        0x0 C:/Users/jchang3/Documents/ECE492/test/software/accelerometer_pen50s_bsp/\libucosii_bsp.a(alt_irq_handler.o)
 .text          0x0081bb7c        0x0 C:/Users/jchang3/Documents/ECE492/test/software/accelerometer_pen50s_bsp/\libucosii_bsp.a(alt_exception_entry.o)
 .text          0x0081bb7c       0x14 c:/altera/12.1sp1/nios2eds/bin/gnu/h-i686-mingw32/bin/../lib/gcc/nios2-elf/4.1.2/../../../../nios2-elf/lib\libc.a(lib_a-atexit.o)
                0x0081bb7c                atexit
 .text          0x0081bb90       0x38 c:/altera/12.1sp1/nios2eds/bin/gnu/h-i686-mingw32/bin/../lib/gcc/nios2-elf/4.1.2/../../../../nios2-elf/lib\libc.a(lib_a-exit.o)
                0x0081bb90                exit
 .text          0x0081bbc8       0x74 c:/altera/12.1sp1/nios2eds/bin/gnu/h-i686-mingw32/bin/../lib/gcc/nios2-elf/4.1.2/../../../../nios2-elf/lib\libc.a(lib_a-memcmp.o)
                0x0081bbc8                memcmp
 .text          0x0081bc3c      0x134 c:/altera/12.1sp1/nios2eds/bin/gnu/h-i686-mingw32/bin/../lib/gcc/nios2-elf/4.1.2/../../../../nios2-elf/lib\libc.a(lib_a-__atexit.o)
                0x0081bc3c                __register_exitproc
 .text          0x0081bd70      0x1b4 c:/altera/12.1sp1/nios2eds/bin/gnu/h-i686-mingw32/bin/../lib/gcc/nios2-elf/4.1.2/../../../../nios2-elf/lib\libc.a(lib_a-__call_atexit.o)
                0x0081bd74                __call_exitprocs
 .text          0x0081bf24       0x6c C:/Users/jchang3/Documents/ECE492/test/software/accelerometer_pen50s_bsp/\libucosii_bsp.a(alt_exit.o)
                0x0081bf64                _exit
 *(.gnu.warning.*)
 *(.fini)
                0x0081bf90                PROVIDE (__etext, ABSOLUTE (.))
                0x0081bf90                PROVIDE (_etext, ABSOLUTE (.))
                0x0081bf90                PROVIDE (etext, ABSOLUTE (.))
 *(.eh_frame_hdr)
                0x0081bf90                . = ALIGN (0x4)
                0x0081bf90                PROVIDE (__preinit_array_start, ABSOLUTE (.))
 *(.preinit_array)
                0x0081bf90                PROVIDE (__preinit_array_end, ABSOLUTE (.))
                0x0081bf90                PROVIDE (__init_array_start, ABSOLUTE (.))
 *(.init_array)
                0x0081bf90                PROVIDE (__init_array_end, ABSOLUTE (.))
                0x0081bf90                PROVIDE (__fini_array_start, ABSOLUTE (.))
 *(.fini_array)
                0x0081bf90                PROVIDE (__fini_array_end, ABSOLUTE (.))
 *(.eh_frame)
 *(.gcc_except_table)
 *(.dynamic)
                0x0081bf90                PROVIDE (__CTOR_LIST__, ABSOLUTE (.))
 *(.ctors)
 *(SORT(.ctors.*))
 .ctors.65535   0x0081bf90        0x4 c:/altera/12.1sp1/nios2eds/bin/gnu/h-i686-mingw32/bin/../lib/gcc/nios2-elf/4.1.2/../../../../nios2-elf/lib\libc.a(lib_a-__call_atexit.o)
                0x0081bf94                PROVIDE (__CTOR_END__, ABSOLUTE (.))
                0x0081bf94                PROVIDE (__DTOR_LIST__, ABSOLUTE (.))
 *(.dtors)
 *(SORT(.dtors.*))
                0x0081bf94                PROVIDE (__DTOR_END__, ABSOLUTE (.))
 *(.jcr)
                0x0081bf94                . = ALIGN (0x4)

.rodata         0x0081bf94      0x978
                0x0081bf94                PROVIDE (__ram_rodata_start, ABSOLUTE (.))
                0x0081bf94                . = ALIGN (0x4)
 *(.rodata .rodata.* .gnu.linkonce.r.*)
 .rodata        0x0081bf94      0x4b4 obj/default/hello_ucosii.o
 .rodata.str1.4
                0x0081c448        0x5 c:/altera/12.1sp1/nios2eds/bin/gnu/h-i686-mingw32/bin/../lib/gcc/nios2-elf/4.1.2/../../../../nios2-elf/lib\libm.a(lib_a-w_sqrt.o)
                                  0x8 (size before relaxing)
 *fill*         0x0081c44d        0x3 00
 .rodata        0x0081c450       0x14 c:/altera/12.1sp1/nios2eds/bin/gnu/h-i686-mingw32/bin/../lib/gcc/nios2-elf/4.1.2\libgcc.a(_thenan_df.o)
                0x0081c450                __thenan_df
 .rodata        0x0081c464      0x100 c:/altera/12.1sp1/nios2eds/bin/gnu/h-i686-mingw32/bin/../lib/gcc/nios2-elf/4.1.2\libgcc.a(_clz.o)
                0x0081c464                __clz_tab
 .rodata.str1.4
                0x0081c564        0x2 c:/altera/12.1sp1/nios2eds/bin/gnu/h-i686-mingw32/bin/../lib/gcc/nios2-elf/4.1.2/../../../../nios2-elf/lib\libc.a(lib_a-impure.o)
                                  0x4 (size before relaxing)
 *fill*         0x0081c566        0x2 00
 .rodata.str1.4
                0x0081c568        0x2 c:/altera/12.1sp1/nios2eds/bin/gnu/h-i686-mingw32/bin/../lib/gcc/nios2-elf/4.1.2/../../../../nios2-elf/lib\libc.a(lib_a-puts.o)
                                  0x4 (size before relaxing)
 *fill*         0x0081c56a        0x2 00
 .rodata.str1.4
                0x0081c56c       0x5e c:/altera/12.1sp1/nios2eds/bin/gnu/h-i686-mingw32/bin/../lib/gcc/nios2-elf/4.1.2/../../../../nios2-elf/lib\libc.a(lib_a-vfprintf.o)
                                 0x60 (size before relaxing)
 .rodata        0x0081c5ca       0x20 c:/altera/12.1sp1/nios2eds/bin/gnu/h-i686-mingw32/bin/../lib/gcc/nios2-elf/4.1.2/../../../../nios2-elf/lib\libc.a(lib_a-vfprintf.o)
 *fill*         0x0081c5ea        0x2 00
 .rodata.str1.4
                0x0081c5ec       0x10 c:/altera/12.1sp1/nios2eds/bin/gnu/h-i686-mingw32/bin/../lib/gcc/nios2-elf/4.1.2/../../../../nios2-elf/lib\libc.a(lib_a-dtoa.o)
                                 0x14 (size before relaxing)
 .rodata.str1.4
                0x0081c5fc       0x10 c:/altera/12.1sp1/nios2eds/bin/gnu/h-i686-mingw32/bin/../lib/gcc/nios2-elf/4.1.2/../../../../nios2-elf/lib\libc.a(lib_a-locale.o)
                                 0x18 (size before relaxing)
 .rodata        0x0081c60c       0x30 c:/altera/12.1sp1/nios2eds/bin/gnu/h-i686-mingw32/bin/../lib/gcc/nios2-elf/4.1.2/../../../../nios2-elf/lib\libc.a(lib_a-locale.o)
 .rodata        0x0081c63c      0x124 c:/altera/12.1sp1/nios2eds/bin/gnu/h-i686-mingw32/bin/../lib/gcc/nios2-elf/4.1.2/../../../../nios2-elf/lib\libc.a(lib_a-mprec.o)
                0x0081c63c                __mprec_tens
                0x0081c704                __mprec_bigtens
                0x0081c72c                __mprec_tinytens
 .rodata        0x0081c760        0xc C:/Users/jchang3/Documents/ECE492/test/software/accelerometer_pen50s_bsp/\libucosii_bsp.a(alt_dev.o)
 .rodata        0x0081c76c       0x14 C:/Users/jchang3/Documents/ECE492/test/software/accelerometer_pen50s_bsp/\libucosii_bsp.a(alt_main.o)
 .rodata        0x0081c780      0x120 C:/Users/jchang3/Documents/ECE492/test/software/accelerometer_pen50s_bsp/\libucosii_bsp.a(os_core.o)
                0x0081c780                OSUnMapTbl
 .rodata        0x0081c8a0       0x68 C:/Users/jchang3/Documents/ECE492/test/software/accelerometer_pen50s_bsp/\libucosii_bsp.a(alt_sys_init.o)
 .rodata        0x0081c908        0x4 C:/Users/jchang3/Documents/ECE492/test/software/accelerometer_pen50s_bsp/\libucosii_bsp.a(os_cpu_c.o)
 *(.rodata1)
                0x0081c90c                . = ALIGN (0x4)
                0x0081c90c                PROVIDE (__ram_rodata_end, ABSOLUTE (.))
                0x0081bf94                PROVIDE (__flash_rodata_start, LOADADDR (.rodata))

.rwdata         0x0081c90c     0x1b6c load address 0x0081e478
                0x0081c90c                PROVIDE (__ram_rwdata_start, ABSOLUTE (.))
                0x0081c90c                . = ALIGN (0x4)
 *(.got.plt)
 *(.got)
 *(.data1)
 *(.data .data.* .gnu.linkonce.d.*)
 .data          0x0081c90c        0x0 C:/Users/jchang3/Documents/ECE492/test/software/accelerometer_pen50s_bsp//obj/HAL/src/crt0.o
 .data          0x0081c90c        0x0 obj/default/dtw.o
 .data          0x0081c90c        0x0 obj/default/hello_ucosii.o
 .data          0x0081c90c        0x0 c:/altera/12.1sp1/nios2eds/bin/gnu/h-i686-mingw32/bin/../lib/gcc/nios2-elf/4.1.2/../../../../nios2-elf/lib\libm.a(lib_a-w_sqrt.o)
 .data          0x0081c90c        0x0 c:/altera/12.1sp1/nios2eds/bin/gnu/h-i686-mingw32/bin/../lib/gcc/nios2-elf/4.1.2/../../../../nios2-elf/lib\libm.a(lib_a-e_sqrt.o)
 .data          0x0081c90c        0x0 c:/altera/12.1sp1/nios2eds/bin/gnu/h-i686-mingw32/bin/../lib/gcc/nios2-elf/4.1.2/../../../../nios2-elf/lib\libm.a(lib_a-s_isnand.o)
 .data          0x0081c90c        0x0 c:/altera/12.1sp1/nios2eds/bin/gnu/h-i686-mingw32/bin/../lib/gcc/nios2-elf/4.1.2/../../../../nios2-elf/lib\libm.a(lib_a-s_lib_ver.o)
 .data          0x0081c90c        0x0 c:/altera/12.1sp1/nios2eds/bin/gnu/h-i686-mingw32/bin/../lib/gcc/nios2-elf/4.1.2/../../../../nios2-elf/lib\libm.a(lib_a-s_matherr.o)
 .data          0x0081c90c        0x0 c:/altera/12.1sp1/nios2eds/bin/gnu/h-i686-mingw32/bin/../lib/gcc/nios2-elf/4.1.2\libgcc.a(_muldi3.o)
 .data          0x0081c90c        0x0 c:/altera/12.1sp1/nios2eds/bin/gnu/h-i686-mingw32/bin/../lib/gcc/nios2-elf/4.1.2\libgcc.a(_fixdfdi.o)
 .data          0x0081c90c        0x0 c:/altera/12.1sp1/nios2eds/bin/gnu/h-i686-mingw32/bin/../lib/gcc/nios2-elf/4.1.2\libgcc.a(_fixunsdfdi.o)
 .data          0x0081c90c        0x0 c:/altera/12.1sp1/nios2eds/bin/gnu/h-i686-mingw32/bin/../lib/gcc/nios2-elf/4.1.2\libgcc.a(_floatdidf.o)
 .data          0x0081c90c        0x0 c:/altera/12.1sp1/nios2eds/bin/gnu/h-i686-mingw32/bin/../lib/gcc/nios2-elf/4.1.2\libgcc.a(_addsub_df.o)
 .data          0x0081c90c        0x0 c:/altera/12.1sp1/nios2eds/bin/gnu/h-i686-mingw32/bin/../lib/gcc/nios2-elf/4.1.2\libgcc.a(_mul_df.o)
 .data          0x0081c90c        0x0 c:/altera/12.1sp1/nios2eds/bin/gnu/h-i686-mingw32/bin/../lib/gcc/nios2-elf/4.1.2\libgcc.a(_div_df.o)
 .data          0x0081c90c        0x0 c:/altera/12.1sp1/nios2eds/bin/gnu/h-i686-mingw32/bin/../lib/gcc/nios2-elf/4.1.2\libgcc.a(_lt_df.o)
 .data          0x0081c90c        0x0 c:/altera/12.1sp1/nios2eds/bin/gnu/h-i686-mingw32/bin/../lib/gcc/nios2-elf/4.1.2\libgcc.a(_si_to_df.o)
 .data          0x0081c90c        0x0 c:/altera/12.1sp1/nios2eds/bin/gnu/h-i686-mingw32/bin/../lib/gcc/nios2-elf/4.1.2\libgcc.a(_df_to_si.o)
 .data          0x0081c90c        0x0 c:/altera/12.1sp1/nios2eds/bin/gnu/h-i686-mingw32/bin/../lib/gcc/nios2-elf/4.1.2\libgcc.a(_thenan_df.o)
 .data          0x0081c90c        0x0 c:/altera/12.1sp1/nios2eds/bin/gnu/h-i686-mingw32/bin/../lib/gcc/nios2-elf/4.1.2\libgcc.a(_usi_to_df.o)
 .data          0x0081c90c        0x0 c:/altera/12.1sp1/nios2eds/bin/gnu/h-i686-mingw32/bin/../lib/gcc/nios2-elf/4.1.2\libgcc.a(_clzsi2.o)
 .data          0x0081c90c        0x0 c:/altera/12.1sp1/nios2eds/bin/gnu/h-i686-mingw32/bin/../lib/gcc/nios2-elf/4.1.2\libgcc.a(_fixunsdfsi.o)
 .data          0x0081c90c        0x0 c:/altera/12.1sp1/nios2eds/bin/gnu/h-i686-mingw32/bin/../lib/gcc/nios2-elf/4.1.2\libgcc.a(_pack_df.o)
 .data          0x0081c90c        0x0 c:/altera/12.1sp1/nios2eds/bin/gnu/h-i686-mingw32/bin/../lib/gcc/nios2-elf/4.1.2\libgcc.a(_unpack_df.o)
 .data          0x0081c90c        0x0 c:/altera/12.1sp1/nios2eds/bin/gnu/h-i686-mingw32/bin/../lib/gcc/nios2-elf/4.1.2\libgcc.a(_fpcmp_parts_df.o)
 .data          0x0081c90c        0x0 c:/altera/12.1sp1/nios2eds/bin/gnu/h-i686-mingw32/bin/../lib/gcc/nios2-elf/4.1.2\libgcc.a(_ge_df.o)
 .data          0x0081c90c        0x0 c:/altera/12.1sp1/nios2eds/bin/gnu/h-i686-mingw32/bin/../lib/gcc/nios2-elf/4.1.2\libgcc.a(_clz.o)
 .data          0x0081c90c        0x0 c:/altera/12.1sp1/nios2eds/bin/gnu/h-i686-mingw32/bin/../lib/gcc/nios2-elf/4.1.2/../../../../nios2-elf/lib\libc.a(lib_a-errno.o)
 .data          0x0081c90c      0x400 c:/altera/12.1sp1/nios2eds/bin/gnu/h-i686-mingw32/bin/../lib/gcc/nios2-elf/4.1.2/../../../../nios2-elf/lib\libc.a(lib_a-impure.o)
 .data          0x0081cd0c        0x0 c:/altera/12.1sp1/nios2eds/bin/gnu/h-i686-mingw32/bin/../lib/gcc/nios2-elf/4.1.2/../../../../nios2-elf/lib\libc.a(lib_a-printf.o)
 .data          0x0081cd0c        0x0 c:/altera/12.1sp1/nios2eds/bin/gnu/h-i686-mingw32/bin/../lib/gcc/nios2-elf/4.1.2/../../../../nios2-elf/lib\libc.a(lib_a-puts.o)
 .data          0x0081cd0c        0x0 c:/altera/12.1sp1/nios2eds/bin/gnu/h-i686-mingw32/bin/../lib/gcc/nios2-elf/4.1.2/../../../../nios2-elf/lib\libc.a(lib_a-strlen.o)
 .data          0x0081cd0c        0x0 c:/altera/12.1sp1/nios2eds/bin/gnu/h-i686-mingw32/bin/../lib/gcc/nios2-elf/4.1.2/../../../../nios2-elf/lib\libc.a(lib_a-vfprintf.o)
 .data          0x0081cd0c        0x0 c:/altera/12.1sp1/nios2eds/bin/gnu/h-i686-mingw32/bin/../lib/gcc/nios2-elf/4.1.2/../../../../nios2-elf/lib\libc.a(lib_a-wsetup.o)
 .data          0x0081cd0c        0x0 c:/altera/12.1sp1/nios2eds/bin/gnu/h-i686-mingw32/bin/../lib/gcc/nios2-elf/4.1.2/../../../../nios2-elf/lib\libc.a(lib_a-dtoa.o)
 .data          0x0081cd0c        0x0 c:/altera/12.1sp1/nios2eds/bin/gnu/h-i686-mingw32/bin/../lib/gcc/nios2-elf/4.1.2/../../../../nios2-elf/lib\libc.a(lib_a-fflush.o)
 .data          0x0081cd0c        0x0 c:/altera/12.1sp1/nios2eds/bin/gnu/h-i686-mingw32/bin/../lib/gcc/nios2-elf/4.1.2/../../../../nios2-elf/lib\libc.a(lib_a-findfp.o)
 .data          0x0081cd0c        0x0 c:/altera/12.1sp1/nios2eds/bin/gnu/h-i686-mingw32/bin/../lib/gcc/nios2-elf/4.1.2/../../../../nios2-elf/lib\libc.a(lib_a-freer.o)
 .data          0x0081cd0c        0x0 c:/altera/12.1sp1/nios2eds/bin/gnu/h-i686-mingw32/bin/../lib/gcc/nios2-elf/4.1.2/../../../../nios2-elf/lib\libc.a(lib_a-fvwrite.o)
 .data          0x0081cd0c        0x0 c:/altera/12.1sp1/nios2eds/bin/gnu/h-i686-mingw32/bin/../lib/gcc/nios2-elf/4.1.2/../../../../nios2-elf/lib\libc.a(lib_a-fwalk.o)
 .data          0x0081cd0c        0xc c:/altera/12.1sp1/nios2eds/bin/gnu/h-i686-mingw32/bin/../lib/gcc/nios2-elf/4.1.2/../../../../nios2-elf/lib\libc.a(lib_a-locale.o)
                0x0081cd0c                __lc_ctype
 .data          0x0081cd18        0x0 c:/altera/12.1sp1/nios2eds/bin/gnu/h-i686-mingw32/bin/../lib/gcc/nios2-elf/4.1.2/../../../../nios2-elf/lib\libc.a(lib_a-makebuf.o)
 .data          0x0081cd18      0x408 c:/altera/12.1sp1/nios2eds/bin/gnu/h-i686-mingw32/bin/../lib/gcc/nios2-elf/4.1.2/../../../../nios2-elf/lib\libc.a(lib_a-mallocr.o)
                0x0081cd18                __malloc_av_
 .data          0x0081d120        0x0 c:/altera/12.1sp1/nios2eds/bin/gnu/h-i686-mingw32/bin/../lib/gcc/nios2-elf/4.1.2/../../../../nios2-elf/lib\libc.a(lib_a-memchr.o)
 .data          0x0081d120        0x0 c:/altera/12.1sp1/nios2eds/bin/gnu/h-i686-mingw32/bin/../lib/gcc/nios2-elf/4.1.2/../../../../nios2-elf/lib\libc.a(lib_a-memcpy.o)
 .data          0x0081d120        0x0 c:/altera/12.1sp1/nios2eds/bin/gnu/h-i686-mingw32/bin/../lib/gcc/nios2-elf/4.1.2/../../../../nios2-elf/lib\libc.a(lib_a-memmove.o)
 .data          0x0081d120        0x0 c:/altera/12.1sp1/nios2eds/bin/gnu/h-i686-mingw32/bin/../lib/gcc/nios2-elf/4.1.2/../../../../nios2-elf/lib\libc.a(lib_a-memset.o)
 .data          0x0081d120        0x0 c:/altera/12.1sp1/nios2eds/bin/gnu/h-i686-mingw32/bin/../lib/gcc/nios2-elf/4.1.2/../../../../nios2-elf/lib\libc.a(lib_a-mprec.o)
 .data          0x0081d120        0x0 c:/altera/12.1sp1/nios2eds/bin/gnu/h-i686-mingw32/bin/../lib/gcc/nios2-elf/4.1.2/../../../../nios2-elf/lib\libc.a(lib_a-reallocr.o)
 .data          0x0081d120        0x0 c:/altera/12.1sp1/nios2eds/bin/gnu/h-i686-mingw32/bin/../lib/gcc/nios2-elf/4.1.2/../../../../nios2-elf/lib\libc.a(lib_a-s_isinfd.o)
 .data          0x0081d120        0x0 c:/altera/12.1sp1/nios2eds/bin/gnu/h-i686-mingw32/bin/../lib/gcc/nios2-elf/4.1.2/../../../../nios2-elf/lib\libc.a(lib_a-sbrkr.o)
 .data          0x0081d120        0x0 c:/altera/12.1sp1/nios2eds/bin/gnu/h-i686-mingw32/bin/../lib/gcc/nios2-elf/4.1.2/../../../../nios2-elf/lib\libc.a(lib_a-stdio.o)
 .data          0x0081d120        0x0 c:/altera/12.1sp1/nios2eds/bin/gnu/h-i686-mingw32/bin/../lib/gcc/nios2-elf/4.1.2/../../../../nios2-elf/lib\libc.a(lib_a-strcmp.o)
 .data          0x0081d120        0x0 c:/altera/12.1sp1/nios2eds/bin/gnu/h-i686-mingw32/bin/../lib/gcc/nios2-elf/4.1.2/../../../../nios2-elf/lib\libc.a(lib_a-writer.o)
 .data          0x0081d120        0x0 c:/altera/12.1sp1/nios2eds/bin/gnu/h-i686-mingw32/bin/../lib/gcc/nios2-elf/4.1.2/../../../../nios2-elf/lib\libc.a(lib_a-callocr.o)
 .data          0x0081d120        0x0 c:/altera/12.1sp1/nios2eds/bin/gnu/h-i686-mingw32/bin/../lib/gcc/nios2-elf/4.1.2/../../../../nios2-elf/lib\libc.a(lib_a-closer.o)
 .data          0x0081d120        0x0 c:/altera/12.1sp1/nios2eds/bin/gnu/h-i686-mingw32/bin/../lib/gcc/nios2-elf/4.1.2/../../../../nios2-elf/lib\libc.a(lib_a-fclose.o)
 .data          0x0081d120        0x0 c:/altera/12.1sp1/nios2eds/bin/gnu/h-i686-mingw32/bin/../lib/gcc/nios2-elf/4.1.2/../../../../nios2-elf/lib\libc.a(lib_a-fstatr.o)
 .data          0x0081d120        0x0 c:/altera/12.1sp1/nios2eds/bin/gnu/h-i686-mingw32/bin/../lib/gcc/nios2-elf/4.1.2/../../../../nios2-elf/lib\libc.a(lib_a-int_errno.o)
 .data          0x0081d120        0x0 c:/altera/12.1sp1/nios2eds/bin/gnu/h-i686-mingw32/bin/../lib/gcc/nios2-elf/4.1.2/../../../../nios2-elf/lib\libc.a(lib_a-isattyr.o)
 .data          0x0081d120        0x0 c:/altera/12.1sp1/nios2eds/bin/gnu/h-i686-mingw32/bin/../lib/gcc/nios2-elf/4.1.2/../../../../nios2-elf/lib\libc.a(lib_a-lseekr.o)
 .data          0x0081d120        0x0 c:/altera/12.1sp1/nios2eds/bin/gnu/h-i686-mingw32/bin/../lib/gcc/nios2-elf/4.1.2/../../../../nios2-elf/lib\libc.a(lib_a-readr.o)
 .data          0x0081d120        0x0 c:/altera/12.1sp1/nios2eds/bin/gnu/h-i686-mingw32/bin/../lib/gcc/nios2-elf/4.1.2\libgcc.a(_udivdi3.o)
 .data          0x0081d120        0x0 c:/altera/12.1sp1/nios2eds/bin/gnu/h-i686-mingw32/bin/../lib/gcc/nios2-elf/4.1.2\libgcc.a(_umoddi3.o)
 .data          0x0081d120        0x0 c:/altera/12.1sp1/nios2eds/bin/gnu/h-i686-mingw32/bin/../lib/gcc/nios2-elf/4.1.2\libgcc.a(_eq_df.o)
 .data          0x0081d120        0x0 c:/altera/12.1sp1/nios2eds/bin/gnu/h-i686-mingw32/bin/../lib/gcc/nios2-elf/4.1.2\libgcc.a(_ne_df.o)
 .data          0x0081d120        0x0 c:/altera/12.1sp1/nios2eds/bin/gnu/h-i686-mingw32/bin/../lib/gcc/nios2-elf/4.1.2\libgcc.a(_gt_df.o)
 .data          0x0081d120        0x0 c:/altera/12.1sp1/nios2eds/bin/gnu/h-i686-mingw32/bin/../lib/gcc/nios2-elf/4.1.2\libgcc.a(lib2-divmod.o)
 .data          0x0081d120        0x0 C:/Users/jchang3/Documents/ECE492/test/software/accelerometer_pen50s_bsp/\libucosii_bsp.a(alt_close.o)
 .data          0x0081d120      0x1a8 C:/Users/jchang3/Documents/ECE492/test/software/accelerometer_pen50s_bsp/\libucosii_bsp.a(alt_dev.o)
                0x0081d120                alt_dev_null
                0x0081d148                alt_fd_list
 .data          0x0081d2c8        0x0 C:/Users/jchang3/Documents/ECE492/test/software/accelerometer_pen50s_bsp/\libucosii_bsp.a(alt_errno.o)
 .data          0x0081d2c8        0x0 C:/Users/jchang3/Documents/ECE492/test/software/accelerometer_pen50s_bsp/\libucosii_bsp.a(alt_fstat.o)
 .data          0x0081d2c8        0x0 C:/Users/jchang3/Documents/ECE492/test/software/accelerometer_pen50s_bsp/\libucosii_bsp.a(alt_isatty.o)
 .data          0x0081d2c8        0x0 C:/Users/jchang3/Documents/ECE492/test/software/accelerometer_pen50s_bsp/\libucosii_bsp.a(alt_load.o)
 .data          0x0081d2c8        0x0 C:/Users/jchang3/Documents/ECE492/test/software/accelerometer_pen50s_bsp/\libucosii_bsp.a(alt_lseek.o)
 .data          0x0081d2c8        0x0 C:/Users/jchang3/Documents/ECE492/test/software/accelerometer_pen50s_bsp/\libucosii_bsp.a(alt_main.o)
 .data          0x0081d2c8        0x0 C:/Users/jchang3/Documents/ECE492/test/software/accelerometer_pen50s_bsp/\libucosii_bsp.a(alt_read.o)
 .data          0x0081d2c8        0x0 C:/Users/jchang3/Documents/ECE492/test/software/accelerometer_pen50s_bsp/\libucosii_bsp.a(alt_release_fd.o)
 .data          0x0081d2c8        0x0 C:/Users/jchang3/Documents/ECE492/test/software/accelerometer_pen50s_bsp/\libucosii_bsp.a(alt_sbrk.o)
 .data          0x0081d2c8        0x0 C:/Users/jchang3/Documents/ECE492/test/software/accelerometer_pen50s_bsp/\libucosii_bsp.a(alt_write.o)
 .data          0x0081d2c8        0x0 C:/Users/jchang3/Documents/ECE492/test/software/accelerometer_pen50s_bsp/\libucosii_bsp.a(alt_env_lock.o)
 .data          0x0081d2c8        0x0 C:/Users/jchang3/Documents/ECE492/test/software/accelerometer_pen50s_bsp/\libucosii_bsp.a(alt_malloc_lock.o)
 .data          0x0081d2c8        0x0 C:/Users/jchang3/Documents/ECE492/test/software/accelerometer_pen50s_bsp/\libucosii_bsp.a(os_core.o)
 .data          0x0081d2c8        0x0 C:/Users/jchang3/Documents/ECE492/test/software/accelerometer_pen50s_bsp/\libucosii_bsp.a(os_dbg.o)
 .data          0x0081d2c8        0x0 C:/Users/jchang3/Documents/ECE492/test/software/accelerometer_pen50s_bsp/\libucosii_bsp.a(os_flag.o)
 .data          0x0081d2c8        0x0 C:/Users/jchang3/Documents/ECE492/test/software/accelerometer_pen50s_bsp/\libucosii_bsp.a(os_mem.o)
 .data          0x0081d2c8        0x0 C:/Users/jchang3/Documents/ECE492/test/software/accelerometer_pen50s_bsp/\libucosii_bsp.a(os_q.o)
 .data          0x0081d2c8        0x0 C:/Users/jchang3/Documents/ECE492/test/software/accelerometer_pen50s_bsp/\libucosii_bsp.a(os_sem.o)
 .data          0x0081d2c8        0x0 C:/Users/jchang3/Documents/ECE492/test/software/accelerometer_pen50s_bsp/\libucosii_bsp.a(os_task.o)
 .data          0x0081d2c8        0x0 C:/Users/jchang3/Documents/ECE492/test/software/accelerometer_pen50s_bsp/\libucosii_bsp.a(os_time.o)
 .data          0x0081d2c8     0x10f0 C:/Users/jchang3/Documents/ECE492/test/software/accelerometer_pen50s_bsp/\libucosii_bsp.a(alt_sys_init.o)
 .data          0x0081e3b8        0x0 C:/Users/jchang3/Documents/ECE492/test/software/accelerometer_pen50s_bsp/\libucosii_bsp.a(altera_avalon_jtag_uart_fd.o)
 .data          0x0081e3b8        0x0 C:/Users/jchang3/Documents/ECE492/test/software/accelerometer_pen50s_bsp/\libucosii_bsp.a(altera_avalon_jtag_uart_init.o)
 .data          0x0081e3b8        0x0 C:/Users/jchang3/Documents/ECE492/test/software/accelerometer_pen50s_bsp/\libucosii_bsp.a(altera_avalon_jtag_uart_ioctl.o)
 .data          0x0081e3b8        0x0 C:/Users/jchang3/Documents/ECE492/test/software/accelerometer_pen50s_bsp/\libucosii_bsp.a(altera_avalon_jtag_uart_read.o)
 .data          0x0081e3b8        0x0 C:/Users/jchang3/Documents/ECE492/test/software/accelerometer_pen50s_bsp/\libucosii_bsp.a(altera_avalon_jtag_uart_write.o)
 .data          0x0081e3b8        0x0 C:/Users/jchang3/Documents/ECE492/test/software/accelerometer_pen50s_bsp/\libucosii_bsp.a(altera_avalon_timer_sc.o)
 .data          0x0081e3b8        0x0 C:/Users/jchang3/Documents/ECE492/test/software/accelerometer_pen50s_bsp/\libucosii_bsp.a(altera_up_avalon_character_lcd.o)
 .data          0x0081e3b8        0x0 C:/Users/jchang3/Documents/ECE492/test/software/accelerometer_pen50s_bsp/\libucosii_bsp.a(altera_up_avalon_rs232.o)
 .data          0x0081e3b8        0x0 C:/Users/jchang3/Documents/ECE492/test/software/accelerometer_pen50s_bsp/\libucosii_bsp.a(altera_up_sd_card_avalon_interface.o)
 .data          0x0081e3b8        0x0 C:/Users/jchang3/Documents/ECE492/test/software/accelerometer_pen50s_bsp/\libucosii_bsp.a(alt_alarm_start.o)
 .data          0x0081e3b8        0x0 C:/Users/jchang3/Documents/ECE492/test/software/accelerometer_pen50s_bsp/\libucosii_bsp.a(alt_dcache_flush_all.o)
 .data          0x0081e3b8        0x0 C:/Users/jchang3/Documents/ECE492/test/software/accelerometer_pen50s_bsp/\libucosii_bsp.a(alt_dev_llist_insert.o)
 .data          0x0081e3b8        0x0 C:/Users/jchang3/Documents/ECE492/test/software/accelerometer_pen50s_bsp/\libucosii_bsp.a(alt_do_ctors.o)
 .data          0x0081e3b8        0x0 C:/Users/jchang3/Documents/ECE492/test/software/accelerometer_pen50s_bsp/\libucosii_bsp.a(alt_do_dtors.o)
 .data          0x0081e3b8        0x0 C:/Users/jchang3/Documents/ECE492/test/software/accelerometer_pen50s_bsp/\libucosii_bsp.a(alt_find_dev.o)
 .data          0x0081e3b8        0x0 C:/Users/jchang3/Documents/ECE492/test/software/accelerometer_pen50s_bsp/\libucosii_bsp.a(alt_icache_flush_all.o)
 .data          0x0081e3b8        0x0 C:/Users/jchang3/Documents/ECE492/test/software/accelerometer_pen50s_bsp/\libucosii_bsp.a(alt_io_redirect.o)
 .data          0x0081e3b8        0x0 C:/Users/jchang3/Documents/ECE492/test/software/accelerometer_pen50s_bsp/\libucosii_bsp.a(alt_irq_register.o)
 .data          0x0081e3b8        0x0 C:/Users/jchang3/Documents/ECE492/test/software/accelerometer_pen50s_bsp/\libucosii_bsp.a(alt_irq_vars.o)
 .data          0x0081e3b8        0x0 C:/Users/jchang3/Documents/ECE492/test/software/accelerometer_pen50s_bsp/\libucosii_bsp.a(alt_open.o)
 .data          0x0081e3b8        0x0 C:/Users/jchang3/Documents/ECE492/test/software/accelerometer_pen50s_bsp/\libucosii_bsp.a(alt_tick.o)
 .data          0x0081e3b8        0x0 C:/Users/jchang3/Documents/ECE492/test/software/accelerometer_pen50s_bsp/\libucosii_bsp.a(altera_nios2_qsys_irq.o)
 .data          0x0081e3b8        0x0 C:/Users/jchang3/Documents/ECE492/test/software/accelerometer_pen50s_bsp/\libucosii_bsp.a(os_cpu_a.o)
 .data          0x0081e3b8        0x0 C:/Users/jchang3/Documents/ECE492/test/software/accelerometer_pen50s_bsp/\libucosii_bsp.a(os_cpu_c.o)
 .data          0x0081e3b8        0x0 C:/Users/jchang3/Documents/ECE492/test/software/accelerometer_pen50s_bsp/\libucosii_bsp.a(alt_find_file.o)
 .data          0x0081e3b8        0x0 C:/Users/jchang3/Documents/ECE492/test/software/accelerometer_pen50s_bsp/\libucosii_bsp.a(alt_get_fd.o)
 .data          0x0081e3b8        0x0 C:/Users/jchang3/Documents/ECE492/test/software/accelerometer_pen50s_bsp/\libucosii_bsp.a(alt_icache_flush.o)
 .data          0x0081e3b8        0x0 C:/Users/jchang3/Documents/ECE492/test/software/accelerometer_pen50s_bsp/\libucosii_bsp.a(alt_irq_entry.o)
 .data          0x0081e3b8        0x0 C:/Users/jchang3/Documents/ECE492/test/software/accelerometer_pen50s_bsp/\libucosii_bsp.a(alt_irq_handler.o)
 .data          0x0081e3b8        0x0 C:/Users/jchang3/Documents/ECE492/test/software/accelerometer_pen50s_bsp/\libucosii_bsp.a(alt_exception_entry.o)
 .data          0x0081e3b8        0x0 c:/altera/12.1sp1/nios2eds/bin/gnu/h-i686-mingw32/bin/../lib/gcc/nios2-elf/4.1.2/../../../../nios2-elf/lib\libc.a(lib_a-atexit.o)
 .data          0x0081e3b8        0x0 c:/altera/12.1sp1/nios2eds/bin/gnu/h-i686-mingw32/bin/../lib/gcc/nios2-elf/4.1.2/../../../../nios2-elf/lib\libc.a(lib_a-exit.o)
 .data          0x0081e3b8        0x0 c:/altera/12.1sp1/nios2eds/bin/gnu/h-i686-mingw32/bin/../lib/gcc/nios2-elf/4.1.2/../../../../nios2-elf/lib\libc.a(lib_a-memcmp.o)
 .data          0x0081e3b8        0x0 c:/altera/12.1sp1/nios2eds/bin/gnu/h-i686-mingw32/bin/../lib/gcc/nios2-elf/4.1.2/../../../../nios2-elf/lib\libc.a(lib_a-__atexit.o)
 .data          0x0081e3b8        0x0 c:/altera/12.1sp1/nios2eds/bin/gnu/h-i686-mingw32/bin/../lib/gcc/nios2-elf/4.1.2/../../../../nios2-elf/lib\libc.a(lib_a-__call_atexit.o)
 .data          0x0081e3b8        0x0 C:/Users/jchang3/Documents/ECE492/test/software/accelerometer_pen50s_bsp/\libucosii_bsp.a(alt_exit.o)
                0x008263b8                _gp = ABSOLUTE ((. + 0x8000))
                0x008263b8                PROVIDE (gp, _gp)
 *(.rwdata .rwdata.*)
 *(.sdata .sdata.* .gnu.linkonce.s.*)
 .sdata         0x0081e3b8        0x4 c:/altera/12.1sp1/nios2eds/bin/gnu/h-i686-mingw32/bin/../lib/gcc/nios2-elf/4.1.2/../../../../nios2-elf/lib\libm.a(lib_a-s_lib_ver.o)
                0x0081e3b8                __fdlib_version
 .sdata         0x0081e3bc        0x8 c:/altera/12.1sp1/nios2eds/bin/gnu/h-i686-mingw32/bin/../lib/gcc/nios2-elf/4.1.2/../../../../nios2-elf/lib\libc.a(lib_a-impure.o)
                0x0081e3bc                _impure_ptr
                0x0081e3c0                _global_impure_ptr
 .sdata         0x0081e3c4        0x8 c:/altera/12.1sp1/nios2eds/bin/gnu/h-i686-mingw32/bin/../lib/gcc/nios2-elf/4.1.2/../../../../nios2-elf/lib\libc.a(lib_a-locale.o)
                0x0081e3c4                __mb_cur_max
 .sdata         0x0081e3cc        0x8 c:/altera/12.1sp1/nios2eds/bin/gnu/h-i686-mingw32/bin/../lib/gcc/nios2-elf/4.1.2/../../../../nios2-elf/lib\libc.a(lib_a-mallocr.o)
                0x0081e3cc                __malloc_trim_threshold
                0x0081e3d0                __malloc_sbrk_base
 .sdata         0x0081e3d4       0x14 C:/Users/jchang3/Documents/ECE492/test/software/accelerometer_pen50s_bsp/\libucosii_bsp.a(alt_dev.o)
                0x0081e3d4                alt_fs_list
                0x0081e3dc                alt_dev_list
                0x0081e3e4                alt_max_fd
 .sdata         0x0081e3e8        0x4 C:/Users/jchang3/Documents/ECE492/test/software/accelerometer_pen50s_bsp/\libucosii_bsp.a(alt_errno.o)
                0x0081e3e8                alt_errno
 .sdata         0x0081e3ec        0x4 C:/Users/jchang3/Documents/ECE492/test/software/accelerometer_pen50s_bsp/\libucosii_bsp.a(alt_sbrk.o)
 .sdata         0x0081e3f0        0x4 C:/Users/jchang3/Documents/ECE492/test/software/accelerometer_pen50s_bsp/\libucosii_bsp.a(alt_env_lock.o)
 .sdata         0x0081e3f4        0x4 C:/Users/jchang3/Documents/ECE492/test/software/accelerometer_pen50s_bsp/\libucosii_bsp.a(alt_malloc_lock.o)
 .sdata         0x0081e3f8       0x74 C:/Users/jchang3/Documents/ECE492/test/software/accelerometer_pen50s_bsp/\libucosii_bsp.a(os_dbg.o)
                0x0081e3f8                OSDebugEn
                0x0081e3fc                OSEndiannessTest
                0x0081e400                OSEventEn
                0x0081e402                OSEventMax
                0x0081e404                OSEventNameSize
                0x0081e406                OSEventSize
                0x0081e408                OSEventTblSize
                0x0081e40a                OSEventMultiEn
                0x0081e40c                OSFlagEn
                0x0081e40e                OSFlagGrpSize
                0x0081e410                OSFlagNodeSize
                0x0081e412                OSFlagWidth
                0x0081e414                OSFlagMax
                0x0081e416                OSFlagNameSize
                0x0081e418                OSLowestPrio
                0x0081e41a                OSMboxEn
                0x0081e41c                OSMemEn
                0x0081e41e                OSMemMax
                0x0081e420                OSMemNameSize
                0x0081e422                OSMemSize
                0x0081e424                OSMemTblSize
                0x0081e426                OSMutexEn
                0x0081e428                OSPtrSize
                0x0081e42a                OSQEn
                0x0081e42c                OSQMax
                0x0081e42e                OSQSize
                0x0081e430                OSRdyTblSize
                0x0081e432                OSSemEn
                0x0081e434                OSStkWidth
                0x0081e436                OSTaskCreateEn
                0x0081e438                OSTaskCreateExtEn
                0x0081e43a                OSTaskDelEn
                0x0081e43c                OSTaskIdleStkSize
                0x0081e43e                OSTaskProfileEn
                0x0081e440                OSTaskMax
                0x0081e442                OSTaskNameSize
                0x0081e444                OSTaskStatEn
                0x0081e446                OSTaskStatStkSize
                0x0081e448                OSTaskStatStkChkEn
                0x0081e44a                OSTaskSwHookEn
                0x0081e44c                OSTCBPrioTblMax
                0x0081e44e                OSTCBSize
                0x0081e450                OSTicksPerSec
                0x0081e452                OSTimeTickHookEn
                0x0081e454                OSVersionNbr
                0x0081e456                OSTmrEn
                0x0081e458                OSTmrCfgMax
                0x0081e45a                OSTmrCfgNameSize
                0x0081e45c                OSTmrCfgWheelSize
                0x0081e45e                OSTmrCfgTicksPerSec
                0x0081e460                OSTmrSize
                0x0081e462                OSTmrTblSize
                0x0081e464                OSTmrWheelSize
                0x0081e466                OSTmrWheelTblSize
                0x0081e468                OSDataSize
 .sdata         0x0081e46c        0x4 C:/Users/jchang3/Documents/ECE492/test/software/accelerometer_pen50s_bsp/\libucosii_bsp.a(alt_irq_vars.o)
                0x0081e46c                alt_priority_mask
 .sdata         0x0081e470        0x8 C:/Users/jchang3/Documents/ECE492/test/software/accelerometer_pen50s_bsp/\libucosii_bsp.a(alt_tick.o)
                0x0081e470                alt_alarm_list
 *(.sdata2 .sdata2.* .gnu.linkonce.s2.*)
                0x0081e478                . = ALIGN (0x4)
                0x0081e478                _edata = ABSOLUTE (.)
                0x0081e478                PROVIDE (edata, ABSOLUTE (.))
                0x0081e478                PROVIDE (__ram_rwdata_end, ABSOLUTE (.))
                0x0081e478                PROVIDE (__flash_rwdata_start, LOADADDR (.rwdata))

.bss            0x0081ffe4    0x16530
                0x0081ffe4                __bss_start = ABSOLUTE (.)
                0x0081ffe4                PROVIDE (__sbss_start, ABSOLUTE (.))
                0x0081ffe4                PROVIDE (___sbss_start, ABSOLUTE (.))
 *(.dynsbss)
 *(.sbss .sbss.* .gnu.linkonce.sb.*)
 .sbss          0x0081ffe4       0x50 obj/default/hello_ucosii.o
                0x0081ffe4                t
                0x0081ffe8                template_number
                0x0081ffec                pCharacter
                0x0081fff0                dtw_semy
                0x0081fff4                dtwy
                0x0081fff8                semy
                0x0081fffc                readsem
                0x00820000                loadsdcardsem
                0x00820004                writesem
                0x00820008                configuresem
                0x0082000c                uartsem
                0x00820010                message
                0x00820014                dtwx
                0x00820018                dtw_sem
                0x0082001c                dtw_semx
                0x00820020                loadsem
                0x00820024                err
                0x00820028                semx
                0x0082002c                modeselectsem
                0x00820030                SWQ
 .sbss          0x00820034        0xc c:/altera/12.1sp1/nios2eds/bin/gnu/h-i686-mingw32/bin/../lib/gcc/nios2-elf/4.1.2/../../../../nios2-elf/lib\libc.a(lib_a-locale.o)
                0x00820034                __nlocale_changed
                0x00820038                __mlocale_changed
                0x0082003c                _PathLocale
 .sbss          0x00820040        0xc c:/altera/12.1sp1/nios2eds/bin/gnu/h-i686-mingw32/bin/../lib/gcc/nios2-elf/4.1.2/../../../../nios2-elf/lib\libc.a(lib_a-mallocr.o)
                0x00820040                __malloc_top_pad
                0x00820044                __malloc_max_sbrked_mem
                0x00820048                __malloc_max_total_mem
 .sbss          0x0082004c        0x4 c:/altera/12.1sp1/nios2eds/bin/gnu/h-i686-mingw32/bin/../lib/gcc/nios2-elf/4.1.2/../../../../nios2-elf/lib\libc.a(lib_a-int_errno.o)
                0x0082004c                errno
 .sbss          0x00820050        0x4 C:/Users/jchang3/Documents/ECE492/test/software/accelerometer_pen50s_bsp/\libucosii_bsp.a(alt_dev.o)
                0x00820050                alt_fd_list_lock
 .sbss          0x00820054        0xc C:/Users/jchang3/Documents/ECE492/test/software/accelerometer_pen50s_bsp/\libucosii_bsp.a(alt_main.o)
                0x00820054                alt_argc
                0x00820058                alt_argv
                0x0082005c                alt_envp
 .sbss          0x00820060        0x8 C:/Users/jchang3/Documents/ECE492/test/software/accelerometer_pen50s_bsp/\libucosii_bsp.a(alt_env_lock.o)
                0x00820064                alt_envsem
 .sbss          0x00820068        0x8 C:/Users/jchang3/Documents/ECE492/test/software/accelerometer_pen50s_bsp/\libucosii_bsp.a(alt_malloc_lock.o)
                0x0082006c                alt_heapsem
 .sbss          0x00820070       0x50 C:/Users/jchang3/Documents/ECE492/test/software/accelerometer_pen50s_bsp/\libucosii_bsp.a(os_core.o)
                0x00820070                OSLockNesting
                0x00820071                OSRunning
                0x00820074                OSIdleCtr
                0x00820078                OSPrioHighRdy
                0x00820079                OSPrioCur
                0x0082007c                OSTCBList
                0x00820080                OSTickStepState
                0x00820084                OSCtxSwCtr
                0x00820088                OSIdleCtrMax
                0x0082008c                OSTCBFreeList
                0x00820090                OSCPUUsage
                0x00820091                OSTaskCtr
                0x00820094                OSMemFreeList
                0x00820098                OSTCBHighRdy
                0x0082009c                OSQFreeList
                0x008200a0                OSRdyGrp
                0x008200a1                OSRdyTbl
                0x008200a4                OSEventFreeList
                0x008200a8                OSIntNesting
                0x008200ac                OSTCBCur
                0x008200b0                OSTime
                0x008200b4                OSFlagFreeList
                0x008200b8                OSStatRdy
                0x008200bc                OSIdleCtrRun
 .sbss          0x008200c0       0x34 C:/Users/jchang3/Documents/ECE492/test/software/accelerometer_pen50s_bsp/\libucosii_bsp.a(altera_up_sd_card_avalon_interface.o)
                0x008200c0                initialized
                0x008200c4                is_sd_card_formated_as_FAT16
                0x008200c8                aux_status_register
                0x008200cc                status_register
                0x008200d0                CSD_register_w0
                0x008200d4                command_register
                0x008200d8                command_argument_register
                0x008200dc                buffer_memory
                0x008200e0                fat_partition_offset_in_512_byte_sectors
                0x008200e4                fat_partition_size_in_512_byte_sectors
                0x008200e8                device_pointer
                0x008200ec                current_sector_modified
                0x008200f0                current_sector_index
 .sbss          0x008200f4        0x4 C:/Users/jchang3/Documents/ECE492/test/software/accelerometer_pen50s_bsp/\libucosii_bsp.a(alt_irq_vars.o)
                0x008200f4                alt_irq_active
 .sbss          0x008200f8        0x8 C:/Users/jchang3/Documents/ECE492/test/software/accelerometer_pen50s_bsp/\libucosii_bsp.a(alt_tick.o)
                0x008200f8                _alt_tick_rate
                0x008200fc                _alt_nticks
 *(.sbss2 .sbss2.* .gnu.linkonce.sb2.*)
 *(.scommon)
                0x00820100                PROVIDE (__sbss_end, ABSOLUTE (.))
                0x00820100                PROVIDE (___sbss_end, ABSOLUTE (.))
 *(.dynbss)
 *(.bss .bss.* .gnu.linkonce.b.*)
 .bss           0x00820100        0x0 C:/Users/jchang3/Documents/ECE492/test/software/accelerometer_pen50s_bsp//obj/HAL/src/crt0.o
 .bss           0x00820100        0x0 obj/default/dtw.o
 .bss           0x00820100        0x0 obj/default/hello_ucosii.o
 .bss           0x00820100        0x0 c:/altera/12.1sp1/nios2eds/bin/gnu/h-i686-mingw32/bin/../lib/gcc/nios2-elf/4.1.2/../../../../nios2-elf/lib\libm.a(lib_a-w_sqrt.o)
 .bss           0x00820100        0x0 c:/altera/12.1sp1/nios2eds/bin/gnu/h-i686-mingw32/bin/../lib/gcc/nios2-elf/4.1.2/../../../../nios2-elf/lib\libm.a(lib_a-e_sqrt.o)
 .bss           0x00820100        0x0 c:/altera/12.1sp1/nios2eds/bin/gnu/h-i686-mingw32/bin/../lib/gcc/nios2-elf/4.1.2/../../../../nios2-elf/lib\libm.a(lib_a-s_isnand.o)
 .bss           0x00820100        0x0 c:/altera/12.1sp1/nios2eds/bin/gnu/h-i686-mingw32/bin/../lib/gcc/nios2-elf/4.1.2/../../../../nios2-elf/lib\libm.a(lib_a-s_lib_ver.o)
 .bss           0x00820100        0x0 c:/altera/12.1sp1/nios2eds/bin/gnu/h-i686-mingw32/bin/../lib/gcc/nios2-elf/4.1.2/../../../../nios2-elf/lib\libm.a(lib_a-s_matherr.o)
 .bss           0x00820100        0x0 c:/altera/12.1sp1/nios2eds/bin/gnu/h-i686-mingw32/bin/../lib/gcc/nios2-elf/4.1.2\libgcc.a(_muldi3.o)
 .bss           0x00820100        0x0 c:/altera/12.1sp1/nios2eds/bin/gnu/h-i686-mingw32/bin/../lib/gcc/nios2-elf/4.1.2\libgcc.a(_fixdfdi.o)
 .bss           0x00820100        0x0 c:/altera/12.1sp1/nios2eds/bin/gnu/h-i686-mingw32/bin/../lib/gcc/nios2-elf/4.1.2\libgcc.a(_fixunsdfdi.o)
 .bss           0x00820100        0x0 c:/altera/12.1sp1/nios2eds/bin/gnu/h-i686-mingw32/bin/../lib/gcc/nios2-elf/4.1.2\libgcc.a(_floatdidf.o)
 .bss           0x00820100        0x0 c:/altera/12.1sp1/nios2eds/bin/gnu/h-i686-mingw32/bin/../lib/gcc/nios2-elf/4.1.2\libgcc.a(_addsub_df.o)
 .bss           0x00820100        0x0 c:/altera/12.1sp1/nios2eds/bin/gnu/h-i686-mingw32/bin/../lib/gcc/nios2-elf/4.1.2\libgcc.a(_mul_df.o)
 .bss           0x00820100        0x0 c:/altera/12.1sp1/nios2eds/bin/gnu/h-i686-mingw32/bin/../lib/gcc/nios2-elf/4.1.2\libgcc.a(_div_df.o)
 .bss           0x00820100        0x0 c:/altera/12.1sp1/nios2eds/bin/gnu/h-i686-mingw32/bin/../lib/gcc/nios2-elf/4.1.2\libgcc.a(_lt_df.o)
 .bss           0x00820100        0x0 c:/altera/12.1sp1/nios2eds/bin/gnu/h-i686-mingw32/bin/../lib/gcc/nios2-elf/4.1.2\libgcc.a(_si_to_df.o)
 .bss           0x00820100        0x0 c:/altera/12.1sp1/nios2eds/bin/gnu/h-i686-mingw32/bin/../lib/gcc/nios2-elf/4.1.2\libgcc.a(_df_to_si.o)
 .bss           0x00820100        0x0 c:/altera/12.1sp1/nios2eds/bin/gnu/h-i686-mingw32/bin/../lib/gcc/nios2-elf/4.1.2\libgcc.a(_thenan_df.o)
 .bss           0x00820100        0x0 c:/altera/12.1sp1/nios2eds/bin/gnu/h-i686-mingw32/bin/../lib/gcc/nios2-elf/4.1.2\libgcc.a(_usi_to_df.o)
 .bss           0x00820100        0x0 c:/altera/12.1sp1/nios2eds/bin/gnu/h-i686-mingw32/bin/../lib/gcc/nios2-elf/4.1.2\libgcc.a(_clzsi2.o)
 .bss           0x00820100        0x0 c:/altera/12.1sp1/nios2eds/bin/gnu/h-i686-mingw32/bin/../lib/gcc/nios2-elf/4.1.2\libgcc.a(_fixunsdfsi.o)
 .bss           0x00820100        0x0 c:/altera/12.1sp1/nios2eds/bin/gnu/h-i686-mingw32/bin/../lib/gcc/nios2-elf/4.1.2\libgcc.a(_pack_df.o)
 .bss           0x00820100        0x0 c:/altera/12.1sp1/nios2eds/bin/gnu/h-i686-mingw32/bin/../lib/gcc/nios2-elf/4.1.2\libgcc.a(_unpack_df.o)
 .bss           0x00820100        0x0 c:/altera/12.1sp1/nios2eds/bin/gnu/h-i686-mingw32/bin/../lib/gcc/nios2-elf/4.1.2\libgcc.a(_fpcmp_parts_df.o)
 .bss           0x00820100        0x0 c:/altera/12.1sp1/nios2eds/bin/gnu/h-i686-mingw32/bin/../lib/gcc/nios2-elf/4.1.2\libgcc.a(_ge_df.o)
 .bss           0x00820100        0x0 c:/altera/12.1sp1/nios2eds/bin/gnu/h-i686-mingw32/bin/../lib/gcc/nios2-elf/4.1.2\libgcc.a(_clz.o)
 .bss           0x00820100        0x0 c:/altera/12.1sp1/nios2eds/bin/gnu/h-i686-mingw32/bin/../lib/gcc/nios2-elf/4.1.2/../../../../nios2-elf/lib\libc.a(lib_a-errno.o)
 .bss           0x00820100        0x0 c:/altera/12.1sp1/nios2eds/bin/gnu/h-i686-mingw32/bin/../lib/gcc/nios2-elf/4.1.2/../../../../nios2-elf/lib\libc.a(lib_a-impure.o)
 .bss           0x00820100        0x0 c:/altera/12.1sp1/nios2eds/bin/gnu/h-i686-mingw32/bin/../lib/gcc/nios2-elf/4.1.2/../../../../nios2-elf/lib\libc.a(lib_a-printf.o)
 .bss           0x00820100        0x0 c:/altera/12.1sp1/nios2eds/bin/gnu/h-i686-mingw32/bin/../lib/gcc/nios2-elf/4.1.2/../../../../nios2-elf/lib\libc.a(lib_a-puts.o)
 .bss           0x00820100        0x0 c:/altera/12.1sp1/nios2eds/bin/gnu/h-i686-mingw32/bin/../lib/gcc/nios2-elf/4.1.2/../../../../nios2-elf/lib\libc.a(lib_a-strlen.o)
 .bss           0x00820100        0x0 c:/altera/12.1sp1/nios2eds/bin/gnu/h-i686-mingw32/bin/../lib/gcc/nios2-elf/4.1.2/../../../../nios2-elf/lib\libc.a(lib_a-vfprintf.o)
 .bss           0x00820100        0x0 c:/altera/12.1sp1/nios2eds/bin/gnu/h-i686-mingw32/bin/../lib/gcc/nios2-elf/4.1.2/../../../../nios2-elf/lib\libc.a(lib_a-wsetup.o)
 .bss           0x00820100        0x0 c:/altera/12.1sp1/nios2eds/bin/gnu/h-i686-mingw32/bin/../lib/gcc/nios2-elf/4.1.2/../../../../nios2-elf/lib\libc.a(lib_a-dtoa.o)
 .bss           0x00820100        0x0 c:/altera/12.1sp1/nios2eds/bin/gnu/h-i686-mingw32/bin/../lib/gcc/nios2-elf/4.1.2/../../../../nios2-elf/lib\libc.a(lib_a-fflush.o)
 .bss           0x00820100        0x0 c:/altera/12.1sp1/nios2eds/bin/gnu/h-i686-mingw32/bin/../lib/gcc/nios2-elf/4.1.2/../../../../nios2-elf/lib\libc.a(lib_a-findfp.o)
 .bss           0x00820100        0x0 c:/altera/12.1sp1/nios2eds/bin/gnu/h-i686-mingw32/bin/../lib/gcc/nios2-elf/4.1.2/../../../../nios2-elf/lib\libc.a(lib_a-freer.o)
 .bss           0x00820100        0x0 c:/altera/12.1sp1/nios2eds/bin/gnu/h-i686-mingw32/bin/../lib/gcc/nios2-elf/4.1.2/../../../../nios2-elf/lib\libc.a(lib_a-fvwrite.o)
 .bss           0x00820100        0x0 c:/altera/12.1sp1/nios2eds/bin/gnu/h-i686-mingw32/bin/../lib/gcc/nios2-elf/4.1.2/../../../../nios2-elf/lib\libc.a(lib_a-fwalk.o)
 .bss           0x00820100        0x0 c:/altera/12.1sp1/nios2eds/bin/gnu/h-i686-mingw32/bin/../lib/gcc/nios2-elf/4.1.2/../../../../nios2-elf/lib\libc.a(lib_a-locale.o)
 .bss           0x00820100        0x0 c:/altera/12.1sp1/nios2eds/bin/gnu/h-i686-mingw32/bin/../lib/gcc/nios2-elf/4.1.2/../../../../nios2-elf/lib\libc.a(lib_a-makebuf.o)
 .bss           0x00820100       0x28 c:/altera/12.1sp1/nios2eds/bin/gnu/h-i686-mingw32/bin/../lib/gcc/nios2-elf/4.1.2/../../../../nios2-elf/lib\libc.a(lib_a-mallocr.o)
                0x00820100                __malloc_current_mallinfo
 .bss           0x00820128        0x0 c:/altera/12.1sp1/nios2eds/bin/gnu/h-i686-mingw32/bin/../lib/gcc/nios2-elf/4.1.2/../../../../nios2-elf/lib\libc.a(lib_a-memchr.o)
 .bss           0x00820128        0x0 c:/altera/12.1sp1/nios2eds/bin/gnu/h-i686-mingw32/bin/../lib/gcc/nios2-elf/4.1.2/../../../../nios2-elf/lib\libc.a(lib_a-memcpy.o)
 .bss           0x00820128        0x0 c:/altera/12.1sp1/nios2eds/bin/gnu/h-i686-mingw32/bin/../lib/gcc/nios2-elf/4.1.2/../../../../nios2-elf/lib\libc.a(lib_a-memmove.o)
 .bss           0x00820128        0x0 c:/altera/12.1sp1/nios2eds/bin/gnu/h-i686-mingw32/bin/../lib/gcc/nios2-elf/4.1.2/../../../../nios2-elf/lib\libc.a(lib_a-memset.o)
 .bss           0x00820128        0x0 c:/altera/12.1sp1/nios2eds/bin/gnu/h-i686-mingw32/bin/../lib/gcc/nios2-elf/4.1.2/../../../../nios2-elf/lib\libc.a(lib_a-mprec.o)
 .bss           0x00820128        0x0 c:/altera/12.1sp1/nios2eds/bin/gnu/h-i686-mingw32/bin/../lib/gcc/nios2-elf/4.1.2/../../../../nios2-elf/lib\libc.a(lib_a-reallocr.o)
 .bss           0x00820128        0x0 c:/altera/12.1sp1/nios2eds/bin/gnu/h-i686-mingw32/bin/../lib/gcc/nios2-elf/4.1.2/../../../../nios2-elf/lib\libc.a(lib_a-s_isinfd.o)
 .bss           0x00820128        0x0 c:/altera/12.1sp1/nios2eds/bin/gnu/h-i686-mingw32/bin/../lib/gcc/nios2-elf/4.1.2/../../../../nios2-elf/lib\libc.a(lib_a-sbrkr.o)
 .bss           0x00820128        0x0 c:/altera/12.1sp1/nios2eds/bin/gnu/h-i686-mingw32/bin/../lib/gcc/nios2-elf/4.1.2/../../../../nios2-elf/lib\libc.a(lib_a-stdio.o)
 .bss           0x00820128        0x0 c:/altera/12.1sp1/nios2eds/bin/gnu/h-i686-mingw32/bin/../lib/gcc/nios2-elf/4.1.2/../../../../nios2-elf/lib\libc.a(lib_a-strcmp.o)
 .bss           0x00820128        0x0 c:/altera/12.1sp1/nios2eds/bin/gnu/h-i686-mingw32/bin/../lib/gcc/nios2-elf/4.1.2/../../../../nios2-elf/lib\libc.a(lib_a-writer.o)
 .bss           0x00820128        0x0 c:/altera/12.1sp1/nios2eds/bin/gnu/h-i686-mingw32/bin/../lib/gcc/nios2-elf/4.1.2/../../../../nios2-elf/lib\libc.a(lib_a-callocr.o)
 .bss           0x00820128        0x0 c:/altera/12.1sp1/nios2eds/bin/gnu/h-i686-mingw32/bin/../lib/gcc/nios2-elf/4.1.2/../../../../nios2-elf/lib\libc.a(lib_a-closer.o)
 .bss           0x00820128        0x0 c:/altera/12.1sp1/nios2eds/bin/gnu/h-i686-mingw32/bin/../lib/gcc/nios2-elf/4.1.2/../../../../nios2-elf/lib\libc.a(lib_a-fclose.o)
 .bss           0x00820128        0x0 c:/altera/12.1sp1/nios2eds/bin/gnu/h-i686-mingw32/bin/../lib/gcc/nios2-elf/4.1.2/../../../../nios2-elf/lib\libc.a(lib_a-fstatr.o)
 .bss           0x00820128        0x0 c:/altera/12.1sp1/nios2eds/bin/gnu/h-i686-mingw32/bin/../lib/gcc/nios2-elf/4.1.2/../../../../nios2-elf/lib\libc.a(lib_a-int_errno.o)
 .bss           0x00820128        0x0 c:/altera/12.1sp1/nios2eds/bin/gnu/h-i686-mingw32/bin/../lib/gcc/nios2-elf/4.1.2/../../../../nios2-elf/lib\libc.a(lib_a-isattyr.o)
 .bss           0x00820128        0x0 c:/altera/12.1sp1/nios2eds/bin/gnu/h-i686-mingw32/bin/../lib/gcc/nios2-elf/4.1.2/../../../../nios2-elf/lib\libc.a(lib_a-lseekr.o)
 .bss           0x00820128        0x0 c:/altera/12.1sp1/nios2eds/bin/gnu/h-i686-mingw32/bin/../lib/gcc/nios2-elf/4.1.2/../../../../nios2-elf/lib\libc.a(lib_a-readr.o)
 .bss           0x00820128        0x0 c:/altera/12.1sp1/nios2eds/bin/gnu/h-i686-mingw32/bin/../lib/gcc/nios2-elf/4.1.2\libgcc.a(_udivdi3.o)
 .bss           0x00820128        0x0 c:/altera/12.1sp1/nios2eds/bin/gnu/h-i686-mingw32/bin/../lib/gcc/nios2-elf/4.1.2\libgcc.a(_umoddi3.o)
 .bss           0x00820128        0x0 c:/altera/12.1sp1/nios2eds/bin/gnu/h-i686-mingw32/bin/../lib/gcc/nios2-elf/4.1.2\libgcc.a(_eq_df.o)
 .bss           0x00820128        0x0 c:/altera/12.1sp1/nios2eds/bin/gnu/h-i686-mingw32/bin/../lib/gcc/nios2-elf/4.1.2\libgcc.a(_ne_df.o)
 .bss           0x00820128        0x0 c:/altera/12.1sp1/nios2eds/bin/gnu/h-i686-mingw32/bin/../lib/gcc/nios2-elf/4.1.2\libgcc.a(_gt_df.o)
 .bss           0x00820128        0x0 c:/altera/12.1sp1/nios2eds/bin/gnu/h-i686-mingw32/bin/../lib/gcc/nios2-elf/4.1.2\libgcc.a(lib2-divmod.o)
 .bss           0x00820128        0x0 C:/Users/jchang3/Documents/ECE492/test/software/accelerometer_pen50s_bsp/\libucosii_bsp.a(alt_close.o)
 .bss           0x00820128        0x0 C:/Users/jchang3/Documents/ECE492/test/software/accelerometer_pen50s_bsp/\libucosii_bsp.a(alt_dev.o)
 .bss           0x00820128        0x0 C:/Users/jchang3/Documents/ECE492/test/software/accelerometer_pen50s_bsp/\libucosii_bsp.a(alt_errno.o)
 .bss           0x00820128        0x0 C:/Users/jchang3/Documents/ECE492/test/software/accelerometer_pen50s_bsp/\libucosii_bsp.a(alt_fstat.o)
 .bss           0x00820128        0x0 C:/Users/jchang3/Documents/ECE492/test/software/accelerometer_pen50s_bsp/\libucosii_bsp.a(alt_isatty.o)
 .bss           0x00820128        0x0 C:/Users/jchang3/Documents/ECE492/test/software/accelerometer_pen50s_bsp/\libucosii_bsp.a(alt_load.o)
 .bss           0x00820128        0x0 C:/Users/jchang3/Documents/ECE492/test/software/accelerometer_pen50s_bsp/\libucosii_bsp.a(alt_lseek.o)
 .bss           0x00820128        0x0 C:/Users/jchang3/Documents/ECE492/test/software/accelerometer_pen50s_bsp/\libucosii_bsp.a(alt_main.o)
 .bss           0x00820128        0x0 C:/Users/jchang3/Documents/ECE492/test/software/accelerometer_pen50s_bsp/\libucosii_bsp.a(alt_read.o)
 .bss           0x00820128        0x0 C:/Users/jchang3/Documents/ECE492/test/software/accelerometer_pen50s_bsp/\libucosii_bsp.a(alt_release_fd.o)
 .bss           0x00820128        0x0 C:/Users/jchang3/Documents/ECE492/test/software/accelerometer_pen50s_bsp/\libucosii_bsp.a(alt_sbrk.o)
 .bss           0x00820128        0x0 C:/Users/jchang3/Documents/ECE492/test/software/accelerometer_pen50s_bsp/\libucosii_bsp.a(alt_write.o)
 .bss           0x00820128        0x0 C:/Users/jchang3/Documents/ECE492/test/software/accelerometer_pen50s_bsp/\libucosii_bsp.a(alt_env_lock.o)
 .bss           0x00820128        0x0 C:/Users/jchang3/Documents/ECE492/test/software/accelerometer_pen50s_bsp/\libucosii_bsp.a(alt_malloc_lock.o)
 .bss           0x00820128        0x0 C:/Users/jchang3/Documents/ECE492/test/software/accelerometer_pen50s_bsp/\libucosii_bsp.a(os_core.o)
 .bss           0x00820128        0x0 C:/Users/jchang3/Documents/ECE492/test/software/accelerometer_pen50s_bsp/\libucosii_bsp.a(os_dbg.o)
 .bss           0x00820128        0x0 C:/Users/jchang3/Documents/ECE492/test/software/accelerometer_pen50s_bsp/\libucosii_bsp.a(os_flag.o)
 .bss           0x00820128        0x0 C:/Users/jchang3/Documents/ECE492/test/software/accelerometer_pen50s_bsp/\libucosii_bsp.a(os_mem.o)