Archive member included because of file (symbol)

c:/altera/12.1sp1/nios2eds/bin/gnu/h-i686-mingw32/bin/../lib/gcc/nios2-elf/4.1.2/../../../../nios2-elf/lib\libm.a(lib_a-w_sqrt.o)
                              obj/default/dtw.o (sqrt)
c:/altera/12.1sp1/nios2eds/bin/gnu/h-i686-mingw32/bin/../lib/gcc/nios2-elf/4.1.2/../../../../nios2-elf/lib\libm.a(lib_a-e_sqrt.o)
                              c:/altera/12.1sp1/nios2eds/bin/gnu/h-i686-mingw32/bin/../lib/gcc/nios2-elf/4.1.2/../../../../nios2-elf/lib\libm.a(lib_a-w_sqrt.o) (__ieee754_sqrt)
c:/altera/12.1sp1/nios2eds/bin/gnu/h-i686-mingw32/bin/../lib/gcc/nios2-elf/4.1.2/../../../../nios2-elf/lib\libm.a(lib_a-s_isnand.o)
                              c:/altera/12.1sp1/nios2eds/bin/gnu/h-i686-mingw32/bin/../lib/gcc/nios2-elf/4.1.2/../../../../nios2-elf/lib\libm.a(lib_a-w_sqrt.o) (__isnand)
c:/altera/12.1sp1/nios2eds/bin/gnu/h-i686-mingw32/bin/../lib/gcc/nios2-elf/4.1.2/../../../../nios2-elf/lib\libm.a(lib_a-s_lib_ver.o)
                              c:/altera/12.1sp1/nios2eds/bin/gnu/h-i686-mingw32/bin/../lib/gcc/nios2-elf/4.1.2/../../../../nios2-elf/lib\libm.a(lib_a-w_sqrt.o) (__fdlib_version)
c:/altera/12.1sp1/nios2eds/bin/gnu/h-i686-mingw32/bin/../lib/gcc/nios2-elf/4.1.2/../../../../nios2-elf/lib\libm.a(lib_a-s_matherr.o)
                              c:/altera/12.1sp1/nios2eds/bin/gnu/h-i686-mingw32/bin/../lib/gcc/nios2-elf/4.1.2/../../../../nios2-elf/lib\libm.a(lib_a-w_sqrt.o) (matherr)
c:/altera/12.1sp1/nios2eds/bin/gnu/h-i686-mingw32/bin/../lib/gcc/nios2-elf/4.1.2\libgcc.a(_muldi3.o)
                              obj/default/dtw.o (__muldi3)
c:/altera/12.1sp1/nios2eds/bin/gnu/h-i686-mingw32/bin/../lib/gcc/nios2-elf/4.1.2\libgcc.a(_fixdfdi.o)
                              obj/default/hello_ucosii.o (__fixdfdi)
c:/altera/12.1sp1/nios2eds/bin/gnu/h-i686-mingw32/bin/../lib/gcc/nios2-elf/4.1.2\libgcc.a(_fixunsdfdi.o)
                              c:/altera/12.1sp1/nios2eds/bin/gnu/h-i686-mingw32/bin/../lib/gcc/nios2-elf/4.1.2\libgcc.a(_fixdfdi.o) (__fixunsdfdi)
c:/altera/12.1sp1/nios2eds/bin/gnu/h-i686-mingw32/bin/../lib/gcc/nios2-elf/4.1.2\libgcc.a(_floatdidf.o)
                              obj/default/dtw.o (__floatdidf)
c:/altera/12.1sp1/nios2eds/bin/gnu/h-i686-mingw32/bin/../lib/gcc/nios2-elf/4.1.2\libgcc.a(_addsub_df.o)
                              c:/altera/12.1sp1/nios2eds/bin/gnu/h-i686-mingw32/bin/../lib/gcc/nios2-elf/4.1.2/../../../../nios2-elf/lib\libm.a(lib_a-e_sqrt.o) (__subdf3)
c:/altera/12.1sp1/nios2eds/bin/gnu/h-i686-mingw32/bin/../lib/gcc/nios2-elf/4.1.2\libgcc.a(_mul_df.o)
                              obj/default/dtw.o (__muldf3)
c:/altera/12.1sp1/nios2eds/bin/gnu/h-i686-mingw32/bin/../lib/gcc/nios2-elf/4.1.2\libgcc.a(_div_df.o)
                              c:/altera/12.1sp1/nios2eds/bin/gnu/h-i686-mingw32/bin/../lib/gcc/nios2-elf/4.1.2/../../../../nios2-elf/lib\libm.a(lib_a-w_sqrt.o) (__divdf3)
c:/altera/12.1sp1/nios2eds/bin/gnu/h-i686-mingw32/bin/../lib/gcc/nios2-elf/4.1.2\libgcc.a(_lt_df.o)
                              c:/altera/12.1sp1/nios2eds/bin/gnu/h-i686-mingw32/bin/../lib/gcc/nios2-elf/4.1.2/../../../../nios2-elf/lib\libm.a(lib_a-w_sqrt.o) (__ltdf2)
c:/altera/12.1sp1/nios2eds/bin/gnu/h-i686-mingw32/bin/../lib/gcc/nios2-elf/4.1.2\libgcc.a(_si_to_df.o)
                              obj/default/dtw.o (__floatsidf)
c:/altera/12.1sp1/nios2eds/bin/gnu/h-i686-mingw32/bin/../lib/gcc/nios2-elf/4.1.2\libgcc.a(_df_to_si.o)
                              obj/default/dtw.o (__fixdfsi)
c:/altera/12.1sp1/nios2eds/bin/gnu/h-i686-mingw32/bin/../lib/gcc/nios2-elf/4.1.2\libgcc.a(_thenan_df.o)
                              c:/altera/12.1sp1/nios2eds/bin/gnu/h-i686-mingw32/bin/../lib/gcc/nios2-elf/4.1.2\libgcc.a(_addsub_df.o) (__thenan_df)
c:/altera/12.1sp1/nios2eds/bin/gnu/h-i686-mingw32/bin/../lib/gcc/nios2-elf/4.1.2\libgcc.a(_usi_to_df.o)
                              obj/default/hello_ucosii.o (__floatunsidf)
c:/altera/12.1sp1/nios2eds/bin/gnu/h-i686-mingw32/bin/../lib/gcc/nios2-elf/4.1.2\libgcc.a(_clzsi2.o)
                              c:/altera/12.1sp1/nios2eds/bin/gnu/h-i686-mingw32/bin/../lib/gcc/nios2-elf/4.1.2\libgcc.a(_si_to_df.o) (__clzsi2)
c:/altera/12.1sp1/nios2eds/bin/gnu/h-i686-mingw32/bin/../lib/gcc/nios2-elf/4.1.2\libgcc.a(_fixunsdfsi.o)
                              c:/altera/12.1sp1/nios2eds/bin/gnu/h-i686-mingw32/bin/../lib/gcc/nios2-elf/4.1.2\libgcc.a(_fixunsdfdi.o) (__fixunsdfsi)
c:/altera/12.1sp1/nios2eds/bin/gnu/h-i686-mingw32/bin/../lib/gcc/nios2-elf/4.1.2\libgcc.a(_pack_df.o)
                              c:/altera/12.1sp1/nios2eds/bin/gnu/h-i686-mingw32/bin/../lib/gcc/nios2-elf/4.1.2\libgcc.a(_addsub_df.o) (__pack_d)
c:/altera/12.1sp1/nios2eds/bin/gnu/h-i686-mingw32/bin/../lib/gcc/nios2-elf/4.1.2\libgcc.a(_unpack_df.o)
                              c:/altera/12.1sp1/nios2eds/bin/gnu/h-i686-mingw32/bin/../lib/gcc/nios2-elf/4.1.2\libgcc.a(_addsub_df.o) (__unpack_d)
[...]
Memory Configuration

Name             Origin             Length             Attributes
sdram_0          0x00800000         0x00800000
generic_tristate_controller_0 0x01400000         0x00400000
sram_0           0x01880000         0x00080000
reset            0x01904000         0x00000020
onchip_memory2_0 0x01904020         0x00003fe0
*default*        0x00000000         0xffffffff

Linker script and memory map

LOAD C:/Users/jchang3/Documents/ECE492/test/software/accelerometer_pen50s_bsp//obj/HAL/src/crt0.o
LOAD obj/default/dtw.o
LOAD obj/default/hello_ucosii.o
LOAD c:/altera/12.1sp1/nios2eds/bin/gnu/h-i686-mingw32/bin/../lib/gcc/nios2-elf/4.1.2/../../../../nios2-elf/lib\libstdc++.a
LOAD c:/altera/12.1sp1/nios2eds/bin/gnu/h-i686-mingw32/bin/../lib/gcc/nios2-elf/4.1.2/../../../../nios2-elf/lib\libm.a
LOAD c:/altera/12.1sp1/nios2eds/bin/gnu/h-i686-mingw32/bin/../lib/gcc/nios2-elf/4.1.2\libgcc.a
START GROUP
LOAD c:/altera/12.1sp1/nios2eds/bin/gnu/h-i686-mingw32/bin/../lib/gcc/nios2-elf/4.1.2/../../../../nios2-elf/lib\libc.a
LOAD c:/altera/12.1sp1/nios2eds/bin/gnu/h-i686-mingw32/bin/../lib/gcc/nios2-elf/4.1.2\libgcc.a
LOAD C:/Users/jchang3/Documents/ECE492/test/software/accelerometer_pen50s_bsp/\libucosii_bsp.a
END GROUP
LOAD c:/altera/12.1sp1/nios2eds/bin/gnu/h-i686-mingw32/bin/../lib/gcc/nios2-elf/4.1.2\libgcc.a
                0x00800000                __alt_mem_sdram_0 = 0x800000
                0x01400000                __alt_mem_generic_tristate_controller_0 = 0x1400000
                0x01880000                __alt_mem_sram_0 = 0x1880000
                0x01904000                __alt_mem_onchip_memory2_0 = 0x1904000

.entry          0x01904000       0x20
 *(.entry)
 .entry         0x01904000       0x20 C:/Users/jchang3/Documents/ECE492/test/software/accelerometer_pen50s_bsp//obj/HAL/src/crt0.o
                0x01904000                __reset

.exceptions     0x01904020      0x1a0 load address 0x00800000
                0x01904020                PROVIDE (__ram_exceptions_start, ABSOLUTE (.))
                0x01904020                . = ALIGN (0x20)
 *(.irq)
 *(.exceptions.entry.label)
 .exceptions.entry.label
                0x01904020        0x0 C:/Users/jchang3/Documents/ECE492/test/software/accelerometer_pen50s_bsp/\libucosii_bsp.a(alt_irq_entry.o)
                0x01904020                alt_irq_entry
 .exceptions.entry.label
                0x01904020        0x0 C:/Users/jchang3/Documents/ECE492/test/software/accelerometer_pen50s_bsp/\libucosii_bsp.a(alt_exception_entry.o)
                0x01904020                alt_exception
 *(.exceptions.entry.user)
 *(.exceptions.entry)
 .exceptions.entry
                0x01904020       0x54 C:/Users/jchang3/Documents/ECE492/test/software/accelerometer_pen50s_bsp/\libucosii_bsp.a(alt_exception_entry.o)
 *(.exceptions.irqtest.user)
 *(.exceptions.irqtest)
 .exceptions.irqtest
                0x01904074       0x10 C:/Users/jchang3/Documents/ECE492/test/software/accelerometer_pen50s_bsp/\libucosii_bsp.a(alt_irq_entry.o)
 *(.exceptions.irqhandler.user)
 *(.exceptions.irqhandler)
 .exceptions.irqhandler
                0x01904084        0x4 C:/Users/jchang3/Documents/ECE492/test/software/accelerometer_pen50s_bsp/\libucosii_bsp.a(alt_irq_entry.o)
 *(.exceptions.irqreturn.user)
 *(.exceptions.irqreturn)
 .exceptions.irqreturn
                0x01904088        0x4 C:/Users/jchang3/Documents/ECE492/test/software/accelerometer_pen50s_bsp/\libucosii_bsp.a(alt_irq_entry.o)
 *(.exceptions.notirq.label)
 .exceptions.notirq.label
                0x0190408c        0x0 C:/Users/jchang3/Documents/ECE492/test/software/accelerometer_pen50s_bsp/\libucosii_bsp.a(alt_irq_entry.o)
 *(.exceptions.notirq.user)
 *(.exceptions.notirq)
 .exceptions.notirq
                0x0190408c        0x8 C:/Users/jchang3/Documents/ECE492/test/software/accelerometer_pen50s_bsp/\libucosii_bsp.a(alt_exception_entry.o)
 *(.exceptions.soft.user)
 *(.exceptions.soft)
 *(.exceptions.unknown.user)
 *(.exceptions.unknown)
 .exceptions.unknown
                0x01904094        0x4 C:/Users/jchang3/Documents/ECE492/test/software/accelerometer_pen50s_bsp/\libucosii_bsp.a(alt_exception_entry.o)
 *(.exceptions.exit.label)
 .exceptions.exit.label
                0x01904098        0x0 C:/Users/jchang3/Documents/ECE492/test/software/accelerometer_pen50s_bsp/\libucosii_bsp.a(alt_irq_entry.o)
 .exceptions.exit.label
                0x01904098        0x0 C:/Users/jchang3/Documents/ECE492/test/software/accelerometer_pen50s_bsp/\libucosii_bsp.a(alt_exception_entry.o)
 *(.exceptions.exit.user)
 *(.exceptions.exit)
 .exceptions.exit
                0x01904098       0x54 C:/Users/jchang3/Documents/ECE492/test/software/accelerometer_pen50s_bsp/\libucosii_bsp.a(alt_exception_entry.o)
 *(.exceptions)
 .exceptions    0x019040ec       0xd4 C:/Users/jchang3/Documents/ECE492/test/software/accelerometer_pen50s_bsp/\libucosii_bsp.a(alt_irq_handler.o)
                0x019040ec                alt_irq_handler
                0x019041c0                PROVIDE (__ram_exceptions_end, ABSOLUTE (.))
                0x00800000                PROVIDE (__flash_exceptions_start, LOADADDR (.exceptions))

.text           0x008001a0    0x1ce64
                0x008001a0                PROVIDE (stext, ABSOLUTE (.))
 *(.interp)
 *(.hash)
 *(.dynsym)
 *(.dynstr)
 *(.gnu.version)
 *(.gnu.version_d)
 *(.gnu.version_r)
 *(.rel.init)
 *(.rela.init)
 *(.rel.text .rel.text.* .rel.gnu.linkonce.t.*)
 *(.rela.text .rela.text.* .rela.gnu.linkonce.t.*)
 *(.rel.fini)
 *(.rela.fini)
 *(.rel.rodata .rel.rodata.* .rel.gnu.linkonce.r.*)
 *(.rela.rodata .rela.rodata.* .rela.gnu.linkonce.r.*)
 *(.rel.data .rel.data.* .rel.gnu.linkonce.d.*)
 *(.rela.data .rela.data.* .rela.gnu.linkonce.d.*)
 *(.rel.tdata .rel.tdata.* .rel.gnu.linkonce.td.*)
 *(.rela.tdata .rela.tdata.* .rela.gnu.linkonce.td.*)
 *(.rel.tbss .rel.tbss.* .rel.gnu.linkonce.tb.*)
 *(.rela.tbss .rela.tbss.* .rela.gnu.linkonce.tb.*)
 *(.rel.ctors)
 *(.rela.ctors)
 *(.rel.dtors)
 *(.rela.dtors)
 *(.rel.got)
 *(.rela.got)
 *(.rel.sdata .rel.sdata.* .rel.gnu.linkonce.s.*)
 *(.rela.sdata .rela.sdata.* .rela.gnu.linkonce.s.*)
 *(.rel.sbss .rel.sbss.* .rel.gnu.linkonce.sb.*)
 *(.rela.sbss .rela.sbss.* .rela.gnu.linkonce.sb.*)
 *(.rel.sdata2 .rel.sdata2.* .rel.gnu.linkonce.s2.*)
 *(.rela.sdata2 .rela.sdata2.* .rela.gnu.linkonce.s2.*)
 *(.rel.sbss2 .rel.sbss2.* .rel.gnu.linkonce.sb2.*)
 *(.rela.sbss2 .rela.sbss2.* .rela.gnu.linkonce.sb2.*)
 *(.rel.bss .rel.bss.* .rel.gnu.linkonce.b.*)
 *(.rela.bss .rela.bss.* .rela.gnu.linkonce.b.*)
 *(.rel.plt)
 *(.rela.plt)
 *(.rel.dyn)
 *(.init)
 *(.plt)
 *(.text .stub .text.* .gnu.linkonce.t.*)
 .text          0x008001a0       0x3c C:/Users/jchang3/Documents/ECE492/test/software/accelerometer_pen50s_bsp//obj/HAL/src/crt0.o
                0x008001a0                _start
 .text          0x008001dc      0x4ec obj/default/dtw.o
                0x008001dc                min_three
                0x00800238                min
                0x0080027c                max
                0x008002c0                dist
                0x00800374                dtw
 .text          0x008006c8     0x218c obj/default/hello_ucosii.o
                0x008006c8                taskModeSelect
                0x00800854                taskLcdPrint
                0x008008e8                taskLoadSDCard
                0x00800cb4                AverageTemplatePattern
                0x008011b4                taskCalibrate
                0x0080153c                taskWriteSDCard
                0x008017b0                taskCharacterRead
                0x00801c9c                taskTemplateMatch
                0x008020b0                AverageCharReadPattern
                0x00802418                taskDTWX
                0x008024a0                taskDTWY
                0x00802530                main
 .text          0x00802854      0x130 c:/altera/12.1sp1/nios2eds/bin/gnu/h-i686-mingw32/bin/../lib/gcc/nios2-elf/4.1.2/../../../../nios2-elf/lib\libm.a(lib_a-w_sqrt.o)
                0x00802854                sqrt
 .text          0x00802984      0x2c8 c:/altera/12.1sp1/nios2eds/bin/gnu/h-i686-mingw32/bin/../lib/gcc/nios2-elf/4.1.2/../../../../nios2-elf/lib\libm.a(lib_a-e_sqrt.o)
                0x00802984                __ieee754_sqrt
 .text          0x00802c4c       0x30 c:/altera/12.1sp1/nios2eds/bin/gnu/h-i686-mingw32/bin/../lib/gcc/nios2-elf/4.1.2/../../../../nios2-elf/lib\libm.a(lib_a-s_isnand.o)
                0x00802c4c                __isnand
 .text          0x00802c7c        0x0 c:/altera/12.1sp1/nios2eds/bin/gnu/h-i686-mingw32/bin/../lib/gcc/nios2-elf/4.1.2/../../../../nios2-elf/lib\libm.a(lib_a-s_lib_ver.o)
 .text          0x00802c7c        0x8 c:/altera/12.1sp1/nios2eds/bin/gnu/h-i686-mingw32/bin/../lib/gcc/nios2-elf/4.1.2/../../../../nios2-elf/lib\libm.a(lib_a-s_matherr.o)
                0x00802c7c                matherr
 .text          0x00802c84       0x98 c:/altera/12.1sp1/nios2eds/bin/gnu/h-i686-mingw32/bin/../lib/gcc/nios2-elf/4.1.2\libgcc.a(_muldi3.o)
                0x00802c84                __muldi3
 .text          0x00802d1c       0x7c c:/altera/12.1sp1/nios2eds/bin/gnu/h-i686-mingw32/bin/../lib/gcc/nios2-elf/4.1.2\libgcc.a(_fixdfdi.o)
                0x00802d1c                __fixdfdi
 .text          0x00802d98       0xbc c:/altera/12.1sp1/nios2eds/bin/gnu/h-i686-mingw32/bin/../lib/gcc/nios2-elf/4.1.2\libgcc.a(_fixunsdfdi.o)
                0x00802d98                __fixunsdfdi
 .text          0x00802e54       0x88 c:/altera/12.1sp1/nios2eds/bin/gnu/h-i686-mingw32/bin/../lib/gcc/nios2-elf/4.1.2\libgcc.a(_floatdidf.o)
                0x00802e54                __floatdidf
 .text          0x00802edc      0x504 c:/altera/12.1sp1/nios2eds/bin/gnu/h-i686-mingw32/bin/../lib/gcc/nios2-elf/4.1.2\libgcc.a(_addsub_df.o)
                0x008032ec                __subdf3
                0x0080336c                __adddf3
 .text          0x008033e0      0x3c4 c:/altera/12.1sp1/nios2eds/bin/gnu/h-i686-mingw32/bin/../lib/gcc/nios2-elf/4.1.2\libgcc.a(_mul_df.o)
                0x008033e0                __muldf3
 .text          0x008037a4      0x258 c:/altera/12.1sp1/nios2eds/bin/gnu/h-i686-mingw32/bin/../lib/gcc/nios2-elf/4.1.2\libgcc.a(_div_df.o)
                0x008037a4                __divdf3
 .text          0x008039fc       0x88 c:/altera/12.1sp1/nios2eds/bin/gnu/h-i686-mingw32/bin/../lib/gcc/nios2-elf/4.1.2\libgcc.a(_lt_df.o)
                0x008039fc                __ltdf2
 .text          0x00803a84       0xf8 c:/altera/12.1sp1/nios2eds/bin/gnu/h-i686-mingw32/bin/../lib/gcc/nios2-elf/4.1.2\libgcc.a(_si_to_df.o)
                0x00803a84                __floatsidf
 .text          0x00803b7c       0xd8 c:/altera/12.1sp1/nios2eds/bin/gnu/h-i686-mingw32/bin/../lib/gcc/nios2-elf/4.1.2\libgcc.a(_df_to_si.o)
                0x00803b7c                __fixdfsi
 .text          0x00803c54        0x0 c:/altera/12.1sp1/nios2eds/bin/gnu/h-i686-mingw32/bin/../lib/gcc/nios2-elf/4.1.2\libgcc.a(_thenan_df.o)
 .text          0x00803c54      0x194 c:/altera/12.1sp1/nios2eds/bin/gnu/h-i686-mingw32/bin/../lib/gcc/nios2-elf/4.1.2\libgcc.a(_usi_to_df.o)
                0x00803c54                __floatunsidf
 .text          0x00803de8       0x80 c:/altera/12.1sp1/nios2eds/bin/gnu/h-i686-mingw32/bin/../lib/gcc/nios2-elf/4.1.2\libgcc.a(_clzsi2.o)
                0x00803de8                __clzsi2
 .text          0x00803e68       0xa4 c:/altera/12.1sp1/nios2eds/bin/gnu/h-i686-mingw32/bin/../lib/gcc/nios2-elf/4.1.2\libgcc.a(_fixunsdfsi.o)
                0x00803e68                __fixunsdfsi
 .text          0x00803f0c      0x314 c:/altera/12.1sp1/nios2eds/bin/gnu/h-i686-mingw32/bin/../lib/gcc/nios2-elf/4.1.2\libgcc.a(_pack_df.o)
                0x00803f0c                __pack_d
 .text          0x00804220      0x138 c:/altera/12.1sp1/nios2eds/bin/gnu/h-i686-mingw32/bin/../lib/gcc/nios2-elf/4.1.2\libgcc.a(_unpack_df.o)
                0x00804220                __unpack_d
 .text          0x00804358       0xc8 c:/altera/12.1sp1/nios2eds/bin/gnu/h-i686-mingw32/bin/../lib/gcc/nios2-elf/4.1.2\libgcc.a(_fpcmp_parts_df.o)
                0x00804358                __fpcmp_parts_d
 .text          0x00804420       0x88 c:/altera/12.1sp1/nios2eds/bin/gnu/h-i686-mingw32/bin/../lib/gcc/nios2-elf/4.1.2\libgcc.a(_ge_df.o)
                0x00804420                __gedf2
 .text          0x008044a8        0x0 c:/altera/12.1sp1/nios2eds/bin/gnu/h-i686-mingw32/bin/../lib/gcc/nios2-elf/4.1.2\libgcc.a(_clz.o)
 .text          0x008044a8       0x10 c:/altera/12.1sp1/nios2eds/bin/gnu/h-i686-mingw32/bin/../lib/gcc/nios2-elf/4.1.2/../../../../nios2-elf/lib\libc.a(lib_a-errno.o)
                0x008044a8                __errno
 .text          0x008044b8        0x0 c:/altera/12.1sp1/nios2eds/bin/gnu/h-i686-mingw32/bin/../lib/gcc/nios2-elf/4.1.2/../../../../nios2-elf/lib\libc.a(lib_a-impure.o)
 .text          0x008044b8       0x78 c:/altera/12.1sp1/nios2eds/bin/gnu/h-i686-mingw32/bin/../lib/gcc/nios2-elf/4.1.2/../../../../nios2-elf/lib\libc.a(lib_a-printf.o)
                0x008044b8                printf
                0x008044fc                _printf_r
 .text          0x00804530       0xb4 c:/altera/12.1sp1/nios2eds/bin/gnu/h-i686-mingw32/bin/../lib/gcc/nios2-elf/4.1.2/../../../../nios2-elf/lib\libc.a(lib_a-puts.o)
                0x00804530                _puts_r
                0x008045d0                puts
 .text          0x008045e4       0x74 c:/altera/12.1sp1/nios2eds/bin/gnu/h-i686-mingw32/bin/../lib/gcc/nios2-elf/4.1.2/../../../../nios2-elf/lib\libc.a(lib_a-strlen.o)
                0x008045e4                strlen
 .text          0x00804658     0x1f28 c:/altera/12.1sp1/nios2eds/bin/gnu/h-i686-mingw32/bin/../lib/gcc/nios2-elf/4.1.2/../../../../nios2-elf/lib\libc.a(lib_a-vfprintf.o)
                0x008046b0                ___vfprintf_internal_r
                0x0080655c                __vfprintf_internal
 .text          0x00806580      0x13c c:/altera/12.1sp1/nios2eds/bin/gnu/h-i686-mingw32/bin/../lib/gcc/nios2-elf/4.1.2/../../../../nios2-elf/lib\libc.a(lib_a-wsetup.o)
                0x00806580                __swsetup_r
 .text          0x008066bc     0x17cc c:/altera/12.1sp1/nios2eds/bin/gnu/h-i686-mingw32/bin/../lib/gcc/nios2-elf/4.1.2/../../../../nios2-elf/lib\libc.a(lib_a-dtoa.o)
                0x008068d4                _dtoa_r
 .text          0x00807e88      0x230 c:/altera/12.1sp1/nios2eds/bin/gnu/h-i686-mingw32/bin/../lib/gcc/nios2-elf/4.1.2/../../../../nios2-elf/lib\libc.a(lib_a-fflush.o)
                0x00807e88                _fflush_r
                0x00808084                fflush
 .text          0x008080b8      0x2c0 c:/altera/12.1sp1/nios2eds/bin/gnu/h-i686-mingw32/bin/../lib/gcc/nios2-elf/4.1.2/../../../../nios2-elf/lib\libc.a(lib_a-findfp.o)
                0x00808110                __sfp_lock_acquire
                0x00808114                __sfp_lock_release
                0x00808118                __sinit_lock_acquire
                0x0080811c                __sinit_lock_release
                0x00808120                __sinit
                0x008081d4                __fp_unlock_all
                0x008081ec                __fp_lock_all
                0x00808204                _cleanup_r
                0x00808210                _cleanup
                0x00808220                __sfmoreglue
                0x00808288                __sfp
 .text          0x00808378      0x440 c:/altera/12.1sp1/nios2eds/bin/gnu/h-i686-mingw32/bin/../lib/gcc/nios2-elf/4.1.2/../../../../nios2-elf/lib\libc.a(lib_a-freer.o)
                0x00808378                _malloc_trim_r
                0x008084a4                _free_r
 .text          0x008087b8      0x49c c:/altera/12.1sp1/nios2eds/bin/gnu/h-i686-mingw32/bin/../lib/gcc/nios2-elf/4.1.2/../../../../nios2-elf/lib\libc.a(lib_a-fvwrite.o)
                0x008087b8                __sfvwrite_r
 .text          0x00808c54      0x180 c:/altera/12.1sp1/nios2eds/bin/gnu/h-i686-mingw32/bin/../lib/gcc/nios2-elf/4.1.2/../../../../nios2-elf/lib\libc.a(lib_a-fwalk.o)
                0x00808c54                _fwalk_reent
                0x00808d1c                _fwalk
 .text          0x00808dd4       0xc4 c:/altera/12.1sp1/nios2eds/bin/gnu/h-i686-mingw32/bin/../lib/gcc/nios2-elf/4.1.2/../../../../nios2-elf/lib\libc.a(lib_a-locale.o)
                0x00808dd4                __locale_charset
                0x00808ddc                _localeconv_r
                0x00808de8                localeconv
                0x00808df8                _setlocale_r
                0x00808e7c                setlocale
 .text          0x00808e98      0x194 c:/altera/12.1sp1/nios2eds/bin/gnu/h-i686-mingw32/bin/../lib/gcc/nios2-elf/4.1.2/../../../../nios2-elf/lib\libc.a(lib_a-makebuf.o)
                0x00808e98                __smakebuf_r
 .text          0x0080902c      0x740 c:/altera/12.1sp1/nios2eds/bin/gnu/h-i686-mingw32/bin/../lib/gcc/nios2-elf/4.1.2/../../../../nios2-elf/lib\libc.a(lib_a-mallocr.o)
                0x0080902c                _malloc_r
 .text          0x0080976c       0xe4 c:/altera/12.1sp1/nios2eds/bin/gnu/h-i686-mingw32/bin/../lib/gcc/nios2-elf/4.1.2/../../../../nios2-elf/lib\libc.a(lib_a-memchr.o)
                0x0080976c                memchr
 .text          0x00809850       0xa0 c:/altera/12.1sp1/nios2eds/bin/gnu/h-i686-mingw32/bin/../lib/gcc/nios2-elf/4.1.2/../../../../nios2-elf/lib\libc.a(lib_a-memcpy.o)
                0x00809850                memcpy
 .text          0x008098f0       0xe0 c:/altera/12.1sp1/nios2eds/bin/gnu/h-i686-mingw32/bin/../lib/gcc/nios2-elf/4.1.2/../../../../nios2-elf/lib\libc.a(lib_a-memmove.o)
                0x008098f0                memmove
 .text          0x008099d0       0x98 c:/altera/12.1sp1/nios2eds/bin/gnu/h-i686-mingw32/bin/../lib/gcc/nios2-elf/4.1.2/../../../../nios2-elf/lib\libc.a(lib_a-memset.o)
                0x008099d0                memset
 .text          0x00809a68      0xff4 c:/altera/12.1sp1/nios2eds/bin/gnu/h-i686-mingw32/bin/../lib/gcc/nios2-elf/4.1.2/../../../../nios2-elf/lib\libc.a(lib_a-mprec.o)
                0x00809a68                _Bfree
                0x00809a90                __hi0bits
                0x00809b00                __lo0bits
                0x00809bc4                __mcmp
                0x00809c24                __ulp
                0x00809ca4                __b2d
                0x00809dc4                __ratio
                0x00809e74                _mprec_log10
                0x00809f08                __copybits
                0x00809f60                __any_on
                0x00809fe8                _Balloc
                0x0080a0a4                __d2b
                0x0080a220                __mdiff
                0x0080a3ac                __lshift
                0x0080a4f8                __multiply
                0x0080a6e0                __i2b
                0x0080a71c                __multadd
                0x0080a81c                __pow5mult
                0x0080a93c                __s2b
 .text          0x0080aa5c      0x5f4 c:/altera/12.1sp1/nios2eds/bin/gnu/h-i686-mingw32/bin/../lib/gcc/nios2-elf/4.1.2/../../../../nios2-elf/lib\libc.a(lib_a-reallocr.o)
                0x0080aa5c                _realloc_r
 .text          0x0080b050       0x40 c:/altera/12.1sp1/nios2eds/bin/gnu/h-i686-mingw32/bin/../lib/gcc/nios2-elf/4.1.2/../../../../nios2-elf/lib\libc.a(lib_a-s_isinfd.o)
                0x0080b050                __isinfd
 .text          0x0080b090       0x70 c:/altera/12.1sp1/nios2eds/bin/gnu/h-i686-mingw32/bin/../lib/gcc/nios2-elf/4.1.2/../../../../nios2-elf/lib\libc.a(lib_a-sbrkr.o)
                0x0080b090                _sbrk_r
 .text          0x0080b100      0x14c c:/altera/12.1sp1/nios2eds/bin/gnu/h-i686-mingw32/bin/../lib/gcc/nios2-elf/4.1.2/../../../../nios2-elf/lib\libc.a(lib_a-stdio.o)
                0x0080b100                __sclose
                0x0080b108                __sseek
                0x0080b170                __swrite
                0x0080b1ec                __sread
 .text          0x0080b24c       0xbc c:/altera/12.1sp1/nios2eds/bin/gnu/h-i686-mingw32/bin/../lib/gcc/nios2-elf/4.1.2/../../../../nios2-elf/lib\libc.a(lib_a-strcmp.o)
                0x0080b24c                strcmp
 .text          0x0080b308       0x78 c:/altera/12.1sp1/nios2eds/bin/gnu/h-i686-mingw32/bin/../lib/gcc/nios2-elf/4.1.2/../../../../nios2-elf/lib\libc.a(lib_a-writer.o)
                0x0080b308                _write_r
 .text          0x0080b380       0xb4 c:/altera/12.1sp1/nios2eds/bin/gnu/h-i686-mingw32/bin/../lib/gcc/nios2-elf/4.1.2/../../../../nios2-elf/lib\libc.a(lib_a-callocr.o)
                0x0080b380                _calloc_r
 .text          0x0080b434       0x70 c:/altera/12.1sp1/nios2eds/bin/gnu/h-i686-mingw32/bin/../lib/gcc/nios2-elf/4.1.2/../../../../nios2-elf/lib\libc.a(lib_a-closer.o)
                0x0080b434                _close_r
 .text          0x0080b4a4      0x124 c:/altera/12.1sp1/nios2eds/bin/gnu/h-i686-mingw32/bin/../lib/gcc/nios2-elf/4.1.2/../../../../nios2-elf/lib\libc.a(lib_a-fclose.o)
                0x0080b4a4                _fclose_r
                0x0080b5b4                fclose
 .text          0x0080b5c8       0x74 c:/altera/12.1sp1/nios2eds/bin/gnu/h-i686-mingw32/bin/../lib/gcc/nios2-elf/4.1.2/../../../../nios2-elf/lib\libc.a(lib_a-fstatr.o)
                0x0080b5c8                _fstat_r
 .text          0x0080b63c        0x0 c:/altera/12.1sp1/nios2eds/bin/gnu/h-i686-mingw32/bin/../lib/gcc/nios2-elf/4.1.2/../../../../nios2-elf/lib\libc.a(lib_a-int_errno.o)
 .text          0x0080b63c       0x70 c:/altera/12.1sp1/nios2eds/bin/gnu/h-i686-mingw32/bin/../lib/gcc/nios2-elf/4.1.2/../../../../nios2-elf/lib\libc.a(lib_a-isattyr.o)
                0x0080b63c                _isatty_r
 .text          0x0080b6ac       0x78 c:/altera/12.1sp1/nios2eds/bin/gnu/h-i686-mingw32/bin/../lib/gcc/nios2-elf/4.1.2/../../../../nios2-elf/lib\libc.a(lib_a-lseekr.o)
                0x0080b6ac                _lseek_r
 .text          0x0080b724       0x78 c:/altera/12.1sp1/nios2eds/bin/gnu/h-i686-mingw32/bin/../lib/gcc/nios2-elf/4.1.2/../../../../nios2-elf/lib\libc.a(lib_a-readr.o)
                0x0080b724                _read_r
 .text          0x0080b79c      0x5dc c:/altera/12.1sp1/nios2eds/bin/gnu/h-i686-mingw32/bin/../lib/gcc/nios2-elf/4.1.2\libgcc.a(_udivdi3.o)
                0x0080b79c                __udivdi3
 .text          0x0080bd78      0x5b0 c:/altera/12.1sp1/nios2eds/bin/gnu/h-i686-mingw32/bin/../lib/gcc/nios2-elf/4.1.2\libgcc.a(_umoddi3.o)
                0x0080bd78                __umoddi3
 .text          0x0080c328       0x88 c:/altera/12.1sp1/nios2eds/bin/gnu/h-i686-mingw32/bin/../lib/gcc/nios2-elf/4.1.2\libgcc.a(_eq_df.o)
                0x0080c328                __eqdf2
 .text          0x0080c3b0       0x88 c:/altera/12.1sp1/nios2eds/bin/gnu/h-i686-mingw32/bin/../lib/gcc/nios2-elf/4.1.2\libgcc.a(_ne_df.o)
                0x0080c3b0                __nedf2
 .text          0x0080c438       0x88 c:/altera/12.1sp1/nios2eds/bin/gnu/h-i686-mingw32/bin/../lib/gcc/nios2-elf/4.1.2\libgcc.a(_gt_df.o)
                0x0080c438                __gtdf2
 .text          0x0080c4c0      0x14c c:/altera/12.1sp1/nios2eds/bin/gnu/h-i686-mingw32/bin/../lib/gcc/nios2-elf/4.1.2\libgcc.a(lib2-divmod.o)
                0x0080c53c                __divsi3
                0x0080c59c                __modsi3
                0x0080c5fc                __udivsi3
                0x0080c604                __umodsi3
 .text          0x0080c60c      0x15c C:/Users/jchang3/Documents/ECE492/test/software/accelerometer_pen50s_bsp/\libucosii_bsp.a(alt_close.o)
                0x0080c60c                close
 .text          0x0080c768       0x2c C:/Users/jchang3/Documents/ECE492/test/software/accelerometer_pen50s_bsp/\libucosii_bsp.a(alt_dev.o)
 .text          0x0080c794        0x0 C:/Users/jchang3/Documents/ECE492/test/software/accelerometer_pen50s_bsp/\libucosii_bsp.a(alt_errno.o)
 .text          0x0080c794      0x134 C:/Users/jchang3/Documents/ECE492/test/software/accelerometer_pen50s_bsp/\libucosii_bsp.a(alt_fstat.o)
                0x0080c794                fstat
 .text          0x0080c8c8      0x120 C:/Users/jchang3/Documents/ECE492/test/software/accelerometer_pen50s_bsp/\libucosii_bsp.a(alt_isatty.o)
                0x0080c8c8                isatty
 .text          0x0080c9e8       0xec C:/Users/jchang3/Documents/ECE492/test/software/accelerometer_pen50s_bsp/\libucosii_bsp.a(alt_load.o)
                0x0080c9e8                alt_load
 .text          0x0080cad4      0x150 C:/Users/jchang3/Documents/ECE492/test/software/accelerometer_pen50s_bsp/\libucosii_bsp.a(alt_lseek.o)
                0x0080cad4                lseek
 .text          0x0080cc24       0xc8 C:/Users/jchang3/Documents/ECE492/test/software/accelerometer_pen50s_bsp/\libucosii_bsp.a(alt_main.o)
                0x0080cc24                alt_main
 .text          0x0080ccec      0x258 C:/Users/jchang3/Documents/ECE492/test/software/accelerometer_pen50s_bsp/\libucosii_bsp.a(alt_printf.o)
                0x0080ccec                alt_printf
 .text          0x0080cf44       0x40 C:/Users/jchang3/Documents/ECE492/test/software/accelerometer_pen50s_bsp/\libucosii_bsp.a(alt_putchar.o)
                0x0080cf44                alt_putchar
 .text          0x0080cf84      0x180 C:/Users/jchang3/Documents/ECE492/test/software/accelerometer_pen50s_bsp/\libucosii_bsp.a(alt_read.o)
                0x0080cf84                read
 .text          0x0080d104       0x60 C:/Users/jchang3/Documents/ECE492/test/software/accelerometer_pen50s_bsp/\libucosii_bsp.a(alt_release_fd.o)
                0x0080d104                alt_release_fd
 .text          0x0080d164       0xbc C:/Users/jchang3/Documents/ECE492/test/software/accelerometer_pen50s_bsp/\libucosii_bsp.a(alt_sbrk.o)
                0x0080d164                sbrk
 .text          0x0080d220      0x180 C:/Users/jchang3/Documents/ECE492/test/software/accelerometer_pen50s_bsp/\libucosii_bsp.a(alt_write.o)
                0x0080d220                write
 .text          0x0080d3a0      0x108 C:/Users/jchang3/Documents/ECE492/test/software/accelerometer_pen50s_bsp/\libucosii_bsp.a(alt_env_lock.o)
                0x0080d3a0                __env_lock
                0x0080d44c                __env_unlock
 .text          0x0080d4a8      0x1d8 C:/Users/jchang3/Documents/ECE492/test/software/accelerometer_pen50s_bsp/\libucosii_bsp.a(alt_malloc_lock.o)
                0x0080d4a8                __malloc_lock
                0x0080d5b0                __malloc_unlock
 .text          0x0080d680     0x2128 C:/Users/jchang3/Documents/ECE492/test/software/accelerometer_pen50s_bsp/\libucosii_bsp.a(os_core.o)
                0x0080d680                OSEventNameGet
                0x0080d7b0                OSEventNameSet
                0x0080d8f4                OSEventPendMulti
                0x0080dfa8                OSInit
                0x0080dffc                OSIntEnter
                0x0080e078                OSIntExit
                0x0080e178                OSSchedLock
                0x0080e204                OSSchedUnlock
                0x0080e2e8                OSStart
                0x0080e358                OSStatInit
                0x0080e404                OSTimeTick
                0x0080e644                OSVersion
                0x0080e664                OS_Dummy
                0x0080e680                OS_EventTaskRdy
                0x0080e814                OS_EventTaskWait
                0x0080e924                OS_EventTaskWaitMulti
                0x0080ea78                OS_EventTaskRemove
                0x0080eb30                OS_EventTaskRemoveMulti
                0x0080ec34                OS_EventWaitListInit
                0x0080f000                OS_MemClr
                0x0080f054                OS_MemCopy
                0x0080f0c0                OS_Sched
                0x0080f204                OS_StrCopy
                0x0080f284                OS_StrLen
                0x0080f2dc                OS_TaskIdle
                0x0080f338                OS_TaskStat
                0x0080f400                OS_TaskStatStkChk
                0x0080f4c8                OS_TCBInit
 .text          0x0080f7a8      0x18c C:/Users/jchang3/Documents/ECE492/test/software/accelerometer_pen50s_bsp/\libucosii_bsp.a(os_dbg.o)
                0x0080f7a8                OSDebugInit
 .text          0x0080f934     0x193c C:/Users/jchang3/Documents/ECE492/test/software/accelerometer_pen50s_bsp/\libucosii_bsp.a(os_flag.o)
                0x0080f934                OSFlagAccept
                0x0080fc68                OSFlagCreate
                0x0080fda4                OSFlagDel
                0x0081004c                OSFlagNameGet
                0x00810190                OSFlagNameSet
                0x008102e4                OSFlagPend
                0x00810928                OSFlagPendGetFlagsRdy
                0x00810990                OSFlagPost
                0x00810d38                OSFlagQuery
                0x00810fd0                OS_FlagInit
                0x008111c4                OS_FlagUnlink
 .text          0x00811270      0x808 C:/Users/jchang3/Documents/ECE492/test/software/accelerometer_pen50s_bsp/\libucosii_bsp.a(os_mem.o)
                0x00811270                OSMemCreate
                0x0081148c                OSMemGet
                0x00811590                OSMemNameGet
                0x0081169c                OSMemNameSet
                0x008117bc                OSMemPut
                0x008118ac                OSMemQuery
                0x008119a8                OS_MemInit
 .text          0x00811a78     0x1334 C:/Users/jchang3/Documents/ECE492/test/software/accelerometer_pen50s_bsp/\libucosii_bsp.a(os_q.o)
                0x00811a78                OSQAccept
                0x00811bcc                OSQCreate
                0x00811de0                OSQDel
                0x008120e0                OSQFlush
                0x008121a8                OSQPend
                0x008124c8                OSQPendAbort
                0x00812644                OSQPost
                0x008127c4                OSQPostFront
                0x0081294c                OSQPostOpt
                0x00812b80                OSQQuery
                0x00812d00                OS_QInit
 .text          0x00812dac      0xbc8 C:/Users/jchang3/Documents/ECE492/test/software/accelerometer_pen50s_bsp/\libucosii_bsp.a(os_sem.o)
                0x00812dac                OSSemAccept
                0x00812e6c                OSSemCreate
                0x00812f80                OSSemDel
                0x00813220                OSSemPend
                0x0081349c                OSSemPendAbort
                0x00813618                OSSemPost
                0x00813740                OSSemQuery
                0x00813870                OSSemSet
 .text          0x00813974     0x1a40 C:/Users/jchang3/Documents/ECE492/test/software/accelerometer_pen50s_bsp/\libucosii_bsp.a(os_task.o)
                0x00813974                OSTaskChangePrio
                0x00813ee8                OSTaskCreate
                0x008140bc                OSTaskCreateExt
                0x008142bc                OSTaskDel
                0x008146c8                OSTaskDelReq
                0x00814838                OSTaskNameGet
                0x008149f0                OSTaskNameSet
                0x00814bb4                OSTaskResume
                0x00814dcc                OSTaskStkChk
                0x00814fc8                OSTaskSuspend
                0x008151f4                OSTaskQuery
                0x00815338                OS_TaskStkClr
 .text          0x008153b4      0x598 C:/Users/jchang3/Documents/ECE492/test/software/accelerometer_pen50s_bsp/\libucosii_bsp.a(os_time.o)
                0x008153b4                OSTimeDly
                0x00815500                OSTimeDlyHMSM
                0x00815674                OSTimeDlyResume
                0x00815884                OSTimeGet
                0x008158e8                OSTimeSet
 .text          0x0081594c       0xf8 C:/Users/jchang3/Documents/ECE492/test/software/accelerometer_pen50s_bsp/\libucosii_bsp.a(alt_sys_init.o)
                0x0081594c                alt_irq_init
                0x00815980                alt_sys_init
 .text          0x00815a44      0x148 C:/Users/jchang3/Documents/ECE492/test/software/accelerometer_pen50s_bsp/\libucosii_bsp.a(altera_avalon_jtag_uart_fd.o)
                0x00815a44                altera_avalon_jtag_uart_read_fd
                0x00815a9c                altera_avalon_jtag_uart_write_fd
                0x00815af4                altera_avalon_jtag_uart_close_fd
                0x00815b3c                altera_avalon_jtag_uart_ioctl_fd
 .text          0x00815b8c      0x580 C:/Users/jchang3/Documents/ECE492/test/software/accelerometer_pen50s_bsp/\libucosii_bsp.a(altera_avalon_jtag_uart_init.o)
                0x00815b8c                altera_avalon_jtag_uart_init
                0x00816098                altera_avalon_jtag_uart_close
 .text          0x0081610c       0xf4 C:/Users/jchang3/Documents/ECE492/test/software/accelerometer_pen50s_bsp/\libucosii_bsp.a(altera_avalon_jtag_uart_ioctl.o)
                0x0081610c                altera_avalon_jtag_uart_ioctl
 .text          0x00816200      0x2c0 C:/Users/jchang3/Documents/ECE492/test/software/accelerometer_pen50s_bsp/\libucosii_bsp.a(altera_avalon_jtag_uart_read.o)
                0x00816200                altera_avalon_jtag_uart_read
 .text          0x008164c0      0x2dc C:/Users/jchang3/Documents/ECE492/test/software/accelerometer_pen50s_bsp/\libucosii_bsp.a(altera_avalon_jtag_uart_write.o)
                0x008164c0                altera_avalon_jtag_uart_write
 .text          0x0081679c       0xfc C:/Users/jchang3/Documents/ECE492/test/software/accelerometer_pen50s_bsp/\libucosii_bsp.a(altera_avalon_timer_sc.o)
                0x00816810                alt_avalon_timer_sc_init
 .text          0x00816898      0x530 C:/Users/jchang3/Documents/ECE492/test/software/accelerometer_pen50s_bsp/\libucosii_bsp.a(altera_up_avalon_character_lcd.o)
                0x00816898                get_DDRAM_addr
                0x00816914                alt_up_character_lcd_send_cmd
                0x00816948                alt_up_character_lcd_init
                0x0081697c                alt_up_character_lcd_open_dev
                0x008169bc                alt_up_character_lcd_write
                0x00816a34                alt_up_character_lcd_string
                0x00816aac                alt_up_character_lcd_write_fd
                0x00816af8                alt_up_character_lcd_set_cursor_pos
                0x00816b70                alt_up_character_lcd_shift_cursor
                0x00816c20                alt_up_character_lcd_shift_display
                0x00816cd0                alt_up_character_lcd_erase_pos
                0x00816d60                alt_up_character_lcd_cursor_off
                0x00816d94                alt_up_character_lcd_cursor_blink_on
 .text          0x00816dc8      0x398 C:/Users/jchang3/Documents/ECE492/test/software/accelerometer_pen50s_bsp/\libucosii_bsp.a(altera_up_avalon_rs232.o)
                0x00816dc8                alt_up_rs232_enable_read_interrupt
                0x00816e1c                alt_up_rs232_disable_read_interrupt
                0x00816e74                alt_up_rs232_get_used_space_in_read_FIFO
                0x00816eb0                alt_up_rs232_get_available_space_in_write_FIFO
                0x00816ef0                alt_up_rs232_check_parity
                0x00816f40                alt_up_rs232_write_data
                0x00816f88                alt_up_rs232_read_data
                0x00816ffc                alt_up_rs232_read_fd
                0x0081708c                alt_up_rs232_write_fd
                0x00817120                alt_up_rs232_open_dev
 .text          0x00817160     0x4430 C:/Users/jchang3/Documents/ECE492/test/software/accelerometer_pen50s_bsp/\libucosii_bsp.a(altera_up_sd_card_avalon_interface.o)
                0x00817160                Write_Sector_Data
                0x00817228                Save_Modified_Sector
                0x00817278                Read_Sector_Data
                0x00817374                get_cluster_flag
                0x0081742c                mark_cluster
                0x00817510                Check_for_Master_Boot_Record
                0x008176c0                Read_File_Record_At_Offset
                0x00817944                Write_File_Record_At_Offset
                0x00817bfc                Check_for_DOS_FAT
                0x00818244                Look_for_FAT16
                0x0081833c                filename_to_upper_case
                0x0081840c                check_file_name_for_FAT16_compliance
                0x0081869c                get_dir_divider_location
                0x0081875c                match_file_record_to_name_ext
                0x00818a48                get_home_directory_cluster_for_file
                0x00818f5c                find_file_in_directory
                0x008193c0                find_first_empty_cluster
                0x00819564                find_first_empty_record_in_a_subdirectory
                0x008197b0                find_first_empty_record_in_root_directory
                0x008198dc                convert_filename_to_name_extension
                0x00819a94                create_file
                0x00819d68                copy_file_record_name_to_string
                0x00819ebc                alt_up_sd_card_open_dev
                0x00819f80                alt_up_sd_card_is_Present
                0x0081a048                alt_up_sd_card_is_FAT16
                0x0081a0bc                alt_up_sd_card_find_first
                0x0081a190                alt_up_sd_card_find_next
                0x0081a540                alt_up_sd_card_fopen
                0x0081a8e8                alt_up_sd_card_set_attributes
                0x0081a978                alt_up_sd_card_get_attributes
                0x0081aa04                alt_up_sd_card_read
                0x0081ada0                alt_up_sd_card_write
                0x0081b3c4                alt_up_sd_card_fclose
 .text          0x0081b590      0x154 C:/Users/jchang3/Documents/ECE492/test/software/accelerometer_pen50s_bsp/\libucosii_bsp.a(alt_alarm_start.o)
                0x0081b590                alt_alarm_start
 .text          0x0081b6e4       0x1c C:/Users/jchang3/Documents/ECE492/test/software/accelerometer_pen50s_bsp/\libucosii_bsp.a(alt_dcache_flush_all.o)
                0x0081b6e4                alt_dcache_flush_all
 .text          0x0081b700      0x114 C:/Users/jchang3/Documents/ECE492/test/software/accelerometer_pen50s_bsp/\libucosii_bsp.a(alt_dev_llist_insert.o)
                0x0081b700                alt_dev_llist_insert
 .text          0x0081b814       0x64 C:/Users/jchang3/Documents/ECE492/test/software/accelerometer_pen50s_bsp/\libucosii_bsp.a(alt_do_ctors.o)
                0x0081b814                _do_ctors
 .text          0x0081b878       0x64 C:/Users/jchang3/Documents/ECE492/test/software/accelerometer_pen50s_bsp/\libucosii_bsp.a(alt_do_dtors.o)
                0x0081b878                _do_dtors
 .text          0x0081b8dc       0x94 C:/Users/jchang3/Documents/ECE492/test/software/accelerometer_pen50s_bsp/\libucosii_bsp.a(alt_find_dev.o)
                0x0081b8dc                alt_find_dev
 .text          0x0081b970       0x30 C:/Users/jchang3/Documents/ECE492/test/software/accelerometer_pen50s_bsp/\libucosii_bsp.a(alt_icache_flush_all.o)
                0x0081b970                alt_icache_flush_all
 .text          0x0081b9a0      0x13c C:/Users/jchang3/Documents/ECE492/test/software/accelerometer_pen50s_bsp/\libucosii_bsp.a(alt_io_redirect.o)
                0x0081ba64                alt_io_redirect
 .text          0x0081badc      0x1c0 C:/Users/jchang3/Documents/ECE492/test/software/accelerometer_pen50s_bsp/\libucosii_bsp.a(alt_irq_register.o)
                0x0081badc                alt_irq_register
 .text          0x0081bc9c        0x0 C:/Users/jchang3/Documents/ECE492/test/software/accelerometer_pen50s_bsp/\libucosii_bsp.a(alt_irq_vars.o)
 .text          0x0081bc9c      0x2c4 C:/Users/jchang3/Documents/ECE492/test/software/accelerometer_pen50s_bsp/\libucosii_bsp.a(alt_open.o)
                0x0081bd78                open
 .text          0x0081bf60      0x1a8 C:/Users/jchang3/Documents/ECE492/test/software/accelerometer_pen50s_bsp/\libucosii_bsp.a(alt_tick.o)
                0x0081bf60                alt_alarm_stop
                0x0081bff8                alt_tick
 .text          0x0081c108       0x20 C:/Users/jchang3/Documents/ECE492/test/software/accelerometer_pen50s_bsp/\libucosii_bsp.a(altera_nios2_qsys_irq.o)
                0x0081c108                altera_nios2_qsys_irq_init
 .text          0x0081c128       0xd0 C:/Users/jchang3/Documents/ECE492/test/software/accelerometer_pen50s_bsp/\libucosii_bsp.a(os_cpu_a.o)
                0x0081c128                OSCtxSw
                0x0081c128                OSIntCtxSw
                0x0081c1b4                OSStartHighRdy
                0x0081c1d4                OSStartTsk
 .text          0x0081c1f8      0x418 C:/Users/jchang3/Documents/ECE492/test/software/accelerometer_pen50s_bsp/\libucosii_bsp.a(os_cpu_c.o)
                0x0081c1f8                OSTaskStkInit
                0x0081c508                OSTaskCreateHook
                0x0081c528                OSTaskDelHook
                0x0081c548                OSTaskSwHook
                0x0081c564                OSTaskStatHook
                0x0081c580                OSTimeTickHook
                0x0081c59c                OSInitHookBegin
                0x0081c5b8                OSInitHookEnd
                0x0081c5d4                OSTaskIdleHook
                0x0081c5f0                OSTCBInitHook
 .text          0x0081c610      0x120 C:/Users/jchang3/Documents/ECE492/test/software/accelerometer_pen50s_bsp/\libucosii_bsp.a(alt_find_file.o)
                0x0081c610                alt_find_file
 .text          0x0081c730       0xf4 C:/Users/jchang3/Documents/ECE492/test/software/accelerometer_pen50s_bsp/\libucosii_bsp.a(alt_get_fd.o)
                0x0081c730                alt_get_fd
 .text          0x0081c824       0x90 C:/Users/jchang3/Documents/ECE492/test/software/accelerometer_pen50s_bsp/\libucosii_bsp.a(alt_icache_flush.o)
                0x0081c824                alt_icache_flush
 .text          0x0081c8b4        0x0 C:/Users/jchang3/Documents/ECE492/test/software/accelerometer_pen50s_bsp/\libucosii_bsp.a(alt_irq_entry.o)
 .text          0x0081c8b4        0x0 C:/Users/jchang3/Documents/ECE492/test/software/accelerometer_pen50s_bsp/\libucosii_bsp.a(alt_irq_handler.o)
 .text          0x0081c8b4        0x0 C:/Users/jchang3/Documents/ECE492/test/software/accelerometer_pen50s_bsp/\libucosii_bsp.a(alt_exception_entry.o)
 .text          0x0081c8b4       0x14 c:/altera/12.1sp1/nios2eds/bin/gnu/h-i686-mingw32/bin/../lib/gcc/nios2-elf/4.1.2/../../../../nios2-elf/lib\libc.a(lib_a-atexit.o)
                0x0081c8b4                atexit
 .text          0x0081c8c8       0x38 c:/altera/12.1sp1/nios2eds/bin/gnu/h-i686-mingw32/bin/../lib/gcc/nios2-elf/4.1.2/../../../../nios2-elf/lib\libc.a(lib_a-exit.o)
                0x0081c8c8                exit
 .text          0x0081c900       0x74 c:/altera/12.1sp1/nios2eds/bin/gnu/h-i686-mingw32/bin/../lib/gcc/nios2-elf/4.1.2/../../../../nios2-elf/lib\libc.a(lib_a-memcmp.o)
                0x0081c900                memcmp
 .text          0x0081c974      0x1ec c:/altera/12.1sp1/nios2eds/bin/gnu/h-i686-mingw32/bin/../lib/gcc/nios2-elf/4.1.2/../../../../nios2-elf/lib\libc.a(lib_a-putc.o)
                0x0081c974                putc
                0x0081ca78                _putc_r
 .text          0x0081cb60      0x14c c:/altera/12.1sp1/nios2eds/bin/gnu/h-i686-mingw32/bin/../lib/gcc/nios2-elf/4.1.2/../../../../nios2-elf/lib\libc.a(lib_a-wbuf.o)
                0x0081cb60                __swbuf_r
                0x0081cc90                __swbuf
 .text          0x0081ccac      0x134 c:/altera/12.1sp1/nios2eds/bin/gnu/h-i686-mingw32/bin/../lib/gcc/nios2-elf/4.1.2/../../../../nios2-elf/lib\libc.a(lib_a-__atexit.o)
                0x0081ccac                __register_exitproc
 .text          0x0081cde0      0x1b4 c:/altera/12.1sp1/nios2eds/bin/gnu/h-i686-mingw32/bin/../lib/gcc/nios2-elf/4.1.2/../../../../nios2-elf/lib\libc.a(lib_a-__call_atexit.o)
                0x0081cde4                __call_exitprocs
 .text          0x0081cf94       0x6c C:/Users/jchang3/Documents/ECE492/test/software/accelerometer_pen50s_bsp/\libucosii_bsp.a(alt_exit.o)
                0x0081cfd4                _exit
 *(.gnu.warning.*)
 *(.fini)
                0x0081d000                PROVIDE (__etext, ABSOLUTE (.))
                0x0081d000                PROVIDE (_etext, ABSOLUTE (.))
                0x0081d000                PROVIDE (etext, ABSOLUTE (.))
 *(.eh_frame_hdr)
                0x0081d000                . = ALIGN (0x4)
                0x0081d000                PROVIDE (__preinit_array_start, ABSOLUTE (.))
 *(.preinit_array)
                0x0081d000                PROVIDE (__preinit_array_end, ABSOLUTE (.))
                0x0081d000                PROVIDE (__init_array_start, ABSOLUTE (.))
 *(.init_array)
                0x0081d000                PROVIDE (__init_array_end, ABSOLUTE (.))
                0x0081d000                PROVIDE (__fini_array_start, ABSOLUTE (.))
 *(.fini_array)
                0x0081d000                PROVIDE (__fini_array_end, ABSOLUTE (.))
 *(.eh_frame)
 *(.gcc_except_table)
 *(.dynamic)
                0x0081d000                PROVIDE (__CTOR_LIST__, ABSOLUTE (.))
 *(.ctors)
 *(SORT(.ctors.*))
 .ctors.65535   0x0081d000        0x4 c:/altera/12.1sp1/nios2eds/bin/gnu/h-i686-mingw32/bin/../lib/gcc/nios2-elf/4.1.2/../../../../nios2-elf/lib\libc.a(lib_a-__call_atexit.o)
                0x0081d004                PROVIDE (__CTOR_END__, ABSOLUTE (.))
                0x0081d004                PROVIDE (__DTOR_LIST__, ABSOLUTE (.))
 *(.dtors)
 *(SORT(.dtors.*))
                0x0081d004                PROVIDE (__DTOR_END__, ABSOLUTE (.))
 *(.jcr)
                0x0081d004                . = ALIGN (0x4)

.rodata         0x0081d004      0xa58
                0x0081d004                PROVIDE (__ram_rodata_start, ABSOLUTE (.))
                0x0081d004                . = ALIGN (0x4)
 *(.rodata .rodata.* .gnu.linkonce.r.*)
 .rodata        0x0081d004      0x594 obj/default/hello_ucosii.o
 .rodata.str1.4
                0x0081d598        0x5 c:/altera/12.1sp1/nios2eds/bin/gnu/h-i686-mingw32/bin/../lib/gcc/nios2-elf/4.1.2/../../../../nios2-elf/lib\libm.a(lib_a-w_sqrt.o)
                                  0x8 (size before relaxing)
 *fill*         0x0081d59d        0x3 00
 .rodata        0x0081d5a0       0x14 c:/altera/12.1sp1/nios2eds/bin/gnu/h-i686-mingw32/bin/../lib/gcc/nios2-elf/4.1.2\libgcc.a(_thenan_df.o)
                0x0081d5a0                __thenan_df
 .rodata        0x0081d5b4      0x100 c:/altera/12.1sp1/nios2eds/bin/gnu/h-i686-mingw32/bin/../lib/gcc/nios2-elf/4.1.2\libgcc.a(_clz.o)
                0x0081d5b4                __clz_tab
 .rodata.str1.4
                0x0081d6b4        0x2 c:/altera/12.1sp1/nios2eds/bin/gnu/h-i686-mingw32/bin/../lib/gcc/nios2-elf/4.1.2/../../../../nios2-elf/lib\libc.a(lib_a-impure.o)
                                  0x4 (size before relaxing)
 *fill*         0x0081d6b6        0x2 00
 .rodata.str1.4
                0x0081d6b8        0x2 c:/altera/12.1sp1/nios2eds/bin/gnu/h-i686-mingw32/bin/../lib/gcc/nios2-elf/4.1.2/../../../../nios2-elf/lib\libc.a(lib_a-puts.o)
                                  0x4 (size before relaxing)
 *fill*         0x0081d6ba        0x2 00
 .rodata.str1.4
                0x0081d6bc       0x5e c:/altera/12.1sp1/nios2eds/bin/gnu/h-i686-mingw32/bin/../lib/gcc/nios2-elf/4.1.2/../../../../nios2-elf/lib\libc.a(lib_a-vfprintf.o)
                                 0x60 (size before relaxing)
 .rodata        0x0081d71a       0x20 c:/altera/12.1sp1/nios2eds/bin/gnu/h-i686-mingw32/bin/../lib/gcc/nios2-elf/4.1.2/../../../../nios2-elf/lib\libc.a(lib_a-vfprintf.o)
 *fill*         0x0081d73a        0x2 00
 .rodata.str1.4
                0x0081d73c       0x10 c:/altera/12.1sp1/nios2eds/bin/gnu/h-i686-mingw32/bin/../lib/gcc/nios2-elf/4.1.2/../../../../nios2-elf/lib\libc.a(lib_a-dtoa.o)
                                 0x14 (size before relaxing)
 .rodata.str1.4
                0x0081d74c       0x10 c:/altera/12.1sp1/nios2eds/bin/gnu/h-i686-mingw32/bin/../lib/gcc/nios2-elf/4.1.2/../../../../nios2-elf/lib\libc.a(lib_a-locale.o)
                                 0x18 (size before relaxing)
 .rodata        0x0081d75c       0x30 c:/altera/12.1sp1/nios2eds/bin/gnu/h-i686-mingw32/bin/../lib/gcc/nios2-elf/4.1.2/../../../../nios2-elf/lib\libc.a(lib_a-locale.o)
 .rodata        0x0081d78c      0x124 c:/altera/12.1sp1/nios2eds/bin/gnu/h-i686-mingw32/bin/../lib/gcc/nios2-elf/4.1.2/../../../../nios2-elf/lib\libc.a(lib_a-mprec.o)
                0x0081d78c                __mprec_tens
                0x0081d854                __mprec_bigtens
                0x0081d87c                __mprec_tinytens
 .rodata        0x0081d8b0        0xc C:/Users/jchang3/Documents/ECE492/test/software/accelerometer_pen50s_bsp/\libucosii_bsp.a(alt_dev.o)
 .rodata        0x0081d8bc       0x14 C:/Users/jchang3/Documents/ECE492/test/software/accelerometer_pen50s_bsp/\libucosii_bsp.a(alt_main.o)
 .rodata        0x0081d8d0      0x120 C:/Users/jchang3/Documents/ECE492/test/software/accelerometer_pen50s_bsp/\libucosii_bsp.a(os_core.o)
                0x0081d8d0                OSUnMapTbl
 .rodata        0x0081d9f0       0x68 C:/Users/jchang3/Documents/ECE492/test/software/accelerometer_pen50s_bsp/\libucosii_bsp.a(alt_sys_init.o)
 .rodata        0x0081da58        0x4 C:/Users/jchang3/Documents/ECE492/test/software/accelerometer_pen50s_bsp/\libucosii_bsp.a(os_cpu_c.o)
 *(.rodata1)
                0x0081da5c                . = ALIGN (0x4)
                0x0081da5c                PROVIDE (__ram_rodata_end, ABSOLUTE (.))
                0x0081d004                PROVIDE (__flash_rodata_start, LOADADDR (.rodata))

.rwdata         0x0081da5c     0x1b6c load address 0x0081f5c8
                0x0081da5c                PROVIDE (__ram_rwdata_start, ABSOLUTE (.))
                0x0081da5c                . = ALIGN (0x4)
 *(.got.plt)
 *(.got)
 *(.data1)
 *(.data .data.* .gnu.linkonce.d.*)
 .data          0x0081da5c        0x0 C:/Users/jchang3/Documents/ECE492/test/software/accelerometer_pen50s_bsp//obj/HAL/src/crt0.o
 .data          0x0081da5c        0x0 obj/default/dtw.o
 .data          0x0081da5c        0x0 obj/default/hello_ucosii.o
 .data          0x0081da5c        0x0 c:/altera/12.1sp1/nios2eds/bin/gnu/h-i686-mingw32/bin/../lib/gcc/nios2-elf/4.1.2/../../../../nios2-elf/lib\libm.a(lib_a-w_sqrt.o)
 .data          0x0081da5c        0x0 c:/altera/12.1sp1/nios2eds/bin/gnu/h-i686-mingw32/bin/../lib/gcc/nios2-elf/4.1.2/../../../../nios2-elf/lib\libm.a(lib_a-e_sqrt.o)
 .data          0x0081da5c        0x0 c:/altera/12.1sp1/nios2eds/bin/gnu/h-i686-mingw32/bin/../lib/gcc/nios2-elf/4.1.2/../../../../nios2-elf/lib\libm.a(lib_a-s_isnand.o)
 .data          0x0081da5c        0x0 c:/altera/12.1sp1/nios2eds/bin/gnu/h-i686-mingw32/bin/../lib/gcc/nios2-elf/4.1.2/../../../../nios2-elf/lib\libm.a(lib_a-s_lib_ver.o)
 .data          0x0081da5c        0x0 c:/altera/12.1sp1/nios2eds/bin/gnu/h-i686-mingw32/bin/../lib/gcc/nios2-elf/4.1.2/../../../../nios2-elf/lib\libm.a(lib_a-s_matherr.o)
 .data          0x0081da5c        0x0 c:/altera/12.1sp1/nios2eds/bin/gnu/h-i686-mingw32/bin/../lib/gcc/nios2-elf/4.1.2\libgcc.a(_muldi3.o)
 .data          0x0081da5c        0x0 c:/altera/12.1sp1/nios2eds/bin/gnu/h-i686-mingw32/bin/../lib/gcc/nios2-elf/4.1.2\libgcc.a(_fixdfdi.o)
 .data          0x0081da5c        0x0 c:/altera/12.1sp1/nios2eds/bin/gnu/h-i686-mingw32/bin/../lib/gcc/nios2-elf/4.1.2\libgcc.a(_fixunsdfdi.o)
 .data          0x0081da5c        0x0 c:/altera/12.1sp1/nios2eds/bin/gnu/h-i686-mingw32/bin/../lib/gcc/nios2-elf/4.1.2\libgcc.a(_floatdidf.o)
 .data          0x0081da5c        0x0 c:/altera/12.1sp1/nios2eds/bin/gnu/h-i686-mingw32/bin/../lib/gcc/nios2-elf/4.1.2\libgcc.a(_addsub_df.o)
 .data          0x0081da5c        0x0 c:/altera/12.1sp1/nios2eds/bin/gnu/h-i686-mingw32/bin/../lib/gcc/nios2-elf/4.1.2\libgcc.a(_mul_df.o)
 .data          0x0081da5c        0x0 c:/altera/12.1sp1/nios2eds/bin/gnu/h-i686-mingw32/bin/../lib/gcc/nios2-elf/4.1.2\libgcc.a(_div_df.o)
 .data          0x0081da5c        0x0 c:/altera/12.1sp1/nios2eds/bin/gnu/h-i686-mingw32/bin/../lib/gcc/nios2-elf/4.1.2\libgcc.a(_lt_df.o)
 .data          0x0081da5c        0x0 c:/altera/12.1sp1/nios2eds/bin/gnu/h-i686-mingw32/bin/../lib/gcc/nios2-elf/4.1.2\libgcc.a(_si_to_df.o)
 .data          0x0081da5c        0x0 c:/altera/12.1sp1/nios2eds/bin/gnu/h-i686-mingw32/bin/../lib/gcc/nios2-elf/4.1.2\libgcc.a(_df_to_si.o)
 .data          0x0081da5c        0x0 c:/altera/12.1sp1/nios2eds/bin/gnu/h-i686-mingw32/bin/../lib/gcc/nios2-elf/4.1.2\libgcc.a(_thenan_df.o)
 .data          0x0081da5c        0x0 c:/altera/12.1sp1/nios2eds/bin/gnu/h-i686-mingw32/bin/../lib/gcc/nios2-elf/4.1.2\libgcc.a(_usi_to_df.o)
 .data          0x0081da5c        0x0 c:/altera/12.1sp1/nios2eds/bin/gnu/h-i686-mingw32/bin/../lib/gcc/nios2-elf/4.1.2\libgcc.a(_clzsi2.o)
 .data          0x0081da5c        0x0 c:/altera/12.1sp1/nios2eds/bin/gnu/h-i686-mingw32/bin/../lib/gcc/nios2-elf/4.1.2\libgcc.a(_fixunsdfsi.o)
 .data          0x0081da5c        0x0 c:/altera/12.1sp1/nios2eds/bin/gnu/h-i686-mingw32/bin/../lib/gcc/nios2-elf/4.1.2\libgcc.a(_pack_df.o)
 .data          0x0081da5c        0x0 c:/altera/12.1sp1/nios2eds/bin/gnu/h-i686-mingw32/bin/../lib/gcc/nios2-elf/4.1.2\libgcc.a(_unpack_df.o)
 .data          0x0081da5c        0x0 c:/altera/12.1sp1/nios2eds/bin/gnu/h-i686-mingw32/bin/../lib/gcc/nios2-elf/4.1.2\libgcc.a(_fpcmp_parts_df.o)
 .data          0x0081da5c        0x0 c:/altera/12.1sp1/nios2eds/bin/gnu/h-i686-mingw32/bin/../lib/gcc/nios2-elf/4.1.2\libgcc.a(_ge_df.o)
 .data          0x0081da5c        0x0 c:/altera/12.1sp1/nios2eds/bin/gnu/h-i686-mingw32/bin/../lib/gcc/nios2-elf/4.1.2\libgcc.a(_clz.o)
 .data          0x0081da5c        0x0 c:/altera/12.1sp1/nios2eds/bin/gnu/h-i686-mingw32/bin/../lib/gcc/nios2-elf/4.1.2/../../../../nios2-elf/lib\libc.a(lib_a-errno.o)
 .data          0x0081da5c      0x400 c:/altera/12.1sp1/nios2eds/bin/gnu/h-i686-mingw32/bin/../lib/gcc/nios2-elf/4.1.2/../../../../nios2-elf/lib\libc.a(lib_a-impure.o)
 .data          0x0081de5c        0x0 c:/altera/12.1sp1/nios2eds/bin/gnu/h-i686-mingw32/bin/../lib/gcc/nios2-elf/4.1.2/../../../../nios2-elf/lib\libc.a(lib_a-printf.o)
 .data          0x0081de5c        0x0 c:/altera/12.1sp1/nios2eds/bin/gnu/h-i686-mingw32/bin/../lib/gcc/nios2-elf/4.1.2/../../../../nios2-elf/lib\libc.a(lib_a-puts.o)
 .data          0x0081de5c        0x0 c:/altera/12.1sp1/nios2eds/bin/gnu/h-i686-mingw32/bin/../lib/gcc/nios2-elf/4.1.2/../../../../nios2-elf/lib\libc.a(lib_a-strlen.o)
 .data          0x0081de5c        0x0 c:/altera/12.1sp1/nios2eds/bin/gnu/h-i686-mingw32/bin/../lib/gcc/nios2-elf/4.1.2/../../../../nios2-elf/lib\libc.a(lib_a-vfprintf.o)
 .data          0x0081de5c        0x0 c:/altera/12.1sp1/nios2eds/bin/gnu/h-i686-mingw32/bin/../lib/gcc/nios2-elf/4.1.2/../../../../nios2-elf/lib\libc.a(lib_a-wsetup.o)
 .data          0x0081de5c        0x0 c:/altera/12.1sp1/nios2eds/bin/gnu/h-i686-mingw32/bin/../lib/gcc/nios2-elf/4.1.2/../../../../nios2-elf/lib\libc.a(lib_a-dtoa.o)
 .data          0x0081de5c        0x0 c:/altera/12.1sp1/nios2eds/bin/gnu/h-i686-mingw32/bin/../lib/gcc/nios2-elf/4.1.2/../../../../nios2-elf/lib\libc.a(lib_a-fflush.o)
 .data          0x0081de5c        0x0 c:/altera/12.1sp1/nios2eds/bin/gnu/h-i686-mingw32/bin/../lib/gcc/nios2-elf/4.1.2/../../../../nios2-elf/lib\libc.a(lib_a-findfp.o)
 .data          0x0081de5c        0x0 c:/altera/12.1sp1/nios2eds/bin/gnu/h-i686-mingw32/bin/../lib/gcc/nios2-elf/4.1.2/../../../../nios2-elf/lib\libc.a(lib_a-freer.o)
 .data          0x0081de5c        0x0 c:/altera/12.1sp1/nios2eds/bin/gnu/h-i686-mingw32/bin/../lib/gcc/nios2-elf/4.1.2/../../../../nios2-elf/lib\libc.a(lib_a-fvwrite.o)
 .data          0x0081de5c        0x0 c:/altera/12.1sp1/nios2eds/bin/gnu/h-i686-mingw32/bin/../lib/gcc/nios2-elf/4.1.2/../../../../nios2-elf/lib\libc.a(lib_a-fwalk.o)
 .data          0x0081de5c        0xc c:/altera/12.1sp1/nios2eds/bin/gnu/h-i686-mingw32/bin/../lib/gcc/nios2-elf/4.1.2/../../../../nios2-elf/lib\libc.a(lib_a-locale.o)
                0x0081de5c                __lc_ctype
 .data          0x0081de68        0x0 c:/altera/12.1sp1/nios2eds/bin/gnu/h-i686-mingw32/bin/../lib/gcc/nios2-elf/4.1.2/../../../../nios2-elf/lib\libc.a(lib_a-makebuf.o)
 .data          0x0081de68      0x408 c:/altera/12.1sp1/nios2eds/bin/gnu/h-i686-mingw32/bin/../lib/gcc/nios2-elf/4.1.2/../../../../nios2-elf/lib\libc.a(lib_a-mallocr.o)
                0x0081de68                __malloc_av_
 .data          0x0081e270        0x0 c:/altera/12.1sp1/nios2eds/bin/gnu/h-i686-mingw32/bin/../lib/gcc/nios2-elf/4.1.2/../../../../nios2-elf/lib\libc.a(lib_a-memchr.o)
 .data          0x0081e270        0x0 c:/altera/12.1sp1/nios2eds/bin/gnu/h-i686-mingw32/bin/../lib/gcc/nios2-elf/4.1.2/../../../../nios2-elf/lib\libc.a(lib_a-memcpy.o)
 .data          0x0081e270        0x0 c:/altera/12.1sp1/nios2eds/bin/gnu/h-i686-mingw32/bin/../lib/gcc/nios2-elf/4.1.2/../../../../nios2-elf/lib\libc.a(lib_a-memmove.o)
 .data          0x0081e270        0x0 c:/altera/12.1sp1/nios2eds/bin/gnu/h-i686-mingw32/bin/../lib/gcc/nios2-elf/4.1.2/../../../../nios2-elf/lib\libc.a(lib_a-memset.o)
 .data          0x0081e270        0x0 c:/altera/12.1sp1/nios2eds/bin/gnu/h-i686-mingw32/bin/../lib/gcc/nios2-elf/4.1.2/../../../../nios2-elf/lib\libc.a(lib_a-mprec.o)
 .data          0x0081e270        0x0 c:/altera/12.1sp1/nios2eds/bin/gnu/h-i686-mingw32/bin/../lib/gcc/nios2-elf/4.1.2/../../../../nios2-elf/lib\libc.a(lib_a-reallocr.o)
 .data          0x0081e270        0x0 c:/altera/12.1sp1/nios2eds/bin/gnu/h-i686-mingw32/bin/../lib/gcc/nios2-elf/4.1.2/../../../../nios2-elf/lib\libc.a(lib_a-s_isinfd.o)
 .data          0x0081e270        0x0 c:/altera/12.1sp1/nios2eds/bin/gnu/h-i686-mingw32/bin/../lib/gcc/nios2-elf/4.1.2/../../../../nios2-elf/lib\libc.a(lib_a-sbrkr.o)
 .data          0x0081e270        0x0 c:/altera/12.1sp1/nios2eds/bin/gnu/h-i686-mingw32/bin/../lib/gcc/nios2-elf/4.1.2/../../../../nios2-elf/lib\libc.a(lib_a-stdio.o)
 .data          0x0081e270        0x0 c:/altera/12.1sp1/nios2eds/bin/gnu/h-i686-mingw32/bin/../lib/gcc/nios2-elf/4.1.2/../../../../nios2-elf/lib\libc.a(lib_a-strcmp.o)
 .data          0x0081e270        0x0 c:/altera/12.1sp1/nios2eds/bin/gnu/h-i686-mingw32/bin/../lib/gcc/nios2-elf/4.1.2/../../../../nios2-elf/lib\libc.a(lib_a-writer.o)
 .data          0x0081e270        0x0 c:/altera/12.1sp1/nios2eds/bin/gnu/h-i686-mingw32/bin/../lib/gcc/nios2-elf/4.1.2/../../../../nios2-elf/lib\libc.a(lib_a-callocr.o)
 .data          0x0081e270        0x0 c:/altera/12.1sp1/nios2eds/bin/gnu/h-i686-mingw32/bin/../lib/gcc/nios2-elf/4.1.2/../../../../nios2-elf/lib\libc.a(lib_a-closer.o)
 .data          0x0081e270        0x0 c:/altera/12.1sp1/nios2eds/bin/gnu/h-i686-mingw32/bin/../lib/gcc/nios2-elf/4.1.2/../../../../nios2-elf/lib\libc.a(lib_a-fclose.o)
 .data          0x0081e270        0x0 c:/altera/12.1sp1/nios2eds/bin/gnu/h-i686-mingw32/bin/../lib/gcc/nios2-elf/4.1.2/../../../../nios2-elf/lib\libc.a(lib_a-fstatr.o)
 .data          0x0081e270        0x0 c:/altera/12.1sp1/nios2eds/bin/gnu/h-i686-mingw32/bin/../lib/gcc/nios2-elf/4.1.2/../../../../nios2-elf/lib\libc.a(lib_a-int_errno.o)
 .data          0x0081e270        0x0 c:/altera/12.1sp1/nios2eds/bin/gnu/h-i686-mingw32/bin/../lib/gcc/nios2-elf/4.1.2/../../../../nios2-elf/lib\libc.a(lib_a-isattyr.o)
 .data          0x0081e270        0x0 c:/altera/12.1sp1/nios2eds/bin/gnu/h-i686-mingw32/bin/../lib/gcc/nios2-elf/4.1.2/../../../../nios2-elf/lib\libc.a(lib_a-lseekr.o)
 .data          0x0081e270        0x0 c:/altera/12.1sp1/nios2eds/bin/gnu/h-i686-mingw32/bin/../lib/gcc/nios2-elf/4.1.2/../../../../nios2-elf/lib\libc.a(lib_a-readr.o)
 .data          0x0081e270        0x0 c:/altera/12.1sp1/nios2eds/bin/gnu/h-i686-mingw32/bin/../lib/gcc/nios2-elf/4.1.2\libgcc.a(_udivdi3.o)
 .data          0x0081e270        0x0 c:/altera/12.1sp1/nios2eds/bin/gnu/h-i686-mingw32/bin/../lib/gcc/nios2-elf/4.1.2\libgcc.a(_umoddi3.o)
 .data          0x0081e270        0x0 c:/altera/12.1sp1/nios2eds/bin/gnu/h-i686-mingw32/bin/../lib/gcc/nios2-elf/4.1.2\libgcc.a(_eq_df.o)
 .data          0x0081e270        0x0 c:/altera/12.1sp1/nios2eds/bin/gnu/h-i686-mingw32/bin/../lib/gcc/nios2-elf/4.1.2\libgcc.a(_ne_df.o)
 .data          0x0081e270        0x0 c:/altera/12.1sp1/nios2eds/bin/gnu/h-i686-mingw32/bin/../lib/gcc/nios2-elf/4.1.2\libgcc.a(_gt_df.o)
 .data          0x0081e270        0x0 c:/altera/12.1sp1/nios2eds/bin/gnu/h-i686-mingw32/bin/../lib/gcc/nios2-elf/4.1.2\libgcc.a(lib2-divmod.o)
 .data          0x0081e270        0x0 C:/Users/jchang3/Documents/ECE492/test/software/accelerometer_pen50s_bsp/\libucosii_bsp.a(alt_close.o)
 .data          0x0081e270      0x1a8 C:/Users/jchang3/Documents/ECE492/test/software/accelerometer_pen50s_bsp/\libucosii_bsp.a(alt_dev.o)
                0x0081e270                alt_dev_null
                0x0081e298                alt_fd_list
 .data          0x0081e418        0x0 C:/Users/jchang3/Documents/ECE492/test/software/accelerometer_pen50s_bsp/\libucosii_bsp.a(alt_errno.o)
 .data          0x0081e418        0x0 C:/Users/jchang3/Documents/ECE492/test/software/accelerometer_pen50s_bsp/\libucosii_bsp.a(alt_fstat.o)
 .data          0x0081e418        0x0 C:/Users/jchang3/Documents/ECE492/test/software/accelerometer_pen50s_bsp/\libucosii_bsp.a(alt_isatty.o)
 .data          0x0081e418        0x0 C:/Users/jchang3/Documents/ECE492/test/software/accelerometer_pen50s_bsp/\libucosii_bsp.a(alt_load.o)
 .data          0x0081e418        0x0 C:/Users/jchang3/Documents/ECE492/test/software/accelerometer_pen50s_bsp/\libucosii_bsp.a(alt_lseek.o)
 .data          0x0081e418        0x0 C:/Users/jchang3/Documents/ECE492/test/software/accelerometer_pen50s_bsp/\libucosii_bsp.a(alt_main.o)
 .data          0x0081e418        0x0 C:/Users/jchang3/Documents/ECE492/test/software/accelerometer_pen50s_bsp/\libucosii_bsp.a(alt_printf.o)
 .data          0x0081e418        0x0 C:/Users/jchang3/Documents/ECE492/test/software/accelerometer_pen50s_bsp/\libucosii_bsp.a(alt_putchar.o)
 .data          0x0081e418        0x0 C:/Users/jchang3/Documents/ECE492/test/software/accelerometer_pen50s_bsp/\libucosii_bsp.a(alt_read.o)
 .data          0x0081e418        0x0 C:/Users/jchang3/Documents/ECE492/test/software/accelerometer_pen50s_bsp/\libucosii_bsp.a(alt_release_fd.o)
 .data          0x0081e418        0x0 C:/Users/jchang3/Documents/ECE492/test/software/accelerometer_pen50s_bsp/\libucosii_bsp.a(alt_sbrk.o)
 .data          0x0081e418        0x0 C:/Users/jchang3/Documents/ECE492/test/software/accelerometer_pen50s_bsp/\libucosii_bsp.a(alt_write.o)
 .data          0x0081e418        0x0 C:/Users/jchang3/Documents/ECE492/test/software/accelerometer_pen50s_bsp/\libucosii_bsp.a(alt_env_lock.o)
 .data          0x0081e418        0x0 C:/Users/jchang3/Documents/ECE492/test/software/accelerometer_pen50s_bsp/\libucosii_bsp.a(alt_malloc_lock.o)
 .data          0x0081e418        0x0 C:/Users/jchang3/Documents/ECE492/test/software/accelerometer_pen50s_bsp/\libucosii_bsp.a(os_core.o)
 .data          0x0081e418        0x0 C:/Users/jchang3/Documents/ECE492/test/software/accelerometer_pen50s_bsp/\libucosii_bsp.a(os_dbg.o)
 .data          0x0081e418        0x0 C:/Users/jchang3/Documents/ECE492/test/software/accelerometer_pen50s_bsp/\libucosii_bsp.a(os_flag.o)
 .data          0x0081e418        0x0 C:/Users/jchang3/Documents/ECE492/test/software/accelerometer_pen50s_bsp/\libucosii_bsp.a(os_mem.o)
 .data          0x0081e418        0x0 C:/Users/jchang3/Documents/ECE492/test/software/accelerometer_pen50s_bsp/\libucosii_bsp.a(os_q.o)
 .data          0x0081e418        0x0 C:/Users/jchang3/Documents/ECE492/test/software/accelerometer_pen50s_bsp/\libucosii_bsp.a(os_sem.o)
 .data          0x0081e418        0x0 C:/Users/jchang3/Documents/ECE492/test/software/accelerometer_pen50s_bsp/\libucosii_bsp.a(os_task.o)
 .data          0x0081e418        0x0 C:/Users/jchang3/Documents/ECE492/test/software/accelerometer_pen50s_bsp/\libucosii_bsp.a(os_time.o)
 .data          0x0081e418     0x10f0 C:/Users/jchang3/Documents/ECE492/test/software/accelerometer_pen50s_bsp/\libucosii_bsp.a(alt_sys_init.o)
 .data          0x0081f508        0x0 C:/Users/jchang3/Documents/ECE492/test/software/accelerometer_pen50s_bsp/\libucosii_bsp.a(altera_avalon_jtag_uart_fd.o)
 .data          0x0081f508        0x0 C:/Users/jchang3/Documents/ECE492/test/software/accelerometer_pen50s_bsp/\libucosii_bsp.a(altera_avalon_jtag_uart_init.o)
 .data          0x0081f508        0x0 C:/Users/jchang3/Documents/ECE492/test/software/accelerometer_pen50s_bsp/\libucosii_bsp.a(altera_avalon_jtag_uart_ioctl.o)
 .data          0x0081f508        0x0 C:/Users/jchang3/Documents/ECE492/test/software/accelerometer_pen50s_bsp/\libucosii_bsp.a(altera_avalon_jtag_uart_read.o)
 .data          0x0081f508        0x0 C:/Users/jchang3/Documents/ECE492/test/software/accelerometer_pen50s_bsp/\libucosii_bsp.a(altera_avalon_jtag_uart_write.o)
 .data          0x0081f508        0x0 C:/Users/jchang3/Documents/ECE492/test/software/accelerometer_pen50s_bsp/\libucosii_bsp.a(altera_avalon_timer_sc.o)
 .data          0x0081f508        0x0 C:/Users/jchang3/Documents/ECE492/test/software/accelerometer_pen50s_bsp/\libucosii_bsp.a(altera_up_avalon_character_lcd.o)
 .data          0x0081f508        0x0 C:/Users/jchang3/Documents/ECE492/test/software/accelerometer_pen50s_bsp/\libucosii_bsp.a(altera_up_avalon_rs232.o)
 .data          0x0081f508        0x0 C:/Users/jchang3/Documents/ECE492/test/software/accelerometer_pen50s_bsp/\libucosii_bsp.a(altera_up_sd_card_avalon_interface.o)
 .data          0x0081f508        0x0 C:/Users/jchang3/Documents/ECE492/test/software/accelerometer_pen50s_bsp/\libucosii_bsp.a(alt_alarm_start.o)
 .data          0x0081f508        0x0 C:/Users/jchang3/Documents/ECE492/test/software/accelerometer_pen50s_bsp/\libucosii_bsp.a(alt_dcache_flush_all.o)
 .data          0x0081f508        0x0 C:/Users/jchang3/Documents/ECE492/test/software/accelerometer_pen50s_bsp/\libucosii_bsp.a(alt_dev_llist_insert.o)
 .data          0x0081f508        0x0 C:/Users/jchang3/Documents/ECE492/test/software/accelerometer_pen50s_bsp/\libucosii_bsp.a(alt_do_ctors.o)
 .data          0x0081f508        0x0 C:/Users/jchang3/Documents/ECE492/test/software/accelerometer_pen50s_bsp/\libucosii_bsp.a(alt_do_dtors.o)
 .data          0x0081f508        0x0 C:/Users/jchang3/Documents/ECE492/test/software/accelerometer_pen50s_bsp/\libucosii_bsp.a(alt_find_dev.o)
 .data          0x0081f508        0x0 C:/Users/jchang3/Documents/ECE492/test/software/accelerometer_pen50s_bsp/\libucosii_bsp.a(alt_icache_flush_all.o)
 .data          0x0081f508        0x0 C:/Users/jchang3/Documents/ECE492/test/software/accelerometer_pen50s_bsp/\libucosii_bsp.a(alt_io_redirect.o)
 .data          0x0081f508        0x0 C:/Users/jchang3/Documents/ECE492/test/software/accelerometer_pen50s_bsp/\libucosii_bsp.a(alt_irq_register.o)
 .data          0x0081f508        0x0 C:/Users/jchang3/Documents/ECE492/test/software/accelerometer_pen50s_bsp/\libucosii_bsp.a(alt_irq_vars.o)
 .data          0x0081f508        0x0 C:/Users/jchang3/Documents/ECE492/test/software/accelerometer_pen50s_bsp/\libucosii_bsp.a(alt_open.o)
 .data          0x0081f508        0x0 C:/Users/jchang3/Documents/ECE492/test/software/accelerometer_pen50s_bsp/\libucosii_bsp.a(alt_tick.o)
 .data          0x0081f508        0x0 C:/Users/jchang3/Documents/ECE492/test/software/accelerometer_pen50s_bsp/\libucosii_bsp.a(altera_nios2_qsys_irq.o)
 .data          0x0081f508        0x0 C:/Users/jchang3/Documents/ECE492/test/software/accelerometer_pen50s_bsp/\libucosii_bsp.a(os_cpu_a.o)
 .data          0x0081f508        0x0 C:/Users/jchang3/Documents/ECE492/test/software/accelerometer_pen50s_bsp/\libucosii_bsp.a(os_cpu_c.o)
 .data          0x0081f508        0x0 C:/Users/jchang3/Documents/ECE492/test/software/accelerometer_pen50s_bsp/\libucosii_bsp.a(alt_find_file.o)
 .data          0x0081f508        0x0 C:/Users/jchang3/Documents/ECE492/test/software/accelerometer_pen50s_bsp/\libucosii_bsp.a(alt_get_fd.o)
 .data          0x0081f508        0x0 C:/Users/jchang3/Documents/ECE492/test/software/accelerometer_pen50s_bsp/\libucosii_bsp.a(alt_icache_flush.o)
 .data          0x0081f508        0x0 C:/Users/jchang3/Documents/ECE492/test/software/accelerometer_pen50s_bsp/\libucosii_bsp.a(alt_irq_entry.o)
 .data          0x0081f508        0x0 C:/Users/jchang3/Documents/ECE492/test/software/accelerometer_pen50s_bsp/\libucosii_bsp.a(alt_irq_handler.o)
 .data          0x0081f508        0x0 C:/Users/jchang3/Documents/ECE492/test/software/accelerometer_pen50s_bsp/\libucosii_bsp.a(alt_exception_entry.o)
 .data          0x0081f508        0x0 c:/altera/12.1sp1/nios2eds/bin/gnu/h-i686-mingw32/bin/../lib/gcc/nios2-elf/4.1.2/../../../../nios2-elf/lib\libc.a(lib_a-atexit.o)
 .data          0x0081f508        0x0 c:/altera/12.1sp1/nios2eds/bin/gnu/h-i686-mingw32/bin/../lib/gcc/nios2-elf/4.1.2/../../../../nios2-elf/lib\libc.a(lib_a-exit.o)
 .data          0x0081f508        0x0 c:/altera/12.1sp1/nios2eds/bin/gnu/h-i686-mingw32/bin/../lib/gcc/nios2-elf/4.1.2/../../../../nios2-elf/lib\libc.a(lib_a-memcmp.o)
 .data          0x0081f508        0x0 c:/altera/12.1sp1/nios2eds/bin/gnu/h-i686-mingw32/bin/../lib/gcc/nios2-elf/4.1.2/../../../../nios2-elf/lib\libc.a(lib_a-putc.o)
 .data          0x0081f508        0x0 c:/altera/12.1sp1/nios2eds/bin/gnu/h-i686-mingw32/bin/../lib/gcc/nios2-elf/4.1.2/../../../../nios2-elf/lib\libc.a(lib_a-wbuf.o)
 .data          0x0081f508        0x0 c:/altera/12.1sp1/nios2eds/bin/gnu/h-i686-mingw32/bin/../lib/gcc/nios2-elf/4.1.2/../../../../nios2-elf/lib\libc.a(lib_a-__atexit.o)
 .data          0x0081f508        0x0 c:/altera/12.1sp1/nios2eds/bin/gnu/h-i686-mingw32/bin/../lib/gcc/nios2-elf/4.1.2/../../../../nios2-elf/lib\libc.a(lib_a-__call_atexit.o)
 .data          0x0081f508        0x0 C:/Users/jchang3/Documents/ECE492/test/software/accelerometer_pen50s_bsp/\libucosii_bsp.a(alt_exit.o)
                0x00827508                _gp = ABSOLUTE ((. + 0x8000))
                0x00827508                PROVIDE (gp, _gp)
 *(.rwdata .rwdata.*)
 *(.sdata .sdata.* .gnu.linkonce.s.*)
 .sdata         0x0081f508        0x4 c:/altera/12.1sp1/nios2eds/bin/gnu/h-i686-mingw32/bin/../lib/gcc/nios2-elf/4.1.2/../../../../nios2-elf/lib\libm.a(lib_a-s_lib_ver.o)
                0x0081f508                __fdlib_version
 .sdata         0x0081f50c        0x8 c:/altera/12.1sp1/nios2eds/bin/gnu/h-i686-mingw32/bin/../lib/gcc/nios2-elf/4.1.2/../../../../nios2-elf/lib\libc.a(lib_a-impure.o)
                0x0081f50c                _impure_ptr
                0x0081f510                _global_impure_ptr
 .sdata         0x0081f514        0x8 c:/altera/12.1sp1/nios2eds/bin/gnu/h-i686-mingw32/bin/../lib/gcc/nios2-elf/4.1.2/../../../../nios2-elf/lib\libc.a(lib_a-locale.o)
                0x0081f514                __mb_cur_max
 .sdata         0x0081f51c        0x8 c:/altera/12.1sp1/nios2eds/bin/gnu/h-i686-mingw32/bin/../lib/gcc/nios2-elf/4.1.2/../../../../nios2-elf/lib\libc.a(lib_a-mallocr.o)
                0x0081f51c                __malloc_trim_threshold
                0x0081f520                __malloc_sbrk_base
 .sdata         0x0081f524       0x14 C:/Users/jchang3/Documents/ECE492/test/software/accelerometer_pen50s_bsp/\libucosii_bsp.a(alt_dev.o)
                0x0081f524                alt_fs_list
                0x0081f52c                alt_dev_list
                0x0081f534                alt_max_fd
 .sdata         0x0081f538        0x4 C:/Users/jchang3/Documents/ECE492/test/software/accelerometer_pen50s_bsp/\libucosii_bsp.a(alt_errno.o)
                0x0081f538                alt_errno
 .sdata         0x0081f53c        0x4 C:/Users/jchang3/Documents/ECE492/test/software/accelerometer_pen50s_bsp/\libucosii_bsp.a(alt_sbrk.o)
 .sdata         0x0081f540        0x4 C:/Users/jchang3/Documents/ECE492/test/software/accelerometer_pen50s_bsp/\libucosii_bsp.a(alt_env_lock.o)
 .sdata         0x0081f544        0x4 C:/Users/jchang3/Documents/ECE492/test/software/accelerometer_pen50s_bsp/\libucosii_bsp.a(alt_malloc_lock.o)
 .sdata         0x0081f548       0x74 C:/Users/jchang3/Documents/ECE492/test/software/accelerometer_pen50s_bsp/\libucosii_bsp.a(os_dbg.o)
                0x0081f548                OSDebugEn
                0x0081f54c                OSEndiannessTest
                0x0081f550                OSEventEn
                0x0081f552                OSEventMax
                0x0081f554                OSEventNameSize
                0x0081f556                OSEventSize
                0x0081f558                OSEventTblSize
                0x0081f55a                OSEventMultiEn
                0x0081f55c                OSFlagEn
                0x0081f55e                OSFlagGrpSize
                0x0081f560                OSFlagNodeSize
                0x0081f562                OSFlagWidth
                0x0081f564                OSFlagMax
                0x0081f566                OSFlagNameSize
                0x0081f568                OSLowestPrio
                0x0081f56a                OSMboxEn
                0x0081f56c                OSMemEn
                0x0081f56e                OSMemMax
                0x0081f570                OSMemNameSize
                0x0081f572                OSMemSize
                0x0081f574                OSMemTblSize
                0x0081f576                OSMutexEn
                0x0081f578                OSPtrSize
                0x0081f57a                OSQEn
                0x0081f57c                OSQMax
                0x0081f57e                OSQSize
                0x0081f580                OSRdyTblSize
                0x0081f582                OSSemEn
                0x0081f584                OSStkWidth
                0x0081f586                OSTaskCreateEn
                0x0081f588                OSTaskCreateExtEn
                0x0081f58a                OSTaskDelEn
                0x0081f58c                OSTaskIdleStkSize
                0x0081f58e                OSTaskProfileEn
                0x0081f590                OSTaskMax
                0x0081f592                OSTaskNameSize
                0x0081f594                OSTaskStatEn
                0x0081f596                OSTaskStatStkSize
                0x0081f598                OSTaskStatStkChkEn
                0x0081f59a                OSTaskSwHookEn
                0x0081f59c                OSTCBPrioTblMax
                0x0081f59e                OSTCBSize
                0x0081f5a0                OSTicksPerSec
                0x0081f5a2                OSTimeTickHookEn
                0x0081f5a4                OSVersionNbr
                0x0081f5a6                OSTmrEn
                0x0081f5a8                OSTmrCfgMax
                0x0081f5aa                OSTmrCfgNameSize
                0x0081f5ac                OSTmrCfgWheelSize
                0x0081f5ae                OSTmrCfgTicksPerSec
                0x0081f5b0                OSTmrSize
                0x0081f5b2                OSTmrTblSize
                0x0081f5b4                OSTmrWheelSize
                0x0081f5b6                OSTmrWheelTblSize
                0x0081f5b8                OSDataSize
 .sdata         0x0081f5bc        0x4 C:/Users/jchang3/Documents/ECE492/test/software/accelerometer_pen50s_bsp/\libucosii_bsp.a(alt_irq_vars.o)
                0x0081f5bc                alt_priority_mask
 .sdata         0x0081f5c0        0x8 C:/Users/jchang3/Documents/ECE492/test/software/accelerometer_pen50s_bsp/\libucosii_bsp.a(alt_tick.o)
                0x0081f5c0                alt_alarm_list
 *(.sdata2 .sdata2.* .gnu.linkonce.s2.*)
                0x0081f5c8                . = ALIGN (0x4)
                0x0081f5c8                _edata = ABSOLUTE (.)
                0x0081f5c8                PROVIDE (edata, ABSOLUTE (.))
                0x0081f5c8                PROVIDE (__ram_rwdata_end, ABSOLUTE (.))
                0x0081f5c8                PROVIDE (__flash_rwdata_start, LOADADDR (.rwdata))

.bss            0x00821134    0x18054
                0x00821134                __bss_start = ABSOLUTE (.)
                0x00821134                PROVIDE (__sbss_start, ABSOLUTE (.))
                0x00821134                PROVIDE (___sbss_start, ABSOLUTE (.))
 *(.dynsbss)
 *(.sbss .sbss.* .gnu.linkonce.sb.*)
 .sbss          0x00821134       0x54 obj/default/hello_ucosii.o
                0x00821134                lcdmessage
                0x00821138                t
                0x0082113c                template_number
                0x00821140                pCharacter
                0x00821144                dtw_semy
                0x00821148                dtwy
                0x0082114c                semy
                0x00821150                readsem
                0x00821154                loadsdcardsem
                0x00821158                writesem
                0x0082115c                configuresem
                0x00821160                uartsem
                0x00821164                message
                0x00821168                dtwx
                0x0082116c                dtw_sem
                0x00821170                dtw_semx
                0x00821174                loadsem
                0x00821178                err
                0x0082117c                semx
                0x00821180                modeselectsem
                0x00821184                SWQ
 .sbss          0x00821188        0xc c:/altera/12.1sp1/nios2eds/bin/gnu/h-i686-mingw32/bin/../lib/gcc/nios2-elf/4.1.2/../../../../nios2-elf/lib\libc.a(lib_a-locale.o)
                0x00821188                __nlocale_changed
                0x0082118c                __mlocale_changed
                0x00821190                _PathLocale
 .sbss          0x00821194        0xc c:/altera/12.1sp1/nios2eds/bin/gnu/h-i686-mingw32/bin/../lib/gcc/nios2-elf/4.1.2/../../../../nios2-elf/lib\libc.a(lib_a-mallocr.o)
                0x00821194                __malloc_top_pad
                0x00821198                __malloc_max_sbrked_mem
                0x0082119c                __malloc_max_total_mem
 .sbss          0x008211a0        0x4 c:/altera/12.1sp1/nios2eds/bin/gnu/h-i686-mingw32/bin/../lib/gcc/nios2-elf/4.1.2/../../../../nios2-elf/lib\libc.a(lib_a-int_errno.o)
                0x008211a0                errno
 .sbss          0x008211a4        0x4 C:/Users/jchang3/Documents/ECE492/test/software/accelerometer_pen50s_bsp/\libucosii_bsp.a(alt_dev.o)
                0x008211a4                alt_fd_list_lock
 .sbss          0x008211a8        0xc C:/Users/jchang3/Documents/ECE492/test/software/accelerometer_pen50s_bsp/\libucosii_bsp.a(alt_main.o)
                0x008211a8                alt_argc
                0x008211ac                alt_argv
                0x008211b0                alt_envp
 .sbss          0x008211b4        0x8 C:/Users/jchang3/Documents/ECE492/test/software/accelerometer_pen50s_bsp/\libucosii_bsp.a(alt_env_lock.o)
                0x008211b8                alt_envsem
 .sbss          0x008211bc        0x8 C:/Users/jchang3/Documents/ECE492/test/software/accelerometer_pen50s_bsp/\libucosii_bsp.a(alt_malloc_lock.o)
                0x008211c0                alt_heapsem
 .sbss          0x008211c4       0x50 C:/Users/jchang3/Documents/ECE492/test/software/accelerometer_pen50s_bsp/\libucosii_bsp.a(os_core.o)
                0x008211c4                OSLockNesting
                0x008211c5                OSRunning
                0x008211c8                OSIdleCtr
                0x008211cc                OSPrioHighRdy
                0x008211cd                OSPrioCur
                0x008211d0                OSTCBList
                0x008211d4                OSTickStepState
                0x008211d8                OSCtxSwCtr
                0x008211dc                OSIdleCtrMax
                0x008211e0                OSTCBFreeList
                0x008211e4                OSCPUUsage
                0x008211e5                OSTaskCtr
                0x008211e8                OSMemFreeList
                0x008211ec                OSTCBHighRdy
                0x008211f0                OSQFreeList
                0x008211f4                OSRdyGrp
                0x008211f5                OSRdyTbl
                0x008211f8                OSEventFreeList
                0x008211fc                OSIntNesting
                0x00821200                OSTCBCur
                0x00821204                OSTime
                0x00821208                OSFlagFreeList
                0x0082120c                OSStatRdy
                0x00821210                OSIdleCtrRun
 .sbss          0x00821214       0x34 C:/Users/jchang3/Documents/ECE492/test/software/accelerometer_pen50s_bsp/\libucosii_bsp.a(altera_up_sd_card_avalon_interface.o)
                0x00821214                initialized
                0x00821218                is_sd_card_formated_as_FAT16
                0x0082121c                aux_status_register
                0x00821220                status_register
                0x00821224                CSD_register_w0
                0x00821228                command_register
                0x0082122c                command_argument_register
                0x00821230                buffer_memory
                0x00821234                fat_partition_offset_in_512_byte_sectors
                0x00821238                fat_partition_size_in_512_byte_sectors
                0x0082123c                device_pointer
                0x00821240                current_sector_modified
                0x00821244                current_sector_index
 .sbss          0x00821248        0x4 C:/Users/jchang3/Documents/ECE492/test/software/accelerometer_pen50s_bsp/\libucosii_bsp.a(alt_irq_vars.o)
                0x00821248                alt_irq_active
 .sbss          0x0082124c        0x8 C:/Users/jchang3/Documents/ECE492/test/software/accelerometer_pen50s_bsp/\libucosii_bsp.a(alt_tick.o)
                0x0082124c                _alt_tick_rate
                0x00821250                _alt_nticks
 *(.sbss2 .sbss2.* .gnu.linkonce.sb2.*)
 *(.scommon)
                0x00821254                PROVIDE (__sbss_end, ABSOLUTE (.))
                0x00821254                PROVIDE (___sbss_end, ABSOLUTE (.))
 *(.dynbss)
 *(.bss .bss.* .gnu.linkonce.b.*)
 .bss           0x00821254        0x0 C:/Users/jchang3/Documents/ECE492/test/software/accelerometer_pen50s_bsp//obj/HAL/src/crt0.o
 .bss           0x00821254        0x0 obj/default/dtw.o
 .bss           0x00821254        0x0 obj/default/hello_ucosii.o
 .bss           0x00821254        0x0 c:/altera/12.1sp1/nios2eds/bin/gnu/h-i686-mingw32/bin/../lib/gcc/nios2-elf/4.1.2/../../../../nios2-elf/lib\libm.a(lib_a-w_sqrt.o)
 .bss           0x00821254        0x0 c:/altera/12.1sp1/nios2eds/bin/gnu/h-i686-mingw32/bin/../lib/gcc/nios2-elf/4.1.2/../../../../nios2-elf/lib\libm.a(lib_a-e_sqrt.o)
 .bss           0x00821254        0x0 c:/altera/12.1sp1/nios2eds/bin/gnu/h-i686-mingw32/bin/../lib/gcc/nios2-elf/4.1.2/../../../../nios2-elf/lib\libm.a(lib_a-s_isnand.o)
 .bss           0x00821254        0x0 c:/altera/12.1sp1/nios2eds/bin/gnu/h-i686-mingw32/bin/../lib/gcc/nios2-elf/4.1.2/../../../../nios2-elf/lib\libm.a(lib_a-s_lib_ver.o)
 .bss           0x00821254        0x0 c:/altera/12.1sp1/nios2eds/bin/gnu/h-i686-mingw32/bin/../lib/gcc/nios2-elf/4.1.2/../../../../nios2-elf/lib\libm.a(lib_a-s_matherr.o)
 .bss           0x00821254        0x0 c:/altera/12.1sp1/nios2eds/bin/gnu/h-i686-mingw32/bin/../lib/gcc/nios2-elf/4.1.2\libgcc.a(_muldi3.o)
 .bss           0x00821254        0x0 c:/altera/12.1sp1/nios2eds/bin/gnu/h-i686-mingw32/bin/../lib/gcc/nios2-elf/4.1.2\libgcc.a(_fixdfdi.o)
 .bss           0x00821254        0x0 c:/altera/12.1sp1/nios2eds/bin/gnu/h-i686-mingw32/bin/../lib/gcc/nios2-elf/4.1.2\libgcc.a(_fixunsdfdi.o)
 .bss           0x00821254        0x0 c:/altera/12.1sp1/nios2eds/bin/gnu/h-i686-mingw32/bin/../lib/gcc/nios2-elf/4.1.2\libgcc.a(_floatdidf.o)
 .bss           0x00821254        0x0 c:/altera/12.1sp1/nios2eds/bin/gnu/h-i686-mingw32/bin/../lib/gcc/nios2-elf/4.1.2\libgcc.a(_addsub_df.o)
 .bss           0x00821254        0x0 c:/altera/12.1sp1/nios2eds/bin/gnu/h-i686-mingw32/bin/../lib/gcc/nios2-elf/4.1.2\libgcc.a(_mul_df.o)
 .bss           0x00821254        0x0 c:/altera/12.1sp1/nios2eds/bin/gnu/h-i686-mingw32/bin/../lib/gcc/nios2-elf/4.1.2\libgcc.a(_div_df.o)
 .bss           0x00821254        0x0 c:/altera/12.1sp1/nios2eds/bin/gnu/h-i686-mingw32/bin/../lib/gcc/nios2-elf/4.1.2\libgcc.a(_lt_df.o)
 .bss           0x00821254        0x0 c:/altera/12.1sp1/nios2eds/bin/gnu/h-i686-mingw32/bin/../lib/gcc/nios2-elf/4.1.2\libgcc.a(_si_to_df.o)
 .bss           0x00821254        0x0 c:/altera/12.1sp1/nios2eds/bin/gnu/h-i686-mingw32/bin/../lib/gcc/nios2-elf/4.1.2\libgcc.a(_df_to_si.o)
 .bss           0x00821254        0x0 c:/altera/12.1sp1/nios2eds/bin/gnu/h-i686-mingw32/bin/../lib/gcc/nios2-elf/4.1.2\libgcc.a(_thenan_df.o)
 .bss           0x00821254        0x0 c:/altera/12.1sp1/nios2eds/bin/gnu/h-i686-mingw32/bin/../lib/gcc/nios2-elf/4.1.2\libgcc.a(_usi_to_df.o)
 .bss           0x00821254        0x0 c:/altera/12.1sp1/nios2eds/bin/gnu/h-i686-mingw32/bin/../lib/gcc/nios2-elf/4.1.2\libgcc.a(_clzsi2.o)
 .bss           0x00821254        0x0 c:/altera/12.1sp1/nios2eds/bin/gnu/h-i686-mingw32/bin/../lib/gcc/nios2-elf/4.1.2\libgcc.a(_fixunsdfsi.o)
 .bss           0x00821254        0x0 c:/altera/12.1sp1/nios2eds/bin/gnu/h-i686-mingw32/bin/../lib/gcc/nios2-elf/4.1.2\libgcc.a(_pack_df.o)
 .bss           0x00821254        0x0 c:/altera/12.1sp1/nios2eds/bin/gnu/h-i686-mingw32/bin/../lib/gcc/nios2-elf/4.1.2\libgcc.a(_unpack_df.o)
 .bss           0x00821254        0x0 c:/altera/12.1sp1/nios2eds/bin/gnu/h-i686-mingw32/bin/../lib/gcc/nios2-elf/4.1.2\libgcc.a(_fpcmp_parts_df.o)
 .bss           0x00821254        0x0 c:/altera/12.1sp1/nios2eds/bin/gnu/h-i686-mingw32/bin/../lib/gcc/nios2-elf/4.1.2\libgcc.a(_ge_df.o)
 .bss           0x00821254        0x0 c:/altera/12.1sp1/nios2eds/bin/gnu/h-i686-mingw32/bin/../lib/gcc/nios2-elf/4.1.2\libgcc.a(_clz.o)
 .bss           0x00821254        0x0 c:/altera/12.1sp1/nios2eds/bin/gnu/h-i686-mingw32/bin/../lib/gcc/nios2-elf/4.1.2/../../../../nios2-elf/lib\libc.a(lib_a-errno.o)
 .bss           0x00821254        0x0 c:/altera/12.1sp1/nios2eds/bin/gnu/h-i686-mingw32/bin/../lib/gcc/nios2-elf/4.1.2/../../../../nios2-elf/lib\libc.a(lib_a-impure.o)
 .bss           0x00821254        0x0 c:/altera/12.1sp1/nios2eds/bin/gnu/h-i686-mingw32/bin/../lib/gcc/nios2-elf/4.1.2/../../../../nios2-elf/lib\libc.a(lib_a-printf.o)
 .bss           0x00821254        0x0 c:/altera/12.1sp1/nios2eds/bin/gnu/h-i686-mingw32/bin/../lib/gcc/nios2-elf/4.1.2/../../../../nios2-elf/lib\libc.a(lib_a-puts.o)
 .bss           0x00821254        0x0 c:/altera/12.1sp1/nios2eds/bin/gnu/h-i686-mingw32/bin/../lib/gcc/nios2-elf/4.1.2/../../../../nios2-elf/lib\libc.a(lib_a-strlen.o)
 .bss           0x00821254        0x0 c:/altera/12.1sp1/nios2eds/bin/gnu/h-i686-mingw32/bin/../lib/gcc/nios2-elf/4.1.2/../../../../nios2-elf/lib\libc.a(lib_a-vfprintf.o)
 .bss           0x00821254        0x0 c:/altera/12.1sp1/nios2eds/bin/gnu/h-i686-mingw32/bin/../lib/gcc/nios2-elf/4.1.2/../../../../nios2-elf/lib\libc.a(lib_a-wsetup.o)
 .bss           0x00821254        0x0 c:/altera/12.1sp1/nios2eds/bin/gnu/h-i686-mingw32/bin/../lib/gcc/nios2-elf/4.1.2/../../../../nios2-elf/lib\libc.a(lib_a-dtoa.o)
 .bss           0x00821254        0x0 c:/altera/12.1sp1/nios2eds/bin/gnu/h-i686-mingw32/bin/../lib/gcc/nios2-elf/4.1.2/../../../../nios2-elf/lib\libc.a(lib_a-fflush.o)
 .bss           0x00821254        0x0 c:/altera/12.1sp1/nios2eds/bin/gnu/h-i686-mingw32/bin/../lib/gcc/nios2-elf/4.1.2/../../../../nios2-elf/lib\libc.a(lib_a-findfp.o)
 .bss           0x00821254        0x0 c:/altera/12.1sp1/nios2eds/bin/gnu/h-i686-mingw32/bin/../lib/gcc/nios2-elf/4.1.2/../../../../nios2-elf/lib\libc.a(lib_a-freer.o)
 .bss           0x00821254        0x0 c:/altera/12.1sp1/nios2eds/bin/gnu/h-i686-mingw32/bin/../lib/gcc/nios2-elf/4.1.2/../../../../nios2-elf/lib\libc.a(lib_a-fvwrite.o)
 .bss           0x00821254        0x0 c:/altera/12.1sp1/nios2eds/bin/gnu/h-i686-mingw32/bin/../lib/gcc/nios2-elf/4.1.2/../../../../nios2-elf/lib\libc.a(lib_a-fwalk.o)
 .bss           0x00821254        0x0 c:/altera/12.1sp1/nios2eds/bin/gnu/h-i686-mingw32/bin/../lib/gcc/nios2-elf/4.1.2/../../../../nios2-elf/lib\libc.a(lib_a-locale.o)
 .bss           0x00821254        0x0 c:/altera/12.1sp1/nios2eds/bin/gnu/h-i686-mingw32/bin/../lib/gcc/nios2-elf/4.1.2/../../../../nios2-elf/lib\libc.a(lib_a-makebuf.o)
 .bss           0x00821254       0x28 c:/altera/12.1sp1/nios2eds/bin/gnu/h-i686-mingw32/bin/../lib/gcc/nios2-elf/4.1.2/../../../../nios2-elf/lib\libc.a(lib_a-mallocr.o)
                0x00821254                __malloc_current_mallinfo
 .bss           0x0082127c        0x0 c:/altera/12.1sp1/nios2eds/bin/gnu/h-i686-mingw32/bin/../lib/gcc/nios2-elf/4.1.2/../../../../nios2-elf/lib\libc.a(lib_a-memchr.o)
 .bss           0x0082127c        0x0 c:/altera/12.1sp1/nios2eds/bin/gnu/h-i686-mingw32/bin/../lib/gcc/nios2-elf/4.1.2/../../../../nios2-elf/lib\libc.a(lib_a-memcpy.o)
 .bss           0x0082127c        0x0 c:/altera/12.1sp1/nios2eds/bin/gnu/h-i686-mingw32/bin/../lib/gcc/nios2-elf/4.1.2/../../../../nios2-elf/lib\libc.a(lib_a-memmove.o)
 .bss           0x0082127c        0x0 c:/altera/12.1sp1/nios2eds/bin/gnu/h-i686-mingw32/bin/../lib/gcc/nios2-elf/4.1.2/../../../../nios2-elf/lib\libc.a(lib_a-memset.o)
 .bss           0x0082127c        0x0 c:/altera/12.1sp1/nios2eds/bin/gnu/h-i686-mingw32/bin/../lib/gcc/nios2-elf/4.1.2/../../../../nios2-elf/lib\libc.a(lib_a-mprec.o)
 .bss           0x0082127c        0x0 c:/altera/12.1sp1/nios2eds/bin/gnu/h-i686-mingw32/bin/../lib/gcc/nios2-elf/4.1.2/../../../../nios2-elf/lib\libc.a(lib_a-reallocr.o)
 .bss           0x0082127c        0x0 c:/altera/12.1sp1/nios2eds/bin/gnu/h-i686-mingw32/bin/../lib/gcc/nios2-elf/4.1.2/../../../../nios2-elf/lib\libc.a(lib_a-s_isinfd.o)
 .bss           0x0082127c        0x0 c:/altera/12.1sp1/nios2eds/bin/gnu/h-i686-mingw32/bin/../lib/gcc/nios2-elf/4.1.2/../../../../nios2-elf/lib\libc.a(lib_a-sbrkr.o)
 .bss           0x0082127c        0x0 c:/altera/12.1sp1/nios2eds/bin/gnu/h-i686-mingw32/bin/../lib/gcc/nios2-elf/4.1.2/../../../../nios2-elf/lib\libc.a(lib_a-stdio.o)
 .bss           0x0082127c        0x0 c:/altera/12.1sp1/nios2eds/bin/gnu/h-i686-mingw32/bin/../lib/gcc/nios2-elf/4.1.2/../../../../nios2-elf/lib\libc.a(lib_a-strcmp.o)
 .bss           0x0082127c        0x0 c:/altera/12.1sp1/nios2eds/bin/gnu/h-i686-mingw32/bin/../lib/gcc/nios2-elf/4.1.2/../../../../nios2-elf/lib\libc.a(lib_a-writer.o)
 .bss           0x0082127c        0x0 c:/altera/12.1sp1/nios2eds/bin/gnu/h-i686-mingw32/bin/../lib/gcc/nios2-elf/4.1.2/../../../../nios2-elf/lib\libc.a(lib_a-callocr.o)
 .bss           0x0082127c        0x0 c:/altera/12.1sp1/nios2eds/bin/gnu/h-i686-mingw32/bin/../lib/gcc/nios2-elf/4.1.2/../../../../nios2-elf/lib\libc.a(lib_a-closer.o)
 .bss           0x0082127c        0x0 c:/altera/12.1sp1/nios2eds/bin/gnu/h-i686-mingw32/bin/../lib/gcc/nios2-elf/4.1.2/../../../../nios2-elf/lib\libc.a(lib_a-fclose.o)
 .bss           0x0082127c        0x0 c:/altera/12.1sp1/nios2eds/bin/gnu/h-i686-mingw32/bin/../lib/gcc/nios2-elf/4.1.2/../../../../nios2-elf/lib\libc.a(lib_a-fstatr.o)
 .bss           0x0082127c        0x0 c:/altera/12.1sp1/nios2eds/bin/gnu/h-i686-mingw32/bin/../lib/gcc/nios2-elf/4.1.2/../../../../nios2-elf/lib\libc.a(lib_a-int_errno.o)
 .bss           0x0082127c        0x0 c:/altera/12.1sp1/nios2eds/bin/gnu/h-i686-mingw32/bin/../lib/gcc/nios2-elf/4.1.2/../../../../nios2-elf/lib\libc.a(lib_a-isattyr.o)
 .bss           0x0082127c        0x0 c:/altera/12.1sp1/nios2eds/bin/gnu/h-i686-mingw32/bin/../lib/gcc/nios2-elf/4.1.2/../../../../nios2-elf/lib\libc.a(lib_a-lseekr.o)
 .bss           0x0082127c        0x0 c:/altera/12.1sp1/nios2eds/bin/gnu/h-i686-mingw32/bin/../lib/gcc/nios2-elf/4.1.2/../../../../nios2-elf/lib\libc.a(lib_a-readr.o)
 .bss           0x0082127c        0x0 c:/altera/12.1sp1/nios2eds/bin/gnu/h-i686-mingw32/bin/../lib/gcc/nios2-elf/4.1.2\libgcc.a(_udivdi3.o)
 .bss           0x0082127c        0x0 c:/altera/12.1sp1/nios2eds/bin/gnu/h-i686-mingw32/bin/../lib/gcc/nios2-elf/4.1.2\libgcc.a(_umoddi3.o)
 .bss           0x0082127c        0x0 c:/altera/12.1sp1/nios2eds/bin/gnu/h-i686-mingw32/bin/../lib/gcc/nios2-elf/4.1.2\libgcc.a(_eq_df.o)
 .bss           0x0082127c        0x0 c:/altera/12.1sp1/nios2eds/bin/gnu/h-i686-mingw32/bin/../lib/gcc/nios2-elf/4.1.2\libgcc.a(_ne_df.o)
 .bss           0x0082127c        0x0 c:/altera/12.1sp1/nios2eds/bin/gnu/h-i686-mingw32/bin/../lib/gcc/nios2-elf/4.1.2\libgcc.a(_gt_df.o)
 .bss           0x0082127c        0x0 c:/altera/12.1sp1/nios2eds/bin/gnu/h-i686-mingw32/bin/../lib/gcc/nios2-elf/4.1.2\libgcc.a(lib2-divmod.o)
 .bss           0x0082127c        0x0 C:/Users/jchang3/Documents/ECE492/test/software/accelerometer_pen50s_bsp/\libucosii_bsp.a(alt_close.o)
 .bss           0x0082127c        0x0 C:/Users/jchang3/Documents/ECE492/test/software/accelerometer_pen50s_bsp/\libucosii_bsp.a(alt_dev.o)
 .bss           0x0082127c        0x0 C:/Users/jchang3/Documents/ECE492/test/software/accelerometer_pen50s_bsp/\libucosii_bsp.a(alt_errno.o)
 .bss           0x0082127c        0x0 C:/Users/jchang3/Documents/ECE492/test/software/accelerometer_pen50s_bsp/\libucosii_bsp.a(alt_fstat.o)
 .bss           0x0082127c        0x0 C:/Users/jchang3/Documents/ECE492/test/software/accelerometer_pen50s_bsp/\libucosii_bsp.a(alt_isatty.o)