Archive member included because of file (symbol)

c:/altera/12.1sp1/nios2eds/bin/gnu/h-i686-mingw32/bin/../lib/gcc/nios2-elf/4.1.2/../../../../nios2-elf/lib\libm.a(lib_a-w_sqrt.o)
                              obj/default/accelerometer_pen50sflash.o (sqrt)
c:/altera/12.1sp1/nios2eds/bin/gnu/h-i686-mingw32/bin/../lib/gcc/nios2-elf/4.1.2/../../../../nios2-elf/lib\libm.a(lib_a-e_sqrt.o)
                              c:/altera/12.1sp1/nios2eds/bin/gnu/h-i686-mingw32/bin/../lib/gcc/nios2-elf/4.1.2/../../../../nios2-elf/lib\libm.a(lib_a-w_sqrt.o) (__ieee754_sqrt)
c:/altera/12.1sp1/nios2eds/bin/gnu/h-i686-mingw32/bin/../lib/gcc/nios2-elf/4.1.2/../../../../nios2-elf/lib\libm.a(lib_a-s_isnand.o)
                              c:/altera/12.1sp1/nios2eds/bin/gnu/h-i686-mingw32/bin/../lib/gcc/nios2-elf/4.1.2/../../../../nios2-elf/lib\libm.a(lib_a-w_sqrt.o) (__isnand)
c:/altera/12.1sp1/nios2eds/bin/gnu/h-i686-mingw32/bin/../lib/gcc/nios2-elf/4.1.2/../../../../nios2-elf/lib\libm.a(lib_a-s_lib_ver.o)
                              c:/altera/12.1sp1/nios2eds/bin/gnu/h-i686-mingw32/bin/../lib/gcc/nios2-elf/4.1.2/../../../../nios2-elf/lib\libm.a(lib_a-w_sqrt.o) (__fdlib_version)
c:/altera/12.1sp1/nios2eds/bin/gnu/h-i686-mingw32/bin/../lib/gcc/nios2-elf/4.1.2/../../../../nios2-elf/lib\libm.a(lib_a-s_matherr.o)
                              c:/altera/12.1sp1/nios2eds/bin/gnu/h-i686-mingw32/bin/../lib/gcc/nios2-elf/4.1.2/../../../../nios2-elf/lib\libm.a(lib_a-w_sqrt.o) (matherr)
c:/altera/12.1sp1/nios2eds/bin/gnu/h-i686-mingw32/bin/../lib/gcc/nios2-elf/4.1.2\libgcc.a(_muldi3.o)
                              obj/default/dtw.o (__muldi3)
c:/altera/12.1sp1/nios2eds/bin/gnu/h-i686-mingw32/bin/../lib/gcc/nios2-elf/4.1.2\libgcc.a(_fixdfdi.o)
                              obj/default/accelerometer_pen50sflash.o (__fixdfdi)
c:/altera/12.1sp1/nios2eds/bin/gnu/h-i686-mingw32/bin/../lib/gcc/nios2-elf/4.1.2\libgcc.a(_fixunsdfdi.o)
                              c:/altera/12.1sp1/nios2eds/bin/gnu/h-i686-mingw32/bin/../lib/gcc/nios2-elf/4.1.2\libgcc.a(_fixdfdi.o) (__fixunsdfdi)
c:/altera/12.1sp1/nios2eds/bin/gnu/h-i686-mingw32/bin/../lib/gcc/nios2-elf/4.1.2\libgcc.a(_floatdidf.o)
                              obj/default/accelerometer_pen50sflash.o (__floatdidf)
c:/altera/12.1sp1/nios2eds/bin/gnu/h-i686-mingw32/bin/../lib/gcc/nios2-elf/4.1.2\libgcc.a(_addsub_df.o)
                              c:/altera/12.1sp1/nios2eds/bin/gnu/h-i686-mingw32/bin/../lib/gcc/nios2-elf/4.1.2/../../../../nios2-elf/lib\libm.a(lib_a-e_sqrt.o) (__subdf3)
c:/altera/12.1sp1/nios2eds/bin/gnu/h-i686-mingw32/bin/../lib/gcc/nios2-elf/4.1.2\libgcc.a(_mul_df.o)
                              obj/default/dtw.o (__muldf3)
c:/altera/12.1sp1/nios2eds/bin/gnu/h-i686-mingw32/bin/../lib/gcc/nios2-elf/4.1.2\libgcc.a(_div_df.o)
                              c:/altera/12.1sp1/nios2eds/bin/gnu/h-i686-mingw32/bin/../lib/gcc/nios2-elf/4.1.2/../../../../nios2-elf/lib\libm.a(lib_a-w_sqrt.o) (__divdf3)
c:/altera/12.1sp1/nios2eds/bin/gnu/h-i686-mingw32/bin/../lib/gcc/nios2-elf/4.1.2\libgcc.a(_lt_df.o)
                              c:/altera/12.1sp1/nios2eds/bin/gnu/h-i686-mingw32/bin/../lib/gcc/nios2-elf/4.1.2/../../../../nios2-elf/lib\libm.a(lib_a-w_sqrt.o) (__ltdf2)
c:/altera/12.1sp1/nios2eds/bin/gnu/h-i686-mingw32/bin/../lib/gcc/nios2-elf/4.1.2\libgcc.a(_si_to_df.o)
                              obj/default/accelerometer_pen50sflash.o (__floatsidf)
c:/altera/12.1sp1/nios2eds/bin/gnu/h-i686-mingw32/bin/../lib/gcc/nios2-elf/4.1.2\libgcc.a(_df_to_si.o)
                              obj/default/dtw.o (__fixdfsi)
c:/altera/12.1sp1/nios2eds/bin/gnu/h-i686-mingw32/bin/../lib/gcc/nios2-elf/4.1.2\libgcc.a(_thenan_df.o)
                              c:/altera/12.1sp1/nios2eds/bin/gnu/h-i686-mingw32/bin/../lib/gcc/nios2-elf/4.1.2\libgcc.a(_addsub_df.o) (__thenan_df)
c:/altera/12.1sp1/nios2eds/bin/gnu/h-i686-mingw32/bin/../lib/gcc/nios2-elf/4.1.2\libgcc.a(_usi_to_df.o)
                              obj/default/accelerometer_pen50sflash.o (__floatunsidf)
c:/altera/12.1sp1/nios2eds/bin/gnu/h-i686-mingw32/bin/../lib/gcc/nios2-elf/4.1.2\libgcc.a(_clzsi2.o)
                              c:/altera/12.1sp1/nios2eds/bin/gnu/h-i686-mingw32/bin/../lib/gcc/nios2-elf/4.1.2\libgcc.a(_si_to_df.o) (__clzsi2)
c:/altera/12.1sp1/nios2eds/bin/gnu/h-i686-mingw32/bin/../lib/gcc/nios2-elf/4.1.2\libgcc.a(_fixunsdfsi.o)
                              c:/altera/12.1sp1/nios2eds/bin/gnu/h-i686-mingw32/bin/../lib/gcc/nios2-elf/4.1.2\libgcc.a(_fixunsdfdi.o) (__fixunsdfsi)
c:/altera/12.1sp1/nios2eds/bin/gnu/h-i686-mingw32/bin/../lib/gcc/nios2-elf/4.1.2\libgcc.a(_pack_df.o)
                              c:/altera/12.1sp1/nios2eds/bin/gnu/h-i686-mingw32/bin/../lib/gcc/nios2-elf/4.1.2\libgcc.a(_addsub_df.o) (__pack_d)
c:/altera/12.1sp1/nios2eds/bin/gnu/h-i686-mingw32/bin/../lib/gcc/nios2-elf/4.1.2\libgcc.a(_unpack_df.o)
[...]
Memory Configuration

Name             Origin             Length             Attributes
sdram_0          0x00800000         0x00800000
reset            0x01400000         0x00000020
generic_tristate_controller_0 0x01400020         0x003fffe0
sram_0           0x01880000         0x00080000
onchip_memory2_0_BEFORE_EXCEPTION 0x01904000         0x00000020
onchip_memory2_0 0x01904020         0x00003fe0
*default*        0x00000000         0xffffffff

Linker script and memory map

LOAD C:/Users/jchang3/Documents/ECE492/test/software/accelerometer_pen50sflash_bsp//obj/HAL/src/crt0.o
LOAD obj/default/accelerometer_pen50sflash.o
LOAD obj/default/dtw.o
LOAD c:/altera/12.1sp1/nios2eds/bin/gnu/h-i686-mingw32/bin/../lib/gcc/nios2-elf/4.1.2/../../../../nios2-elf/lib\libstdc++.a
LOAD c:/altera/12.1sp1/nios2eds/bin/gnu/h-i686-mingw32/bin/../lib/gcc/nios2-elf/4.1.2/../../../../nios2-elf/lib\libm.a
LOAD c:/altera/12.1sp1/nios2eds/bin/gnu/h-i686-mingw32/bin/../lib/gcc/nios2-elf/4.1.2\libgcc.a
START GROUP
LOAD c:/altera/12.1sp1/nios2eds/bin/gnu/h-i686-mingw32/bin/../lib/gcc/nios2-elf/4.1.2/../../../../nios2-elf/lib\libc.a
LOAD c:/altera/12.1sp1/nios2eds/bin/gnu/h-i686-mingw32/bin/../lib/gcc/nios2-elf/4.1.2\libgcc.a
LOAD C:/Users/jchang3/Documents/ECE492/test/software/accelerometer_pen50sflash_bsp/\libucosii_bsp.a
END GROUP
LOAD c:/altera/12.1sp1/nios2eds/bin/gnu/h-i686-mingw32/bin/../lib/gcc/nios2-elf/4.1.2\libgcc.a
                0x00800000                __alt_mem_sdram_0 = 0x800000
                0x01400000                __alt_mem_generic_tristate_controller_0 = 0x1400000
                0x01880000                __alt_mem_sram_0 = 0x1880000
                0x01904000                __alt_mem_onchip_memory2_0 = 0x1904000

.entry          0x01400000        0x0
 *(.entry)
 .entry         0x01400000        0x0 C:/Users/jchang3/Documents/ECE492/test/software/accelerometer_pen50sflash_bsp//obj/HAL/src/crt0.o
                0x01400000                __reset

.exceptions     0x01904020      0x1a0
                0x01904020                PROVIDE (__ram_exceptions_start, ABSOLUTE (.))
                0x01904020                . = ALIGN (0x20)
 *(.irq)
 *(.exceptions.entry.label)
 .exceptions.entry.label
                0x01904020        0x0 C:/Users/jchang3/Documents/ECE492/test/software/accelerometer_pen50sflash_bsp/\libucosii_bsp.a(alt_irq_entry.o)
                0x01904020                alt_irq_entry
 .exceptions.entry.label
                0x01904020        0x0 C:/Users/jchang3/Documents/ECE492/test/software/accelerometer_pen50sflash_bsp/\libucosii_bsp.a(alt_exception_entry.o)
                0x01904020                alt_exception
 *(.exceptions.entry.user)
 *(.exceptions.entry)
 .exceptions.entry
                0x01904020       0x54 C:/Users/jchang3/Documents/ECE492/test/software/accelerometer_pen50sflash_bsp/\libucosii_bsp.a(alt_exception_entry.o)
 *(.exceptions.irqtest.user)
 *(.exceptions.irqtest)
 .exceptions.irqtest
                0x01904074       0x10 C:/Users/jchang3/Documents/ECE492/test/software/accelerometer_pen50sflash_bsp/\libucosii_bsp.a(alt_irq_entry.o)
 *(.exceptions.irqhandler.user)
 *(.exceptions.irqhandler)
 .exceptions.irqhandler
                0x01904084        0x4 C:/Users/jchang3/Documents/ECE492/test/software/accelerometer_pen50sflash_bsp/\libucosii_bsp.a(alt_irq_entry.o)
 *(.exceptions.irqreturn.user)
 *(.exceptions.irqreturn)
 .exceptions.irqreturn
                0x01904088        0x4 C:/Users/jchang3/Documents/ECE492/test/software/accelerometer_pen50sflash_bsp/\libucosii_bsp.a(alt_irq_entry.o)
 *(.exceptions.notirq.label)
 .exceptions.notirq.label
                0x0190408c        0x0 C:/Users/jchang3/Documents/ECE492/test/software/accelerometer_pen50sflash_bsp/\libucosii_bsp.a(alt_irq_entry.o)
 *(.exceptions.notirq.user)
 *(.exceptions.notirq)
 .exceptions.notirq
                0x0190408c        0x8 C:/Users/jchang3/Documents/ECE492/test/software/accelerometer_pen50sflash_bsp/\libucosii_bsp.a(alt_exception_entry.o)
 *(.exceptions.soft.user)
 *(.exceptions.soft)
 *(.exceptions.unknown.user)
 *(.exceptions.unknown)
 .exceptions.unknown
                0x01904094        0x4 C:/Users/jchang3/Documents/ECE492/test/software/accelerometer_pen50sflash_bsp/\libucosii_bsp.a(alt_exception_entry.o)
 *(.exceptions.exit.label)
 .exceptions.exit.label
                0x01904098        0x0 C:/Users/jchang3/Documents/ECE492/test/software/accelerometer_pen50sflash_bsp/\libucosii_bsp.a(alt_irq_entry.o)
 .exceptions.exit.label
                0x01904098        0x0 C:/Users/jchang3/Documents/ECE492/test/software/accelerometer_pen50sflash_bsp/\libucosii_bsp.a(alt_exception_entry.o)
 *(.exceptions.exit.user)
 *(.exceptions.exit)
 .exceptions.exit
                0x01904098       0x54 C:/Users/jchang3/Documents/ECE492/test/software/accelerometer_pen50sflash_bsp/\libucosii_bsp.a(alt_exception_entry.o)
 *(.exceptions)
 .exceptions    0x019040ec       0xd4 C:/Users/jchang3/Documents/ECE492/test/software/accelerometer_pen50sflash_bsp/\libucosii_bsp.a(alt_irq_handler.o)
                0x019040ec                alt_irq_handler
                0x019041c0                PROVIDE (__ram_exceptions_end, ABSOLUTE (.))
                0x01904020                PROVIDE (__flash_exceptions_start, LOADADDR (.exceptions))

.text           0x00800000    0x1cddc
                0x00800000                PROVIDE (stext, ABSOLUTE (.))
 *(.interp)
 *(.hash)
 *(.dynsym)
 *(.dynstr)
 *(.gnu.version)
 *(.gnu.version_d)
 *(.gnu.version_r)
 *(.rel.init)
 *(.rela.init)
 *(.rel.text .rel.text.* .rel.gnu.linkonce.t.*)
 *(.rela.text .rela.text.* .rela.gnu.linkonce.t.*)
 *(.rel.fini)
 *(.rela.fini)
 *(.rel.rodata .rel.rodata.* .rel.gnu.linkonce.r.*)
 *(.rela.rodata .rela.rodata.* .rela.gnu.linkonce.r.*)
 *(.rel.data .rel.data.* .rel.gnu.linkonce.d.*)
 *(.rela.data .rela.data.* .rela.gnu.linkonce.d.*)
 *(.rel.tdata .rel.tdata.* .rel.gnu.linkonce.td.*)
 *(.rela.tdata .rela.tdata.* .rela.gnu.linkonce.td.*)
 *(.rel.tbss .rel.tbss.* .rel.gnu.linkonce.tb.*)
 *(.rela.tbss .rela.tbss.* .rela.gnu.linkonce.tb.*)
 *(.rel.ctors)
 *(.rela.ctors)
 *(.rel.dtors)
 *(.rela.dtors)
 *(.rel.got)
 *(.rela.got)
 *(.rel.sdata .rel.sdata.* .rel.gnu.linkonce.s.*)
 *(.rela.sdata .rela.sdata.* .rela.gnu.linkonce.s.*)
 *(.rel.sbss .rel.sbss.* .rel.gnu.linkonce.sb.*)
 *(.rela.sbss .rela.sbss.* .rela.gnu.linkonce.sb.*)
 *(.rel.sdata2 .rel.sdata2.* .rel.gnu.linkonce.s2.*)
 *(.rela.sdata2 .rela.sdata2.* .rela.gnu.linkonce.s2.*)
 *(.rel.sbss2 .rel.sbss2.* .rel.gnu.linkonce.sb2.*)
 *(.rela.sbss2 .rela.sbss2.* .rela.gnu.linkonce.sb2.*)
 *(.rel.bss .rel.bss.* .rel.gnu.linkonce.b.*)
 *(.rela.bss .rela.bss.* .rela.gnu.linkonce.b.*)
 *(.rel.plt)
 *(.rela.plt)
 *(.rel.dyn)
 *(.init)
 *(.plt)
 *(.text .stub .text.* .gnu.linkonce.t.*)
 .text          0x00800000       0x38 C:/Users/jchang3/Documents/ECE492/test/software/accelerometer_pen50sflash_bsp//obj/HAL/src/crt0.o
                0x00800000                _start
 .text          0x00800038     0x2160 obj/default/accelerometer_pen50sflash.o
                0x00800038                taskModeSelect
                0x008001c4                taskLcdPrint
                0x00800258                taskLoadSDCard
                0x008005f8                AverageTemplatePattern
                0x00800af8                taskCalibrate
                0x00800e98                taskWriteSDCard
                0x008010f4                taskCharacterRead
                0x008015e0                taskTemplateMatch
                0x008019f4                AverageCharReadPattern
                0x00801d5c                taskDTWX
                0x00801de4                taskDTWY
                0x00801e74                main
 .text          0x00802198      0x4ec obj/default/dtw.o
                0x00802198                min_three
                0x008021f4                min
                0x00802238                max
                0x0080227c                dist
                0x00802330                dtw
 .text          0x00802684      0x130 c:/altera/12.1sp1/nios2eds/bin/gnu/h-i686-mingw32/bin/../lib/gcc/nios2-elf/4.1.2/../../../../nios2-elf/lib\libm.a(lib_a-w_sqrt.o)
                0x00802684                sqrt
 .text          0x008027b4      0x2c8 c:/altera/12.1sp1/nios2eds/bin/gnu/h-i686-mingw32/bin/../lib/gcc/nios2-elf/4.1.2/../../../../nios2-elf/lib\libm.a(lib_a-e_sqrt.o)
                0x008027b4                __ieee754_sqrt
 .text          0x00802a7c       0x30 c:/altera/12.1sp1/nios2eds/bin/gnu/h-i686-mingw32/bin/../lib/gcc/nios2-elf/4.1.2/../../../../nios2-elf/lib\libm.a(lib_a-s_isnand.o)
                0x00802a7c                __isnand
 .text          0x00802aac        0x0 c:/altera/12.1sp1/nios2eds/bin/gnu/h-i686-mingw32/bin/../lib/gcc/nios2-elf/4.1.2/../../../../nios2-elf/lib\libm.a(lib_a-s_lib_ver.o)
 .text          0x00802aac        0x8 c:/altera/12.1sp1/nios2eds/bin/gnu/h-i686-mingw32/bin/../lib/gcc/nios2-elf/4.1.2/../../../../nios2-elf/lib\libm.a(lib_a-s_matherr.o)
                0x00802aac                matherr
 .text          0x00802ab4       0x98 c:/altera/12.1sp1/nios2eds/bin/gnu/h-i686-mingw32/bin/../lib/gcc/nios2-elf/4.1.2\libgcc.a(_muldi3.o)
                0x00802ab4                __muldi3
 .text          0x00802b4c       0x7c c:/altera/12.1sp1/nios2eds/bin/gnu/h-i686-mingw32/bin/../lib/gcc/nios2-elf/4.1.2\libgcc.a(_fixdfdi.o)
                0x00802b4c                __fixdfdi
 .text          0x00802bc8       0xbc c:/altera/12.1sp1/nios2eds/bin/gnu/h-i686-mingw32/bin/../lib/gcc/nios2-elf/4.1.2\libgcc.a(_fixunsdfdi.o)
                0x00802bc8                __fixunsdfdi
 .text          0x00802c84       0x88 c:/altera/12.1sp1/nios2eds/bin/gnu/h-i686-mingw32/bin/../lib/gcc/nios2-elf/4.1.2\libgcc.a(_floatdidf.o)
                0x00802c84                __floatdidf
 .text          0x00802d0c      0x504 c:/altera/12.1sp1/nios2eds/bin/gnu/h-i686-mingw32/bin/../lib/gcc/nios2-elf/4.1.2\libgcc.a(_addsub_df.o)
                0x0080311c                __subdf3
                0x0080319c                __adddf3
 .text          0x00803210      0x3c4 c:/altera/12.1sp1/nios2eds/bin/gnu/h-i686-mingw32/bin/../lib/gcc/nios2-elf/4.1.2\libgcc.a(_mul_df.o)
                0x00803210                __muldf3
 .text          0x008035d4      0x258 c:/altera/12.1sp1/nios2eds/bin/gnu/h-i686-mingw32/bin/../lib/gcc/nios2-elf/4.1.2\libgcc.a(_div_df.o)
                0x008035d4                __divdf3
 .text          0x0080382c       0x88 c:/altera/12.1sp1/nios2eds/bin/gnu/h-i686-mingw32/bin/../lib/gcc/nios2-elf/4.1.2\libgcc.a(_lt_df.o)
                0x0080382c                __ltdf2
 .text          0x008038b4       0xf8 c:/altera/12.1sp1/nios2eds/bin/gnu/h-i686-mingw32/bin/../lib/gcc/nios2-elf/4.1.2\libgcc.a(_si_to_df.o)
                0x008038b4                __floatsidf
 .text          0x008039ac       0xd8 c:/altera/12.1sp1/nios2eds/bin/gnu/h-i686-mingw32/bin/../lib/gcc/nios2-elf/4.1.2\libgcc.a(_df_to_si.o)
                0x008039ac                __fixdfsi
 .text          0x00803a84        0x0 c:/altera/12.1sp1/nios2eds/bin/gnu/h-i686-mingw32/bin/../lib/gcc/nios2-elf/4.1.2\libgcc.a(_thenan_df.o)
 .text          0x00803a84      0x194 c:/altera/12.1sp1/nios2eds/bin/gnu/h-i686-mingw32/bin/../lib/gcc/nios2-elf/4.1.2\libgcc.a(_usi_to_df.o)
                0x00803a84                __floatunsidf
 .text          0x00803c18       0x80 c:/altera/12.1sp1/nios2eds/bin/gnu/h-i686-mingw32/bin/../lib/gcc/nios2-elf/4.1.2\libgcc.a(_clzsi2.o)
                0x00803c18                __clzsi2
 .text          0x00803c98       0xa4 c:/altera/12.1sp1/nios2eds/bin/gnu/h-i686-mingw32/bin/../lib/gcc/nios2-elf/4.1.2\libgcc.a(_fixunsdfsi.o)
                0x00803c98                __fixunsdfsi
 .text          0x00803d3c      0x314 c:/altera/12.1sp1/nios2eds/bin/gnu/h-i686-mingw32/bin/../lib/gcc/nios2-elf/4.1.2\libgcc.a(_pack_df.o)
                0x00803d3c                __pack_d
 .text          0x00804050      0x138 c:/altera/12.1sp1/nios2eds/bin/gnu/h-i686-mingw32/bin/../lib/gcc/nios2-elf/4.1.2\libgcc.a(_unpack_df.o)
                0x00804050                __unpack_d
 .text          0x00804188       0xc8 c:/altera/12.1sp1/nios2eds/bin/gnu/h-i686-mingw32/bin/../lib/gcc/nios2-elf/4.1.2\libgcc.a(_fpcmp_parts_df.o)
                0x00804188                __fpcmp_parts_d
 .text          0x00804250       0x88 c:/altera/12.1sp1/nios2eds/bin/gnu/h-i686-mingw32/bin/../lib/gcc/nios2-elf/4.1.2\libgcc.a(_ge_df.o)
                0x00804250                __gedf2
 .text          0x008042d8        0x0 c:/altera/12.1sp1/nios2eds/bin/gnu/h-i686-mingw32/bin/../lib/gcc/nios2-elf/4.1.2\libgcc.a(_clz.o)
 .text          0x008042d8       0x10 c:/altera/12.1sp1/nios2eds/bin/gnu/h-i686-mingw32/bin/../lib/gcc/nios2-elf/4.1.2/../../../../nios2-elf/lib\libc.a(lib_a-errno.o)
                0x008042d8                __errno
 .text          0x008042e8        0x0 c:/altera/12.1sp1/nios2eds/bin/gnu/h-i686-mingw32/bin/../lib/gcc/nios2-elf/4.1.2/../../../../nios2-elf/lib\libc.a(lib_a-impure.o)
 .text          0x008042e8       0x78 c:/altera/12.1sp1/nios2eds/bin/gnu/h-i686-mingw32/bin/../lib/gcc/nios2-elf/4.1.2/../../../../nios2-elf/lib\libc.a(lib_a-printf.o)
                0x008042e8                printf
                0x0080432c                _printf_r
 .text          0x00804360       0xb4 c:/altera/12.1sp1/nios2eds/bin/gnu/h-i686-mingw32/bin/../lib/gcc/nios2-elf/4.1.2/../../../../nios2-elf/lib\libc.a(lib_a-puts.o)
                0x00804360                _puts_r
                0x00804400                puts
 .text          0x00804414      0x170 c:/altera/12.1sp1/nios2eds/bin/gnu/h-i686-mingw32/bin/../lib/gcc/nios2-elf/4.1.2/../../../../nios2-elf/lib\libc.a(lib_a-snprintf.o)
                0x00804414                snprintf
                0x008044d0                _snprintf_r
 .text          0x00804584       0x74 c:/altera/12.1sp1/nios2eds/bin/gnu/h-i686-mingw32/bin/../lib/gcc/nios2-elf/4.1.2/../../../../nios2-elf/lib\libc.a(lib_a-strlen.o)
                0x00804584                strlen
 .text          0x008045f8     0x1f28 c:/altera/12.1sp1/nios2eds/bin/gnu/h-i686-mingw32/bin/../lib/gcc/nios2-elf/4.1.2/../../../../nios2-elf/lib\libc.a(lib_a-vfprintf.o)
                0x00804650                ___vfprintf_internal_r
                0x008064fc                __vfprintf_internal
 .text          0x00806520      0x13c c:/altera/12.1sp1/nios2eds/bin/gnu/h-i686-mingw32/bin/../lib/gcc/nios2-elf/4.1.2/../../../../nios2-elf/lib\libc.a(lib_a-wsetup.o)
                0x00806520                __swsetup_r
 .text          0x0080665c     0x17cc c:/altera/12.1sp1/nios2eds/bin/gnu/h-i686-mingw32/bin/../lib/gcc/nios2-elf/4.1.2/../../../../nios2-elf/lib\libc.a(lib_a-dtoa.o)
                0x00806874                _dtoa_r
 .text          0x00807e28      0x230 c:/altera/12.1sp1/nios2eds/bin/gnu/h-i686-mingw32/bin/../lib/gcc/nios2-elf/4.1.2/../../../../nios2-elf/lib\libc.a(lib_a-fflush.o)
                0x00807e28                _fflush_r
                0x00808024                fflush
 .text          0x00808058      0x2c0 c:/altera/12.1sp1/nios2eds/bin/gnu/h-i686-mingw32/bin/../lib/gcc/nios2-elf/4.1.2/../../../../nios2-elf/lib\libc.a(lib_a-findfp.o)
                0x008080b0                __sfp_lock_acquire
                0x008080b4                __sfp_lock_release
                0x008080b8                __sinit_lock_acquire
                0x008080bc                __sinit_lock_release
                0x008080c0                __sinit
                0x00808174                __fp_unlock_all
                0x0080818c                __fp_lock_all
                0x008081a4                _cleanup_r
                0x008081b0                _cleanup
                0x008081c0                __sfmoreglue
                0x00808228                __sfp
 .text          0x00808318      0x440 c:/altera/12.1sp1/nios2eds/bin/gnu/h-i686-mingw32/bin/../lib/gcc/nios2-elf/4.1.2/../../../../nios2-elf/lib\libc.a(lib_a-freer.o)
                0x00808318                _malloc_trim_r
                0x00808444                _free_r
 .text          0x00808758      0x49c c:/altera/12.1sp1/nios2eds/bin/gnu/h-i686-mingw32/bin/../lib/gcc/nios2-elf/4.1.2/../../../../nios2-elf/lib\libc.a(lib_a-fvwrite.o)
                0x00808758                __sfvwrite_r
 .text          0x00808bf4      0x180 c:/altera/12.1sp1/nios2eds/bin/gnu/h-i686-mingw32/bin/../lib/gcc/nios2-elf/4.1.2/../../../../nios2-elf/lib\libc.a(lib_a-fwalk.o)
                0x00808bf4                _fwalk_reent
                0x00808cbc                _fwalk
 .text          0x00808d74       0xc4 c:/altera/12.1sp1/nios2eds/bin/gnu/h-i686-mingw32/bin/../lib/gcc/nios2-elf/4.1.2/../../../../nios2-elf/lib\libc.a(lib_a-locale.o)
                0x00808d74                __locale_charset
                0x00808d7c                _localeconv_r
                0x00808d88                localeconv
                0x00808d98                _setlocale_r
                0x00808e1c                setlocale
 .text          0x00808e38      0x194 c:/altera/12.1sp1/nios2eds/bin/gnu/h-i686-mingw32/bin/../lib/gcc/nios2-elf/4.1.2/../../../../nios2-elf/lib\libc.a(lib_a-makebuf.o)
                0x00808e38                __smakebuf_r
 .text          0x00808fcc      0x740 c:/altera/12.1sp1/nios2eds/bin/gnu/h-i686-mingw32/bin/../lib/gcc/nios2-elf/4.1.2/../../../../nios2-elf/lib\libc.a(lib_a-mallocr.o)
                0x00808fcc                _malloc_r
 .text          0x0080970c       0xe4 c:/altera/12.1sp1/nios2eds/bin/gnu/h-i686-mingw32/bin/../lib/gcc/nios2-elf/4.1.2/../../../../nios2-elf/lib\libc.a(lib_a-memchr.o)
                0x0080970c                memchr
 .text          0x008097f0       0xa0 c:/altera/12.1sp1/nios2eds/bin/gnu/h-i686-mingw32/bin/../lib/gcc/nios2-elf/4.1.2/../../../../nios2-elf/lib\libc.a(lib_a-memcpy.o)
                0x008097f0                memcpy
 .text          0x00809890       0xe0 c:/altera/12.1sp1/nios2eds/bin/gnu/h-i686-mingw32/bin/../lib/gcc/nios2-elf/4.1.2/../../../../nios2-elf/lib\libc.a(lib_a-memmove.o)
                0x00809890                memmove
 .text          0x00809970       0x98 c:/altera/12.1sp1/nios2eds/bin/gnu/h-i686-mingw32/bin/../lib/gcc/nios2-elf/4.1.2/../../../../nios2-elf/lib\libc.a(lib_a-memset.o)
                0x00809970                memset
 .text          0x00809a08      0xff4 c:/altera/12.1sp1/nios2eds/bin/gnu/h-i686-mingw32/bin/../lib/gcc/nios2-elf/4.1.2/../../../../nios2-elf/lib\libc.a(lib_a-mprec.o)
                0x00809a08                _Bfree
                0x00809a30                __hi0bits
                0x00809aa0                __lo0bits
                0x00809b64                __mcmp
                0x00809bc4                __ulp
                0x00809c44                __b2d
                0x00809d64                __ratio
                0x00809e14                _mprec_log10
                0x00809ea8                __copybits
                0x00809f00                __any_on
                0x00809f88                _Balloc
                0x0080a044                __d2b
                0x0080a1c0                __mdiff
                0x0080a34c                __lshift
                0x0080a498                __multiply
                0x0080a680                __i2b
                0x0080a6bc                __multadd
                0x0080a7bc                __pow5mult
                0x0080a8dc                __s2b
 .text          0x0080a9fc      0x5f4 c:/altera/12.1sp1/nios2eds/bin/gnu/h-i686-mingw32/bin/../lib/gcc/nios2-elf/4.1.2/../../../../nios2-elf/lib\libc.a(lib_a-reallocr.o)
                0x0080a9fc                _realloc_r
 .text          0x0080aff0       0x40 c:/altera/12.1sp1/nios2eds/bin/gnu/h-i686-mingw32/bin/../lib/gcc/nios2-elf/4.1.2/../../../../nios2-elf/lib\libc.a(lib_a-s_isinfd.o)
                0x0080aff0                __isinfd
 .text          0x0080b030       0x70 c:/altera/12.1sp1/nios2eds/bin/gnu/h-i686-mingw32/bin/../lib/gcc/nios2-elf/4.1.2/../../../../nios2-elf/lib\libc.a(lib_a-sbrkr.o)
                0x0080b030                _sbrk_r
 .text          0x0080b0a0      0x14c c:/altera/12.1sp1/nios2eds/bin/gnu/h-i686-mingw32/bin/../lib/gcc/nios2-elf/4.1.2/../../../../nios2-elf/lib\libc.a(lib_a-stdio.o)
                0x0080b0a0                __sclose
                0x0080b0a8                __sseek
                0x0080b110                __swrite
                0x0080b18c                __sread
 .text          0x0080b1ec       0xbc c:/altera/12.1sp1/nios2eds/bin/gnu/h-i686-mingw32/bin/../lib/gcc/nios2-elf/4.1.2/../../../../nios2-elf/lib\libc.a(lib_a-strcmp.o)
                0x0080b1ec                strcmp
 .text          0x0080b2a8       0x78 c:/altera/12.1sp1/nios2eds/bin/gnu/h-i686-mingw32/bin/../lib/gcc/nios2-elf/4.1.2/../../../../nios2-elf/lib\libc.a(lib_a-writer.o)
                0x0080b2a8                _write_r
 .text          0x0080b320       0xb4 c:/altera/12.1sp1/nios2eds/bin/gnu/h-i686-mingw32/bin/../lib/gcc/nios2-elf/4.1.2/../../../../nios2-elf/lib\libc.a(lib_a-callocr.o)
                0x0080b320                _calloc_r
 .text          0x0080b3d4       0x70 c:/altera/12.1sp1/nios2eds/bin/gnu/h-i686-mingw32/bin/../lib/gcc/nios2-elf/4.1.2/../../../../nios2-elf/lib\libc.a(lib_a-closer.o)
                0x0080b3d4                _close_r
 .text          0x0080b444      0x124 c:/altera/12.1sp1/nios2eds/bin/gnu/h-i686-mingw32/bin/../lib/gcc/nios2-elf/4.1.2/../../../../nios2-elf/lib\libc.a(lib_a-fclose.o)
                0x0080b444                _fclose_r
                0x0080b554                fclose
 .text          0x0080b568       0x74 c:/altera/12.1sp1/nios2eds/bin/gnu/h-i686-mingw32/bin/../lib/gcc/nios2-elf/4.1.2/../../../../nios2-elf/lib\libc.a(lib_a-fstatr.o)
                0x0080b568                _fstat_r
 .text          0x0080b5dc        0x0 c:/altera/12.1sp1/nios2eds/bin/gnu/h-i686-mingw32/bin/../lib/gcc/nios2-elf/4.1.2/../../../../nios2-elf/lib\libc.a(lib_a-int_errno.o)
 .text          0x0080b5dc       0x70 c:/altera/12.1sp1/nios2eds/bin/gnu/h-i686-mingw32/bin/../lib/gcc/nios2-elf/4.1.2/../../../../nios2-elf/lib\libc.a(lib_a-isattyr.o)
                0x0080b5dc                _isatty_r
 .text          0x0080b64c       0x78 c:/altera/12.1sp1/nios2eds/bin/gnu/h-i686-mingw32/bin/../lib/gcc/nios2-elf/4.1.2/../../../../nios2-elf/lib\libc.a(lib_a-lseekr.o)
                0x0080b64c                _lseek_r
 .text          0x0080b6c4       0x78 c:/altera/12.1sp1/nios2eds/bin/gnu/h-i686-mingw32/bin/../lib/gcc/nios2-elf/4.1.2/../../../../nios2-elf/lib\libc.a(lib_a-readr.o)
                0x0080b6c4                _read_r
 .text          0x0080b73c      0x5dc c:/altera/12.1sp1/nios2eds/bin/gnu/h-i686-mingw32/bin/../lib/gcc/nios2-elf/4.1.2\libgcc.a(_udivdi3.o)
                0x0080b73c                __udivdi3
 .text          0x0080bd18      0x5b0 c:/altera/12.1sp1/nios2eds/bin/gnu/h-i686-mingw32/bin/../lib/gcc/nios2-elf/4.1.2\libgcc.a(_umoddi3.o)
                0x0080bd18                __umoddi3
 .text          0x0080c2c8       0x88 c:/altera/12.1sp1/nios2eds/bin/gnu/h-i686-mingw32/bin/../lib/gcc/nios2-elf/4.1.2\libgcc.a(_eq_df.o)
                0x0080c2c8                __eqdf2
 .text          0x0080c350       0x88 c:/altera/12.1sp1/nios2eds/bin/gnu/h-i686-mingw32/bin/../lib/gcc/nios2-elf/4.1.2\libgcc.a(_ne_df.o)
                0x0080c350                __nedf2
 .text          0x0080c3d8       0x88 c:/altera/12.1sp1/nios2eds/bin/gnu/h-i686-mingw32/bin/../lib/gcc/nios2-elf/4.1.2\libgcc.a(_gt_df.o)
                0x0080c3d8                __gtdf2
 .text          0x0080c460      0x14c c:/altera/12.1sp1/nios2eds/bin/gnu/h-i686-mingw32/bin/../lib/gcc/nios2-elf/4.1.2\libgcc.a(lib2-divmod.o)
                0x0080c4dc                __divsi3
                0x0080c53c                __modsi3
                0x0080c59c                __udivsi3
                0x0080c5a4                __umodsi3
 .text          0x0080c5ac      0x15c C:/Users/jchang3/Documents/ECE492/test/software/accelerometer_pen50sflash_bsp/\libucosii_bsp.a(alt_close.o)
                0x0080c5ac                close
 .text          0x0080c708       0x2c C:/Users/jchang3/Documents/ECE492/test/software/accelerometer_pen50sflash_bsp/\libucosii_bsp.a(alt_dev.o)
 .text          0x0080c734        0x0 C:/Users/jchang3/Documents/ECE492/test/software/accelerometer_pen50sflash_bsp/\libucosii_bsp.a(alt_errno.o)
 .text          0x0080c734      0x134 C:/Users/jchang3/Documents/ECE492/test/software/accelerometer_pen50sflash_bsp/\libucosii_bsp.a(alt_fstat.o)
                0x0080c734                fstat
 .text          0x0080c868      0x120 C:/Users/jchang3/Documents/ECE492/test/software/accelerometer_pen50sflash_bsp/\libucosii_bsp.a(alt_isatty.o)
                0x0080c868                isatty
 .text          0x0080c988      0x150 C:/Users/jchang3/Documents/ECE492/test/software/accelerometer_pen50sflash_bsp/\libucosii_bsp.a(alt_lseek.o)
                0x0080c988                lseek
 .text          0x0080cad8       0xc8 C:/Users/jchang3/Documents/ECE492/test/software/accelerometer_pen50sflash_bsp/\libucosii_bsp.a(alt_main.o)
                0x0080cad8                alt_main
 .text          0x0080cba0      0x258 C:/Users/jchang3/Documents/ECE492/test/software/accelerometer_pen50sflash_bsp/\libucosii_bsp.a(alt_printf.o)
                0x0080cba0                alt_printf
 .text          0x0080cdf8       0x40 C:/Users/jchang3/Documents/ECE492/test/software/accelerometer_pen50sflash_bsp/\libucosii_bsp.a(alt_putchar.o)
                0x0080cdf8                alt_putchar
 .text          0x0080ce38      0x180 C:/Users/jchang3/Documents/ECE492/test/software/accelerometer_pen50sflash_bsp/\libucosii_bsp.a(alt_read.o)
                0x0080ce38                read
 .text          0x0080cfb8       0x60 C:/Users/jchang3/Documents/ECE492/test/software/accelerometer_pen50sflash_bsp/\libucosii_bsp.a(alt_release_fd.o)
                0x0080cfb8                alt_release_fd
 .text          0x0080d018       0xbc C:/Users/jchang3/Documents/ECE492/test/software/accelerometer_pen50sflash_bsp/\libucosii_bsp.a(alt_sbrk.o)
                0x0080d018                sbrk
 .text          0x0080d0d4      0x180 C:/Users/jchang3/Documents/ECE492/test/software/accelerometer_pen50sflash_bsp/\libucosii_bsp.a(alt_write.o)
                0x0080d0d4                write
 .text          0x0080d254      0x108 C:/Users/jchang3/Documents/ECE492/test/software/accelerometer_pen50sflash_bsp/\libucosii_bsp.a(alt_env_lock.o)
                0x0080d254                __env_lock
                0x0080d300                __env_unlock
 .text          0x0080d35c      0x1d8 C:/Users/jchang3/Documents/ECE492/test/software/accelerometer_pen50sflash_bsp/\libucosii_bsp.a(alt_malloc_lock.o)
                0x0080d35c                __malloc_lock
                0x0080d464                __malloc_unlock
 .text          0x0080d534     0x2128 C:/Users/jchang3/Documents/ECE492/test/software/accelerometer_pen50sflash_bsp/\libucosii_bsp.a(os_core.o)
                0x0080d534                OSEventNameGet
                0x0080d664                OSEventNameSet
                0x0080d7a8                OSEventPendMulti
                0x0080de5c                OSInit
                0x0080deb0                OSIntEnter
                0x0080df2c                OSIntExit
                0x0080e02c                OSSchedLock
                0x0080e0b8                OSSchedUnlock
                0x0080e19c                OSStart
                0x0080e20c                OSStatInit
                0x0080e2b8                OSTimeTick
                0x0080e4f8                OSVersion
                0x0080e518                OS_Dummy
                0x0080e534                OS_EventTaskRdy
                0x0080e6c8                OS_EventTaskWait
                0x0080e7d8                OS_EventTaskWaitMulti
                0x0080e92c                OS_EventTaskRemove
                0x0080e9e4                OS_EventTaskRemoveMulti
                0x0080eae8                OS_EventWaitListInit
                0x0080eeb4                OS_MemClr
                0x0080ef08                OS_MemCopy
                0x0080ef74                OS_Sched
                0x0080f0b8                OS_StrCopy
                0x0080f138                OS_StrLen
                0x0080f190                OS_TaskIdle
                0x0080f1ec                OS_TaskStat
                0x0080f2b4                OS_TaskStatStkChk
                0x0080f37c                OS_TCBInit
 .text          0x0080f65c      0x18c C:/Users/jchang3/Documents/ECE492/test/software/accelerometer_pen50sflash_bsp/\libucosii_bsp.a(os_dbg.o)
                0x0080f65c                OSDebugInit
 .text          0x0080f7e8     0x193c C:/Users/jchang3/Documents/ECE492/test/software/accelerometer_pen50sflash_bsp/\libucosii_bsp.a(os_flag.o)
                0x0080f7e8                OSFlagAccept
                0x0080fb1c                OSFlagCreate
                0x0080fc58                OSFlagDel
                0x0080ff00                OSFlagNameGet
                0x00810044                OSFlagNameSet
                0x00810198                OSFlagPend
                0x008107dc                OSFlagPendGetFlagsRdy
                0x00810844                OSFlagPost
                0x00810bec                OSFlagQuery
                0x00810e84                OS_FlagInit
                0x00811078                OS_FlagUnlink
 .text          0x00811124      0x808 C:/Users/jchang3/Documents/ECE492/test/software/accelerometer_pen50sflash_bsp/\libucosii_bsp.a(os_mem.o)
                0x00811124                OSMemCreate
                0x00811340                OSMemGet
                0x00811444                OSMemNameGet
                0x00811550                OSMemNameSet
                0x00811670                OSMemPut
                0x00811760                OSMemQuery
                0x0081185c                OS_MemInit
 .text          0x0081192c     0x1334 C:/Users/jchang3/Documents/ECE492/test/software/accelerometer_pen50sflash_bsp/\libucosii_bsp.a(os_q.o)
                0x0081192c                OSQAccept
                0x00811a80                OSQCreate
                0x00811c94                OSQDel
                0x00811f94                OSQFlush
                0x0081205c                OSQPend
                0x0081237c                OSQPendAbort
                0x008124f8                OSQPost
                0x00812678                OSQPostFront
                0x00812800                OSQPostOpt
                0x00812a34                OSQQuery
                0x00812bb4                OS_QInit
 .text          0x00812c60      0xbc8 C:/Users/jchang3/Documents/ECE492/test/software/accelerometer_pen50sflash_bsp/\libucosii_bsp.a(os_sem.o)
                0x00812c60                OSSemAccept
                0x00812d20                OSSemCreate
                0x00812e34                OSSemDel
                0x008130d4                OSSemPend
                0x00813350                OSSemPendAbort
                0x008134cc                OSSemPost
                0x008135f4                OSSemQuery
                0x00813724                OSSemSet
 .text          0x00813828     0x1a40 C:/Users/jchang3/Documents/ECE492/test/software/accelerometer_pen50sflash_bsp/\libucosii_bsp.a(os_task.o)
                0x00813828                OSTaskChangePrio
                0x00813d9c                OSTaskCreate
                0x00813f70                OSTaskCreateExt
                0x00814170                OSTaskDel
                0x0081457c                OSTaskDelReq
                0x008146ec                OSTaskNameGet
                0x008148a4                OSTaskNameSet
                0x00814a68                OSTaskResume
                0x00814c80                OSTaskStkChk
                0x00814e7c                OSTaskSuspend
                0x008150a8                OSTaskQuery
                0x008151ec                OS_TaskStkClr
 .text          0x00815268      0x598 C:/Users/jchang3/Documents/ECE492/test/software/accelerometer_pen50sflash_bsp/\libucosii_bsp.a(os_time.o)
                0x00815268                OSTimeDly
                0x008153b4                OSTimeDlyHMSM
                0x00815528                OSTimeDlyResume
                0x00815738                OSTimeGet
                0x0081579c                OSTimeSet
 .text          0x00815800       0xf8 C:/Users/jchang3/Documents/ECE492/test/software/accelerometer_pen50sflash_bsp/\libucosii_bsp.a(alt_sys_init.o)
                0x00815800                alt_irq_init
                0x00815834                alt_sys_init
 .text          0x008158f8      0x148 C:/Users/jchang3/Documents/ECE492/test/software/accelerometer_pen50sflash_bsp/\libucosii_bsp.a(altera_avalon_jtag_uart_fd.o)
                0x008158f8                altera_avalon_jtag_uart_read_fd
                0x00815950                altera_avalon_jtag_uart_write_fd
                0x008159a8                altera_avalon_jtag_uart_close_fd
                0x008159f0                altera_avalon_jtag_uart_ioctl_fd
 .text          0x00815a40      0x580 C:/Users/jchang3/Documents/ECE492/test/software/accelerometer_pen50sflash_bsp/\libucosii_bsp.a(altera_avalon_jtag_uart_init.o)
                0x00815a40                altera_avalon_jtag_uart_init
                0x00815f4c                altera_avalon_jtag_uart_close
 .text          0x00815fc0       0xf4 C:/Users/jchang3/Documents/ECE492/test/software/accelerometer_pen50sflash_bsp/\libucosii_bsp.a(altera_avalon_jtag_uart_ioctl.o)
                0x00815fc0                altera_avalon_jtag_uart_ioctl
 .text          0x008160b4      0x2c0 C:/Users/jchang3/Documents/ECE492/test/software/accelerometer_pen50sflash_bsp/\libucosii_bsp.a(altera_avalon_jtag_uart_read.o)
                0x008160b4                altera_avalon_jtag_uart_read
 .text          0x00816374      0x2dc C:/Users/jchang3/Documents/ECE492/test/software/accelerometer_pen50sflash_bsp/\libucosii_bsp.a(altera_avalon_jtag_uart_write.o)
                0x00816374                altera_avalon_jtag_uart_write
 .text          0x00816650       0xfc C:/Users/jchang3/Documents/ECE492/test/software/accelerometer_pen50sflash_bsp/\libucosii_bsp.a(altera_avalon_timer_sc.o)
                0x008166c4                alt_avalon_timer_sc_init
 .text          0x0081674c      0x530 C:/Users/jchang3/Documents/ECE492/test/software/accelerometer_pen50sflash_bsp/\libucosii_bsp.a(altera_up_avalon_character_lcd.o)
                0x0081674c                get_DDRAM_addr
                0x008167c8                alt_up_character_lcd_send_cmd
                0x008167fc                alt_up_character_lcd_init
                0x00816830                alt_up_character_lcd_open_dev
                0x00816870                alt_up_character_lcd_write
                0x008168e8                alt_up_character_lcd_string
                0x00816960                alt_up_character_lcd_write_fd
                0x008169ac                alt_up_character_lcd_set_cursor_pos
                0x00816a24                alt_up_character_lcd_shift_cursor
                0x00816ad4                alt_up_character_lcd_shift_display
                0x00816b84                alt_up_character_lcd_erase_pos
                0x00816c14                alt_up_character_lcd_cursor_off
                0x00816c48                alt_up_character_lcd_cursor_blink_on
 .text          0x00816c7c      0x398 C:/Users/jchang3/Documents/ECE492/test/software/accelerometer_pen50sflash_bsp/\libucosii_bsp.a(altera_up_avalon_rs232.o)
                0x00816c7c                alt_up_rs232_enable_read_interrupt
                0x00816cd0                alt_up_rs232_disable_read_interrupt
                0x00816d28                alt_up_rs232_get_used_space_in_read_FIFO
                0x00816d64                alt_up_rs232_get_available_space_in_write_FIFO
                0x00816da4                alt_up_rs232_check_parity
                0x00816df4                alt_up_rs232_write_data
                0x00816e3c                alt_up_rs232_read_data
                0x00816eb0                alt_up_rs232_read_fd
                0x00816f40                alt_up_rs232_write_fd
                0x00816fd4                alt_up_rs232_open_dev
 .text          0x00817014     0x4430 C:/Users/jchang3/Documents/ECE492/test/software/accelerometer_pen50sflash_bsp/\libucosii_bsp.a(altera_up_sd_card_avalon_interface.o)
                0x00817014                Write_Sector_Data
                0x008170dc                Save_Modified_Sector
                0x0081712c                Read_Sector_Data
                0x00817228                get_cluster_flag
                0x008172e0                mark_cluster
                0x008173c4                Check_for_Master_Boot_Record
                0x00817574                Read_File_Record_At_Offset
                0x008177f8                Write_File_Record_At_Offset
                0x00817ab0                Check_for_DOS_FAT
                0x008180f8                Look_for_FAT16
                0x008181f0                filename_to_upper_case
                0x008182c0                check_file_name_for_FAT16_compliance
                0x00818550                get_dir_divider_location
                0x00818610                match_file_record_to_name_ext
                0x008188fc                get_home_directory_cluster_for_file
                0x00818e10                find_file_in_directory
                0x00819274                find_first_empty_cluster
                0x00819418                find_first_empty_record_in_a_subdirectory
                0x00819664                find_first_empty_record_in_root_directory
                0x00819790                convert_filename_to_name_extension
                0x00819948                create_file
                0x00819c1c                copy_file_record_name_to_string
                0x00819d70                alt_up_sd_card_open_dev
                0x00819e34                alt_up_sd_card_is_Present
                0x00819efc                alt_up_sd_card_is_FAT16
                0x00819f70                alt_up_sd_card_find_first
                0x0081a044                alt_up_sd_card_find_next
                0x0081a3f4                alt_up_sd_card_fopen
                0x0081a79c                alt_up_sd_card_set_attributes
                0x0081a82c                alt_up_sd_card_get_attributes
                0x0081a8b8                alt_up_sd_card_read
                0x0081ac54                alt_up_sd_card_write
                0x0081b278                alt_up_sd_card_fclose
 .text          0x0081b444      0x154 C:/Users/jchang3/Documents/ECE492/test/software/accelerometer_pen50sflash_bsp/\libucosii_bsp.a(alt_alarm_start.o)
                0x0081b444                alt_alarm_start
 .text          0x0081b598      0x114 C:/Users/jchang3/Documents/ECE492/test/software/accelerometer_pen50sflash_bsp/\libucosii_bsp.a(alt_dev_llist_insert.o)
                0x0081b598                alt_dev_llist_insert
 .text          0x0081b6ac       0x64 C:/Users/jchang3/Documents/ECE492/test/software/accelerometer_pen50sflash_bsp/\libucosii_bsp.a(alt_do_ctors.o)
                0x0081b6ac                _do_ctors
 .text          0x0081b710       0x64 C:/Users/jchang3/Documents/ECE492/test/software/accelerometer_pen50sflash_bsp/\libucosii_bsp.a(alt_do_dtors.o)
                0x0081b710                _do_dtors
 .text          0x0081b774       0x94 C:/Users/jchang3/Documents/ECE492/test/software/accelerometer_pen50sflash_bsp/\libucosii_bsp.a(alt_find_dev.o)
                0x0081b774                alt_find_dev
 .text          0x0081b808      0x13c C:/Users/jchang3/Documents/ECE492/test/software/accelerometer_pen50sflash_bsp/\libucosii_bsp.a(alt_io_redirect.o)
                0x0081b8cc                alt_io_redirect
 .text          0x0081b944      0x1c0 C:/Users/jchang3/Documents/ECE492/test/software/accelerometer_pen50sflash_bsp/\libucosii_bsp.a(alt_irq_register.o)
                0x0081b944                alt_irq_register
 .text          0x0081bb04        0x0 C:/Users/jchang3/Documents/ECE492/test/software/accelerometer_pen50sflash_bsp/\libucosii_bsp.a(alt_irq_vars.o)
 .text          0x0081bb04      0x2c4 C:/Users/jchang3/Documents/ECE492/test/software/accelerometer_pen50sflash_bsp/\libucosii_bsp.a(alt_open.o)
                0x0081bbe0                open
 .text          0x0081bdc8      0x1a8 C:/Users/jchang3/Documents/ECE492/test/software/accelerometer_pen50sflash_bsp/\libucosii_bsp.a(alt_tick.o)
                0x0081bdc8                alt_alarm_stop
                0x0081be60                alt_tick
 .text          0x0081bf70       0x20 C:/Users/jchang3/Documents/ECE492/test/software/accelerometer_pen50sflash_bsp/\libucosii_bsp.a(altera_nios2_qsys_irq.o)
                0x0081bf70                altera_nios2_qsys_irq_init
 .text          0x0081bf90       0xd0 C:/Users/jchang3/Documents/ECE492/test/software/accelerometer_pen50sflash_bsp/\libucosii_bsp.a(os_cpu_a.o)
                0x0081bf90                OSCtxSw
                0x0081bf90                OSIntCtxSw
                0x0081c01c                OSStartHighRdy
                0x0081c03c                OSStartTsk
 .text          0x0081c060      0x418 C:/Users/jchang3/Documents/ECE492/test/software/accelerometer_pen50sflash_bsp/\libucosii_bsp.a(os_cpu_c.o)
                0x0081c060                OSTaskStkInit
                0x0081c370                OSTaskCreateHook
                0x0081c390                OSTaskDelHook
                0x0081c3b0                OSTaskSwHook
                0x0081c3cc                OSTaskStatHook
                0x0081c3e8                OSTimeTickHook
                0x0081c404                OSInitHookBegin
                0x0081c420                OSInitHookEnd
                0x0081c43c                OSTaskIdleHook
                0x0081c458                OSTCBInitHook
 .text          0x0081c478      0x120 C:/Users/jchang3/Documents/ECE492/test/software/accelerometer_pen50sflash_bsp/\libucosii_bsp.a(alt_find_file.o)
                0x0081c478                alt_find_file
 .text          0x0081c598       0xf4 C:/Users/jchang3/Documents/ECE492/test/software/accelerometer_pen50sflash_bsp/\libucosii_bsp.a(alt_get_fd.o)
                0x0081c598                alt_get_fd
 .text          0x0081c68c        0x0 C:/Users/jchang3/Documents/ECE492/test/software/accelerometer_pen50sflash_bsp/\libucosii_bsp.a(alt_irq_entry.o)
 .text          0x0081c68c        0x0 C:/Users/jchang3/Documents/ECE492/test/software/accelerometer_pen50sflash_bsp/\libucosii_bsp.a(alt_irq_handler.o)
 .text          0x0081c68c        0x0 C:/Users/jchang3/Documents/ECE492/test/software/accelerometer_pen50sflash_bsp/\libucosii_bsp.a(alt_exception_entry.o)
 .text          0x0081c68c       0x14 c:/altera/12.1sp1/nios2eds/bin/gnu/h-i686-mingw32/bin/../lib/gcc/nios2-elf/4.1.2/../../../../nios2-elf/lib\libc.a(lib_a-atexit.o)
                0x0081c68c                atexit
 .text          0x0081c6a0       0x38 c:/altera/12.1sp1/nios2eds/bin/gnu/h-i686-mingw32/bin/../lib/gcc/nios2-elf/4.1.2/../../../../nios2-elf/lib\libc.a(lib_a-exit.o)
                0x0081c6a0                exit
 .text          0x0081c6d8       0x74 c:/altera/12.1sp1/nios2eds/bin/gnu/h-i686-mingw32/bin/../lib/gcc/nios2-elf/4.1.2/../../../../nios2-elf/lib\libc.a(lib_a-memcmp.o)
                0x0081c6d8                memcmp
 .text          0x0081c74c      0x1ec c:/altera/12.1sp1/nios2eds/bin/gnu/h-i686-mingw32/bin/../lib/gcc/nios2-elf/4.1.2/../../../../nios2-elf/lib\libc.a(lib_a-putc.o)
                0x0081c74c                putc
                0x0081c850                _putc_r
 .text          0x0081c938      0x14c c:/altera/12.1sp1/nios2eds/bin/gnu/h-i686-mingw32/bin/../lib/gcc/nios2-elf/4.1.2/../../../../nios2-elf/lib\libc.a(lib_a-wbuf.o)
                0x0081c938                __swbuf_r
                0x0081ca68                __swbuf
 .text          0x0081ca84      0x134 c:/altera/12.1sp1/nios2eds/bin/gnu/h-i686-mingw32/bin/../lib/gcc/nios2-elf/4.1.2/../../../../nios2-elf/lib\libc.a(lib_a-__atexit.o)
                0x0081ca84                __register_exitproc
 .text          0x0081cbb8      0x1b4 c:/altera/12.1sp1/nios2eds/bin/gnu/h-i686-mingw32/bin/../lib/gcc/nios2-elf/4.1.2/../../../../nios2-elf/lib\libc.a(lib_a-__call_atexit.o)
                0x0081cbbc                __call_exitprocs
 .text          0x0081cd6c       0x6c C:/Users/jchang3/Documents/ECE492/test/software/accelerometer_pen50sflash_bsp/\libucosii_bsp.a(alt_exit.o)
                0x0081cdac                _exit
 *(.gnu.warning.*)
 *(.fini)
                0x0081cdd8                PROVIDE (__etext, ABSOLUTE (.))
                0x0081cdd8                PROVIDE (_etext, ABSOLUTE (.))
                0x0081cdd8                PROVIDE (etext, ABSOLUTE (.))
 *(.eh_frame_hdr)
                0x0081cdd8                . = ALIGN (0x4)
                0x0081cdd8                PROVIDE (__preinit_array_start, ABSOLUTE (.))
 *(.preinit_array)
                0x0081cdd8                PROVIDE (__preinit_array_end, ABSOLUTE (.))
                0x0081cdd8                PROVIDE (__init_array_start, ABSOLUTE (.))
 *(.init_array)
                0x0081cdd8                PROVIDE (__init_array_end, ABSOLUTE (.))
                0x0081cdd8                PROVIDE (__fini_array_start, ABSOLUTE (.))
 *(.fini_array)
                0x0081cdd8                PROVIDE (__fini_array_end, ABSOLUTE (.))
 *(.eh_frame)
 *(.gcc_except_table)
 *(.dynamic)
                0x0081cdd8                PROVIDE (__CTOR_LIST__, ABSOLUTE (.))
 *(.ctors)
 *(SORT(.ctors.*))
 .ctors.65535   0x0081cdd8        0x4 c:/altera/12.1sp1/nios2eds/bin/gnu/h-i686-mingw32/bin/../lib/gcc/nios2-elf/4.1.2/../../../../nios2-elf/lib\libc.a(lib_a-__call_atexit.o)
                0x0081cddc                PROVIDE (__CTOR_END__, ABSOLUTE (.))
                0x0081cddc                PROVIDE (__DTOR_LIST__, ABSOLUTE (.))
 *(.dtors)
 *(SORT(.dtors.*))
                0x0081cddc                PROVIDE (__DTOR_END__, ABSOLUTE (.))
 *(.jcr)
                0x0081cddc                . = ALIGN (0x4)

.rodata         0x0081cddc      0xa28
                0x0081cddc                PROVIDE (__ram_rodata_start, ABSOLUTE (.))
                0x0081cddc                . = ALIGN (0x4)
 *(.rodata .rodata.* .gnu.linkonce.r.*)
 .rodata        0x0081cddc      0x564 obj/default/accelerometer_pen50sflash.o
 .rodata.str1.4
                0x0081d340        0x5 c:/altera/12.1sp1/nios2eds/bin/gnu/h-i686-mingw32/bin/../lib/gcc/nios2-elf/4.1.2/../../../../nios2-elf/lib\libm.a(lib_a-w_sqrt.o)
                                  0x8 (size before relaxing)
 *fill*         0x0081d345        0x3 00
 .rodata        0x0081d348       0x14 c:/altera/12.1sp1/nios2eds/bin/gnu/h-i686-mingw32/bin/../lib/gcc/nios2-elf/4.1.2\libgcc.a(_thenan_df.o)
                0x0081d348                __thenan_df
 .rodata        0x0081d35c      0x100 c:/altera/12.1sp1/nios2eds/bin/gnu/h-i686-mingw32/bin/../lib/gcc/nios2-elf/4.1.2\libgcc.a(_clz.o)
                0x0081d35c                __clz_tab
 .rodata.str1.4
                0x0081d45c        0x2 c:/altera/12.1sp1/nios2eds/bin/gnu/h-i686-mingw32/bin/../lib/gcc/nios2-elf/4.1.2/../../../../nios2-elf/lib\libc.a(lib_a-impure.o)
                                  0x4 (size before relaxing)
 *fill*         0x0081d45e        0x2 00
 .rodata.str1.4
                0x0081d460        0x2 c:/altera/12.1sp1/nios2eds/bin/gnu/h-i686-mingw32/bin/../lib/gcc/nios2-elf/4.1.2/../../../../nios2-elf/lib\libc.a(lib_a-puts.o)
                                  0x4 (size before relaxing)
 *fill*         0x0081d462        0x2 00
 .rodata.str1.4
                0x0081d464       0x5e c:/altera/12.1sp1/nios2eds/bin/gnu/h-i686-mingw32/bin/../lib/gcc/nios2-elf/4.1.2/../../../../nios2-elf/lib\libc.a(lib_a-vfprintf.o)
                                 0x60 (size before relaxing)
 .rodata        0x0081d4c2       0x20 c:/altera/12.1sp1/nios2eds/bin/gnu/h-i686-mingw32/bin/../lib/gcc/nios2-elf/4.1.2/../../../../nios2-elf/lib\libc.a(lib_a-vfprintf.o)
 *fill*         0x0081d4e2        0x2 00
 .rodata.str1.4
                0x0081d4e4       0x10 c:/altera/12.1sp1/nios2eds/bin/gnu/h-i686-mingw32/bin/../lib/gcc/nios2-elf/4.1.2/../../../../nios2-elf/lib\libc.a(lib_a-dtoa.o)
                                 0x14 (size before relaxing)
 .rodata.str1.4
                0x0081d4f4       0x10 c:/altera/12.1sp1/nios2eds/bin/gnu/h-i686-mingw32/bin/../lib/gcc/nios2-elf/4.1.2/../../../../nios2-elf/lib\libc.a(lib_a-locale.o)
                                 0x18 (size before relaxing)
 .rodata        0x0081d504       0x30 c:/altera/12.1sp1/nios2eds/bin/gnu/h-i686-mingw32/bin/../lib/gcc/nios2-elf/4.1.2/../../../../nios2-elf/lib\libc.a(lib_a-locale.o)
 .rodata        0x0081d534      0x124 c:/altera/12.1sp1/nios2eds/bin/gnu/h-i686-mingw32/bin/../lib/gcc/nios2-elf/4.1.2/../../../../nios2-elf/lib\libc.a(lib_a-mprec.o)
                0x0081d534                __mprec_tens
                0x0081d5fc                __mprec_bigtens
                0x0081d624                __mprec_tinytens
 .rodata        0x0081d658        0xc C:/Users/jchang3/Documents/ECE492/test/software/accelerometer_pen50sflash_bsp/\libucosii_bsp.a(alt_dev.o)
 .rodata        0x0081d664       0x14 C:/Users/jchang3/Documents/ECE492/test/software/accelerometer_pen50sflash_bsp/\libucosii_bsp.a(alt_main.o)
 .rodata        0x0081d678      0x120 C:/Users/jchang3/Documents/ECE492/test/software/accelerometer_pen50sflash_bsp/\libucosii_bsp.a(os_core.o)
                0x0081d678                OSUnMapTbl
 .rodata        0x0081d798       0x68 C:/Users/jchang3/Documents/ECE492/test/software/accelerometer_pen50sflash_bsp/\libucosii_bsp.a(alt_sys_init.o)
 .rodata        0x0081d800        0x4 C:/Users/jchang3/Documents/ECE492/test/software/accelerometer_pen50sflash_bsp/\libucosii_bsp.a(os_cpu_c.o)
 *(.rodata1)
                0x0081d804                . = ALIGN (0x4)
                0x0081d804                PROVIDE (__ram_rodata_end, ABSOLUTE (.))
                0x0081cddc                PROVIDE (__flash_rodata_start, LOADADDR (.rodata))

.rwdata         0x0081d804     0x1b6c
                0x0081d804                PROVIDE (__ram_rwdata_start, ABSOLUTE (.))
                0x0081d804                . = ALIGN (0x4)
 *(.got.plt)
 *(.got)
 *(.data1)
 *(.data .data.* .gnu.linkonce.d.*)
 .data          0x0081d804        0x0 C:/Users/jchang3/Documents/ECE492/test/software/accelerometer_pen50sflash_bsp//obj/HAL/src/crt0.o
 .data          0x0081d804        0x0 obj/default/accelerometer_pen50sflash.o
 .data          0x0081d804        0x0 obj/default/dtw.o
 .data          0x0081d804        0x0 c:/altera/12.1sp1/nios2eds/bin/gnu/h-i686-mingw32/bin/../lib/gcc/nios2-elf/4.1.2/../../../../nios2-elf/lib\libm.a(lib_a-w_sqrt.o)
 .data          0x0081d804        0x0 c:/altera/12.1sp1/nios2eds/bin/gnu/h-i686-mingw32/bin/../lib/gcc/nios2-elf/4.1.2/../../../../nios2-elf/lib\libm.a(lib_a-e_sqrt.o)
 .data          0x0081d804        0x0 c:/altera/12.1sp1/nios2eds/bin/gnu/h-i686-mingw32/bin/../lib/gcc/nios2-elf/4.1.2/../../../../nios2-elf/lib\libm.a(lib_a-s_isnand.o)
 .data          0x0081d804        0x0 c:/altera/12.1sp1/nios2eds/bin/gnu/h-i686-mingw32/bin/../lib/gcc/nios2-elf/4.1.2/../../../../nios2-elf/lib\libm.a(lib_a-s_lib_ver.o)
 .data          0x0081d804        0x0 c:/altera/12.1sp1/nios2eds/bin/gnu/h-i686-mingw32/bin/../lib/gcc/nios2-elf/4.1.2/../../../../nios2-elf/lib\libm.a(lib_a-s_matherr.o)
 .data          0x0081d804        0x0 c:/altera/12.1sp1/nios2eds/bin/gnu/h-i686-mingw32/bin/../lib/gcc/nios2-elf/4.1.2\libgcc.a(_muldi3.o)
 .data          0x0081d804        0x0 c:/altera/12.1sp1/nios2eds/bin/gnu/h-i686-mingw32/bin/../lib/gcc/nios2-elf/4.1.2\libgcc.a(_fixdfdi.o)
 .data          0x0081d804        0x0 c:/altera/12.1sp1/nios2eds/bin/gnu/h-i686-mingw32/bin/../lib/gcc/nios2-elf/4.1.2\libgcc.a(_fixunsdfdi.o)
 .data          0x0081d804        0x0 c:/altera/12.1sp1/nios2eds/bin/gnu/h-i686-mingw32/bin/../lib/gcc/nios2-elf/4.1.2\libgcc.a(_floatdidf.o)
 .data          0x0081d804        0x0 c:/altera/12.1sp1/nios2eds/bin/gnu/h-i686-mingw32/bin/../lib/gcc/nios2-elf/4.1.2\libgcc.a(_addsub_df.o)
 .data          0x0081d804        0x0 c:/altera/12.1sp1/nios2eds/bin/gnu/h-i686-mingw32/bin/../lib/gcc/nios2-elf/4.1.2\libgcc.a(_mul_df.o)
 .data          0x0081d804        0x0 c:/altera/12.1sp1/nios2eds/bin/gnu/h-i686-mingw32/bin/../lib/gcc/nios2-elf/4.1.2\libgcc.a(_div_df.o)
 .data          0x0081d804        0x0 c:/altera/12.1sp1/nios2eds/bin/gnu/h-i686-mingw32/bin/../lib/gcc/nios2-elf/4.1.2\libgcc.a(_lt_df.o)
 .data          0x0081d804        0x0 c:/altera/12.1sp1/nios2eds/bin/gnu/h-i686-mingw32/bin/../lib/gcc/nios2-elf/4.1.2\libgcc.a(_si_to_df.o)
 .data          0x0081d804        0x0 c:/altera/12.1sp1/nios2eds/bin/gnu/h-i686-mingw32/bin/../lib/gcc/nios2-elf/4.1.2\libgcc.a(_df_to_si.o)
 .data          0x0081d804        0x0 c:/altera/12.1sp1/nios2eds/bin/gnu/h-i686-mingw32/bin/../lib/gcc/nios2-elf/4.1.2\libgcc.a(_thenan_df.o)
 .data          0x0081d804        0x0 c:/altera/12.1sp1/nios2eds/bin/gnu/h-i686-mingw32/bin/../lib/gcc/nios2-elf/4.1.2\libgcc.a(_usi_to_df.o)
 .data          0x0081d804        0x0 c:/altera/12.1sp1/nios2eds/bin/gnu/h-i686-mingw32/bin/../lib/gcc/nios2-elf/4.1.2\libgcc.a(_clzsi2.o)
 .data          0x0081d804        0x0 c:/altera/12.1sp1/nios2eds/bin/gnu/h-i686-mingw32/bin/../lib/gcc/nios2-elf/4.1.2\libgcc.a(_fixunsdfsi.o)
 .data          0x0081d804        0x0 c:/altera/12.1sp1/nios2eds/bin/gnu/h-i686-mingw32/bin/../lib/gcc/nios2-elf/4.1.2\libgcc.a(_pack_df.o)
 .data          0x0081d804        0x0 c:/altera/12.1sp1/nios2eds/bin/gnu/h-i686-mingw32/bin/../lib/gcc/nios2-elf/4.1.2\libgcc.a(_unpack_df.o)
 .data          0x0081d804        0x0 c:/altera/12.1sp1/nios2eds/bin/gnu/h-i686-mingw32/bin/../lib/gcc/nios2-elf/4.1.2\libgcc.a(_fpcmp_parts_df.o)
 .data          0x0081d804        0x0 c:/altera/12.1sp1/nios2eds/bin/gnu/h-i686-mingw32/bin/../lib/gcc/nios2-elf/4.1.2\libgcc.a(_ge_df.o)
 .data          0x0081d804        0x0 c:/altera/12.1sp1/nios2eds/bin/gnu/h-i686-mingw32/bin/../lib/gcc/nios2-elf/4.1.2\libgcc.a(_clz.o)
 .data          0x0081d804        0x0 c:/altera/12.1sp1/nios2eds/bin/gnu/h-i686-mingw32/bin/../lib/gcc/nios2-elf/4.1.2/../../../../nios2-elf/lib\libc.a(lib_a-errno.o)
 .data          0x0081d804      0x400 c:/altera/12.1sp1/nios2eds/bin/gnu/h-i686-mingw32/bin/../lib/gcc/nios2-elf/4.1.2/../../../../nios2-elf/lib\libc.a(lib_a-impure.o)
 .data          0x0081dc04        0x0 c:/altera/12.1sp1/nios2eds/bin/gnu/h-i686-mingw32/bin/../lib/gcc/nios2-elf/4.1.2/../../../../nios2-elf/lib\libc.a(lib_a-printf.o)
 .data          0x0081dc04        0x0 c:/altera/12.1sp1/nios2eds/bin/gnu/h-i686-mingw32/bin/../lib/gcc/nios2-elf/4.1.2/../../../../nios2-elf/lib\libc.a(lib_a-puts.o)
 .data          0x0081dc04        0x0 c:/altera/12.1sp1/nios2eds/bin/gnu/h-i686-mingw32/bin/../lib/gcc/nios2-elf/4.1.2/../../../../nios2-elf/lib\libc.a(lib_a-snprintf.o)
 .data          0x0081dc04        0x0 c:/altera/12.1sp1/nios2eds/bin/gnu/h-i686-mingw32/bin/../lib/gcc/nios2-elf/4.1.2/../../../../nios2-elf/lib\libc.a(lib_a-strlen.o)
 .data          0x0081dc04        0x0 c:/altera/12.1sp1/nios2eds/bin/gnu/h-i686-mingw32/bin/../lib/gcc/nios2-elf/4.1.2/../../../../nios2-elf/lib\libc.a(lib_a-vfprintf.o)
 .data          0x0081dc04        0x0 c:/altera/12.1sp1/nios2eds/bin/gnu/h-i686-mingw32/bin/../lib/gcc/nios2-elf/4.1.2/../../../../nios2-elf/lib\libc.a(lib_a-wsetup.o)
 .data          0x0081dc04        0x0 c:/altera/12.1sp1/nios2eds/bin/gnu/h-i686-mingw32/bin/../lib/gcc/nios2-elf/4.1.2/../../../../nios2-elf/lib\libc.a(lib_a-dtoa.o)
 .data          0x0081dc04        0x0 c:/altera/12.1sp1/nios2eds/bin/gnu/h-i686-mingw32/bin/../lib/gcc/nios2-elf/4.1.2/../../../../nios2-elf/lib\libc.a(lib_a-fflush.o)
 .data          0x0081dc04        0x0 c:/altera/12.1sp1/nios2eds/bin/gnu/h-i686-mingw32/bin/../lib/gcc/nios2-elf/4.1.2/../../../../nios2-elf/lib\libc.a(lib_a-findfp.o)
 .data          0x0081dc04        0x0 c:/altera/12.1sp1/nios2eds/bin/gnu/h-i686-mingw32/bin/../lib/gcc/nios2-elf/4.1.2/../../../../nios2-elf/lib\libc.a(lib_a-freer.o)
 .data          0x0081dc04        0x0 c:/altera/12.1sp1/nios2eds/bin/gnu/h-i686-mingw32/bin/../lib/gcc/nios2-elf/4.1.2/../../../../nios2-elf/lib\libc.a(lib_a-fvwrite.o)
 .data          0x0081dc04        0x0 c:/altera/12.1sp1/nios2eds/bin/gnu/h-i686-mingw32/bin/../lib/gcc/nios2-elf/4.1.2/../../../../nios2-elf/lib\libc.a(lib_a-fwalk.o)
 .data          0x0081dc04        0xc c:/altera/12.1sp1/nios2eds/bin/gnu/h-i686-mingw32/bin/../lib/gcc/nios2-elf/4.1.2/../../../../nios2-elf/lib\libc.a(lib_a-locale.o)
                0x0081dc04                __lc_ctype
 .data          0x0081dc10        0x0 c:/altera/12.1sp1/nios2eds/bin/gnu/h-i686-mingw32/bin/../lib/gcc/nios2-elf/4.1.2/../../../../nios2-elf/lib\libc.a(lib_a-makebuf.o)
 .data          0x0081dc10      0x408 c:/altera/12.1sp1/nios2eds/bin/gnu/h-i686-mingw32/bin/../lib/gcc/nios2-elf/4.1.2/../../../../nios2-elf/lib\libc.a(lib_a-mallocr.o)
                0x0081dc10                __malloc_av_
 .data          0x0081e018        0x0 c:/altera/12.1sp1/nios2eds/bin/gnu/h-i686-mingw32/bin/../lib/gcc/nios2-elf/4.1.2/../../../../nios2-elf/lib\libc.a(lib_a-memchr.o)
 .data          0x0081e018        0x0 c:/altera/12.1sp1/nios2eds/bin/gnu/h-i686-mingw32/bin/../lib/gcc/nios2-elf/4.1.2/../../../../nios2-elf/lib\libc.a(lib_a-memcpy.o)
 .data          0x0081e018        0x0 c:/altera/12.1sp1/nios2eds/bin/gnu/h-i686-mingw32/bin/../lib/gcc/nios2-elf/4.1.2/../../../../nios2-elf/lib\libc.a(lib_a-memmove.o)
 .data          0x0081e018        0x0 c:/altera/12.1sp1/nios2eds/bin/gnu/h-i686-mingw32/bin/../lib/gcc/nios2-elf/4.1.2/../../../../nios2-elf/lib\libc.a(lib_a-memset.o)
 .data          0x0081e018        0x0 c:/altera/12.1sp1/nios2eds/bin/gnu/h-i686-mingw32/bin/../lib/gcc/nios2-elf/4.1.2/../../../../nios2-elf/lib\libc.a(lib_a-mprec.o)
 .data          0x0081e018        0x0 c:/altera/12.1sp1/nios2eds/bin/gnu/h-i686-mingw32/bin/../lib/gcc/nios2-elf/4.1.2/../../../../nios2-elf/lib\libc.a(lib_a-reallocr.o)
 .data          0x0081e018        0x0 c:/altera/12.1sp1/nios2eds/bin/gnu/h-i686-mingw32/bin/../lib/gcc/nios2-elf/4.1.2/../../../../nios2-elf/lib\libc.a(lib_a-s_isinfd.o)
 .data          0x0081e018        0x0 c:/altera/12.1sp1/nios2eds/bin/gnu/h-i686-mingw32/bin/../lib/gcc/nios2-elf/4.1.2/../../../../nios2-elf/lib\libc.a(lib_a-sbrkr.o)
 .data          0x0081e018        0x0 c:/altera/12.1sp1/nios2eds/bin/gnu/h-i686-mingw32/bin/../lib/gcc/nios2-elf/4.1.2/../../../../nios2-elf/lib\libc.a(lib_a-stdio.o)
 .data          0x0081e018        0x0 c:/altera/12.1sp1/nios2eds/bin/gnu/h-i686-mingw32/bin/../lib/gcc/nios2-elf/4.1.2/../../../../nios2-elf/lib\libc.a(lib_a-strcmp.o)
 .data          0x0081e018        0x0 c:/altera/12.1sp1/nios2eds/bin/gnu/h-i686-mingw32/bin/../lib/gcc/nios2-elf/4.1.2/../../../../nios2-elf/lib\libc.a(lib_a-writer.o)
 .data          0x0081e018        0x0 c:/altera/12.1sp1/nios2eds/bin/gnu/h-i686-mingw32/bin/../lib/gcc/nios2-elf/4.1.2/../../../../nios2-elf/lib\libc.a(lib_a-callocr.o)
 .data          0x0081e018        0x0 c:/altera/12.1sp1/nios2eds/bin/gnu/h-i686-mingw32/bin/../lib/gcc/nios2-elf/4.1.2/../../../../nios2-elf/lib\libc.a(lib_a-closer.o)
 .data          0x0081e018        0x0 c:/altera/12.1sp1/nios2eds/bin/gnu/h-i686-mingw32/bin/../lib/gcc/nios2-elf/4.1.2/../../../../nios2-elf/lib\libc.a(lib_a-fclose.o)
 .data          0x0081e018        0x0 c:/altera/12.1sp1/nios2eds/bin/gnu/h-i686-mingw32/bin/../lib/gcc/nios2-elf/4.1.2/../../../../nios2-elf/lib\libc.a(lib_a-fstatr.o)
 .data          0x0081e018        0x0 c:/altera/12.1sp1/nios2eds/bin/gnu/h-i686-mingw32/bin/../lib/gcc/nios2-elf/4.1.2/../../../../nios2-elf/lib\libc.a(lib_a-int_errno.o)
 .data          0x0081e018        0x0 c:/altera/12.1sp1/nios2eds/bin/gnu/h-i686-mingw32/bin/../lib/gcc/nios2-elf/4.1.2/../../../../nios2-elf/lib\libc.a(lib_a-isattyr.o)
 .data          0x0081e018        0x0 c:/altera/12.1sp1/nios2eds/bin/gnu/h-i686-mingw32/bin/../lib/gcc/nios2-elf/4.1.2/../../../../nios2-elf/lib\libc.a(lib_a-lseekr.o)
 .data          0x0081e018        0x0 c:/altera/12.1sp1/nios2eds/bin/gnu/h-i686-mingw32/bin/../lib/gcc/nios2-elf/4.1.2/../../../../nios2-elf/lib\libc.a(lib_a-readr.o)
 .data          0x0081e018        0x0 c:/altera/12.1sp1/nios2eds/bin/gnu/h-i686-mingw32/bin/../lib/gcc/nios2-elf/4.1.2\libgcc.a(_udivdi3.o)
 .data          0x0081e018        0x0 c:/altera/12.1sp1/nios2eds/bin/gnu/h-i686-mingw32/bin/../lib/gcc/nios2-elf/4.1.2\libgcc.a(_umoddi3.o)
 .data          0x0081e018        0x0 c:/altera/12.1sp1/nios2eds/bin/gnu/h-i686-mingw32/bin/../lib/gcc/nios2-elf/4.1.2\libgcc.a(_eq_df.o)
 .data          0x0081e018        0x0 c:/altera/12.1sp1/nios2eds/bin/gnu/h-i686-mingw32/bin/../lib/gcc/nios2-elf/4.1.2\libgcc.a(_ne_df.o)
 .data          0x0081e018        0x0 c:/altera/12.1sp1/nios2eds/bin/gnu/h-i686-mingw32/bin/../lib/gcc/nios2-elf/4.1.2\libgcc.a(_gt_df.o)
 .data          0x0081e018        0x0 c:/altera/12.1sp1/nios2eds/bin/gnu/h-i686-mingw32/bin/../lib/gcc/nios2-elf/4.1.2\libgcc.a(lib2-divmod.o)
 .data          0x0081e018        0x0 C:/Users/jchang3/Documents/ECE492/test/software/accelerometer_pen50sflash_bsp/\libucosii_bsp.a(alt_close.o)
 .data          0x0081e018      0x1a8 C:/Users/jchang3/Documents/ECE492/test/software/accelerometer_pen50sflash_bsp/\libucosii_bsp.a(alt_dev.o)
                0x0081e018                alt_dev_null
                0x0081e040                alt_fd_list
 .data          0x0081e1c0        0x0 C:/Users/jchang3/Documents/ECE492/test/software/accelerometer_pen50sflash_bsp/\libucosii_bsp.a(alt_errno.o)
 .data          0x0081e1c0        0x0 C:/Users/jchang3/Documents/ECE492/test/software/accelerometer_pen50sflash_bsp/\libucosii_bsp.a(alt_fstat.o)
 .data          0x0081e1c0        0x0 C:/Users/jchang3/Documents/ECE492/test/software/accelerometer_pen50sflash_bsp/\libucosii_bsp.a(alt_isatty.o)
 .data          0x0081e1c0        0x0 C:/Users/jchang3/Documents/ECE492/test/software/accelerometer_pen50sflash_bsp/\libucosii_bsp.a(alt_lseek.o)
 .data          0x0081e1c0        0x0 C:/Users/jchang3/Documents/ECE492/test/software/accelerometer_pen50sflash_bsp/\libucosii_bsp.a(alt_main.o)
 .data          0x0081e1c0        0x0 C:/Users/jchang3/Documents/ECE492/test/software/accelerometer_pen50sflash_bsp/\libucosii_bsp.a(alt_printf.o)
 .data          0x0081e1c0        0x0 C:/Users/jchang3/Documents/ECE492/test/software/accelerometer_pen50sflash_bsp/\libucosii_bsp.a(alt_putchar.o)
 .data          0x0081e1c0        0x0 C:/Users/jchang3/Documents/ECE492/test/software/accelerometer_pen50sflash_bsp/\libucosii_bsp.a(alt_read.o)
 .data          0x0081e1c0        0x0 C:/Users/jchang3/Documents/ECE492/test/software/accelerometer_pen50sflash_bsp/\libucosii_bsp.a(alt_release_fd.o)
 .data          0x0081e1c0        0x0 C:/Users/jchang3/Documents/ECE492/test/software/accelerometer_pen50sflash_bsp/\libucosii_bsp.a(alt_sbrk.o)
 .data          0x0081e1c0        0x0 C:/Users/jchang3/Documents/ECE492/test/software/accelerometer_pen50sflash_bsp/\libucosii_bsp.a(alt_write.o)
 .data          0x0081e1c0        0x0 C:/Users/jchang3/Documents/ECE492/test/software/accelerometer_pen50sflash_bsp/\libucosii_bsp.a(alt_env_lock.o)
 .data          0x0081e1c0        0x0 C:/Users/jchang3/Documents/ECE492/test/software/accelerometer_pen50sflash_bsp/\libucosii_bsp.a(alt_malloc_lock.o)
 .data          0x0081e1c0        0x0 C:/Users/jchang3/Documents/ECE492/test/software/accelerometer_pen50sflash_bsp/\libucosii_bsp.a(os_core.o)
 .data          0x0081e1c0        0x0 C:/Users/jchang3/Documents/ECE492/test/software/accelerometer_pen50sflash_bsp/\libucosii_bsp.a(os_dbg.o)
 .data          0x0081e1c0        0x0 C:/Users/jchang3/Documents/ECE492/test/software/accelerometer_pen50sflash_bsp/\libucosii_bsp.a(os_flag.o)
 .data          0x0081e1c0        0x0 C:/Users/jchang3/Documents/ECE492/test/software/accelerometer_pen50sflash_bsp/\libucosii_bsp.a(os_mem.o)
 .data          0x0081e1c0        0x0 C:/Users/jchang3/Documents/ECE492/test/software/accelerometer_pen50sflash_bsp/\libucosii_bsp.a(os_q.o)
 .data          0x0081e1c0        0x0 C:/Users/jchang3/Documents/ECE492/test/software/accelerometer_pen50sflash_bsp/\libucosii_bsp.a(os_sem.o)
 .data          0x0081e1c0        0x0 C:/Users/jchang3/Documents/ECE492/test/software/accelerometer_pen50sflash_bsp/\libucosii_bsp.a(os_task.o)
 .data          0x0081e1c0        0x0 C:/Users/jchang3/Documents/ECE492/test/software/accelerometer_pen50sflash_bsp/\libucosii_bsp.a(os_time.o)
 .data          0x0081e1c0     0x10f0 C:/Users/jchang3/Documents/ECE492/test/software/accelerometer_pen50sflash_bsp/\libucosii_bsp.a(alt_sys_init.o)
 .data          0x0081f2b0        0x0 C:/Users/jchang3/Documents/ECE492/test/software/accelerometer_pen50sflash_bsp/\libucosii_bsp.a(altera_avalon_jtag_uart_fd.o)
 .data          0x0081f2b0        0x0 C:/Users/jchang3/Documents/ECE492/test/software/accelerometer_pen50sflash_bsp/\libucosii_bsp.a(altera_avalon_jtag_uart_init.o)
 .data          0x0081f2b0        0x0 C:/Users/jchang3/Documents/ECE492/test/software/accelerometer_pen50sflash_bsp/\libucosii_bsp.a(altera_avalon_jtag_uart_ioctl.o)
 .data          0x0081f2b0        0x0 C:/Users/jchang3/Documents/ECE492/test/software/accelerometer_pen50sflash_bsp/\libucosii_bsp.a(altera_avalon_jtag_uart_read.o)
 .data          0x0081f2b0        0x0 C:/Users/jchang3/Documents/ECE492/test/software/accelerometer_pen50sflash_bsp/\libucosii_bsp.a(altera_avalon_jtag_uart_write.o)
 .data          0x0081f2b0        0x0 C:/Users/jchang3/Documents/ECE492/test/software/accelerometer_pen50sflash_bsp/\libucosii_bsp.a(altera_avalon_timer_sc.o)
 .data          0x0081f2b0        0x0 C:/Users/jchang3/Documents/ECE492/test/software/accelerometer_pen50sflash_bsp/\libucosii_bsp.a(altera_up_avalon_character_lcd.o)
 .data          0x0081f2b0        0x0 C:/Users/jchang3/Documents/ECE492/test/software/accelerometer_pen50sflash_bsp/\libucosii_bsp.a(altera_up_avalon_rs232.o)
 .data          0x0081f2b0        0x0 C:/Users/jchang3/Documents/ECE492/test/software/accelerometer_pen50sflash_bsp/\libucosii_bsp.a(altera_up_sd_card_avalon_interface.o)
 .data          0x0081f2b0        0x0 C:/Users/jchang3/Documents/ECE492/test/software/accelerometer_pen50sflash_bsp/\libucosii_bsp.a(alt_alarm_start.o)
 .data          0x0081f2b0        0x0 C:/Users/jchang3/Documents/ECE492/test/software/accelerometer_pen50sflash_bsp/\libucosii_bsp.a(alt_dev_llist_insert.o)
 .data          0x0081f2b0        0x0 C:/Users/jchang3/Documents/ECE492/test/software/accelerometer_pen50sflash_bsp/\libucosii_bsp.a(alt_do_ctors.o)
 .data          0x0081f2b0        0x0 C:/Users/jchang3/Documents/ECE492/test/software/accelerometer_pen50sflash_bsp/\libucosii_bsp.a(alt_do_dtors.o)
 .data          0x0081f2b0        0x0 C:/Users/jchang3/Documents/ECE492/test/software/accelerometer_pen50sflash_bsp/\libucosii_bsp.a(alt_find_dev.o)
 .data          0x0081f2b0        0x0 C:/Users/jchang3/Documents/ECE492/test/software/accelerometer_pen50sflash_bsp/\libucosii_bsp.a(alt_io_redirect.o)
 .data          0x0081f2b0        0x0 C:/Users/jchang3/Documents/ECE492/test/software/accelerometer_pen50sflash_bsp/\libucosii_bsp.a(alt_irq_register.o)
 .data          0x0081f2b0        0x0 C:/Users/jchang3/Documents/ECE492/test/software/accelerometer_pen50sflash_bsp/\libucosii_bsp.a(alt_irq_vars.o)
 .data          0x0081f2b0        0x0 C:/Users/jchang3/Documents/ECE492/test/software/accelerometer_pen50sflash_bsp/\libucosii_bsp.a(alt_open.o)
 .data          0x0081f2b0        0x0 C:/Users/jchang3/Documents/ECE492/test/software/accelerometer_pen50sflash_bsp/\libucosii_bsp.a(alt_tick.o)
 .data          0x0081f2b0        0x0 C:/Users/jchang3/Documents/ECE492/test/software/accelerometer_pen50sflash_bsp/\libucosii_bsp.a(altera_nios2_qsys_irq.o)
 .data          0x0081f2b0        0x0 C:/Users/jchang3/Documents/ECE492/test/software/accelerometer_pen50sflash_bsp/\libucosii_bsp.a(os_cpu_a.o)
 .data          0x0081f2b0        0x0 C:/Users/jchang3/Documents/ECE492/test/software/accelerometer_pen50sflash_bsp/\libucosii_bsp.a(os_cpu_c.o)
 .data          0x0081f2b0        0x0 C:/Users/jchang3/Documents/ECE492/test/software/accelerometer_pen50sflash_bsp/\libucosii_bsp.a(alt_find_file.o)
 .data          0x0081f2b0        0x0 C:/Users/jchang3/Documents/ECE492/test/software/accelerometer_pen50sflash_bsp/\libucosii_bsp.a(alt_get_fd.o)
 .data          0x0081f2b0        0x0 C:/Users/jchang3/Documents/ECE492/test/software/accelerometer_pen50sflash_bsp/\libucosii_bsp.a(alt_irq_entry.o)
 .data          0x0081f2b0        0x0 C:/Users/jchang3/Documents/ECE492/test/software/accelerometer_pen50sflash_bsp/\libucosii_bsp.a(alt_irq_handler.o)
 .data          0x0081f2b0        0x0 C:/Users/jchang3/Documents/ECE492/test/software/accelerometer_pen50sflash_bsp/\libucosii_bsp.a(alt_exception_entry.o)
 .data          0x0081f2b0        0x0 c:/altera/12.1sp1/nios2eds/bin/gnu/h-i686-mingw32/bin/../lib/gcc/nios2-elf/4.1.2/../../../../nios2-elf/lib\libc.a(lib_a-atexit.o)
 .data          0x0081f2b0        0x0 c:/altera/12.1sp1/nios2eds/bin/gnu/h-i686-mingw32/bin/../lib/gcc/nios2-elf/4.1.2/../../../../nios2-elf/lib\libc.a(lib_a-exit.o)
 .data          0x0081f2b0        0x0 c:/altera/12.1sp1/nios2eds/bin/gnu/h-i686-mingw32/bin/../lib/gcc/nios2-elf/4.1.2/../../../../nios2-elf/lib\libc.a(lib_a-memcmp.o)
 .data          0x0081f2b0        0x0 c:/altera/12.1sp1/nios2eds/bin/gnu/h-i686-mingw32/bin/../lib/gcc/nios2-elf/4.1.2/../../../../nios2-elf/lib\libc.a(lib_a-putc.o)
 .data          0x0081f2b0        0x0 c:/altera/12.1sp1/nios2eds/bin/gnu/h-i686-mingw32/bin/../lib/gcc/nios2-elf/4.1.2/../../../../nios2-elf/lib\libc.a(lib_a-wbuf.o)
 .data          0x0081f2b0        0x0 c:/altera/12.1sp1/nios2eds/bin/gnu/h-i686-mingw32/bin/../lib/gcc/nios2-elf/4.1.2/../../../../nios2-elf/lib\libc.a(lib_a-__atexit.o)
 .data          0x0081f2b0        0x0 c:/altera/12.1sp1/nios2eds/bin/gnu/h-i686-mingw32/bin/../lib/gcc/nios2-elf/4.1.2/../../../../nios2-elf/lib\libc.a(lib_a-__call_atexit.o)
 .data          0x0081f2b0        0x0 C:/Users/jchang3/Documents/ECE492/test/software/accelerometer_pen50sflash_bsp/\libucosii_bsp.a(alt_exit.o)
                0x008272b0                _gp = ABSOLUTE ((. + 0x8000))
                0x008272b0                PROVIDE (gp, _gp)
 *(.rwdata .rwdata.*)
 *(.sdata .sdata.* .gnu.linkonce.s.*)
 .sdata         0x0081f2b0        0x4 c:/altera/12.1sp1/nios2eds/bin/gnu/h-i686-mingw32/bin/../lib/gcc/nios2-elf/4.1.2/../../../../nios2-elf/lib\libm.a(lib_a-s_lib_ver.o)
                0x0081f2b0                __fdlib_version
 .sdata         0x0081f2b4        0x8 c:/altera/12.1sp1/nios2eds/bin/gnu/h-i686-mingw32/bin/../lib/gcc/nios2-elf/4.1.2/../../../../nios2-elf/lib\libc.a(lib_a-impure.o)
                0x0081f2b4                _impure_ptr
                0x0081f2b8                _global_impure_ptr
 .sdata         0x0081f2bc        0x8 c:/altera/12.1sp1/nios2eds/bin/gnu/h-i686-mingw32/bin/../lib/gcc/nios2-elf/4.1.2/../../../../nios2-elf/lib\libc.a(lib_a-locale.o)
                0x0081f2bc                __mb_cur_max
 .sdata         0x0081f2c4        0x8 c:/altera/12.1sp1/nios2eds/bin/gnu/h-i686-mingw32/bin/../lib/gcc/nios2-elf/4.1.2/../../../../nios2-elf/lib\libc.a(lib_a-mallocr.o)
                0x0081f2c4                __malloc_trim_threshold
                0x0081f2c8                __malloc_sbrk_base
 .sdata         0x0081f2cc       0x14 C:/Users/jchang3/Documents/ECE492/test/software/accelerometer_pen50sflash_bsp/\libucosii_bsp.a(alt_dev.o)
                0x0081f2cc                alt_fs_list
                0x0081f2d4                alt_dev_list
                0x0081f2dc                alt_max_fd
 .sdata         0x0081f2e0        0x4 C:/Users/jchang3/Documents/ECE492/test/software/accelerometer_pen50sflash_bsp/\libucosii_bsp.a(alt_errno.o)
                0x0081f2e0                alt_errno
 .sdata         0x0081f2e4        0x4 C:/Users/jchang3/Documents/ECE492/test/software/accelerometer_pen50sflash_bsp/\libucosii_bsp.a(alt_sbrk.o)
 .sdata         0x0081f2e8        0x4 C:/Users/jchang3/Documents/ECE492/test/software/accelerometer_pen50sflash_bsp/\libucosii_bsp.a(alt_env_lock.o)
 .sdata         0x0081f2ec        0x4 C:/Users/jchang3/Documents/ECE492/test/software/accelerometer_pen50sflash_bsp/\libucosii_bsp.a(alt_malloc_lock.o)
 .sdata         0x0081f2f0       0x74 C:/Users/jchang3/Documents/ECE492/test/software/accelerometer_pen50sflash_bsp/\libucosii_bsp.a(os_dbg.o)
                0x0081f2f0                OSDebugEn
                0x0081f2f4                OSEndiannessTest
                0x0081f2f8                OSEventEn
                0x0081f2fa                OSEventMax
                0x0081f2fc                OSEventNameSize
                0x0081f2fe                OSEventSize
                0x0081f300                OSEventTblSize
                0x0081f302                OSEventMultiEn
                0x0081f304                OSFlagEn
                0x0081f306                OSFlagGrpSize
                0x0081f308                OSFlagNodeSize
                0x0081f30a                OSFlagWidth
                0x0081f30c                OSFlagMax
                0x0081f30e                OSFlagNameSize
                0x0081f310                OSLowestPrio
                0x0081f312                OSMboxEn
                0x0081f314                OSMemEn
                0x0081f316                OSMemMax
                0x0081f318                OSMemNameSize
                0x0081f31a                OSMemSize
                0x0081f31c                OSMemTblSize
                0x0081f31e                OSMutexEn
                0x0081f320                OSPtrSize
                0x0081f322                OSQEn
                0x0081f324                OSQMax
                0x0081f326                OSQSize
                0x0081f328                OSRdyTblSize
                0x0081f32a                OSSemEn
                0x0081f32c                OSStkWidth
                0x0081f32e                OSTaskCreateEn
                0x0081f330                OSTaskCreateExtEn
                0x0081f332                OSTaskDelEn
                0x0081f334                OSTaskIdleStkSize
                0x0081f336                OSTaskProfileEn
                0x0081f338                OSTaskMax
                0x0081f33a                OSTaskNameSize
                0x0081f33c                OSTaskStatEn
                0x0081f33e                OSTaskStatStkSize
                0x0081f340                OSTaskStatStkChkEn
                0x0081f342                OSTaskSwHookEn
                0x0081f344                OSTCBPrioTblMax
                0x0081f346                OSTCBSize
                0x0081f348                OSTicksPerSec
                0x0081f34a                OSTimeTickHookEn
                0x0081f34c                OSVersionNbr
                0x0081f34e                OSTmrEn
                0x0081f350                OSTmrCfgMax
                0x0081f352                OSTmrCfgNameSize
                0x0081f354                OSTmrCfgWheelSize
                0x0081f356                OSTmrCfgTicksPerSec
                0x0081f358                OSTmrSize
                0x0081f35a                OSTmrTblSize
                0x0081f35c                OSTmrWheelSize
                0x0081f35e                OSTmrWheelTblSize
                0x0081f360                OSDataSize
 .sdata         0x0081f364        0x4 C:/Users/jchang3/Documents/ECE492/test/software/accelerometer_pen50sflash_bsp/\libucosii_bsp.a(alt_irq_vars.o)
                0x0081f364                alt_priority_mask
 .sdata         0x0081f368        0x8 C:/Users/jchang3/Documents/ECE492/test/software/accelerometer_pen50sflash_bsp/\libucosii_bsp.a(alt_tick.o)
                0x0081f368                alt_alarm_list
 *(.sdata2 .sdata2.* .gnu.linkonce.s2.*)
                0x0081f370                . = ALIGN (0x4)
                0x0081f370                _edata = ABSOLUTE (.)
                0x0081f370                PROVIDE (edata, ABSOLUTE (.))
                0x0081f370                PROVIDE (__ram_rwdata_end, ABSOLUTE (.))
                0x0081d804                PROVIDE (__flash_rwdata_start, LOADADDR (.rwdata))

.bss            0x0081f370    0x18054
                0x0081f370                __bss_start = ABSOLUTE (.)
                0x0081f370                PROVIDE (__sbss_start, ABSOLUTE (.))
                0x0081f370                PROVIDE (___sbss_start, ABSOLUTE (.))
 *(.dynsbss)
 *(.sbss .sbss.* .gnu.linkonce.sb.*)
 .sbss          0x0081f370       0x54 obj/default/accelerometer_pen50sflash.o
                0x0081f370                lcdmessage
                0x0081f374                t
                0x0081f378                template_number
                0x0081f37c                pCharacter
                0x0081f380                dtw_semy
                0x0081f384                dtwy
                0x0081f388                semy
                0x0081f38c                readsem
                0x0081f390                loadsdcardsem
                0x0081f394                writesem
                0x0081f398                configuresem
                0x0081f39c                uartsem
                0x0081f3a0                message
                0x0081f3a4                dtwx
                0x0081f3a8                dtw_sem
                0x0081f3ac                dtw_semx
                0x0081f3b0                loadsem
                0x0081f3b4                err
                0x0081f3b8                semx
                0x0081f3bc                modeselectsem
                0x0081f3c0                SWQ
 .sbss          0x0081f3c4        0xc c:/altera/12.1sp1/nios2eds/bin/gnu/h-i686-mingw32/bin/../lib/gcc/nios2-elf/4.1.2/../../../../nios2-elf/lib\libc.a(lib_a-locale.o)
                0x0081f3c4                __nlocale_changed
                0x0081f3c8                __mlocale_changed
                0x0081f3cc                _PathLocale
 .sbss          0x0081f3d0        0xc c:/altera/12.1sp1/nios2eds/bin/gnu/h-i686-mingw32/bin/../lib/gcc/nios2-elf/4.1.2/../../../../nios2-elf/lib\libc.a(lib_a-mallocr.o)
                0x0081f3d0                __malloc_top_pad
                0x0081f3d4                __malloc_max_sbrked_mem
                0x0081f3d8                __malloc_max_total_mem
 .sbss          0x0081f3dc        0x4 c:/altera/12.1sp1/nios2eds/bin/gnu/h-i686-mingw32/bin/../lib/gcc/nios2-elf/4.1.2/../../../../nios2-elf/lib\libc.a(lib_a-int_errno.o)
                0x0081f3dc                errno
 .sbss          0x0081f3e0        0x4 C:/Users/jchang3/Documents/ECE492/test/software/accelerometer_pen50sflash_bsp/\libucosii_bsp.a(alt_dev.o)
                0x0081f3e0                alt_fd_list_lock
 .sbss          0x0081f3e4        0xc C:/Users/jchang3/Documents/ECE492/test/software/accelerometer_pen50sflash_bsp/\libucosii_bsp.a(alt_main.o)
                0x0081f3e4                alt_argc
                0x0081f3e8                alt_argv
                0x0081f3ec                alt_envp
 .sbss          0x0081f3f0        0x8 C:/Users/jchang3/Documents/ECE492/test/software/accelerometer_pen50sflash_bsp/\libucosii_bsp.a(alt_env_lock.o)
                0x0081f3f4                alt_envsem
 .sbss          0x0081f3f8        0x8 C:/Users/jchang3/Documents/ECE492/test/software/accelerometer_pen50sflash_bsp/\libucosii_bsp.a(alt_malloc_lock.o)
                0x0081f3fc                alt_heapsem
 .sbss          0x0081f400       0x50 C:/Users/jchang3/Documents/ECE492/test/software/accelerometer_pen50sflash_bsp/\libucosii_bsp.a(os_core.o)
                0x0081f400                OSLockNesting
                0x0081f401                OSRunning
                0x0081f404                OSIdleCtr
                0x0081f408                OSPrioHighRdy
                0x0081f409                OSPrioCur
                0x0081f40c                OSTCBList
                0x0081f410                OSTickStepState
                0x0081f414                OSCtxSwCtr
                0x0081f418                OSIdleCtrMax
                0x0081f41c                OSTCBFreeList
                0x0081f420                OSCPUUsage
                0x0081f421                OSTaskCtr
                0x0081f424                OSMemFreeList
                0x0081f428                OSTCBHighRdy
                0x0081f42c                OSQFreeList
                0x0081f430                OSRdyGrp
                0x0081f431                OSRdyTbl
                0x0081f434                OSEventFreeList
                0x0081f438                OSIntNesting
                0x0081f43c                OSTCBCur
                0x0081f440                OSTime
                0x0081f444                OSFlagFreeList
                0x0081f448                OSStatRdy
                0x0081f44c                OSIdleCtrRun
 .sbss          0x0081f450       0x34 C:/Users/jchang3/Documents/ECE492/test/software/accelerometer_pen50sflash_bsp/\libucosii_bsp.a(altera_up_sd_card_avalon_interface.o)
                0x0081f450                initialized
                0x0081f454                is_sd_card_formated_as_FAT16
                0x0081f458                aux_status_register
                0x0081f45c                status_register
                0x0081f460                CSD_register_w0
                0x0081f464                command_register
                0x0081f468                command_argument_register
                0x0081f46c                buffer_memory
                0x0081f470                fat_partition_offset_in_512_byte_sectors
                0x0081f474                fat_partition_size_in_512_byte_sectors
                0x0081f478                device_pointer
                0x0081f47c                current_sector_modified
                0x0081f480                current_sector_index
 .sbss          0x0081f484        0x4 C:/Users/jchang3/Documents/ECE492/test/software/accelerometer_pen50sflash_bsp/\libucosii_bsp.a(alt_irq_vars.o)
                0x0081f484                alt_irq_active
 .sbss          0x0081f488        0x8 C:/Users/jchang3/Documents/ECE492/test/software/accelerometer_pen50sflash_bsp/\libucosii_bsp.a(alt_tick.o)
                0x0081f488                _alt_tick_rate
                0x0081f48c                _alt_nticks
 *(.sbss2 .sbss2.* .gnu.linkonce.sb2.*)
 *(.scommon)
                0x0081f490                PROVIDE (__sbss_end, ABSOLUTE (.))
                0x0081f490                PROVIDE (___sbss_end, ABSOLUTE (.))
 *(.dynbss)
 *(.bss .bss.* .gnu.linkonce.b.*)
 .bss           0x0081f490        0x0 C:/Users/jchang3/Documents/ECE492/test/software/accelerometer_pen50sflash_bsp//obj/HAL/src/crt0.o
 .bss           0x0081f490        0x0 obj/default/accelerometer_pen50sflash.o
 .bss           0x0081f490        0x0 obj/default/dtw.o
 .bss           0x0081f490        0x0 c:/altera/12.1sp1/nios2eds/bin/gnu/h-i686-mingw32/bin/../lib/gcc/nios2-elf/4.1.2/../../../../nios2-elf/lib\libm.a(lib_a-w_sqrt.o)
 .bss           0x0081f490        0x0 c:/altera/12.1sp1/nios2eds/bin/gnu/h-i686-mingw32/bin/../lib/gcc/nios2-elf/4.1.2/../../../../nios2-elf/lib\libm.a(lib_a-e_sqrt.o)
 .bss           0x0081f490        0x0 c:/altera/12.1sp1/nios2eds/bin/gnu/h-i686-mingw32/bin/../lib/gcc/nios2-elf/4.1.2/../../../../nios2-elf/lib\libm.a(lib_a-s_isnand.o)
 .bss           0x0081f490        0x0 c:/altera/12.1sp1/nios2eds/bin/gnu/h-i686-mingw32/bin/../lib/gcc/nios2-elf/4.1.2/../../../../nios2-elf/lib\libm.a(lib_a-s_lib_ver.o)
 .bss           0x0081f490        0x0 c:/altera/12.1sp1/nios2eds/bin/gnu/h-i686-mingw32/bin/../lib/gcc/nios2-elf/4.1.2/../../../../nios2-elf/lib\libm.a(lib_a-s_matherr.o)
 .bss           0x0081f490        0x0 c:/altera/12.1sp1/nios2eds/bin/gnu/h-i686-mingw32/bin/../lib/gcc/nios2-elf/4.1.2\libgcc.a(_muldi3.o)
 .bss           0x0081f490        0x0 c:/altera/12.1sp1/nios2eds/bin/gnu/h-i686-mingw32/bin/../lib/gcc/nios2-elf/4.1.2\libgcc.a(_fixdfdi.o)
 .bss           0x0081f490        0x0 c:/altera/12.1sp1/nios2eds/bin/gnu/h-i686-mingw32/bin/../lib/gcc/nios2-elf/4.1.2\libgcc.a(_fixunsdfdi.o)
 .bss           0x0081f490        0x0 c:/altera/12.1sp1/nios2eds/bin/gnu/h-i686-mingw32/bin/../lib/gcc/nios2-elf/4.1.2\libgcc.a(_floatdidf.o)
 .bss           0x0081f490        0x0 c:/altera/12.1sp1/nios2eds/bin/gnu/h-i686-mingw32/bin/../lib/gcc/nios2-elf/4.1.2\libgcc.a(_addsub_df.o)
 .bss           0x0081f490        0x0 c:/altera/12.1sp1/nios2eds/bin/gnu/h-i686-mingw32/bin/../lib/gcc/nios2-elf/4.1.2\libgcc.a(_mul_df.o)
 .bss           0x0081f490        0x0 c:/altera/12.1sp1/nios2eds/bin/gnu/h-i686-mingw32/bin/../lib/gcc/nios2-elf/4.1.2\libgcc.a(_div_df.o)
 .bss           0x0081f490        0x0 c:/altera/12.1sp1/nios2eds/bin/gnu/h-i686-mingw32/bin/../lib/gcc/nios2-elf/4.1.2\libgcc.a(_lt_df.o)
 .bss           0x0081f490        0x0 c:/altera/12.1sp1/nios2eds/bin/gnu/h-i686-mingw32/bin/../lib/gcc/nios2-elf/4.1.2\libgcc.a(_si_to_df.o)
 .bss           0x0081f490        0x0 c:/altera/12.1sp1/nios2eds/bin/gnu/h-i686-mingw32/bin/../lib/gcc/nios2-elf/4.1.2\libgcc.a(_df_to_si.o)
 .bss           0x0081f490        0x0 c:/altera/12.1sp1/nios2eds/bin/gnu/h-i686-mingw32/bin/../lib/gcc/nios2-elf/4.1.2\libgcc.a(_thenan_df.o)
 .bss           0x0081f490        0x0 c:/altera/12.1sp1/nios2eds/bin/gnu/h-i686-mingw32/bin/../lib/gcc/nios2-elf/4.1.2\libgcc.a(_usi_to_df.o)
 .bss           0x0081f490        0x0 c:/altera/12.1sp1/nios2eds/bin/gnu/h-i686-mingw32/bin/../lib/gcc/nios2-elf/4.1.2\libgcc.a(_clzsi2.o)
 .bss           0x0081f490        0x0 c:/altera/12.1sp1/nios2eds/bin/gnu/h-i686-mingw32/bin/../lib/gcc/nios2-elf/4.1.2\libgcc.a(_fixunsdfsi.o)
 .bss           0x0081f490        0x0 c:/altera/12.1sp1/nios2eds/bin/gnu/h-i686-mingw32/bin/../lib/gcc/nios2-elf/4.1.2\libgcc.a(_pack_df.o)
 .bss           0x0081f490        0x0 c:/altera/12.1sp1/nios2eds/bin/gnu/h-i686-mingw32/bin/../lib/gcc/nios2-elf/4.1.2\libgcc.a(_unpack_df.o)
 .bss           0x0081f490        0x0 c:/altera/12.1sp1/nios2eds/bin/gnu/h-i686-mingw32/bin/../lib/gcc/nios2-elf/4.1.2\libgcc.a(_fpcmp_parts_df.o)
 .bss           0x0081f490        0x0 c:/altera/12.1sp1/nios2eds/bin/gnu/h-i686-mingw32/bin/../lib/gcc/nios2-elf/4.1.2\libgcc.a(_ge_df.o)
 .bss           0x0081f490        0x0 c:/altera/12.1sp1/nios2eds/bin/gnu/h-i686-mingw32/bin/../lib/gcc/nios2-elf/4.1.2\libgcc.a(_clz.o)
 .bss           0x0081f490        0x0 c:/altera/12.1sp1/nios2eds/bin/gnu/h-i686-mingw32/bin/../lib/gcc/nios2-elf/4.1.2/../../../../nios2-elf/lib\libc.a(lib_a-errno.o)
 .bss           0x0081f490        0x0 c:/altera/12.1sp1/nios2eds/bin/gnu/h-i686-mingw32/bin/../lib/gcc/nios2-elf/4.1.2/../../../../nios2-elf/lib\libc.a(lib_a-impure.o)
 .bss           0x0081f490        0x0 c:/altera/12.1sp1/nios2eds/bin/gnu/h-i686-mingw32/bin/../lib/gcc/nios2-elf/4.1.2/../../../../nios2-elf/lib\libc.a(lib_a-printf.o)
 .bss           0x0081f490        0x0 c:/altera/12.1sp1/nios2eds/bin/gnu/h-i686-mingw32/bin/../lib/gcc/nios2-elf/4.1.2/../../../../nios2-elf/lib\libc.a(lib_a-puts.o)
 .bss           0x0081f490        0x0 c:/altera/12.1sp1/nios2eds/bin/gnu/h-i686-mingw32/bin/../lib/gcc/nios2-elf/4.1.2/../../../../nios2-elf/lib\libc.a(lib_a-snprintf.o)
 .bss           0x0081f490        0x0 c:/altera/12.1sp1/nios2eds/bin/gnu/h-i686-mingw32/bin/../lib/gcc/nios2-elf/4.1.2/../../../../nios2-elf/lib\libc.a(lib_a-strlen.o)
 .bss           0x0081f490        0x0 c:/altera/12.1sp1/nios2eds/bin/gnu/h-i686-mingw32/bin/../lib/gcc/nios2-elf/4.1.2/../../../../nios2-elf/lib\libc.a(lib_a-vfprintf.o)
 .bss           0x0081f490        0x0 c:/altera/12.1sp1/nios2eds/bin/gnu/h-i686-mingw32/bin/../lib/gcc/nios2-elf/4.1.2/../../../../nios2-elf/lib\libc.a(lib_a-wsetup.o)
 .bss           0x0081f490        0x0 c:/altera/12.1sp1/nios2eds/bin/gnu/h-i686-mingw32/bin/../lib/gcc/nios2-elf/4.1.2/../../../../nios2-elf/lib\libc.a(lib_a-dtoa.o)
 .bss           0x0081f490        0x0 c:/altera/12.1sp1/nios2eds/bin/gnu/h-i686-mingw32/bin/../lib/gcc/nios2-elf/4.1.2/../../../../nios2-elf/lib\libc.a(lib_a-fflush.o)
 .bss           0x0081f490        0x0 c:/altera/12.1sp1/nios2eds/bin/gnu/h-i686-mingw32/bin/../lib/gcc/nios2-elf/4.1.2/../../../../nios2-elf/lib\libc.a(lib_a-findfp.o)
 .bss           0x0081f490        0x0 c:/altera/12.1sp1/nios2eds/bin/gnu/h-i686-mingw32/bin/../lib/gcc/nios2-elf/4.1.2/../../../../nios2-elf/lib\libc.a(lib_a-freer.o)
 .bss           0x0081f490        0x0 c:/altera/12.1sp1/nios2eds/bin/gnu/h-i686-mingw32/bin/../lib/gcc/nios2-elf/4.1.2/../../../../nios2-elf/lib\libc.a(lib_a-fvwrite.o)
 .bss           0x0081f490        0x0 c:/altera/12.1sp1/nios2eds/bin/gnu/h-i686-mingw32/bin/../lib/gcc/nios2-elf/4.1.2/../../../../nios2-elf/lib\libc.a(lib_a-fwalk.o)
 .bss           0x0081f490        0x0 c:/altera/12.1sp1/nios2eds/bin/gnu/h-i686-mingw32/bin/../lib/gcc/nios2-elf/4.1.2/../../../../nios2-elf/lib\libc.a(lib_a-locale.o)
 .bss           0x0081f490        0x0 c:/altera/12.1sp1/nios2eds/bin/gnu/h-i686-mingw32/bin/../lib/gcc/nios2-elf/4.1.2/../../../../nios2-elf/lib\libc.a(lib_a-makebuf.o)
 .bss           0x0081f490       0x28 c:/altera/12.1sp1/nios2eds/bin/gnu/h-i686-mingw32/bin/../lib/gcc/nios2-elf/4.1.2/../../../../nios2-elf/lib\libc.a(lib_a-mallocr.o)
                0x0081f490                __malloc_current_mallinfo
 .bss           0x0081f4b8        0x0 c:/altera/12.1sp1/nios2eds/bin/gnu/h-i686-mingw32/bin/../lib/gcc/nios2-elf/4.1.2/../../../../nios2-elf/lib\libc.a(lib_a-memchr.o)
 .bss           0x0081f4b8        0x0 c:/altera/12.1sp1/nios2eds/bin/gnu/h-i686-mingw32/bin/../lib/gcc/nios2-elf/4.1.2/../../../../nios2-elf/lib\libc.a(lib_a-memcpy.o)
 .bss           0x0081f4b8        0x0 c:/altera/12.1sp1/nios2eds/bin/gnu/h-i686-mingw32/bin/../lib/gcc/nios2-elf/4.1.2/../../../../nios2-elf/lib\libc.a(lib_a-memmove.o)
 .bss           0x0081f4b8        0x0 c:/altera/12.1sp1/nios2eds/bin/gnu/h-i686-mingw32/bin/../lib/gcc/nios2-elf/4.1.2/../../../../nios2-elf/lib\libc.a(lib_a-memset.o)
 .bss           0x0081f4b8        0x0 c:/altera/12.1sp1/nios2eds/bin/gnu/h-i686-mingw32/bin/../lib/gcc/nios2-elf/4.1.2/../../../../nios2-elf/lib\libc.a(lib_a-mprec.o)
 .bss           0x0081f4b8        0x0 c:/altera/12.1sp1/nios2eds/bin/gnu/h-i686-mingw32/bin/../lib/gcc/nios2-elf/4.1.2/../../../../nios2-elf/lib\libc.a(lib_a-reallocr.o)
 .bss           0x0081f4b8        0x0 c:/altera/12.1sp1/nios2eds/bin/gnu/h-i686-mingw32/bin/../lib/gcc/nios2-elf/4.1.2/../../../../nios2-elf/lib\libc.a(lib_a-s_isinfd.o)
 .bss           0x0081f4b8        0x0 c:/altera/12.1sp1/nios2eds/bin/gnu/h-i686-mingw32/bin/../lib/gcc/nios2-elf/4.1.2/../../../../nios2-elf/lib\libc.a(lib_a-sbrkr.o)
 .bss           0x0081f4b8        0x0 c:/altera/12.1sp1/nios2eds/bin/gnu/h-i686-mingw32/bin/../lib/gcc/nios2-elf/4.1.2/../../../../nios2-elf/lib\libc.a(lib_a-stdio.o)
 .bss           0x0081f4b8        0x0 c:/altera/12.1sp1/nios2eds/bin/gnu/h-i686-mingw32/bin/../lib/gcc/nios2-elf/4.1.2/../../../../nios2-elf/lib\libc.a(lib_a-strcmp.o)
 .bss           0x0081f4b8        0x0 c:/altera/12.1sp1/nios2eds/bin/gnu/h-i686-mingw32/bin/../lib/gcc/nios2-elf/4.1.2/../../../../nios2-elf/lib\libc.a(lib_a-writer.o)
 .bss           0x0081f4b8        0x0 c:/altera/12.1sp1/nios2eds/bin/gnu/h-i686-mingw32/bin/../lib/gcc/nios2-elf/4.1.2/../../../../nios2-elf/lib\libc.a(lib_a-callocr.o)
 .bss           0x0081f4b8        0x0 c:/altera/12.1sp1/nios2eds/bin/gnu/h-i686-mingw32/bin/../lib/gcc/nios2-elf/4.1.2/../../../../nios2-elf/lib\libc.a(lib_a-closer.o)
 .bss           0x0081f4b8        0x0 c:/altera/12.1sp1/nios2eds/bin/gnu/h-i686-mingw32/bin/../lib/gcc/nios2-elf/4.1.2/../../../../nios2-elf/lib\libc.a(lib_a-fclose.o)
 .bss           0x0081f4b8        0x0 c:/altera/12.1sp1/nios2eds/bin/gnu/h-i686-mingw32/bin/../lib/gcc/nios2-elf/4.1.2/../../../../nios2-elf/lib\libc.a(lib_a-fstatr.o)
 .bss           0x0081f4b8        0x0 c:/altera/12.1sp1/nios2eds/bin/gnu/h-i686-mingw32/bin/../lib/gcc/nios2-elf/4.1.2/../../../../nios2-elf/lib\libc.a(lib_a-int_errno.o)
 .bss           0x0081f4b8        0x0 c:/altera/12.1sp1/nios2eds/bin/gnu/h-i686-mingw32/bin/../lib/gcc/nios2-elf/4.1.2/../../../../nios2-elf/lib\libc.a(lib_a-isattyr.o)
 .bss           0x0081f4b8        0x0 c:/altera/12.1sp1/nios2eds/bin/gnu/h-i686-mingw32/bin/../lib/gcc/nios2-elf/4.1.2/../../../../nios2-elf/lib\libc.a(lib_a-lseekr.o)
 .bss           0x0081f4b8        0x0 c:/altera/12.1sp1/nios2eds/bin/gnu/h-i686-mingw32/bin/../lib/gcc/nios2-elf/4.1.2/../../../../nios2-elf/lib\libc.a(lib_a-readr.o)
 .bss           0x0081f4b8        0x0 c:/altera/12.1sp1/nios2eds/bin/gnu/h-i686-mingw32/bin/../lib/gcc/nios2-elf/4.1.2\libgcc.a(_udivdi3.o)
 .bss           0x0081f4b8        0x0 c:/altera/12.1sp1/nios2eds/bin/gnu/h-i686-mingw32/bin/../lib/gcc/nios2-elf/4.1.2\libgcc.a(_umoddi3.o)
 .bss           0x0081f4b8        0x0 c:/altera/12.1sp1/nios2eds/bin/gnu/h-i686-mingw32/bin/../lib/gcc/nios2-elf/4.1.2\libgcc.a(_eq_df.o)
 .bss           0x0081f4b8        0x0 c:/altera/12.1sp1/nios2eds/bin/gnu/h-i686-mingw32/bin/../lib/gcc/nios2-elf/4.1.2\libgcc.a(_ne_df.o)
 .bss           0x0081f4b8        0x0 c:/altera/12.1sp1/nios2eds/bin/gnu/h-i686-mingw32/bin/../lib/gcc/nios2-elf/4.1.2\libgcc.a(_gt_df.o)
 .bss           0x0081f4b8        0x0 c:/altera/12.1sp1/nios2eds/bin/gnu/h-i686-mingw32/bin/../lib/gcc/nios2-elf/4.1.2\libgcc.a(lib2-divmod.o)
 .bss           0x0081f4b8        0x0 C:/Users/jchang3/Documents/ECE492/test/software/accelerometer_pen50sflash_bsp/\libucosii_bsp.a(alt_close.o)
 .bss           0x0081f4b8        0x0 C:/Users/jchang3/Documents/ECE492/test/software/accelerometer_pen50sflash_bsp/\libucosii_bsp.a(alt_dev.o)
 .bss           0x0081f4b8        0x0 C:/Users/jchang3/Documents/ECE492/test/software/accelerometer_pen50sflash_bsp/\libucosii_bsp.a(alt_errno.o)
 .bss           0x0081f4b8        0x0 C:/Users/jchang3/Documents/ECE492/test/software/accelerometer_pen50sflash_bsp/\libucosii_bsp.a(alt_fstat.o)
 .bss           0x0081f4b8        0x0 C:/Users/jchang3/Documents/ECE492/test/software/accelerometer_pen50sflash_bsp/\libucosii_bsp.a(alt_isatty.o)