Archive member included because of file (symbol)

c:/altera/12.1sp1/nios2eds/bin/gnu/h-i686-mingw32/bin/../lib/gcc/nios2-elf/4.1.2/../../../../nios2-elf/lib/mno-hw-mul\libstdc++.a(stubs.o)
                              obj/default/dtw.o (sqrtl)
c:/altera/12.1sp1/nios2eds/bin/gnu/h-i686-mingw32/bin/../lib/gcc/nios2-elf/4.1.2/../../../../nios2-elf/lib/mno-hw-mul\libm.a(lib_a-s_atan.o)
                              c:/altera/12.1sp1/nios2eds/bin/gnu/h-i686-mingw32/bin/../lib/gcc/nios2-elf/4.1.2/../../../../nios2-elf/lib/mno-hw-mul\libstdc++.a(stubs.o) (atan)
c:/altera/12.1sp1/nios2eds/bin/gnu/h-i686-mingw32/bin/../lib/gcc/nios2-elf/4.1.2/../../../../nios2-elf/lib/mno-hw-mul\libm.a(lib_a-s_ceil.o)
                              c:/altera/12.1sp1/nios2eds/bin/gnu/h-i686-mingw32/bin/../lib/gcc/nios2-elf/4.1.2/../../../../nios2-elf/lib/mno-hw-mul\libstdc++.a(stubs.o) (ceil)
c:/altera/12.1sp1/nios2eds/bin/gnu/h-i686-mingw32/bin/../lib/gcc/nios2-elf/4.1.2/../../../../nios2-elf/lib/mno-hw-mul\libm.a(lib_a-s_cos.o)
                              c:/altera/12.1sp1/nios2eds/bin/gnu/h-i686-mingw32/bin/../lib/gcc/nios2-elf/4.1.2/../../../../nios2-elf/lib/mno-hw-mul\libstdc++.a(stubs.o) (cos)
c:/altera/12.1sp1/nios2eds/bin/gnu/h-i686-mingw32/bin/../lib/gcc/nios2-elf/4.1.2/../../../../nios2-elf/lib/mno-hw-mul\libm.a(lib_a-s_fabs.o)
                              c:/altera/12.1sp1/nios2eds/bin/gnu/h-i686-mingw32/bin/../lib/gcc/nios2-elf/4.1.2/../../../../nios2-elf/lib/mno-hw-mul\libm.a(lib_a-s_atan.o) (fabs)
c:/altera/12.1sp1/nios2eds/bin/gnu/h-i686-mingw32/bin/../lib/gcc/nios2-elf/4.1.2/../../../../nios2-elf/lib/mno-hw-mul\libm.a(lib_a-s_floor.o)
                              c:/altera/12.1sp1/nios2eds/bin/gnu/h-i686-mingw32/bin/../lib/gcc/nios2-elf/4.1.2/../../../../nios2-elf/lib/mno-hw-mul\libstdc++.a(stubs.o) (floor)
c:/altera/12.1sp1/nios2eds/bin/gnu/h-i686-mingw32/bin/../lib/gcc/nios2-elf/4.1.2/../../../../nios2-elf/lib/mno-hw-mul\libm.a(lib_a-s_frexp.o)
                              c:/altera/12.1sp1/nios2eds/bin/gnu/h-i686-mingw32/bin/../lib/gcc/nios2-elf/4.1.2/../../../../nios2-elf/lib/mno-hw-mul\libstdc++.a(stubs.o) (frexp)
c:/altera/12.1sp1/nios2eds/bin/gnu/h-i686-mingw32/bin/../lib/gcc/nios2-elf/4.1.2/../../../../nios2-elf/lib/mno-hw-mul\libm.a(lib_a-s_ldexp.o)
                              c:/altera/12.1sp1/nios2eds/bin/gnu/h-i686-mingw32/bin/../lib/gcc/nios2-elf/4.1.2/../../../../nios2-elf/lib/mno-hw-mul\libstdc++.a(stubs.o) (ldexp)
c:/altera/12.1sp1/nios2eds/bin/gnu/h-i686-mingw32/bin/../lib/gcc/nios2-elf/4.1.2/../../../../nios2-elf/lib/mno-hw-mul\libm.a(lib_a-s_modf.o)
                              c:/altera/12.1sp1/nios2eds/bin/gnu/h-i686-mingw32/bin/../lib/gcc/nios2-elf/4.1.2/../../../../nios2-elf/lib/mno-hw-mul\libstdc++.a(stubs.o) (modf)
c:/altera/12.1sp1/nios2eds/bin/gnu/h-i686-mingw32/bin/../lib/gcc/nios2-elf/4.1.2/../../../../nios2-elf/lib/mno-hw-mul\libm.a(lib_a-s_scalbn.o)
                              c:/altera/12.1sp1/nios2eds/bin/gnu/h-i686-mingw32/bin/../lib/gcc/nios2-elf/4.1.2/../../../../nios2-elf/lib/mno-hw-mul\libm.a(lib_a-s_ldexp.o) (scalbn)
c:/altera/12.1sp1/nios2eds/bin/gnu/h-i686-mingw32/bin/../lib/gcc/nios2-elf/4.1.2/../../../../nios2-elf/lib/mno-hw-mul\libm.a(lib_a-s_sin.o)
                              c:/altera/12.1sp1/nios2eds/bin/gnu/h-i686-mingw32/bin/../lib/gcc/nios2-elf/4.1.2/../../../../nios2-elf/lib/mno-hw-mul\libstdc++.a(stubs.o) (sin)
c:/altera/12.1sp1/nios2eds/bin/gnu/h-i686-mingw32/bin/../lib/gcc/nios2-elf/4.1.2/../../../../nios2-elf/lib/mno-hw-mul\libm.a(lib_a-s_tan.o)
                              c:/altera/12.1sp1/nios2eds/bin/gnu/h-i686-mingw32/bin/../lib/gcc/nios2-elf/4.1.2/../../../../nios2-elf/lib/mno-hw-mul\libstdc++.a(stubs.o) (tan)
c:/altera/12.1sp1/nios2eds/bin/gnu/h-i686-mingw32/bin/../lib/gcc/nios2-elf/4.1.2/../../../../nios2-elf/lib/mno-hw-mul\libm.a(lib_a-s_tanh.o)
                              c:/altera/12.1sp1/nios2eds/bin/gnu/h-i686-mingw32/bin/../lib/gcc/nios2-elf/4.1.2/../../../../nios2-elf/lib/mno-hw-mul\libstdc++.a(stubs.o) (tanh)
c:/altera/12.1sp1/nios2eds/bin/gnu/h-i686-mingw32/bin/../lib/gcc/nios2-elf/4.1.2/../../../../nios2-elf/lib/mno-hw-mul\libm.a(lib_a-w_acos.o)
                              c:/altera/12.1sp1/nios2eds/bin/gnu/h-i686-mingw32/bin/../lib/gcc/nios2-elf/4.1.2/../../../../nios2-elf/lib/mno-hw-mul\libstdc++.a(stubs.o) (acos)
c:/altera/12.1sp1/nios2eds/bin/gnu/h-i686-mingw32/bin/../lib/gcc/nios2-elf/4.1.2/../../../../nios2-elf/lib/mno-hw-mul\libm.a(lib_a-w_asin.o)
                              c:/altera/12.1sp1/nios2eds/bin/gnu/h-i686-mingw32/bin/../lib/gcc/nios2-elf/4.1.2/../../../../nios2-elf/lib/mno-hw-mul\libstdc++.a(stubs.o) (asin)
c:/altera/12.1sp1/nios2eds/bin/gnu/h-i686-mingw32/bin/../lib/gcc/nios2-elf/4.1.2/../../../../nios2-elf/lib/mno-hw-mul\libm.a(lib_a-w_atan2.o)
[...]
Memory Configuration

Name             Origin             Length             Attributes
sdram_0          0x00800000         0x00800000
generic_tristate_controller_0 0x01400000         0x00400000
sram_0           0x01880000         0x00080000
reset            0x01904000         0x00000020
onchip_memory2_0 0x01904020         0x00003fe0
*default*        0x00000000         0xffffffff

Linker script and memory map

LOAD C:/Users/jchang3/Documents/ECE492/test/software/test_new_dtw_bsp//obj/HAL/src/crt0.o
LOAD obj/default/dtw.o
LOAD obj/default/test_new_dtw.o
LOAD c:/altera/12.1sp1/nios2eds/bin/gnu/h-i686-mingw32/bin/../lib/gcc/nios2-elf/4.1.2/../../../../nios2-elf/lib/mno-hw-mul\libstdc++.a
LOAD c:/altera/12.1sp1/nios2eds/bin/gnu/h-i686-mingw32/bin/../lib/gcc/nios2-elf/4.1.2/../../../../nios2-elf/lib/mno-hw-mul\libm.a
LOAD c:/altera/12.1sp1/nios2eds/bin/gnu/h-i686-mingw32/bin/../lib/gcc/nios2-elf/4.1.2/mno-hw-mul\libgcc.a
START GROUP
LOAD c:/altera/12.1sp1/nios2eds/bin/gnu/h-i686-mingw32/bin/../lib/gcc/nios2-elf/4.1.2/../../../../nios2-elf/lib/mno-hw-mul\libc.a
LOAD c:/altera/12.1sp1/nios2eds/bin/gnu/h-i686-mingw32/bin/../lib/gcc/nios2-elf/4.1.2/mno-hw-mul\libgcc.a
LOAD C:/Users/jchang3/Documents/ECE492/test/software/test_new_dtw_bsp/\libucosii_bsp.a
END GROUP
LOAD c:/altera/12.1sp1/nios2eds/bin/gnu/h-i686-mingw32/bin/../lib/gcc/nios2-elf/4.1.2/mno-hw-mul\libgcc.a
                0x00800000                __alt_mem_sdram_0 = 0x800000
                0x01400000                __alt_mem_generic_tristate_controller_0 = 0x1400000
                0x01880000                __alt_mem_sram_0 = 0x1880000
                0x01904000                __alt_mem_onchip_memory2_0 = 0x1904000

.entry          0x01904000       0x20
 *(.entry)
 .entry         0x01904000       0x20 C:/Users/jchang3/Documents/ECE492/test/software/test_new_dtw_bsp//obj/HAL/src/crt0.o
                0x01904000                __reset

.exceptions     0x01904020      0x1a0 load address 0x00800000
                0x01904020                PROVIDE (__ram_exceptions_start, ABSOLUTE (.))
                0x01904020                . = ALIGN (0x20)
 *(.irq)
 *(.exceptions.entry.label)
 .exceptions.entry.label
                0x01904020        0x0 C:/Users/jchang3/Documents/ECE492/test/software/test_new_dtw_bsp/\libucosii_bsp.a(alt_irq_entry.o)
                0x01904020                alt_irq_entry
 .exceptions.entry.label
                0x01904020        0x0 C:/Users/jchang3/Documents/ECE492/test/software/test_new_dtw_bsp/\libucosii_bsp.a(alt_exception_entry.o)
                0x01904020                alt_exception
 *(.exceptions.entry.user)
 *(.exceptions.entry)
 .exceptions.entry
                0x01904020       0x54 C:/Users/jchang3/Documents/ECE492/test/software/test_new_dtw_bsp/\libucosii_bsp.a(alt_exception_entry.o)
 *(.exceptions.irqtest.user)
 *(.exceptions.irqtest)
 .exceptions.irqtest
                0x01904074       0x10 C:/Users/jchang3/Documents/ECE492/test/software/test_new_dtw_bsp/\libucosii_bsp.a(alt_irq_entry.o)
 *(.exceptions.irqhandler.user)
 *(.exceptions.irqhandler)
 .exceptions.irqhandler
                0x01904084        0x4 C:/Users/jchang3/Documents/ECE492/test/software/test_new_dtw_bsp/\libucosii_bsp.a(alt_irq_entry.o)
 *(.exceptions.irqreturn.user)
 *(.exceptions.irqreturn)
 .exceptions.irqreturn
                0x01904088        0x4 C:/Users/jchang3/Documents/ECE492/test/software/test_new_dtw_bsp/\libucosii_bsp.a(alt_irq_entry.o)
 *(.exceptions.notirq.label)
 .exceptions.notirq.label
                0x0190408c        0x0 C:/Users/jchang3/Documents/ECE492/test/software/test_new_dtw_bsp/\libucosii_bsp.a(alt_irq_entry.o)
 *(.exceptions.notirq.user)
 *(.exceptions.notirq)
 .exceptions.notirq
                0x0190408c        0x8 C:/Users/jchang3/Documents/ECE492/test/software/test_new_dtw_bsp/\libucosii_bsp.a(alt_exception_entry.o)
 *(.exceptions.soft.user)
 *(.exceptions.soft)
 *(.exceptions.unknown.user)
 *(.exceptions.unknown)
 .exceptions.unknown
                0x01904094        0x4 C:/Users/jchang3/Documents/ECE492/test/software/test_new_dtw_bsp/\libucosii_bsp.a(alt_exception_entry.o)
 *(.exceptions.exit.label)
 .exceptions.exit.label
                0x01904098        0x0 C:/Users/jchang3/Documents/ECE492/test/software/test_new_dtw_bsp/\libucosii_bsp.a(alt_irq_entry.o)
 .exceptions.exit.label
                0x01904098        0x0 C:/Users/jchang3/Documents/ECE492/test/software/test_new_dtw_bsp/\libucosii_bsp.a(alt_exception_entry.o)
 *(.exceptions.exit.user)
 *(.exceptions.exit)
 .exceptions.exit
                0x01904098       0x54 C:/Users/jchang3/Documents/ECE492/test/software/test_new_dtw_bsp/\libucosii_bsp.a(alt_exception_entry.o)
 *(.exceptions)
 .exceptions    0x019040ec       0xd4 C:/Users/jchang3/Documents/ECE492/test/software/test_new_dtw_bsp/\libucosii_bsp.a(alt_irq_handler.o)
                0x019040ec                alt_irq_handler
                0x019041c0                PROVIDE (__ram_exceptions_end, ABSOLUTE (.))
                0x00800000                PROVIDE (__flash_exceptions_start, LOADADDR (.exceptions))

.text           0x008001a0    0x2141c
                0x008001a0                PROVIDE (stext, ABSOLUTE (.))
 *(.interp)
 *(.hash)
 *(.dynsym)
 *(.dynstr)
 *(.gnu.version)
 *(.gnu.version_d)
 *(.gnu.version_r)
 *(.rel.init)
 *(.rela.init)
 *(.rel.text .rel.text.* .rel.gnu.linkonce.t.*)
 *(.rela.text .rela.text.* .rela.gnu.linkonce.t.*)
 *(.rel.fini)
 *(.rela.fini)
 *(.rel.rodata .rel.rodata.* .rel.gnu.linkonce.r.*)
 *(.rela.rodata .rela.rodata.* .rela.gnu.linkonce.r.*)
 *(.rel.data .rel.data.* .rel.gnu.linkonce.d.*)
 *(.rela.data .rela.data.* .rela.gnu.linkonce.d.*)
 *(.rel.tdata .rel.tdata.* .rel.gnu.linkonce.td.*)
 *(.rela.tdata .rela.tdata.* .rela.gnu.linkonce.td.*)
 *(.rel.tbss .rel.tbss.* .rel.gnu.linkonce.tb.*)
 *(.rela.tbss .rela.tbss.* .rela.gnu.linkonce.tb.*)
 *(.rel.ctors)
 *(.rela.ctors)
 *(.rel.dtors)
 *(.rela.dtors)
 *(.rel.got)
 *(.rela.got)
 *(.rel.sdata .rel.sdata.* .rel.gnu.linkonce.s.*)
 *(.rela.sdata .rela.sdata.* .rela.gnu.linkonce.s.*)
 *(.rel.sbss .rel.sbss.* .rel.gnu.linkonce.sb.*)
 *(.rela.sbss .rela.sbss.* .rela.gnu.linkonce.sb.*)
 *(.rel.sdata2 .rel.sdata2.* .rel.gnu.linkonce.s2.*)
 *(.rela.sdata2 .rela.sdata2.* .rela.gnu.linkonce.s2.*)
 *(.rel.sbss2 .rel.sbss2.* .rel.gnu.linkonce.sb2.*)
 *(.rela.sbss2 .rela.sbss2.* .rela.gnu.linkonce.sb2.*)
 *(.rel.bss .rel.bss.* .rel.gnu.linkonce.b.*)
 *(.rela.bss .rela.bss.* .rela.gnu.linkonce.b.*)
 *(.rel.plt)
 *(.rela.plt)
 *(.rel.dyn)
 *(.init)
 *(.plt)
 *(.text .stub .text.* .gnu.linkonce.t.*)
 .text          0x008001a0       0x3c C:/Users/jchang3/Documents/ECE492/test/software/test_new_dtw_bsp//obj/HAL/src/crt0.o
                0x008001a0                _start
 .text          0x008001dc      0x560 obj/default/dtw.o
                0x008001dc                min_three
                0x00800238                min
                0x0080027c                max
                0x008002c0                dist
                0x0080036c                dtw
 .text          0x0080073c      0x340 obj/default/test_new_dtw.o
                0x0080073c                task1
                0x00800a04                main
 .text          0x00800a7c      0x2cc c:/altera/12.1sp1/nios2eds/bin/gnu/h-i686-mingw32/bin/../lib/gcc/nios2-elf/4.1.2/../../../../nios2-elf/lib/mno-hw-mul\libstdc++.a(stubs.o)
                0x00800a7c                fabsl
                0x00800a94                tanhl
                0x00800a98                tanl
                0x00800a9c                sinhl
                0x00800aa0                sinl
                0x00800aa4                powl
                0x00800aa8                modfl
                0x00800ae8                log10l
                0x00800aec                logl
                0x00800af0                ldexpl
                0x00800af4                hypotf
                0x00800bc0                sqrtl
                0x00800bc4                hypotl
                0x00800d1c                frexpl
                0x00800d20                fmodl
                0x00800d24                floorl
                0x00800d28                expl
                0x00800d2c                coshl
                0x00800d30                cosl
                0x00800d34                ceill
                0x00800d38                atan2l
                0x00800d3c                atanl
                0x00800d40                asinl
                0x00800d44                acosl
 .text          0x00800d48      0x698 c:/altera/12.1sp1/nios2eds/bin/gnu/h-i686-mingw32/bin/../lib/gcc/nios2-elf/4.1.2/../../../../nios2-elf/lib/mno-hw-mul\libm.a(lib_a-s_atan.o)
                0x00800d48                atan
 .text          0x008013e0      0x214 c:/altera/12.1sp1/nios2eds/bin/gnu/h-i686-mingw32/bin/../lib/gcc/nios2-elf/4.1.2/../../../../nios2-elf/lib/mno-hw-mul\libm.a(lib_a-s_ceil.o)
                0x008013e0                ceil
 .text          0x008015f4      0x168 c:/altera/12.1sp1/nios2eds/bin/gnu/h-i686-mingw32/bin/../lib/gcc/nios2-elf/4.1.2/../../../../nios2-elf/lib/mno-hw-mul\libm.a(lib_a-s_cos.o)
                0x008015f4                cos
 .text          0x0080175c       0x18 c:/altera/12.1sp1/nios2eds/bin/gnu/h-i686-mingw32/bin/../lib/gcc/nios2-elf/4.1.2/../../../../nios2-elf/lib/mno-hw-mul\libm.a(lib_a-s_fabs.o)
                0x0080175c                fabs
 .text          0x00801774      0x224 c:/altera/12.1sp1/nios2eds/bin/gnu/h-i686-mingw32/bin/../lib/gcc/nios2-elf/4.1.2/../../../../nios2-elf/lib/mno-hw-mul\libm.a(lib_a-s_floor.o)
                0x00801774                floor
 .text          0x00801998       0xc0 c:/altera/12.1sp1/nios2eds/bin/gnu/h-i686-mingw32/bin/../lib/gcc/nios2-elf/4.1.2/../../../../nios2-elf/lib/mno-hw-mul\libm.a(lib_a-s_frexp.o)
                0x00801998                frexp
 .text          0x00801a58       0xcc c:/altera/12.1sp1/nios2eds/bin/gnu/h-i686-mingw32/bin/../lib/gcc/nios2-elf/4.1.2/../../../../nios2-elf/lib/mno-hw-mul\libm.a(lib_a-s_ldexp.o)
                0x00801a58                ldexp
 .text          0x00801b24      0x14c c:/altera/12.1sp1/nios2eds/bin/gnu/h-i686-mingw32/bin/../lib/gcc/nios2-elf/4.1.2/../../../../nios2-elf/lib/mno-hw-mul\libm.a(lib_a-s_modf.o)
                0x00801b24                modf
 .text          0x00801c70      0x1e0 c:/altera/12.1sp1/nios2eds/bin/gnu/h-i686-mingw32/bin/../lib/gcc/nios2-elf/4.1.2/../../../../nios2-elf/lib/mno-hw-mul\libm.a(lib_a-s_scalbn.o)
                0x00801c70                scalbn
 .text          0x00801e50      0x16c c:/altera/12.1sp1/nios2eds/bin/gnu/h-i686-mingw32/bin/../lib/gcc/nios2-elf/4.1.2/../../../../nios2-elf/lib/mno-hw-mul\libm.a(lib_a-s_sin.o)
                0x00801e50                sin
 .text          0x00801fbc       0xe8 c:/altera/12.1sp1/nios2eds/bin/gnu/h-i686-mingw32/bin/../lib/gcc/nios2-elf/4.1.2/../../../../nios2-elf/lib/mno-hw-mul\libm.a(lib_a-s_tan.o)
                0x00801fbc                tan
 .text          0x008020a4      0x24c c:/altera/12.1sp1/nios2eds/bin/gnu/h-i686-mingw32/bin/../lib/gcc/nios2-elf/4.1.2/../../../../nios2-elf/lib/mno-hw-mul\libm.a(lib_a-s_tanh.o)
                0x008020a4                tanh
 .text          0x008022f0      0x130 c:/altera/12.1sp1/nios2eds/bin/gnu/h-i686-mingw32/bin/../lib/gcc/nios2-elf/4.1.2/../../../../nios2-elf/lib/mno-hw-mul\libm.a(lib_a-w_acos.o)
                0x008022f0                acos
 .text          0x00802420      0x130 c:/altera/12.1sp1/nios2eds/bin/gnu/h-i686-mingw32/bin/../lib/gcc/nios2-elf/4.1.2/../../../../nios2-elf/lib/mno-hw-mul\libm.a(lib_a-w_asin.o)
                0x00802420                asin
 .text          0x00802550        0x4 c:/altera/12.1sp1/nios2eds/bin/gnu/h-i686-mingw32/bin/../lib/gcc/nios2-elf/4.1.2/../../../../nios2-elf/lib/mno-hw-mul\libm.a(lib_a-w_atan2.o)
                0x00802550                atan2
 .text          0x00802554      0x148 c:/altera/12.1sp1/nios2eds/bin/gnu/h-i686-mingw32/bin/../lib/gcc/nios2-elf/4.1.2/../../../../nios2-elf/lib/mno-hw-mul\libm.a(lib_a-w_cosh.o)
                0x00802554                cosh
 .text          0x0080269c      0x1ac c:/altera/12.1sp1/nios2eds/bin/gnu/h-i686-mingw32/bin/../lib/gcc/nios2-elf/4.1.2/../../../../nios2-elf/lib/mno-hw-mul\libm.a(lib_a-w_exp.o)
                0x0080269c                exp
 .text          0x00802848      0x158 c:/altera/12.1sp1/nios2eds/bin/gnu/h-i686-mingw32/bin/../lib/gcc/nios2-elf/4.1.2/../../../../nios2-elf/lib/mno-hw-mul\libm.a(lib_a-w_fmod.o)
                0x00802848                fmod
 .text          0x008029a0      0x188 c:/altera/12.1sp1/nios2eds/bin/gnu/h-i686-mingw32/bin/../lib/gcc/nios2-elf/4.1.2/../../../../nios2-elf/lib/mno-hw-mul\libm.a(lib_a-w_log.o)
                0x008029a0                log
 .text          0x00802b28      0x188 c:/altera/12.1sp1/nios2eds/bin/gnu/h-i686-mingw32/bin/../lib/gcc/nios2-elf/4.1.2/../../../../nios2-elf/lib/mno-hw-mul\libm.a(lib_a-w_log10.o)
                0x00802b28                log10
 .text          0x00802cb0      0x488 c:/altera/12.1sp1/nios2eds/bin/gnu/h-i686-mingw32/bin/../lib/gcc/nios2-elf/4.1.2/../../../../nios2-elf/lib/mno-hw-mul\libm.a(lib_a-w_pow.o)
                0x00802cb0                pow
 .text          0x00803138      0x174 c:/altera/12.1sp1/nios2eds/bin/gnu/h-i686-mingw32/bin/../lib/gcc/nios2-elf/4.1.2/../../../../nios2-elf/lib/mno-hw-mul\libm.a(lib_a-w_sinh.o)
                0x00803138                sinh
 .text          0x008032ac      0x130 c:/altera/12.1sp1/nios2eds/bin/gnu/h-i686-mingw32/bin/../lib/gcc/nios2-elf/4.1.2/../../../../nios2-elf/lib/mno-hw-mul\libm.a(lib_a-w_sqrt.o)
                0x008032ac                sqrt
 .text          0x008033dc      0x138 c:/altera/12.1sp1/nios2eds/bin/gnu/h-i686-mingw32/bin/../lib/gcc/nios2-elf/4.1.2/../../../../nios2-elf/lib/mno-hw-mul\libm.a(lib_a-wf_sqrt.o)
                0x008033dc                sqrtf
 .text          0x00803514      0xa58 c:/altera/12.1sp1/nios2eds/bin/gnu/h-i686-mingw32/bin/../lib/gcc/nios2-elf/4.1.2/../../../../nios2-elf/lib/mno-hw-mul\libm.a(lib_a-e_acos.o)
                0x00803514                __ieee754_acos
 .text          0x00803f6c      0x8bc c:/altera/12.1sp1/nios2eds/bin/gnu/h-i686-mingw32/bin/../lib/gcc/nios2-elf/4.1.2/../../../../nios2-elf/lib/mno-hw-mul\libm.a(lib_a-e_asin.o)
                0x00803f6c                __ieee754_asin
 .text          0x00804828      0x350 c:/altera/12.1sp1/nios2eds/bin/gnu/h-i686-mingw32/bin/../lib/gcc/nios2-elf/4.1.2/../../../../nios2-elf/lib/mno-hw-mul\libm.a(lib_a-e_atan2.o)
                0x00804828                __ieee754_atan2
 .text          0x00804b78      0x2a4 c:/altera/12.1sp1/nios2eds/bin/gnu/h-i686-mingw32/bin/../lib/gcc/nios2-elf/4.1.2/../../../../nios2-elf/lib/mno-hw-mul\libm.a(lib_a-e_cosh.o)
                0x00804b78                __ieee754_cosh
 .text          0x00804e1c      0x5d0 c:/altera/12.1sp1/nios2eds/bin/gnu/h-i686-mingw32/bin/../lib/gcc/nios2-elf/4.1.2/../../../../nios2-elf/lib/mno-hw-mul\libm.a(lib_a-e_exp.o)
                0x00804e1c                __ieee754_exp
 .text          0x008053ec      0x38c c:/altera/12.1sp1/nios2eds/bin/gnu/h-i686-mingw32/bin/../lib/gcc/nios2-elf/4.1.2/../../../../nios2-elf/lib/mno-hw-mul\libm.a(lib_a-e_fmod.o)
                0x008053ec                __ieee754_fmod
 .text          0x00805778      0x7f8 c:/altera/12.1sp1/nios2eds/bin/gnu/h-i686-mingw32/bin/../lib/gcc/nios2-elf/4.1.2/../../../../nios2-elf/lib/mno-hw-mul\libm.a(lib_a-e_log.o)
                0x00805778                __ieee754_log
 .text          0x00805f70      0x218 c:/altera/12.1sp1/nios2eds/bin/gnu/h-i686-mingw32/bin/../lib/gcc/nios2-elf/4.1.2/../../../../nios2-elf/lib/mno-hw-mul\libm.a(lib_a-e_log10.o)
                0x00805f70                __ieee754_log10
 .text          0x00806188     0x1300 c:/altera/12.1sp1/nios2eds/bin/gnu/h-i686-mingw32/bin/../lib/gcc/nios2-elf/4.1.2/../../../../nios2-elf/lib/mno-hw-mul\libm.a(lib_a-e_pow.o)
                0x00806188                __ieee754_pow
 .text          0x00807488      0x828 c:/altera/12.1sp1/nios2eds/bin/gnu/h-i686-mingw32/bin/../lib/gcc/nios2-elf/4.1.2/../../../../nios2-elf/lib/mno-hw-mul\libm.a(lib_a-e_rem_pio2.o)
                0x00807488                __ieee754_rem_pio2
 .text          0x00807cb0      0x2f8 c:/altera/12.1sp1/nios2eds/bin/gnu/h-i686-mingw32/bin/../lib/gcc/nios2-elf/4.1.2/../../../../nios2-elf/lib/mno-hw-mul\libm.a(lib_a-e_sinh.o)
                0x00807cb0                __ieee754_sinh
 .text          0x00807fa8      0x2c8 c:/altera/12.1sp1/nios2eds/bin/gnu/h-i686-mingw32/bin/../lib/gcc/nios2-elf/4.1.2/../../../../nios2-elf/lib/mno-hw-mul\libm.a(lib_a-e_sqrt.o)
                0x00807fa8                __ieee754_sqrt
 .text          0x00808270      0x16c c:/altera/12.1sp1/nios2eds/bin/gnu/h-i686-mingw32/bin/../lib/gcc/nios2-elf/4.1.2/../../../../nios2-elf/lib/mno-hw-mul\libm.a(lib_a-ef_sqrt.o)
                0x00808270                __ieee754_sqrtf
 .text          0x008083dc      0x52c c:/altera/12.1sp1/nios2eds/bin/gnu/h-i686-mingw32/bin/../lib/gcc/nios2-elf/4.1.2/../../../../nios2-elf/lib/mno-hw-mul\libm.a(lib_a-k_cos.o)
                0x008083dc                __kernel_cos
 .text          0x00808908      0xe84 c:/altera/12.1sp1/nios2eds/bin/gnu/h-i686-mingw32/bin/../lib/gcc/nios2-elf/4.1.2/../../../../nios2-elf/lib/mno-hw-mul\libm.a(lib_a-k_rem_pio2.o)
                0x00808908                __kernel_rem_pio2
 .text          0x0080978c      0x318 c:/altera/12.1sp1/nios2eds/bin/gnu/h-i686-mingw32/bin/../lib/gcc/nios2-elf/4.1.2/../../../../nios2-elf/lib/mno-hw-mul\libm.a(lib_a-k_sin.o)
                0x0080978c                __kernel_sin
 .text          0x00809aa4      0x77c c:/altera/12.1sp1/nios2eds/bin/gnu/h-i686-mingw32/bin/../lib/gcc/nios2-elf/4.1.2/../../../../nios2-elf/lib/mno-hw-mul\libm.a(lib_a-k_tan.o)
                0x00809aa4                __kernel_tan
 .text          0x0080a220       0x24 c:/altera/12.1sp1/nios2eds/bin/gnu/h-i686-mingw32/bin/../lib/gcc/nios2-elf/4.1.2/../../../../nios2-elf/lib/mno-hw-mul\libm.a(lib_a-s_copysign.o)
                0x0080a220                copysign
 .text          0x0080a244      0x8f0 c:/altera/12.1sp1/nios2eds/bin/gnu/h-i686-mingw32/bin/../lib/gcc/nios2-elf/4.1.2/../../../../nios2-elf/lib/mno-hw-mul\libm.a(lib_a-s_expm1.o)
                0x0080a244                expm1
 .text          0x0080ab34       0x1c c:/altera/12.1sp1/nios2eds/bin/gnu/h-i686-mingw32/bin/../lib/gcc/nios2-elf/4.1.2/../../../../nios2-elf/lib/mno-hw-mul\libm.a(lib_a-s_finite.o)
                0x0080ab34                finite
 .text          0x0080ab50       0x30 c:/altera/12.1sp1/nios2eds/bin/gnu/h-i686-mingw32/bin/../lib/gcc/nios2-elf/4.1.2/../../../../nios2-elf/lib/mno-hw-mul\libm.a(lib_a-s_isnand.o)
                0x0080ab50                __isnand
 .text          0x0080ab80        0x0 c:/altera/12.1sp1/nios2eds/bin/gnu/h-i686-mingw32/bin/../lib/gcc/nios2-elf/4.1.2/../../../../nios2-elf/lib/mno-hw-mul\libm.a(lib_a-s_lib_ver.o)
 .text          0x0080ab80        0x8 c:/altera/12.1sp1/nios2eds/bin/gnu/h-i686-mingw32/bin/../lib/gcc/nios2-elf/4.1.2/../../../../nios2-elf/lib/mno-hw-mul\libm.a(lib_a-s_matherr.o)
                0x0080ab80                matherr
 .text          0x0080ab88       0x10 c:/altera/12.1sp1/nios2eds/bin/gnu/h-i686-mingw32/bin/../lib/gcc/nios2-elf/4.1.2/../../../../nios2-elf/lib/mno-hw-mul\libm.a(lib_a-s_nan.o)
                0x0080ab88                nan
 .text          0x0080ab98      0x210 c:/altera/12.1sp1/nios2eds/bin/gnu/h-i686-mingw32/bin/../lib/gcc/nios2-elf/4.1.2/../../../../nios2-elf/lib/mno-hw-mul\libm.a(lib_a-s_rint.o)
                0x0080ab98                rint
 .text          0x0080ada8       0x18 c:/altera/12.1sp1/nios2eds/bin/gnu/h-i686-mingw32/bin/../lib/gcc/nios2-elf/4.1.2/../../../../nios2-elf/lib/mno-hw-mul\libm.a(lib_a-sf_isnan.o)
                0x0080ada8                isnanf
 .text          0x0080adc0      0x124 c:/altera/12.1sp1/nios2eds/bin/gnu/h-i686-mingw32/bin/../lib/gcc/nios2-elf/4.1.2/mno-hw-mul\libgcc.a(_muldi3.o)
                0x0080adc0                __muldi3
 .text          0x0080aee4      0x2b8 c:/altera/12.1sp1/nios2eds/bin/gnu/h-i686-mingw32/bin/../lib/gcc/nios2-elf/4.1.2/mno-hw-mul\libgcc.a(_addsub_sf.o)
                0x0080b0c8                __subsf3
                0x0080b138                __addsf3
 .text          0x0080b19c      0x1e0 c:/altera/12.1sp1/nios2eds/bin/gnu/h-i686-mingw32/bin/../lib/gcc/nios2-elf/4.1.2/mno-hw-mul\libgcc.a(_mul_sf.o)
                0x0080b19c                __mulsf3
 .text          0x0080b37c      0x174 c:/altera/12.1sp1/nios2eds/bin/gnu/h-i686-mingw32/bin/../lib/gcc/nios2-elf/4.1.2/mno-hw-mul\libgcc.a(_div_sf.o)
                0x0080b37c                __divsf3
 .text          0x0080b4f0       0x78 c:/altera/12.1sp1/nios2eds/bin/gnu/h-i686-mingw32/bin/../lib/gcc/nios2-elf/4.1.2/mno-hw-mul\libgcc.a(_eq_sf.o)
                0x0080b4f0                __eqsf2
 .text          0x0080b568       0x78 c:/altera/12.1sp1/nios2eds/bin/gnu/h-i686-mingw32/bin/../lib/gcc/nios2-elf/4.1.2/mno-hw-mul\libgcc.a(_lt_sf.o)
                0x0080b568                __ltsf2
 .text          0x0080b5e0       0x54 c:/altera/12.1sp1/nios2eds/bin/gnu/h-i686-mingw32/bin/../lib/gcc/nios2-elf/4.1.2/mno-hw-mul\libgcc.a(_sf_to_df.o)
                0x0080b5e0                __extendsfdf2
 .text          0x0080b634        0x0 c:/altera/12.1sp1/nios2eds/bin/gnu/h-i686-mingw32/bin/../lib/gcc/nios2-elf/4.1.2/mno-hw-mul\libgcc.a(_thenan_sf.o)
 .text          0x0080b634       0xc0 c:/altera/12.1sp1/nios2eds/bin/gnu/h-i686-mingw32/bin/../lib/gcc/nios2-elf/4.1.2/mno-hw-mul\libgcc.a(_usi_to_sf.o)
                0x0080b634                __floatunsisf
 .text          0x0080b6f4      0x504 c:/altera/12.1sp1/nios2eds/bin/gnu/h-i686-mingw32/bin/../lib/gcc/nios2-elf/4.1.2/mno-hw-mul\libgcc.a(_addsub_df.o)
                0x0080bb04                __subdf3
                0x0080bb84                __adddf3
 .text          0x0080bbf8      0x3c4 c:/altera/12.1sp1/nios2eds/bin/gnu/h-i686-mingw32/bin/../lib/gcc/nios2-elf/4.1.2/mno-hw-mul\libgcc.a(_mul_df.o)
                0x0080bbf8                __muldf3
 .text          0x0080bfbc      0x258 c:/altera/12.1sp1/nios2eds/bin/gnu/h-i686-mingw32/bin/../lib/gcc/nios2-elf/4.1.2/mno-hw-mul\libgcc.a(_div_df.o)
                0x0080bfbc                __divdf3
 .text          0x0080c214       0x88 c:/altera/12.1sp1/nios2eds/bin/gnu/h-i686-mingw32/bin/../lib/gcc/nios2-elf/4.1.2/mno-hw-mul\libgcc.a(_eq_df.o)
                0x0080c214                __eqdf2
 .text          0x0080c29c       0x88 c:/altera/12.1sp1/nios2eds/bin/gnu/h-i686-mingw32/bin/../lib/gcc/nios2-elf/4.1.2/mno-hw-mul\libgcc.a(_ne_df.o)
                0x0080c29c                __nedf2
 .text          0x0080c324       0x88 c:/altera/12.1sp1/nios2eds/bin/gnu/h-i686-mingw32/bin/../lib/gcc/nios2-elf/4.1.2/mno-hw-mul\libgcc.a(_gt_df.o)
                0x0080c324                __gtdf2
 .text          0x0080c3ac       0x88 c:/altera/12.1sp1/nios2eds/bin/gnu/h-i686-mingw32/bin/../lib/gcc/nios2-elf/4.1.2/mno-hw-mul\libgcc.a(_ge_df.o)
                0x0080c3ac                __gedf2
 .text          0x0080c434       0x88 c:/altera/12.1sp1/nios2eds/bin/gnu/h-i686-mingw32/bin/../lib/gcc/nios2-elf/4.1.2/mno-hw-mul\libgcc.a(_lt_df.o)
                0x0080c434                __ltdf2
 .text          0x0080c4bc       0x88 c:/altera/12.1sp1/nios2eds/bin/gnu/h-i686-mingw32/bin/../lib/gcc/nios2-elf/4.1.2/mno-hw-mul\libgcc.a(_le_df.o)
                0x0080c4bc                __ledf2
 .text          0x0080c544       0xf8 c:/altera/12.1sp1/nios2eds/bin/gnu/h-i686-mingw32/bin/../lib/gcc/nios2-elf/4.1.2/mno-hw-mul\libgcc.a(_si_to_df.o)
                0x0080c544                __floatsidf
 .text          0x0080c63c       0xd8 c:/altera/12.1sp1/nios2eds/bin/gnu/h-i686-mingw32/bin/../lib/gcc/nios2-elf/4.1.2/mno-hw-mul\libgcc.a(_df_to_si.o)
                0x0080c63c                __fixdfsi
 .text          0x0080c714       0x38 c:/altera/12.1sp1/nios2eds/bin/gnu/h-i686-mingw32/bin/../lib/gcc/nios2-elf/4.1.2/mno-hw-mul\libgcc.a(_make_df.o)
                0x0080c714                __make_dp
 .text          0x0080c74c       0x74 c:/altera/12.1sp1/nios2eds/bin/gnu/h-i686-mingw32/bin/../lib/gcc/nios2-elf/4.1.2/mno-hw-mul\libgcc.a(_df_to_sf.o)
                0x0080c74c                __truncdfsf2
 .text          0x0080c7c0        0x0 c:/altera/12.1sp1/nios2eds/bin/gnu/h-i686-mingw32/bin/../lib/gcc/nios2-elf/4.1.2/mno-hw-mul\libgcc.a(_thenan_df.o)
 .text          0x0080c7c0      0x14c c:/altera/12.1sp1/nios2eds/bin/gnu/h-i686-mingw32/bin/../lib/gcc/nios2-elf/4.1.2/mno-hw-mul\libgcc.a(lib2-divmod.o)
                0x0080c83c                __divsi3
                0x0080c89c                __modsi3
                0x0080c8fc                __udivsi3
                0x0080c904                __umodsi3
 .text          0x0080c90c       0x38 c:/altera/12.1sp1/nios2eds/bin/gnu/h-i686-mingw32/bin/../lib/gcc/nios2-elf/4.1.2/mno-hw-mul\libgcc.a(lib2-mul.o)
                0x0080c90c                __mulsi3
 .text          0x0080c944       0x80 c:/altera/12.1sp1/nios2eds/bin/gnu/h-i686-mingw32/bin/../lib/gcc/nios2-elf/4.1.2/mno-hw-mul\libgcc.a(_clzsi2.o)
                0x0080c944                __clzsi2
 .text          0x0080c9c4      0x160 c:/altera/12.1sp1/nios2eds/bin/gnu/h-i686-mingw32/bin/../lib/gcc/nios2-elf/4.1.2/mno-hw-mul\libgcc.a(_pack_sf.o)
                0x0080c9c4                __pack_f
 .text          0x0080cb24       0xc8 c:/altera/12.1sp1/nios2eds/bin/gnu/h-i686-mingw32/bin/../lib/gcc/nios2-elf/4.1.2/mno-hw-mul\libgcc.a(_unpack_sf.o)
                0x0080cb24                __unpack_f
 .text          0x0080cbec       0xa8 c:/altera/12.1sp1/nios2eds/bin/gnu/h-i686-mingw32/bin/../lib/gcc/nios2-elf/4.1.2/mno-hw-mul\libgcc.a(_fpcmp_parts_sf.o)
                0x0080cbec                __fpcmp_parts_f
 .text          0x0080cc94       0x2c c:/altera/12.1sp1/nios2eds/bin/gnu/h-i686-mingw32/bin/../lib/gcc/nios2-elf/4.1.2/mno-hw-mul\libgcc.a(_make_sf.o)
                0x0080cc94                __make_fp
 .text          0x0080ccc0      0x314 c:/altera/12.1sp1/nios2eds/bin/gnu/h-i686-mingw32/bin/../lib/gcc/nios2-elf/4.1.2/mno-hw-mul\libgcc.a(_pack_df.o)
                0x0080ccc0                __pack_d
 .text          0x0080cfd4      0x138 c:/altera/12.1sp1/nios2eds/bin/gnu/h-i686-mingw32/bin/../lib/gcc/nios2-elf/4.1.2/mno-hw-mul\libgcc.a(_unpack_df.o)
                0x0080cfd4                __unpack_d
 .text          0x0080d10c       0xc8 c:/altera/12.1sp1/nios2eds/bin/gnu/h-i686-mingw32/bin/../lib/gcc/nios2-elf/4.1.2/mno-hw-mul\libgcc.a(_fpcmp_parts_df.o)
                0x0080d10c                __fpcmp_parts_d
 .text          0x0080d1d4        0x0 c:/altera/12.1sp1/nios2eds/bin/gnu/h-i686-mingw32/bin/../lib/gcc/nios2-elf/4.1.2/mno-hw-mul\libgcc.a(_clz.o)
 .text          0x0080d1d4       0x54 c:/altera/12.1sp1/nios2eds/bin/gnu/h-i686-mingw32/bin/../lib/gcc/nios2-elf/4.1.2/../../../../nios2-elf/lib/mno-hw-mul\libc.a(lib_a-clock.o)
                0x0080d1d4                clock
 .text          0x0080d228       0x10 c:/altera/12.1sp1/nios2eds/bin/gnu/h-i686-mingw32/bin/../lib/gcc/nios2-elf/4.1.2/../../../../nios2-elf/lib/mno-hw-mul\libc.a(lib_a-errno.o)
                0x0080d228                __errno
 .text          0x0080d238        0x0 c:/altera/12.1sp1/nios2eds/bin/gnu/h-i686-mingw32/bin/../lib/gcc/nios2-elf/4.1.2/../../../../nios2-elf/lib/mno-hw-mul\libc.a(lib_a-impure.o)
 .text          0x0080d238       0x28 c:/altera/12.1sp1/nios2eds/bin/gnu/h-i686-mingw32/bin/../lib/gcc/nios2-elf/4.1.2/../../../../nios2-elf/lib/mno-hw-mul\libc.a(lib_a-malloc.o)
                0x0080d238                free
                0x0080d24c                malloc
 .text          0x0080d260      0x740 c:/altera/12.1sp1/nios2eds/bin/gnu/h-i686-mingw32/bin/../lib/gcc/nios2-elf/4.1.2/../../../../nios2-elf/lib/mno-hw-mul\libc.a(lib_a-mallocr.o)
                0x0080d260                _malloc_r
 .text          0x0080d9a0       0xa0 c:/altera/12.1sp1/nios2eds/bin/gnu/h-i686-mingw32/bin/../lib/gcc/nios2-elf/4.1.2/../../../../nios2-elf/lib/mno-hw-mul\libc.a(lib_a-memcpy.o)
                0x0080d9a0                memcpy
 .text          0x0080da40       0x78 c:/altera/12.1sp1/nios2eds/bin/gnu/h-i686-mingw32/bin/../lib/gcc/nios2-elf/4.1.2/../../../../nios2-elf/lib/mno-hw-mul\libc.a(lib_a-printf.o)
                0x0080da40                printf
                0x0080da84                _printf_r
 .text          0x0080dab8       0xb4 c:/altera/12.1sp1/nios2eds/bin/gnu/h-i686-mingw32/bin/../lib/gcc/nios2-elf/4.1.2/../../../../nios2-elf/lib/mno-hw-mul\libc.a(lib_a-puts.o)
                0x0080dab8                _puts_r
                0x0080db58                puts
 .text          0x0080db6c       0x1c c:/altera/12.1sp1/nios2eds/bin/gnu/h-i686-mingw32/bin/../lib/gcc/nios2-elf/4.1.2/../../../../nios2-elf/lib/mno-hw-mul\libc.a(lib_a-realloc.o)
                0x0080db6c                realloc
 .text          0x0080db88      0x5f4 c:/altera/12.1sp1/nios2eds/bin/gnu/h-i686-mingw32/bin/../lib/gcc/nios2-elf/4.1.2/../../../../nios2-elf/lib/mno-hw-mul\libc.a(lib_a-reallocr.o)
                0x0080db88                _realloc_r
 .text          0x0080e17c       0x70 c:/altera/12.1sp1/nios2eds/bin/gnu/h-i686-mingw32/bin/../lib/gcc/nios2-elf/4.1.2/../../../../nios2-elf/lib/mno-hw-mul\libc.a(lib_a-sbrkr.o)
                0x0080e17c                _sbrk_r
 .text          0x0080e1ec       0x74 c:/altera/12.1sp1/nios2eds/bin/gnu/h-i686-mingw32/bin/../lib/gcc/nios2-elf/4.1.2/../../../../nios2-elf/lib/mno-hw-mul\libc.a(lib_a-strlen.o)
                0x0080e1ec                strlen
 .text          0x0080e260        0x8 c:/altera/12.1sp1/nios2eds/bin/gnu/h-i686-mingw32/bin/../lib/gcc/nios2-elf/4.1.2/../../../../nios2-elf/lib/mno-hw-mul\libc.a(lib_a-timesr.o)
                0x0080e260                _times_r
 .text          0x0080e268     0x1f40 c:/altera/12.1sp1/nios2eds/bin/gnu/h-i686-mingw32/bin/../lib/gcc/nios2-elf/4.1.2/../../../../nios2-elf/lib/mno-hw-mul\libc.a(lib_a-vfprintf.o)
                0x0080e2c0                ___vfprintf_internal_r
                0x00810184                __vfprintf_internal
 .text          0x008101a8      0x13c c:/altera/12.1sp1/nios2eds/bin/gnu/h-i686-mingw32/bin/../lib/gcc/nios2-elf/4.1.2/../../../../nios2-elf/lib/mno-hw-mul\libc.a(lib_a-wsetup.o)
                0x008101a8                __swsetup_r
 .text          0x008102e4     0x17f8 c:/altera/12.1sp1/nios2eds/bin/gnu/h-i686-mingw32/bin/../lib/gcc/nios2-elf/4.1.2/../../../../nios2-elf/lib/mno-hw-mul\libc.a(lib_a-dtoa.o)
                0x00810528                _dtoa_r
 .text          0x00811adc      0x230 c:/altera/12.1sp1/nios2eds/bin/gnu/h-i686-mingw32/bin/../lib/gcc/nios2-elf/4.1.2/../../../../nios2-elf/lib/mno-hw-mul\libc.a(lib_a-fflush.o)
                0x00811adc                _fflush_r
                0x00811cd8                fflush
 .text          0x00811d0c      0x2f4 c:/altera/12.1sp1/nios2eds/bin/gnu/h-i686-mingw32/bin/../lib/gcc/nios2-elf/4.1.2/../../../../nios2-elf/lib/mno-hw-mul\libc.a(lib_a-findfp.o)
                0x00811d64                __sfp_lock_acquire
                0x00811d68                __sfp_lock_release
                0x00811d6c                __sinit_lock_acquire
                0x00811d70                __sinit_lock_release
                0x00811d74                __sinit
                0x00811e28                __fp_unlock_all
                0x00811e40                __fp_lock_all
                0x00811e58                _cleanup_r
                0x00811e64                _cleanup
                0x00811e74                __sfmoreglue
                0x00811f10                __sfp
 .text          0x00812000      0x440 c:/altera/12.1sp1/nios2eds/bin/gnu/h-i686-mingw32/bin/../lib/gcc/nios2-elf/4.1.2/../../../../nios2-elf/lib/mno-hw-mul\libc.a(lib_a-freer.o)
                0x00812000                _malloc_trim_r
                0x0081212c                _free_r
 .text          0x00812440      0x49c c:/altera/12.1sp1/nios2eds/bin/gnu/h-i686-mingw32/bin/../lib/gcc/nios2-elf/4.1.2/../../../../nios2-elf/lib/mno-hw-mul\libc.a(lib_a-fvwrite.o)
                0x00812440                __sfvwrite_r
 .text          0x008128dc      0x180 c:/altera/12.1sp1/nios2eds/bin/gnu/h-i686-mingw32/bin/../lib/gcc/nios2-elf/4.1.2/../../../../nios2-elf/lib/mno-hw-mul\libc.a(lib_a-fwalk.o)
                0x008128dc                _fwalk_reent
                0x008129a4                _fwalk
 .text          0x00812a5c        0x0 c:/altera/12.1sp1/nios2eds/bin/gnu/h-i686-mingw32/bin/../lib/gcc/nios2-elf/4.1.2/../../../../nios2-elf/lib/mno-hw-mul\libc.a(lib_a-int_errno.o)
 .text          0x00812a5c       0xc4 c:/altera/12.1sp1/nios2eds/bin/gnu/h-i686-mingw32/bin/../lib/gcc/nios2-elf/4.1.2/../../../../nios2-elf/lib/mno-hw-mul\libc.a(lib_a-locale.o)
                0x00812a5c                __locale_charset
                0x00812a64                _localeconv_r
                0x00812a70                localeconv
                0x00812a80                _setlocale_r
                0x00812b04                setlocale
 .text          0x00812b20      0x194 c:/altera/12.1sp1/nios2eds/bin/gnu/h-i686-mingw32/bin/../lib/gcc/nios2-elf/4.1.2/../../../../nios2-elf/lib/mno-hw-mul\libc.a(lib_a-makebuf.o)
                0x00812b20                __smakebuf_r
 .text          0x00812cb4       0xe4 c:/altera/12.1sp1/nios2eds/bin/gnu/h-i686-mingw32/bin/../lib/gcc/nios2-elf/4.1.2/../../../../nios2-elf/lib/mno-hw-mul\libc.a(lib_a-memchr.o)
                0x00812cb4                memchr
 .text          0x00812d98       0xe0 c:/altera/12.1sp1/nios2eds/bin/gnu/h-i686-mingw32/bin/../lib/gcc/nios2-elf/4.1.2/../../../../nios2-elf/lib/mno-hw-mul\libc.a(lib_a-memmove.o)
                0x00812d98                memmove
 .text          0x00812e78       0x98 c:/altera/12.1sp1/nios2eds/bin/gnu/h-i686-mingw32/bin/../lib/gcc/nios2-elf/4.1.2/../../../../nios2-elf/lib/mno-hw-mul\libc.a(lib_a-memset.o)
                0x00812e78                memset
 .text          0x00812f10     0x108c c:/altera/12.1sp1/nios2eds/bin/gnu/h-i686-mingw32/bin/../lib/gcc/nios2-elf/4.1.2/../../../../nios2-elf/lib/mno-hw-mul\libc.a(lib_a-mprec.o)
                0x00812f10                _Bfree
                0x00812f38                __hi0bits
                0x00812fa8                __lo0bits
                0x0081306c                __mcmp
                0x008130cc                __ulp
                0x0081314c                __b2d
                0x0081326c                __ratio
                0x0081331c                _mprec_log10
                0x008133b0                __copybits
                0x00813408                __any_on
                0x00813490                _Balloc
                0x0081354c                __d2b
                0x008136c8                __mdiff
                0x00813854                __lshift
                0x008139a0                __multiply
                0x00813bf4                __i2b
                0x00813c30                __multadd
                0x00813d5c                __pow5mult
                0x00813e7c                __s2b
 .text          0x00813f9c       0x40 c:/altera/12.1sp1/nios2eds/bin/gnu/h-i686-mingw32/bin/../lib/gcc/nios2-elf/4.1.2/../../../../nios2-elf/lib/mno-hw-mul\libc.a(lib_a-s_isinfd.o)
                0x00813f9c                __isinfd
 .text          0x00813fdc      0x14c c:/altera/12.1sp1/nios2eds/bin/gnu/h-i686-mingw32/bin/../lib/gcc/nios2-elf/4.1.2/../../../../nios2-elf/lib/mno-hw-mul\libc.a(lib_a-stdio.o)
                0x00813fdc                __sclose
                0x00813fe4                __sseek
                0x0081404c                __swrite
                0x008140c8                __sread
 .text          0x00814128       0xbc c:/altera/12.1sp1/nios2eds/bin/gnu/h-i686-mingw32/bin/../lib/gcc/nios2-elf/4.1.2/../../../../nios2-elf/lib/mno-hw-mul\libc.a(lib_a-strcmp.o)
                0x00814128                strcmp
 .text          0x008141e4       0x78 c:/altera/12.1sp1/nios2eds/bin/gnu/h-i686-mingw32/bin/../lib/gcc/nios2-elf/4.1.2/../../../../nios2-elf/lib/mno-hw-mul\libc.a(lib_a-writer.o)
                0x008141e4                _write_r
 .text          0x0081425c       0xc8 c:/altera/12.1sp1/nios2eds/bin/gnu/h-i686-mingw32/bin/../lib/gcc/nios2-elf/4.1.2/../../../../nios2-elf/lib/mno-hw-mul\libc.a(lib_a-callocr.o)
                0x0081425c                _calloc_r
 .text          0x00814324       0x70 c:/altera/12.1sp1/nios2eds/bin/gnu/h-i686-mingw32/bin/../lib/gcc/nios2-elf/4.1.2/../../../../nios2-elf/lib/mno-hw-mul\libc.a(lib_a-closer.o)
                0x00814324                _close_r
 .text          0x00814394      0x124 c:/altera/12.1sp1/nios2eds/bin/gnu/h-i686-mingw32/bin/../lib/gcc/nios2-elf/4.1.2/../../../../nios2-elf/lib/mno-hw-mul\libc.a(lib_a-fclose.o)
                0x00814394                _fclose_r
                0x008144a4                fclose
 .text          0x008144b8       0x74 c:/altera/12.1sp1/nios2eds/bin/gnu/h-i686-mingw32/bin/../lib/gcc/nios2-elf/4.1.2/../../../../nios2-elf/lib/mno-hw-mul\libc.a(lib_a-fstatr.o)
                0x008144b8                _fstat_r
 .text          0x0081452c       0x70 c:/altera/12.1sp1/nios2eds/bin/gnu/h-i686-mingw32/bin/../lib/gcc/nios2-elf/4.1.2/../../../../nios2-elf/lib/mno-hw-mul\libc.a(lib_a-isattyr.o)
                0x0081452c                _isatty_r
 .text          0x0081459c       0x78 c:/altera/12.1sp1/nios2eds/bin/gnu/h-i686-mingw32/bin/../lib/gcc/nios2-elf/4.1.2/../../../../nios2-elf/lib/mno-hw-mul\libc.a(lib_a-lseekr.o)
                0x0081459c                _lseek_r
 .text          0x00814614       0x78 c:/altera/12.1sp1/nios2eds/bin/gnu/h-i686-mingw32/bin/../lib/gcc/nios2-elf/4.1.2/../../../../nios2-elf/lib/mno-hw-mul\libc.a(lib_a-readr.o)
                0x00814614                _read_r
 .text          0x0081468c      0x66c c:/altera/12.1sp1/nios2eds/bin/gnu/h-i686-mingw32/bin/../lib/gcc/nios2-elf/4.1.2/mno-hw-mul\libgcc.a(_udivdi3.o)
                0x0081468c                __udivdi3
 .text          0x00814cf8      0x660 c:/altera/12.1sp1/nios2eds/bin/gnu/h-i686-mingw32/bin/../lib/gcc/nios2-elf/4.1.2/mno-hw-mul\libgcc.a(_umoddi3.o)
                0x00814cf8                __umoddi3
 .text          0x00815358      0x194 c:/altera/12.1sp1/nios2eds/bin/gnu/h-i686-mingw32/bin/../lib/gcc/nios2-elf/4.1.2/mno-hw-mul\libgcc.a(_usi_to_df.o)
                0x00815358                __floatunsidf
 .text          0x008154ec      0x160 C:/Users/jchang3/Documents/ECE492/test/software/test_new_dtw_bsp/\libucosii_bsp.a(alt_close.o)
                0x008154ec                close
 .text          0x0081564c       0x2c C:/Users/jchang3/Documents/ECE492/test/software/test_new_dtw_bsp/\libucosii_bsp.a(alt_dev.o)
 .text          0x00815678        0x0 C:/Users/jchang3/Documents/ECE492/test/software/test_new_dtw_bsp/\libucosii_bsp.a(alt_errno.o)
 .text          0x00815678      0x138 C:/Users/jchang3/Documents/ECE492/test/software/test_new_dtw_bsp/\libucosii_bsp.a(alt_fstat.o)
                0x00815678                fstat
 .text          0x008157b0      0x124 C:/Users/jchang3/Documents/ECE492/test/software/test_new_dtw_bsp/\libucosii_bsp.a(alt_isatty.o)
                0x008157b0                isatty
 .text          0x008158d4       0xec C:/Users/jchang3/Documents/ECE492/test/software/test_new_dtw_bsp/\libucosii_bsp.a(alt_load.o)
                0x008158d4                alt_load
 .text          0x008159c0      0x154 C:/Users/jchang3/Documents/ECE492/test/software/test_new_dtw_bsp/\libucosii_bsp.a(alt_lseek.o)
                0x008159c0                lseek
 .text          0x00815b14       0xc8 C:/Users/jchang3/Documents/ECE492/test/software/test_new_dtw_bsp/\libucosii_bsp.a(alt_main.o)
                0x00815b14                alt_main
 .text          0x00815bdc      0x184 C:/Users/jchang3/Documents/ECE492/test/software/test_new_dtw_bsp/\libucosii_bsp.a(alt_read.o)
                0x00815bdc                read
 .text          0x00815d60       0x78 C:/Users/jchang3/Documents/ECE492/test/software/test_new_dtw_bsp/\libucosii_bsp.a(alt_release_fd.o)
                0x00815d60                alt_release_fd
 .text          0x00815dd8       0xbc C:/Users/jchang3/Documents/ECE492/test/software/test_new_dtw_bsp/\libucosii_bsp.a(alt_sbrk.o)
                0x00815dd8                sbrk
 .text          0x00815e94       0xf4 C:/Users/jchang3/Documents/ECE492/test/software/test_new_dtw_bsp/\libucosii_bsp.a(alt_times.o)
                0x00815e94                times
 .text          0x00815f88      0x184 C:/Users/jchang3/Documents/ECE492/test/software/test_new_dtw_bsp/\libucosii_bsp.a(alt_write.o)
                0x00815f88                write
 .text          0x0081610c      0x108 C:/Users/jchang3/Documents/ECE492/test/software/test_new_dtw_bsp/\libucosii_bsp.a(alt_env_lock.o)
                0x0081610c                __env_lock
                0x008161b8                __env_unlock
 .text          0x00816214      0x1d8 C:/Users/jchang3/Documents/ECE492/test/software/test_new_dtw_bsp/\libucosii_bsp.a(alt_malloc_lock.o)
                0x00816214                __malloc_lock
                0x0081631c                __malloc_unlock
 .text          0x008163ec     0x2128 C:/Users/jchang3/Documents/ECE492/test/software/test_new_dtw_bsp/\libucosii_bsp.a(os_core.o)
                0x008163ec                OSEventNameGet
                0x0081651c                OSEventNameSet
                0x00816660                OSEventPendMulti
                0x00816d14                OSInit
                0x00816d68                OSIntEnter
                0x00816de4                OSIntExit
                0x00816ee4                OSSchedLock
                0x00816f70                OSSchedUnlock
                0x00817054                OSStart
                0x008170c4                OSStatInit
                0x00817170                OSTimeTick
                0x008173b0                OSVersion
                0x008173d0                OS_Dummy
                0x008173ec                OS_EventTaskRdy
                0x00817580                OS_EventTaskWait
                0x00817690                OS_EventTaskWaitMulti
                0x008177e4                OS_EventTaskRemove
                0x0081789c                OS_EventTaskRemoveMulti
                0x008179a0                OS_EventWaitListInit
                0x00817d6c                OS_MemClr
                0x00817dc0                OS_MemCopy
                0x00817e2c                OS_Sched
                0x00817f70                OS_StrCopy
                0x00817ff0                OS_StrLen
                0x00818048                OS_TaskIdle
                0x008180a4                OS_TaskStat
                0x0081816c                OS_TaskStatStkChk
                0x00818234                OS_TCBInit
 .text          0x00818514      0x18c C:/Users/jchang3/Documents/ECE492/test/software/test_new_dtw_bsp/\libucosii_bsp.a(os_dbg.o)
                0x00818514                OSDebugInit
 .text          0x008186a0     0x193c C:/Users/jchang3/Documents/ECE492/test/software/test_new_dtw_bsp/\libucosii_bsp.a(os_flag.o)
                0x008186a0                OSFlagAccept
                0x008189d4                OSFlagCreate
                0x00818b10                OSFlagDel
                0x00818db8                OSFlagNameGet
                0x00818efc                OSFlagNameSet
                0x00819050                OSFlagPend
                0x00819694                OSFlagPendGetFlagsRdy
                0x008196fc                OSFlagPost
                0x00819aa4                OSFlagQuery
                0x00819d3c                OS_FlagInit
                0x00819f30                OS_FlagUnlink
 .text          0x00819fdc      0x80c C:/Users/jchang3/Documents/ECE492/test/software/test_new_dtw_bsp/\libucosii_bsp.a(os_mem.o)
                0x00819fdc                OSMemCreate
                0x0081a1f8                OSMemGet
                0x0081a2fc                OSMemNameGet
                0x0081a408                OSMemNameSet
                0x0081a528                OSMemPut
                0x0081a618                OSMemQuery
                0x0081a714                OS_MemInit
 .text          0x0081a7e8     0x1334 C:/Users/jchang3/Documents/ECE492/test/software/test_new_dtw_bsp/\libucosii_bsp.a(os_q.o)
                0x0081a7e8                OSQAccept
                0x0081a93c                OSQCreate
                0x0081ab50                OSQDel
                0x0081ae50                OSQFlush
                0x0081af18                OSQPend
                0x0081b238                OSQPendAbort
                0x0081b3b4                OSQPost
                0x0081b534                OSQPostFront
                0x0081b6bc                OSQPostOpt
                0x0081b8f0                OSQQuery
                0x0081ba70                OS_QInit
 .text          0x0081bb1c      0xbc8 C:/Users/jchang3/Documents/ECE492/test/software/test_new_dtw_bsp/\libucosii_bsp.a(os_sem.o)
                0x0081bb1c                OSSemAccept
                0x0081bbdc                OSSemCreate
                0x0081bcf0                OSSemDel
                0x0081bf90                OSSemPend
                0x0081c20c                OSSemPendAbort
                0x0081c388                OSSemPost
                0x0081c4b0                OSSemQuery
                0x0081c5e0                OSSemSet
 .text          0x0081c6e4     0x1a40 C:/Users/jchang3/Documents/ECE492/test/software/test_new_dtw_bsp/\libucosii_bsp.a(os_task.o)
                0x0081c6e4                OSTaskChangePrio
                0x0081cc58                OSTaskCreate
                0x0081ce2c                OSTaskCreateExt
                0x0081d02c                OSTaskDel
                0x0081d438                OSTaskDelReq
                0x0081d5a8                OSTaskNameGet
                0x0081d760                OSTaskNameSet
                0x0081d924                OSTaskResume
                0x0081db3c                OSTaskStkChk
                0x0081dd38                OSTaskSuspend
                0x0081df64                OSTaskQuery
                0x0081e0a8                OS_TaskStkClr
 .text          0x0081e124      0x5b4 C:/Users/jchang3/Documents/ECE492/test/software/test_new_dtw_bsp/\libucosii_bsp.a(os_time.o)
                0x0081e124                OSTimeDly
                0x0081e270                OSTimeDlyHMSM
                0x0081e400                OSTimeDlyResume
                0x0081e610                OSTimeGet
                0x0081e674                OSTimeSet
 .text          0x0081e6d8       0xec C:/Users/jchang3/Documents/ECE492/test/software/test_new_dtw_bsp/\libucosii_bsp.a(alt_sys_init.o)
                0x0081e6d8                alt_irq_init
                0x0081e70c                alt_sys_init
 .text          0x0081e7c4      0x148 C:/Users/jchang3/Documents/ECE492/test/software/test_new_dtw_bsp/\libucosii_bsp.a(altera_avalon_jtag_uart_fd.o)
                0x0081e7c4                altera_avalon_jtag_uart_read_fd
                0x0081e81c                altera_avalon_jtag_uart_write_fd
                0x0081e874                altera_avalon_jtag_uart_close_fd
                0x0081e8bc                altera_avalon_jtag_uart_ioctl_fd
 .text          0x0081e90c      0x580 C:/Users/jchang3/Documents/ECE492/test/software/test_new_dtw_bsp/\libucosii_bsp.a(altera_avalon_jtag_uart_init.o)
                0x0081e90c                altera_avalon_jtag_uart_init
                0x0081ee18                altera_avalon_jtag_uart_close
 .text          0x0081ee8c       0xf4 C:/Users/jchang3/Documents/ECE492/test/software/test_new_dtw_bsp/\libucosii_bsp.a(altera_avalon_jtag_uart_ioctl.o)
                0x0081ee8c                altera_avalon_jtag_uart_ioctl
 .text          0x0081ef80      0x2c0 C:/Users/jchang3/Documents/ECE492/test/software/test_new_dtw_bsp/\libucosii_bsp.a(altera_avalon_jtag_uart_read.o)
                0x0081ef80                altera_avalon_jtag_uart_read
 .text          0x0081f240      0x2dc C:/Users/jchang3/Documents/ECE492/test/software/test_new_dtw_bsp/\libucosii_bsp.a(altera_avalon_jtag_uart_write.o)
                0x0081f240                altera_avalon_jtag_uart_write
 .text          0x0081f51c       0xfc C:/Users/jchang3/Documents/ECE492/test/software/test_new_dtw_bsp/\libucosii_bsp.a(altera_avalon_timer_sc.o)
                0x0081f590                alt_avalon_timer_sc_init
 .text          0x0081f618      0x530 C:/Users/jchang3/Documents/ECE492/test/software/test_new_dtw_bsp/\libucosii_bsp.a(altera_up_avalon_character_lcd.o)
                0x0081f618                get_DDRAM_addr
                0x0081f694                alt_up_character_lcd_send_cmd
                0x0081f6c8                alt_up_character_lcd_init
                0x0081f6fc                alt_up_character_lcd_open_dev
                0x0081f73c                alt_up_character_lcd_write
                0x0081f7b4                alt_up_character_lcd_string
                0x0081f82c                alt_up_character_lcd_write_fd
                0x0081f878                alt_up_character_lcd_set_cursor_pos
                0x0081f8f0                alt_up_character_lcd_shift_cursor
                0x0081f9a0                alt_up_character_lcd_shift_display
                0x0081fa50                alt_up_character_lcd_erase_pos
                0x0081fae0                alt_up_character_lcd_cursor_off
                0x0081fb14                alt_up_character_lcd_cursor_blink_on
 .text          0x0081fb48      0x398 C:/Users/jchang3/Documents/ECE492/test/software/test_new_dtw_bsp/\libucosii_bsp.a(altera_up_avalon_rs232.o)
                0x0081fb48                alt_up_rs232_enable_read_interrupt
                0x0081fb9c                alt_up_rs232_disable_read_interrupt
                0x0081fbf4                alt_up_rs232_get_used_space_in_read_FIFO
                0x0081fc30                alt_up_rs232_get_available_space_in_write_FIFO
                0x0081fc70                alt_up_rs232_check_parity
                0x0081fcc0                alt_up_rs232_write_data
                0x0081fd08                alt_up_rs232_read_data
                0x0081fd7c                alt_up_rs232_read_fd
                0x0081fe0c                alt_up_rs232_write_fd
                0x0081fea0                alt_up_rs232_open_dev
 .text          0x0081fee0      0x154 C:/Users/jchang3/Documents/ECE492/test/software/test_new_dtw_bsp/\libucosii_bsp.a(alt_alarm_start.o)
                0x0081fee0                alt_alarm_start
 .text          0x00820034       0x1c C:/Users/jchang3/Documents/ECE492/test/software/test_new_dtw_bsp/\libucosii_bsp.a(alt_dcache_flush_all.o)
                0x00820034                alt_dcache_flush_all
 .text          0x00820050      0x114 C:/Users/jchang3/Documents/ECE492/test/software/test_new_dtw_bsp/\libucosii_bsp.a(alt_dev_llist_insert.o)
                0x00820050                alt_dev_llist_insert
 .text          0x00820164       0x64 C:/Users/jchang3/Documents/ECE492/test/software/test_new_dtw_bsp/\libucosii_bsp.a(alt_do_ctors.o)
                0x00820164                _do_ctors
 .text          0x008201c8       0x64 C:/Users/jchang3/Documents/ECE492/test/software/test_new_dtw_bsp/\libucosii_bsp.a(alt_do_dtors.o)
                0x008201c8                _do_dtors
 .text          0x0082022c       0x94 C:/Users/jchang3/Documents/ECE492/test/software/test_new_dtw_bsp/\libucosii_bsp.a(alt_find_dev.o)
                0x0082022c                alt_find_dev
 .text          0x008202c0       0x1c C:/Users/jchang3/Documents/ECE492/test/software/test_new_dtw_bsp/\libucosii_bsp.a(alt_icache_flush_all.o)
                0x008202c0                alt_icache_flush_all
 .text          0x008202dc      0x150 C:/Users/jchang3/Documents/ECE492/test/software/test_new_dtw_bsp/\libucosii_bsp.a(alt_io_redirect.o)
                0x008203b4                alt_io_redirect
 .text          0x0082042c      0x1c0 C:/Users/jchang3/Documents/ECE492/test/software/test_new_dtw_bsp/\libucosii_bsp.a(alt_irq_register.o)
                0x0082042c                alt_irq_register
 .text          0x008205ec        0x0 C:/Users/jchang3/Documents/ECE492/test/software/test_new_dtw_bsp/\libucosii_bsp.a(alt_irq_vars.o)
 .text          0x008205ec      0x2e4 C:/Users/jchang3/Documents/ECE492/test/software/test_new_dtw_bsp/\libucosii_bsp.a(alt_open.o)
                0x008206e4                open
 .text          0x008208d0      0x1a8 C:/Users/jchang3/Documents/ECE492/test/software/test_new_dtw_bsp/\libucosii_bsp.a(alt_tick.o)
                0x008208d0                alt_alarm_stop
                0x00820968                alt_tick
 .text          0x00820a78       0x20 C:/Users/jchang3/Documents/ECE492/test/software/test_new_dtw_bsp/\libucosii_bsp.a(altera_nios2_qsys_irq.o)
                0x00820a78                altera_nios2_qsys_irq_init
 .text          0x00820a98       0xd0 C:/Users/jchang3/Documents/ECE492/test/software/test_new_dtw_bsp/\libucosii_bsp.a(os_cpu_a.o)
                0x00820a98                OSCtxSw
                0x00820a98                OSIntCtxSw
                0x00820b24                OSStartHighRdy
                0x00820b44                OSStartTsk
 .text          0x00820b68      0x418 C:/Users/jchang3/Documents/ECE492/test/software/test_new_dtw_bsp/\libucosii_bsp.a(os_cpu_c.o)
                0x00820b68                OSTaskStkInit
                0x00820e78                OSTaskCreateHook
                0x00820e98                OSTaskDelHook
                0x00820eb8                OSTaskSwHook
                0x00820ed4                OSTaskStatHook
                0x00820ef0                OSTimeTickHook
                0x00820f0c                OSInitHookBegin
                0x00820f28                OSInitHookEnd
                0x00820f44                OSTaskIdleHook
                0x00820f60                OSTCBInitHook
 .text          0x00820f80      0x120 C:/Users/jchang3/Documents/ECE492/test/software/test_new_dtw_bsp/\libucosii_bsp.a(alt_find_file.o)
                0x00820f80                alt_find_file
 .text          0x008210a0      0x104 C:/Users/jchang3/Documents/ECE492/test/software/test_new_dtw_bsp/\libucosii_bsp.a(alt_get_fd.o)
                0x008210a0                alt_get_fd
 .text          0x008211a4        0x0 C:/Users/jchang3/Documents/ECE492/test/software/test_new_dtw_bsp/\libucosii_bsp.a(alt_irq_entry.o)
 .text          0x008211a4        0x0 C:/Users/jchang3/Documents/ECE492/test/software/test_new_dtw_bsp/\libucosii_bsp.a(alt_irq_handler.o)
 .text          0x008211a4        0x0 C:/Users/jchang3/Documents/ECE492/test/software/test_new_dtw_bsp/\libucosii_bsp.a(alt_exception_entry.o)
 .text          0x008211a4       0x14 c:/altera/12.1sp1/nios2eds/bin/gnu/h-i686-mingw32/bin/../lib/gcc/nios2-elf/4.1.2/../../../../nios2-elf/lib/mno-hw-mul\libc.a(lib_a-atexit.o)
                0x008211a4                atexit
 .text          0x008211b8       0x38 c:/altera/12.1sp1/nios2eds/bin/gnu/h-i686-mingw32/bin/../lib/gcc/nios2-elf/4.1.2/../../../../nios2-elf/lib/mno-hw-mul\libc.a(lib_a-exit.o)
                0x008211b8                exit
 .text          0x008211f0       0x74 c:/altera/12.1sp1/nios2eds/bin/gnu/h-i686-mingw32/bin/../lib/gcc/nios2-elf/4.1.2/../../../../nios2-elf/lib/mno-hw-mul\libc.a(lib_a-memcmp.o)
                0x008211f0                memcmp
 .text          0x00821264      0x134 c:/altera/12.1sp1/nios2eds/bin/gnu/h-i686-mingw32/bin/../lib/gcc/nios2-elf/4.1.2/../../../../nios2-elf/lib/mno-hw-mul\libc.a(lib_a-__atexit.o)
                0x00821264                __register_exitproc
 .text          0x00821398      0x1b4 c:/altera/12.1sp1/nios2eds/bin/gnu/h-i686-mingw32/bin/../lib/gcc/nios2-elf/4.1.2/../../../../nios2-elf/lib/mno-hw-mul\libc.a(lib_a-__call_atexit.o)
                0x0082139c                __call_exitprocs
 .text          0x0082154c       0x6c C:/Users/jchang3/Documents/ECE492/test/software/test_new_dtw_bsp/\libucosii_bsp.a(alt_exit.o)
                0x0082158c                _exit
 *(.gnu.warning.*)
 *(.fini)
                0x008215b8                PROVIDE (__etext, ABSOLUTE (.))
                0x008215b8                PROVIDE (_etext, ABSOLUTE (.))
                0x008215b8                PROVIDE (etext, ABSOLUTE (.))
 *(.eh_frame_hdr)
                0x008215b8                . = ALIGN (0x4)
                0x008215b8                PROVIDE (__preinit_array_start, ABSOLUTE (.))
 *(.preinit_array)
                0x008215b8                PROVIDE (__preinit_array_end, ABSOLUTE (.))
                0x008215b8                PROVIDE (__init_array_start, ABSOLUTE (.))
 *(.init_array)
                0x008215b8                PROVIDE (__init_array_end, ABSOLUTE (.))
                0x008215b8                PROVIDE (__fini_array_start, ABSOLUTE (.))
 *(.fini_array)
                0x008215b8                PROVIDE (__fini_array_end, ABSOLUTE (.))
 *(.eh_frame)
 *(.gcc_except_table)
 *(.dynamic)
                0x008215b8                PROVIDE (__CTOR_LIST__, ABSOLUTE (.))
 *(.ctors)
 *(SORT(.ctors.*))
 .ctors.65535   0x008215b8        0x4 c:/altera/12.1sp1/nios2eds/bin/gnu/h-i686-mingw32/bin/../lib/gcc/nios2-elf/4.1.2/../../../../nios2-elf/lib/mno-hw-mul\libc.a(lib_a-__call_atexit.o)
                0x008215bc                PROVIDE (__CTOR_END__, ABSOLUTE (.))
                0x008215bc                PROVIDE (__DTOR_LIST__, ABSOLUTE (.))
 *(.dtors)
 *(SORT(.dtors.*))
                0x008215bc                PROVIDE (__DTOR_END__, ABSOLUTE (.))
 *(.jcr)
                0x008215bc                . = ALIGN (0x4)

.rodata         0x008215bc      0x97c
                0x008215bc                PROVIDE (__ram_rodata_start, ABSOLUTE (.))
                0x008215bc                . = ALIGN (0x4)
 *(.rodata .rodata.* .gnu.linkonce.r.*)
 .rodata        0x008215bc      0x1fc obj/default/test_new_dtw.o
 .rodata        0x008217b8       0x40 c:/altera/12.1sp1/nios2eds/bin/gnu/h-i686-mingw32/bin/../lib/gcc/nios2-elf/4.1.2/../../../../nios2-elf/lib/mno-hw-mul\libm.a(lib_a-s_atan.o)
 .rodata.str1.4
                0x008217f8        0x5 c:/altera/12.1sp1/nios2eds/bin/gnu/h-i686-mingw32/bin/../lib/gcc/nios2-elf/4.1.2/../../../../nios2-elf/lib/mno-hw-mul\libm.a(lib_a-w_acos.o)
                                  0xc (size before relaxing)
 *fill*         0x008217fd        0x3 00
 .rodata.str1.4
                0x00821800        0x5 c:/altera/12.1sp1/nios2eds/bin/gnu/h-i686-mingw32/bin/../lib/gcc/nios2-elf/4.1.2/../../../../nios2-elf/lib/mno-hw-mul\libm.a(lib_a-w_asin.o)
                                  0xc (size before relaxing)
 *fill*         0x00821805        0x3 00
 .rodata.str1.4
                0x00821808        0x5 c:/altera/12.1sp1/nios2eds/bin/gnu/h-i686-mingw32/bin/../lib/gcc/nios2-elf/4.1.2/../../../../nios2-elf/lib/mno-hw-mul\libm.a(lib_a-w_cosh.o)
                                  0x8 (size before relaxing)
 *fill*         0x0082180d        0x3 00
 .rodata.str1.4
                0x00821810        0x4 c:/altera/12.1sp1/nios2eds/bin/gnu/h-i686-mingw32/bin/../lib/gcc/nios2-elf/4.1.2/../../../../nios2-elf/lib/mno-hw-mul\libm.a(lib_a-w_exp.o)
 .rodata.str1.4
                0x00821814        0x5 c:/altera/12.1sp1/nios2eds/bin/gnu/h-i686-mingw32/bin/../lib/gcc/nios2-elf/4.1.2/../../../../nios2-elf/lib/mno-hw-mul\libm.a(lib_a-w_fmod.o)
                                  0x8 (size before relaxing)
 *fill*         0x00821819        0x3 00
 .rodata.str1.4
                0x0082181c        0x4 c:/altera/12.1sp1/nios2eds/bin/gnu/h-i686-mingw32/bin/../lib/gcc/nios2-elf/4.1.2/../../../../nios2-elf/lib/mno-hw-mul\libm.a(lib_a-w_log.o)
                                  0x8 (size before relaxing)
 .rodata.str1.4
                0x00821820        0x6 c:/altera/12.1sp1/nios2eds/bin/gnu/h-i686-mingw32/bin/../lib/gcc/nios2-elf/4.1.2/../../../../nios2-elf/lib/mno-hw-mul\libm.a(lib_a-w_log10.o)
                                  0xc (size before relaxing)
 *fill*         0x00821826        0x2 00
 .rodata.str1.4
                0x00821828        0x4 c:/altera/12.1sp1/nios2eds/bin/gnu/h-i686-mingw32/bin/../lib/gcc/nios2-elf/4.1.2/../../../../nios2-elf/lib/mno-hw-mul\libm.a(lib_a-w_pow.o)
 .rodata.str1.4
                0x0082182c        0x5 c:/altera/12.1sp1/nios2eds/bin/gnu/h-i686-mingw32/bin/../lib/gcc/nios2-elf/4.1.2/../../../../nios2-elf/lib/mno-hw-mul\libm.a(lib_a-w_sinh.o)
                                  0x8 (size before relaxing)
 *fill*         0x00821831        0x3 00
 .rodata.str1.4
                0x00821834        0x5 c:/altera/12.1sp1/nios2eds/bin/gnu/h-i686-mingw32/bin/../lib/gcc/nios2-elf/4.1.2/../../../../nios2-elf/lib/mno-hw-mul\libm.a(lib_a-w_sqrt.o)
                                  0x8 (size before relaxing)
 *fill*         0x00821839        0x3 00
 .rodata.str1.4
                0x0082183c        0x6 c:/altera/12.1sp1/nios2eds/bin/gnu/h-i686-mingw32/bin/../lib/gcc/nios2-elf/4.1.2/../../../../nios2-elf/lib/mno-hw-mul\libm.a(lib_a-wf_sqrt.o)
                                  0x8 (size before relaxing)
 *fill*         0x00821842        0x2 00
 .rodata        0x00821844       0x30 c:/altera/12.1sp1/nios2eds/bin/gnu/h-i686-mingw32/bin/../lib/gcc/nios2-elf/4.1.2/../../../../nios2-elf/lib/mno-hw-mul\libm.a(lib_a-e_exp.o)
 .rodata        0x00821874       0x10 c:/altera/12.1sp1/nios2eds/bin/gnu/h-i686-mingw32/bin/../lib/gcc/nios2-elf/4.1.2/../../../../nios2-elf/lib/mno-hw-mul\libm.a(lib_a-e_fmod.o)
 .rodata.str1.4
                0x00000000        0x4 c:/altera/12.1sp1/nios2eds/bin/gnu/h-i686-mingw32/bin/../lib/gcc/nios2-elf/4.1.2/../../../../nios2-elf/lib/mno-hw-mul\libm.a(lib_a-e_pow.o)
 .rodata        0x00821884       0x30 c:/altera/12.1sp1/nios2eds/bin/gnu/h-i686-mingw32/bin/../lib/gcc/nios2-elf/4.1.2/../../../../nios2-elf/lib/mno-hw-mul\libm.a(lib_a-e_pow.o)
 .rodata        0x008218b4      0x188 c:/altera/12.1sp1/nios2eds/bin/gnu/h-i686-mingw32/bin/../lib/gcc/nios2-elf/4.1.2/../../../../nios2-elf/lib/mno-hw-mul\libm.a(lib_a-e_rem_pio2.o)
 .rodata        0x00821a3c       0x50 c:/altera/12.1sp1/nios2eds/bin/gnu/h-i686-mingw32/bin/../lib/gcc/nios2-elf/4.1.2/../../../../nios2-elf/lib/mno-hw-mul\libm.a(lib_a-k_rem_pio2.o)
 .rodata        0x00821a8c       0x10 c:/altera/12.1sp1/nios2eds/bin/gnu/h-i686-mingw32/bin/../lib/gcc/nios2-elf/4.1.2/../../../../nios2-elf/lib/mno-hw-mul\libm.a(lib_a-s_rint.o)
 .rodata        0x00821a9c       0x10 c:/altera/12.1sp1/nios2eds/bin/gnu/h-i686-mingw32/bin/../lib/gcc/nios2-elf/4.1.2/mno-hw-mul\libgcc.a(_thenan_sf.o)
                0x00821a9c                __thenan_sf
 .rodata        0x00821aac       0x14 c:/altera/12.1sp1/nios2eds/bin/gnu/h-i686-mingw32/bin/../lib/gcc/nios2-elf/4.1.2/mno-hw-mul\libgcc.a(_thenan_df.o)
                0x00821aac                __thenan_df
 .rodata        0x00821ac0      0x100 c:/altera/12.1sp1/nios2eds/bin/gnu/h-i686-mingw32/bin/../lib/gcc/nios2-elf/4.1.2/mno-hw-mul\libgcc.a(_clz.o)
                0x00821ac0                __clz_tab
 .rodata.str1.4
                0x00821bc0        0x2 c:/altera/12.1sp1/nios2eds/bin/gnu/h-i686-mingw32/bin/../lib/gcc/nios2-elf/4.1.2/../../../../nios2-elf/lib/mno-hw-mul\libc.a(lib_a-impure.o)
                                  0x4 (size before relaxing)
 *fill*         0x00821bc2        0x2 00
 .rodata.str1.4
                0x00821bc4        0x2 c:/altera/12.1sp1/nios2eds/bin/gnu/h-i686-mingw32/bin/../lib/gcc/nios2-elf/4.1.2/../../../../nios2-elf/lib/mno-hw-mul\libc.a(lib_a-puts.o)
                                  0x4 (size before relaxing)
 *fill*         0x00821bc6        0x2 00
 .rodata.str1.4
                0x00821bc8       0x5a c:/altera/12.1sp1/nios2eds/bin/gnu/h-i686-mingw32/bin/../lib/gcc/nios2-elf/4.1.2/../../../../nios2-elf/lib/mno-hw-mul\libc.a(lib_a-vfprintf.o)
                                 0x60 (size before relaxing)
 .rodata        0x00821c22       0x20 c:/altera/12.1sp1/nios2eds/bin/gnu/h-i686-mingw32/bin/../lib/gcc/nios2-elf/4.1.2/../../../../nios2-elf/lib/mno-hw-mul\libc.a(lib_a-vfprintf.o)
 *fill*         0x00821c42        0x2 00
 .rodata.str1.4
                0x00821c44       0x10 c:/altera/12.1sp1/nios2eds/bin/gnu/h-i686-mingw32/bin/../lib/gcc/nios2-elf/4.1.2/../../../../nios2-elf/lib/mno-hw-mul\libc.a(lib_a-dtoa.o)
                                 0x14 (size before relaxing)
 .rodata.str1.4
                0x00821c54       0x10 c:/altera/12.1sp1/nios2eds/bin/gnu/h-i686-mingw32/bin/../lib/gcc/nios2-elf/4.1.2/../../../../nios2-elf/lib/mno-hw-mul\libc.a(lib_a-locale.o)
                                 0x18 (size before relaxing)
 .rodata        0x00821c64       0x30 c:/altera/12.1sp1/nios2eds/bin/gnu/h-i686-mingw32/bin/../lib/gcc/nios2-elf/4.1.2/../../../../nios2-elf/lib/mno-hw-mul\libc.a(lib_a-locale.o)
 .rodata        0x00821c94      0x124 c:/altera/12.1sp1/nios2eds/bin/gnu/h-i686-mingw32/bin/../lib/gcc/nios2-elf/4.1.2/../../../../nios2-elf/lib/mno-hw-mul\libc.a(lib_a-mprec.o)
                0x00821c94                __mprec_tens
                0x00821d5c                __mprec_bigtens
                0x00821d84                __mprec_tinytens
 .rodata        0x00821db8        0xc C:/Users/jchang3/Documents/ECE492/test/software/test_new_dtw_bsp/\libucosii_bsp.a(alt_dev.o)
 .rodata        0x00821dc4       0x14 C:/Users/jchang3/Documents/ECE492/test/software/test_new_dtw_bsp/\libucosii_bsp.a(alt_main.o)
 .rodata        0x00821dd8      0x120 C:/Users/jchang3/Documents/ECE492/test/software/test_new_dtw_bsp/\libucosii_bsp.a(os_core.o)
                0x00821dd8                OSUnMapTbl
 .rodata        0x00821ef8       0x3c C:/Users/jchang3/Documents/ECE492/test/software/test_new_dtw_bsp/\libucosii_bsp.a(alt_sys_init.o)
 .rodata        0x00821f34        0x4 C:/Users/jchang3/Documents/ECE492/test/software/test_new_dtw_bsp/\libucosii_bsp.a(os_cpu_c.o)
 *(.rodata1)
                0x00821f38                . = ALIGN (0x4)
                0x00821f38                PROVIDE (__ram_rodata_end, ABSOLUTE (.))
                0x008215bc                PROVIDE (__flash_rodata_start, LOADADDR (.rodata))

.rwdata         0x00821f38     0x1b40 load address 0x00823a78
                0x00821f38                PROVIDE (__ram_rwdata_start, ABSOLUTE (.))
                0x00821f38                . = ALIGN (0x4)
 *(.got.plt)
 *(.got)
 *(.data1)
 *(.data .data.* .gnu.linkonce.d.*)
 .data          0x00821f38        0x0 C:/Users/jchang3/Documents/ECE492/test/software/test_new_dtw_bsp//obj/HAL/src/crt0.o
 .data          0x00821f38        0x0 obj/default/dtw.o
 .data          0x00821f38        0x0 obj/default/test_new_dtw.o
 .data          0x00821f38        0x0 c:/altera/12.1sp1/nios2eds/bin/gnu/h-i686-mingw32/bin/../lib/gcc/nios2-elf/4.1.2/../../../../nios2-elf/lib/mno-hw-mul\libstdc++.a(stubs.o)
 .data          0x00821f38        0x0 c:/altera/12.1sp1/nios2eds/bin/gnu/h-i686-mingw32/bin/../lib/gcc/nios2-elf/4.1.2/../../../../nios2-elf/lib/mno-hw-mul\libm.a(lib_a-s_atan.o)
 .data          0x00821f38        0x0 c:/altera/12.1sp1/nios2eds/bin/gnu/h-i686-mingw32/bin/../lib/gcc/nios2-elf/4.1.2/../../../../nios2-elf/lib/mno-hw-mul\libm.a(lib_a-s_ceil.o)
 .data          0x00821f38        0x0 c:/altera/12.1sp1/nios2eds/bin/gnu/h-i686-mingw32/bin/../lib/gcc/nios2-elf/4.1.2/../../../../nios2-elf/lib/mno-hw-mul\libm.a(lib_a-s_cos.o)
 .data          0x00821f38        0x0 c:/altera/12.1sp1/nios2eds/bin/gnu/h-i686-mingw32/bin/../lib/gcc/nios2-elf/4.1.2/../../../../nios2-elf/lib/mno-hw-mul\libm.a(lib_a-s_fabs.o)
 .data          0x00821f38        0x0 c:/altera/12.1sp1/nios2eds/bin/gnu/h-i686-mingw32/bin/../lib/gcc/nios2-elf/4.1.2/../../../../nios2-elf/lib/mno-hw-mul\libm.a(lib_a-s_floor.o)
 .data          0x00821f38        0x0 c:/altera/12.1sp1/nios2eds/bin/gnu/h-i686-mingw32/bin/../lib/gcc/nios2-elf/4.1.2/../../../../nios2-elf/lib/mno-hw-mul\libm.a(lib_a-s_frexp.o)
 .data          0x00821f38        0x0 c:/altera/12.1sp1/nios2eds/bin/gnu/h-i686-mingw32/bin/../lib/gcc/nios2-elf/4.1.2/../../../../nios2-elf/lib/mno-hw-mul\libm.a(lib_a-s_ldexp.o)
 .data          0x00821f38        0x0 c:/altera/12.1sp1/nios2eds/bin/gnu/h-i686-mingw32/bin/../lib/gcc/nios2-elf/4.1.2/../../../../nios2-elf/lib/mno-hw-mul\libm.a(lib_a-s_modf.o)
 .data          0x00821f38        0x0 c:/altera/12.1sp1/nios2eds/bin/gnu/h-i686-mingw32/bin/../lib/gcc/nios2-elf/4.1.2/../../../../nios2-elf/lib/mno-hw-mul\libm.a(lib_a-s_scalbn.o)
 .data          0x00821f38        0x0 c:/altera/12.1sp1/nios2eds/bin/gnu/h-i686-mingw32/bin/../lib/gcc/nios2-elf/4.1.2/../../../../nios2-elf/lib/mno-hw-mul\libm.a(lib_a-s_sin.o)
 .data          0x00821f38        0x0 c:/altera/12.1sp1/nios2eds/bin/gnu/h-i686-mingw32/bin/../lib/gcc/nios2-elf/4.1.2/../../../../nios2-elf/lib/mno-hw-mul\libm.a(lib_a-s_tan.o)
 .data          0x00821f38        0x0 c:/altera/12.1sp1/nios2eds/bin/gnu/h-i686-mingw32/bin/../lib/gcc/nios2-elf/4.1.2/../../../../nios2-elf/lib/mno-hw-mul\libm.a(lib_a-s_tanh.o)
 .data          0x00821f38        0x0 c:/altera/12.1sp1/nios2eds/bin/gnu/h-i686-mingw32/bin/../lib/gcc/nios2-elf/4.1.2/../../../../nios2-elf/lib/mno-hw-mul\libm.a(lib_a-w_acos.o)
 .data          0x00821f38        0x0 c:/altera/12.1sp1/nios2eds/bin/gnu/h-i686-mingw32/bin/../lib/gcc/nios2-elf/4.1.2/../../../../nios2-elf/lib/mno-hw-mul\libm.a(lib_a-w_asin.o)
 .data          0x00821f38        0x0 c:/altera/12.1sp1/nios2eds/bin/gnu/h-i686-mingw32/bin/../lib/gcc/nios2-elf/4.1.2/../../../../nios2-elf/lib/mno-hw-mul\libm.a(lib_a-w_atan2.o)
 .data          0x00821f38        0x0 c:/altera/12.1sp1/nios2eds/bin/gnu/h-i686-mingw32/bin/../lib/gcc/nios2-elf/4.1.2/../../../../nios2-elf/lib/mno-hw-mul\libm.a(lib_a-w_cosh.o)
 .data          0x00821f38        0x0 c:/altera/12.1sp1/nios2eds/bin/gnu/h-i686-mingw32/bin/../lib/gcc/nios2-elf/4.1.2/../../../../nios2-elf/lib/mno-hw-mul\libm.a(lib_a-w_exp.o)
 .data          0x00821f38        0x0 c:/altera/12.1sp1/nios2eds/bin/gnu/h-i686-mingw32/bin/../lib/gcc/nios2-elf/4.1.2/../../../../nios2-elf/lib/mno-hw-mul\libm.a(lib_a-w_fmod.o)
 .data          0x00821f38        0x0 c:/altera/12.1sp1/nios2eds/bin/gnu/h-i686-mingw32/bin/../lib/gcc/nios2-elf/4.1.2/../../../../nios2-elf/lib/mno-hw-mul\libm.a(lib_a-w_log.o)
 .data          0x00821f38        0x0 c:/altera/12.1sp1/nios2eds/bin/gnu/h-i686-mingw32/bin/../lib/gcc/nios2-elf/4.1.2/../../../../nios2-elf/lib/mno-hw-mul\libm.a(lib_a-w_log10.o)
 .data          0x00821f38        0x0 c:/altera/12.1sp1/nios2eds/bin/gnu/h-i686-mingw32/bin/../lib/gcc/nios2-elf/4.1.2/../../../../nios2-elf/lib/mno-hw-mul\libm.a(lib_a-w_pow.o)
 .data          0x00821f38        0x0 c:/altera/12.1sp1/nios2eds/bin/gnu/h-i686-mingw32/bin/../lib/gcc/nios2-elf/4.1.2/../../../../nios2-elf/lib/mno-hw-mul\libm.a(lib_a-w_sinh.o)
 .data          0x00821f38        0x0 c:/altera/12.1sp1/nios2eds/bin/gnu/h-i686-mingw32/bin/../lib/gcc/nios2-elf/4.1.2/../../../../nios2-elf/lib/mno-hw-mul\libm.a(lib_a-w_sqrt.o)
 .data          0x00821f38        0x0 c:/altera/12.1sp1/nios2eds/bin/gnu/h-i686-mingw32/bin/../lib/gcc/nios2-elf/4.1.2/../../../../nios2-elf/lib/mno-hw-mul\libm.a(lib_a-wf_sqrt.o)
 .data          0x00821f38        0x0 c:/altera/12.1sp1/nios2eds/bin/gnu/h-i686-mingw32/bin/../lib/gcc/nios2-elf/4.1.2/../../../../nios2-elf/lib/mno-hw-mul\libm.a(lib_a-e_acos.o)
 .data          0x00821f38        0x0 c:/altera/12.1sp1/nios2eds/bin/gnu/h-i686-mingw32/bin/../lib/gcc/nios2-elf/4.1.2/../../../../nios2-elf/lib/mno-hw-mul\libm.a(lib_a-e_asin.o)
 .data          0x00821f38        0x0 c:/altera/12.1sp1/nios2eds/bin/gnu/h-i686-mingw32/bin/../lib/gcc/nios2-elf/4.1.2/../../../../nios2-elf/lib/mno-hw-mul\libm.a(lib_a-e_atan2.o)
 .data          0x00821f38        0x0 c:/altera/12.1sp1/nios2eds/bin/gnu/h-i686-mingw32/bin/../lib/gcc/nios2-elf/4.1.2/../../../../nios2-elf/lib/mno-hw-mul\libm.a(lib_a-e_cosh.o)
 .data          0x00821f38        0x0 c:/altera/12.1sp1/nios2eds/bin/gnu/h-i686-mingw32/bin/../lib/gcc/nios2-elf/4.1.2/../../../../nios2-elf/lib/mno-hw-mul\libm.a(lib_a-e_exp.o)
 .data          0x00821f38        0x0 c:/altera/12.1sp1/nios2eds/bin/gnu/h-i686-mingw32/bin/../lib/gcc/nios2-elf/4.1.2/../../../../nios2-elf/lib/mno-hw-mul\libm.a(lib_a-e_fmod.o)
 .data          0x00821f38        0x0 c:/altera/12.1sp1/nios2eds/bin/gnu/h-i686-mingw32/bin/../lib/gcc/nios2-elf/4.1.2/../../../../nios2-elf/lib/mno-hw-mul\libm.a(lib_a-e_log.o)
 .data          0x00821f38        0x0 c:/altera/12.1sp1/nios2eds/bin/gnu/h-i686-mingw32/bin/../lib/gcc/nios2-elf/4.1.2/../../../../nios2-elf/lib/mno-hw-mul\libm.a(lib_a-e_log10.o)
 .data          0x00821f38        0x0 c:/altera/12.1sp1/nios2eds/bin/gnu/h-i686-mingw32/bin/../lib/gcc/nios2-elf/4.1.2/../../../../nios2-elf/lib/mno-hw-mul\libm.a(lib_a-e_pow.o)
 .data          0x00821f38        0x0 c:/altera/12.1sp1/nios2eds/bin/gnu/h-i686-mingw32/bin/../lib/gcc/nios2-elf/4.1.2/../../../../nios2-elf/lib/mno-hw-mul\libm.a(lib_a-e_rem_pio2.o)
 .data          0x00821f38        0x0 c:/altera/12.1sp1/nios2eds/bin/gnu/h-i686-mingw32/bin/../lib/gcc/nios2-elf/4.1.2/../../../../nios2-elf/lib/mno-hw-mul\libm.a(lib_a-e_sinh.o)
 .data          0x00821f38        0x0 c:/altera/12.1sp1/nios2eds/bin/gnu/h-i686-mingw32/bin/../lib/gcc/nios2-elf/4.1.2/../../../../nios2-elf/lib/mno-hw-mul\libm.a(lib_a-e_sqrt.o)
 .data          0x00821f38        0x0 c:/altera/12.1sp1/nios2eds/bin/gnu/h-i686-mingw32/bin/../lib/gcc/nios2-elf/4.1.2/../../../../nios2-elf/lib/mno-hw-mul\libm.a(lib_a-ef_sqrt.o)
 .data          0x00821f38        0x0 c:/altera/12.1sp1/nios2eds/bin/gnu/h-i686-mingw32/bin/../lib/gcc/nios2-elf/4.1.2/../../../../nios2-elf/lib/mno-hw-mul\libm.a(lib_a-k_cos.o)
 .data          0x00821f38        0x0 c:/altera/12.1sp1/nios2eds/bin/gnu/h-i686-mingw32/bin/../lib/gcc/nios2-elf/4.1.2/../../../../nios2-elf/lib/mno-hw-mul\libm.a(lib_a-k_rem_pio2.o)
 .data          0x00821f38        0x0 c:/altera/12.1sp1/nios2eds/bin/gnu/h-i686-mingw32/bin/../lib/gcc/nios2-elf/4.1.2/../../../../nios2-elf/lib/mno-hw-mul\libm.a(lib_a-k_sin.o)
 .data          0x00821f38        0x0 c:/altera/12.1sp1/nios2eds/bin/gnu/h-i686-mingw32/bin/../lib/gcc/nios2-elf/4.1.2/../../../../nios2-elf/lib/mno-hw-mul\libm.a(lib_a-k_tan.o)
 .data          0x00821f38        0x0 c:/altera/12.1sp1/nios2eds/bin/gnu/h-i686-mingw32/bin/../lib/gcc/nios2-elf/4.1.2/../../../../nios2-elf/lib/mno-hw-mul\libm.a(lib_a-s_copysign.o)
 .data          0x00821f38        0x0 c:/altera/12.1sp1/nios2eds/bin/gnu/h-i686-mingw32/bin/../lib/gcc/nios2-elf/4.1.2/../../../../nios2-elf/lib/mno-hw-mul\libm.a(lib_a-s_expm1.o)
 .data          0x00821f38        0x0 c:/altera/12.1sp1/nios2eds/bin/gnu/h-i686-mingw32/bin/../lib/gcc/nios2-elf/4.1.2/../../../../nios2-elf/lib/mno-hw-mul\libm.a(lib_a-s_finite.o)
 .data          0x00821f38        0x0 c:/altera/12.1sp1/nios2eds/bin/gnu/h-i686-mingw32/bin/../lib/gcc/nios2-elf/4.1.2/../../../../nios2-elf/lib/mno-hw-mul\libm.a(lib_a-s_isnand.o)
 .data          0x00821f38        0x0 c:/altera/12.1sp1/nios2eds/bin/gnu/h-i686-mingw32/bin/../lib/gcc/nios2-elf/4.1.2/../../../../nios2-elf/lib/mno-hw-mul\libm.a(lib_a-s_lib_ver.o)
 .data          0x00821f38        0x0 c:/altera/12.1sp1/nios2eds/bin/gnu/h-i686-mingw32/bin/../lib/gcc/nios2-elf/4.1.2/../../../../nios2-elf/lib/mno-hw-mul\libm.a(lib_a-s_matherr.o)
 .data          0x00821f38        0x0 c:/altera/12.1sp1/nios2eds/bin/gnu/h-i686-mingw32/bin/../lib/gcc/nios2-elf/4.1.2/../../../../nios2-elf/lib/mno-hw-mul\libm.a(lib_a-s_nan.o)
 .data          0x00821f38        0x0 c:/altera/12.1sp1/nios2eds/bin/gnu/h-i686-mingw32/bin/../lib/gcc/nios2-elf/4.1.2/../../../../nios2-elf/lib/mno-hw-mul\libm.a(lib_a-s_rint.o)
 .data          0x00821f38        0x0 c:/altera/12.1sp1/nios2eds/bin/gnu/h-i686-mingw32/bin/../lib/gcc/nios2-elf/4.1.2/../../../../nios2-elf/lib/mno-hw-mul\libm.a(lib_a-sf_isnan.o)
 .data          0x00821f38        0x0 c:/altera/12.1sp1/nios2eds/bin/gnu/h-i686-mingw32/bin/../lib/gcc/nios2-elf/4.1.2/mno-hw-mul\libgcc.a(_muldi3.o)
 .data          0x00821f38        0x0 c:/altera/12.1sp1/nios2eds/bin/gnu/h-i686-mingw32/bin/../lib/gcc/nios2-elf/4.1.2/mno-hw-mul\libgcc.a(_addsub_sf.o)
 .data          0x00821f38        0x0 c:/altera/12.1sp1/nios2eds/bin/gnu/h-i686-mingw32/bin/../lib/gcc/nios2-elf/4.1.2/mno-hw-mul\libgcc.a(_mul_sf.o)
 .data          0x00821f38        0x0 c:/altera/12.1sp1/nios2eds/bin/gnu/h-i686-mingw32/bin/../lib/gcc/nios2-elf/4.1.2/mno-hw-mul\libgcc.a(_div_sf.o)
 .data          0x00821f38        0x0 c:/altera/12.1sp1/nios2eds/bin/gnu/h-i686-mingw32/bin/../lib/gcc/nios2-elf/4.1.2/mno-hw-mul\libgcc.a(_eq_sf.o)
 .data          0x00821f38        0x0 c:/altera/12.1sp1/nios2eds/bin/gnu/h-i686-mingw32/bin/../lib/gcc/nios2-elf/4.1.2/mno-hw-mul\libgcc.a(_lt_sf.o)
 .data          0x00821f38        0x0 c:/altera/12.1sp1/nios2eds/bin/gnu/h-i686-mingw32/bin/../lib/gcc/nios2-elf/4.1.2/mno-hw-mul\libgcc.a(_sf_to_df.o)
 .data          0x00821f38        0x0 c:/altera/12.1sp1/nios2eds/bin/gnu/h-i686-mingw32/bin/../lib/gcc/nios2-elf/4.1.2/mno-hw-mul\libgcc.a(_thenan_sf.o)
 .data          0x00821f38        0x0 c:/altera/12.1sp1/nios2eds/bin/gnu/h-i686-mingw32/bin/../lib/gcc/nios2-elf/4.1.2/mno-hw-mul\libgcc.a(_usi_to_sf.o)
 .data          0x00821f38        0x0 c:/altera/12.1sp1/nios2eds/bin/gnu/h-i686-mingw32/bin/../lib/gcc/nios2-elf/4.1.2/mno-hw-mul\libgcc.a(_addsub_df.o)
 .data          0x00821f38        0x0 c:/altera/12.1sp1/nios2eds/bin/gnu/h-i686-mingw32/bin/../lib/gcc/nios2-elf/4.1.2/mno-hw-mul\libgcc.a(_mul_df.o)
 .data          0x00821f38        0x0 c:/altera/12.1sp1/nios2eds/bin/gnu/h-i686-mingw32/bin/../lib/gcc/nios2-elf/4.1.2/mno-hw-mul\libgcc.a(_div_df.o)
 .data          0x00821f38        0x0 c:/altera/12.1sp1/nios2eds/bin/gnu/h-i686-mingw32/bin/../lib/gcc/nios2-elf/4.1.2/mno-hw-mul\libgcc.a(_eq_df.o)
 .data          0x00821f38        0x0 c:/altera/12.1sp1/nios2eds/bin/gnu/h-i686-mingw32/bin/../lib/gcc/nios2-elf/4.1.2/mno-hw-mul\libgcc.a(_ne_df.o)
 .data          0x00821f38        0x0 c:/altera/12.1sp1/nios2eds/bin/gnu/h-i686-mingw32/bin/../lib/gcc/nios2-elf/4.1.2/mno-hw-mul\libgcc.a(_gt_df.o)
 .data          0x00821f38        0x0 c:/altera/12.1sp1/nios2eds/bin/gnu/h-i686-mingw32/bin/../lib/gcc/nios2-elf/4.1.2/mno-hw-mul\libgcc.a(_ge_df.o)
 .data          0x00821f38        0x0 c:/altera/12.1sp1/nios2eds/bin/gnu/h-i686-mingw32/bin/../lib/gcc/nios2-elf/4.1.2/mno-hw-mul\libgcc.a(_lt_df.o)
 .data          0x00821f38        0x0 c:/altera/12.1sp1/nios2eds/bin/gnu/h-i686-mingw32/bin/../lib/gcc/nios2-elf/4.1.2/mno-hw-mul\libgcc.a(_le_df.o)
 .data          0x00821f38        0x0 c:/altera/12.1sp1/nios2eds/bin/gnu/h-i686-mingw32/bin/../lib/gcc/nios2-elf/4.1.2/mno-hw-mul\libgcc.a(_si_to_df.o)
 .data          0x00821f38        0x0 c:/altera/12.1sp1/nios2eds/bin/gnu/h-i686-mingw32/bin/../lib/gcc/nios2-elf/4.1.2/mno-hw-mul\libgcc.a(_df_to_si.o)
 .data          0x00821f38        0x0 c:/altera/12.1sp1/nios2eds/bin/gnu/h-i686-mingw32/bin/../lib/gcc/nios2-elf/4.1.2/mno-hw-mul\libgcc.a(_make_df.o)
 .data          0x00821f38        0x0 c:/altera/12.1sp1/nios2eds/bin/gnu/h-i686-mingw32/bin/../lib/gcc/nios2-elf/4.1.2/mno-hw-mul\libgcc.a(_df_to_sf.o)
 .data          0x00821f38        0x0 c:/altera/12.1sp1/nios2eds/bin/gnu/h-i686-mingw32/bin/../lib/gcc/nios2-elf/4.1.2/mno-hw-mul\libgcc.a(_thenan_df.o)
 .data          0x00821f38        0x0 c:/altera/12.1sp1/nios2eds/bin/gnu/h-i686-mingw32/bin/../lib/gcc/nios2-elf/4.1.2/mno-hw-mul\libgcc.a(lib2-divmod.o)
 .data          0x00821f38        0x0 c:/altera/12.1sp1/nios2eds/bin/gnu/h-i686-mingw32/bin/../lib/gcc/nios2-elf/4.1.2/mno-hw-mul\libgcc.a(lib2-mul.o)
 .data          0x00821f38        0x0 c:/altera/12.1sp1/nios2eds/bin/gnu/h-i686-mingw32/bin/../lib/gcc/nios2-elf/4.1.2/mno-hw-mul\libgcc.a(_clzsi2.o)
 .data          0x00821f38        0x0 c:/altera/12.1sp1/nios2eds/bin/gnu/h-i686-mingw32/bin/../lib/gcc/nios2-elf/4.1.2/mno-hw-mul\libgcc.a(_pack_sf.o)
 .data          0x00821f38        0x0 c:/altera/12.1sp1/nios2eds/bin/gnu/h-i686-mingw32/bin/../lib/gcc/nios2-elf/4.1.2/mno-hw-mul\libgcc.a(_unpack_sf.o)
 .data          0x00821f38        0x0 c:/altera/12.1sp1/nios2eds/bin/gnu/h-i686-mingw32/bin/../lib/gcc/nios2-elf/4.1.2/mno-hw-mul\libgcc.a(_fpcmp_parts_sf.o)
 .data          0x00821f38        0x0 c:/altera/12.1sp1/nios2eds/bin/gnu/h-i686-mingw32/bin/../lib/gcc/nios2-elf/4.1.2/mno-hw-mul\libgcc.a(_make_sf.o)
 .data          0x00821f38        0x0 c:/altera/12.1sp1/nios2eds/bin/gnu/h-i686-mingw32/bin/../lib/gcc/nios2-elf/4.1.2/mno-hw-mul\libgcc.a(_pack_df.o)
 .data          0x00821f38        0x0 c:/altera/12.1sp1/nios2eds/bin/gnu/h-i686-mingw32/bin/../lib/gcc/nios2-elf/4.1.2/mno-hw-mul\libgcc.a(_unpack_df.o)
 .data          0x00821f38        0x0 c:/altera/12.1sp1/nios2eds/bin/gnu/h-i686-mingw32/bin/../lib/gcc/nios2-elf/4.1.2/mno-hw-mul\libgcc.a(_fpcmp_parts_df.o)
 .data          0x00821f38        0x0 c:/altera/12.1sp1/nios2eds/bin/gnu/h-i686-mingw32/bin/../lib/gcc/nios2-elf/4.1.2/mno-hw-mul\libgcc.a(_clz.o)
 .data          0x00821f38        0x0 c:/altera/12.1sp1/nios2eds/bin/gnu/h-i686-mingw32/bin/../lib/gcc/nios2-elf/4.1.2/../../../../nios2-elf/lib/mno-hw-mul\libc.a(lib_a-clock.o)
 .data          0x00821f38        0x0 c:/altera/12.1sp1/nios2eds/bin/gnu/h-i686-mingw32/bin/../lib/gcc/nios2-elf/4.1.2/../../../../nios2-elf/lib/mno-hw-mul\libc.a(lib_a-errno.o)
 .data          0x00821f38      0x400 c:/altera/12.1sp1/nios2eds/bin/gnu/h-i686-mingw32/bin/../lib/gcc/nios2-elf/4.1.2/../../../../nios2-elf/lib/mno-hw-mul\libc.a(lib_a-impure.o)
 .data          0x00822338        0x0 c:/altera/12.1sp1/nios2eds/bin/gnu/h-i686-mingw32/bin/../lib/gcc/nios2-elf/4.1.2/../../../../nios2-elf/lib/mno-hw-mul\libc.a(lib_a-malloc.o)
 .data          0x00822338      0x408 c:/altera/12.1sp1/nios2eds/bin/gnu/h-i686-mingw32/bin/../lib/gcc/nios2-elf/4.1.2/../../../../nios2-elf/lib/mno-hw-mul\libc.a(lib_a-mallocr.o)
                0x00822338                __malloc_av_
 .data          0x00822740        0x0 c:/altera/12.1sp1/nios2eds/bin/gnu/h-i686-mingw32/bin/../lib/gcc/nios2-elf/4.1.2/../../../../nios2-elf/lib/mno-hw-mul\libc.a(lib_a-memcpy.o)
 .data          0x00822740        0x0 c:/altera/12.1sp1/nios2eds/bin/gnu/h-i686-mingw32/bin/../lib/gcc/nios2-elf/4.1.2/../../../../nios2-elf/lib/mno-hw-mul\libc.a(lib_a-printf.o)
 .data          0x00822740        0x0 c:/altera/12.1sp1/nios2eds/bin/gnu/h-i686-mingw32/bin/../lib/gcc/nios2-elf/4.1.2/../../../../nios2-elf/lib/mno-hw-mul\libc.a(lib_a-puts.o)
 .data          0x00822740        0x0 c:/altera/12.1sp1/nios2eds/bin/gnu/h-i686-mingw32/bin/../lib/gcc/nios2-elf/4.1.2/../../../../nios2-elf/lib/mno-hw-mul\libc.a(lib_a-realloc.o)
 .data          0x00822740        0x0 c:/altera/12.1sp1/nios2eds/bin/gnu/h-i686-mingw32/bin/../lib/gcc/nios2-elf/4.1.2/../../../../nios2-elf/lib/mno-hw-mul\libc.a(lib_a-reallocr.o)
 .data          0x00822740        0x0 c:/altera/12.1sp1/nios2eds/bin/gnu/h-i686-mingw32/bin/../lib/gcc/nios2-elf/4.1.2/../../../../nios2-elf/lib/mno-hw-mul\libc.a(lib_a-sbrkr.o)
 .data          0x00822740        0x0 c:/altera/12.1sp1/nios2eds/bin/gnu/h-i686-mingw32/bin/../lib/gcc/nios2-elf/4.1.2/../../../../nios2-elf/lib/mno-hw-mul\libc.a(lib_a-strlen.o)
 .data          0x00822740        0x0 c:/altera/12.1sp1/nios2eds/bin/gnu/h-i686-mingw32/bin/../lib/gcc/nios2-elf/4.1.2/../../../../nios2-elf/lib/mno-hw-mul\libc.a(lib_a-timesr.o)
 .data          0x00822740        0x0 c:/altera/12.1sp1/nios2eds/bin/gnu/h-i686-mingw32/bin/../lib/gcc/nios2-elf/4.1.2/../../../../nios2-elf/lib/mno-hw-mul\libc.a(lib_a-vfprintf.o)
 .data          0x00822740        0x0 c:/altera/12.1sp1/nios2eds/bin/gnu/h-i686-mingw32/bin/../lib/gcc/nios2-elf/4.1.2/../../../../nios2-elf/lib/mno-hw-mul\libc.a(lib_a-wsetup.o)
 .data          0x00822740        0x0 c:/altera/12.1sp1/nios2eds/bin/gnu/h-i686-mingw32/bin/../lib/gcc/nios2-elf/4.1.2/../../../../nios2-elf/lib/mno-hw-mul\libc.a(lib_a-dtoa.o)
 .data          0x00822740        0x0 c:/altera/12.1sp1/nios2eds/bin/gnu/h-i686-mingw32/bin/../lib/gcc/nios2-elf/4.1.2/../../../../nios2-elf/lib/mno-hw-mul\libc.a(lib_a-fflush.o)
 .data          0x00822740        0x0 c:/altera/12.1sp1/nios2eds/bin/gnu/h-i686-mingw32/bin/../lib/gcc/nios2-elf/4.1.2/../../../../nios2-elf/lib/mno-hw-mul\libc.a(lib_a-findfp.o)
 .data          0x00822740        0x0 c:/altera/12.1sp1/nios2eds/bin/gnu/h-i686-mingw32/bin/../lib/gcc/nios2-elf/4.1.2/../../../../nios2-elf/lib/mno-hw-mul\libc.a(lib_a-freer.o)
 .data          0x00822740        0x0 c:/altera/12.1sp1/nios2eds/bin/gnu/h-i686-mingw32/bin/../lib/gcc/nios2-elf/4.1.2/../../../../nios2-elf/lib/mno-hw-mul\libc.a(lib_a-fvwrite.o)
 .data          0x00822740        0x0 c:/altera/12.1sp1/nios2eds/bin/gnu/h-i686-mingw32/bin/../lib/gcc/nios2-elf/4.1.2/../../../../nios2-elf/lib/mno-hw-mul\libc.a(lib_a-fwalk.o)
 .data          0x00822740        0x0 c:/altera/12.1sp1/nios2eds/bin/gnu/h-i686-mingw32/bin/../lib/gcc/nios2-elf/4.1.2/../../../../nios2-elf/lib/mno-hw-mul\libc.a(lib_a-int_errno.o)
 .data          0x00822740        0xc c:/altera/12.1sp1/nios2eds/bin/gnu/h-i686-mingw32/bin/../lib/gcc/nios2-elf/4.1.2/../../../../nios2-elf/lib/mno-hw-mul\libc.a(lib_a-locale.o)
                0x00822740                __lc_ctype
 .data          0x0082274c        0x0 c:/altera/12.1sp1/nios2eds/bin/gnu/h-i686-mingw32/bin/../lib/gcc/nios2-elf/4.1.2/../../../../nios2-elf/lib/mno-hw-mul\libc.a(lib_a-makebuf.o)
 .data          0x0082274c        0x0 c:/altera/12.1sp1/nios2eds/bin/gnu/h-i686-mingw32/bin/../lib/gcc/nios2-elf/4.1.2/../../../../nios2-elf/lib/mno-hw-mul\libc.a(lib_a-memchr.o)
 .data          0x0082274c        0x0 c:/altera/12.1sp1/nios2eds/bin/gnu/h-i686-mingw32/bin/../lib/gcc/nios2-elf/4.1.2/../../../../nios2-elf/lib/mno-hw-mul\libc.a(lib_a-memmove.o)
 .data          0x0082274c        0x0 c:/altera/12.1sp1/nios2eds/bin/gnu/h-i686-mingw32/bin/../lib/gcc/nios2-elf/4.1.2/../../../../nios2-elf/lib/mno-hw-mul\libc.a(lib_a-memset.o)
 .data          0x0082274c        0x0 c:/altera/12.1sp1/nios2eds/bin/gnu/h-i686-mingw32/bin/../lib/gcc/nios2-elf/4.1.2/../../../../nios2-elf/lib/mno-hw-mul\libc.a(lib_a-mprec.o)
 .data          0x0082274c        0x0 c:/altera/12.1sp1/nios2eds/bin/gnu/h-i686-mingw32/bin/../lib/gcc/nios2-elf/4.1.2/../../../../nios2-elf/lib/mno-hw-mul\libc.a(lib_a-s_isinfd.o)
 .data          0x0082274c        0x0 c:/altera/12.1sp1/nios2eds/bin/gnu/h-i686-mingw32/bin/../lib/gcc/nios2-elf/4.1.2/../../../../nios2-elf/lib/mno-hw-mul\libc.a(lib_a-stdio.o)
 .data          0x0082274c        0x0 c:/altera/12.1sp1/nios2eds/bin/gnu/h-i686-mingw32/bin/../lib/gcc/nios2-elf/4.1.2/../../../../nios2-elf/lib/mno-hw-mul\libc.a(lib_a-strcmp.o)
 .data          0x0082274c        0x0 c:/altera/12.1sp1/nios2eds/bin/gnu/h-i686-mingw32/bin/../lib/gcc/nios2-elf/4.1.2/../../../../nios2-elf/lib/mno-hw-mul\libc.a(lib_a-writer.o)
 .data          0x0082274c        0x0 c:/altera/12.1sp1/nios2eds/bin/gnu/h-i686-mingw32/bin/../lib/gcc/nios2-elf/4.1.2/../../../../nios2-elf/lib/mno-hw-mul\libc.a(lib_a-callocr.o)
 .data          0x0082274c        0x0 c:/altera/12.1sp1/nios2eds/bin/gnu/h-i686-mingw32/bin/../lib/gcc/nios2-elf/4.1.2/../../../../nios2-elf/lib/mno-hw-mul\libc.a(lib_a-closer.o)
 .data          0x0082274c        0x0 c:/altera/12.1sp1/nios2eds/bin/gnu/h-i686-mingw32/bin/../lib/gcc/nios2-elf/4.1.2/../../../../nios2-elf/lib/mno-hw-mul\libc.a(lib_a-fclose.o)
 .data          0x0082274c        0x0 c:/altera/12.1sp1/nios2eds/bin/gnu/h-i686-mingw32/bin/../lib/gcc/nios2-elf/4.1.2/../../../../nios2-elf/lib/mno-hw-mul\libc.a(lib_a-fstatr.o)
 .data          0x0082274c        0x0 c:/altera/12.1sp1/nios2eds/bin/gnu/h-i686-mingw32/bin/../lib/gcc/nios2-elf/4.1.2/../../../../nios2-elf/lib/mno-hw-mul\libc.a(lib_a-isattyr.o)
 .data          0x0082274c        0x0 c:/altera/12.1sp1/nios2eds/bin/gnu/h-i686-mingw32/bin/../lib/gcc/nios2-elf/4.1.2/../../../../nios2-elf/lib/mno-hw-mul\libc.a(lib_a-lseekr.o)
 .data          0x0082274c        0x0 c:/altera/12.1sp1/nios2eds/bin/gnu/h-i686-mingw32/bin/../lib/gcc/nios2-elf/4.1.2/../../../../nios2-elf/lib/mno-hw-mul\libc.a(lib_a-readr.o)
 .data          0x0082274c        0x0 c:/altera/12.1sp1/nios2eds/bin/gnu/h-i686-mingw32/bin/../lib/gcc/nios2-elf/4.1.2/mno-hw-mul\libgcc.a(_udivdi3.o)
 .data          0x0082274c        0x0 c:/altera/12.1sp1/nios2eds/bin/gnu/h-i686-mingw32/bin/../lib/gcc/nios2-elf/4.1.2/mno-hw-mul\libgcc.a(_umoddi3.o)
 .data          0x0082274c        0x0 c:/altera/12.1sp1/nios2eds/bin/gnu/h-i686-mingw32/bin/../lib/gcc/nios2-elf/4.1.2/mno-hw-mul\libgcc.a(_usi_to_df.o)
 .data          0x0082274c        0x0 C:/Users/jchang3/Documents/ECE492/test/software/test_new_dtw_bsp/\libucosii_bsp.a(alt_close.o)
 .data          0x0082274c      0x1a8 C:/Users/jchang3/Documents/ECE492/test/software/test_new_dtw_bsp/\libucosii_bsp.a(alt_dev.o)
                0x0082274c                alt_dev_null
                0x00822774                alt_fd_list
 .data          0x008228f4        0x0 C:/Users/jchang3/Documents/ECE492/test/software/test_new_dtw_bsp/\libucosii_bsp.a(alt_errno.o)
 .data          0x008228f4        0x0 C:/Users/jchang3/Documents/ECE492/test/software/test_new_dtw_bsp/\libucosii_bsp.a(alt_fstat.o)
 .data          0x008228f4        0x0 C:/Users/jchang3/Documents/ECE492/test/software/test_new_dtw_bsp/\libucosii_bsp.a(alt_isatty.o)
 .data          0x008228f4        0x0 C:/Users/jchang3/Documents/ECE492/test/software/test_new_dtw_bsp/\libucosii_bsp.a(alt_load.o)
 .data          0x008228f4        0x0 C:/Users/jchang3/Documents/ECE492/test/software/test_new_dtw_bsp/\libucosii_bsp.a(alt_lseek.o)
 .data          0x008228f4        0x0 C:/Users/jchang3/Documents/ECE492/test/software/test_new_dtw_bsp/\libucosii_bsp.a(alt_main.o)
 .data          0x008228f4        0x0 C:/Users/jchang3/Documents/ECE492/test/software/test_new_dtw_bsp/\libucosii_bsp.a(alt_read.o)
 .data          0x008228f4        0x0 C:/Users/jchang3/Documents/ECE492/test/software/test_new_dtw_bsp/\libucosii_bsp.a(alt_release_fd.o)
 .data          0x008228f4        0x0 C:/Users/jchang3/Documents/ECE492/test/software/test_new_dtw_bsp/\libucosii_bsp.a(alt_sbrk.o)
 .data          0x008228f4        0x0 C:/Users/jchang3/Documents/ECE492/test/software/test_new_dtw_bsp/\libucosii_bsp.a(alt_times.o)
 .data          0x008228f4        0x0 C:/Users/jchang3/Documents/ECE492/test/software/test_new_dtw_bsp/\libucosii_bsp.a(alt_write.o)
 .data          0x008228f4        0x0 C:/Users/jchang3/Documents/ECE492/test/software/test_new_dtw_bsp/\libucosii_bsp.a(alt_env_lock.o)
 .data          0x008228f4        0x0 C:/Users/jchang3/Documents/ECE492/test/software/test_new_dtw_bsp/\libucosii_bsp.a(alt_malloc_lock.o)
 .data          0x008228f4        0x0 C:/Users/jchang3/Documents/ECE492/test/software/test_new_dtw_bsp/\libucosii_bsp.a(os_core.o)
 .data          0x008228f4        0x0 C:/Users/jchang3/Documents/ECE492/test/software/test_new_dtw_bsp/\libucosii_bsp.a(os_dbg.o)
 .data          0x008228f4        0x0 C:/Users/jchang3/Documents/ECE492/test/software/test_new_dtw_bsp/\libucosii_bsp.a(os_flag.o)
 .data          0x008228f4        0x0 C:/Users/jchang3/Documents/ECE492/test/software/test_new_dtw_bsp/\libucosii_bsp.a(os_mem.o)
 .data          0x008228f4        0x0 C:/Users/jchang3/Documents/ECE492/test/software/test_new_dtw_bsp/\libucosii_bsp.a(os_q.o)
 .data          0x008228f4        0x0 C:/Users/jchang3/Documents/ECE492/test/software/test_new_dtw_bsp/\libucosii_bsp.a(os_sem.o)
 .data          0x008228f4        0x0 C:/Users/jchang3/Documents/ECE492/test/software/test_new_dtw_bsp/\libucosii_bsp.a(os_task.o)
 .data          0x008228f4        0x0 C:/Users/jchang3/Documents/ECE492/test/software/test_new_dtw_bsp/\libucosii_bsp.a(os_time.o)
 .data          0x008228f4     0x10c4 C:/Users/jchang3/Documents/ECE492/test/software/test_new_dtw_bsp/\libucosii_bsp.a(alt_sys_init.o)
 .data          0x008239b8        0x0 C:/Users/jchang3/Documents/ECE492/test/software/test_new_dtw_bsp/\libucosii_bsp.a(altera_avalon_jtag_uart_fd.o)
 .data          0x008239b8        0x0 C:/Users/jchang3/Documents/ECE492/test/software/test_new_dtw_bsp/\libucosii_bsp.a(altera_avalon_jtag_uart_init.o)
 .data          0x008239b8        0x0 C:/Users/jchang3/Documents/ECE492/test/software/test_new_dtw_bsp/\libucosii_bsp.a(altera_avalon_jtag_uart_ioctl.o)
 .data          0x008239b8        0x0 C:/Users/jchang3/Documents/ECE492/test/software/test_new_dtw_bsp/\libucosii_bsp.a(altera_avalon_jtag_uart_read.o)
 .data          0x008239b8        0x0 C:/Users/jchang3/Documents/ECE492/test/software/test_new_dtw_bsp/\libucosii_bsp.a(altera_avalon_jtag_uart_write.o)
 .data          0x008239b8        0x0 C:/Users/jchang3/Documents/ECE492/test/software/test_new_dtw_bsp/\libucosii_bsp.a(altera_avalon_timer_sc.o)
 .data          0x008239b8        0x0 C:/Users/jchang3/Documents/ECE492/test/software/test_new_dtw_bsp/\libucosii_bsp.a(altera_up_avalon_character_lcd.o)
 .data          0x008239b8        0x0 C:/Users/jchang3/Documents/ECE492/test/software/test_new_dtw_bsp/\libucosii_bsp.a(altera_up_avalon_rs232.o)
 .data          0x008239b8        0x0 C:/Users/jchang3/Documents/ECE492/test/software/test_new_dtw_bsp/\libucosii_bsp.a(alt_alarm_start.o)
 .data          0x008239b8        0x0 C:/Users/jchang3/Documents/ECE492/test/software/test_new_dtw_bsp/\libucosii_bsp.a(alt_dcache_flush_all.o)
 .data          0x008239b8        0x0 C:/Users/jchang3/Documents/ECE492/test/software/test_new_dtw_bsp/\libucosii_bsp.a(alt_dev_llist_insert.o)
 .data          0x008239b8        0x0 C:/Users/jchang3/Documents/ECE492/test/software/test_new_dtw_bsp/\libucosii_bsp.a(alt_do_ctors.o)
 .data          0x008239b8        0x0 C:/Users/jchang3/Documents/ECE492/test/software/test_new_dtw_bsp/\libucosii_bsp.a(alt_do_dtors.o)
 .data          0x008239b8        0x0 C:/Users/jchang3/Documents/ECE492/test/software/test_new_dtw_bsp/\libucosii_bsp.a(alt_find_dev.o)
 .data          0x008239b8        0x0 C:/Users/jchang3/Documents/ECE492/test/software/test_new_dtw_bsp/\libucosii_bsp.a(alt_icache_flush_all.o)
 .data          0x008239b8        0x0 C:/Users/jchang3/Documents/ECE492/test/software/test_new_dtw_bsp/\libucosii_bsp.a(alt_io_redirect.o)
 .data          0x008239b8        0x0 C:/Users/jchang3/Documents/ECE492/test/software/test_new_dtw_bsp/\libucosii_bsp.a(alt_irq_register.o)
 .data          0x008239b8        0x0 C:/Users/jchang3/Documents/ECE492/test/software/test_new_dtw_bsp/\libucosii_bsp.a(alt_irq_vars.o)