Archive member included because of file (symbol)

c:/altera/12.1sp1/nios2eds/bin/gnu/h-i686-mingw32/bin/../lib/gcc/nios2-elf/4.1.2/../../../../nios2-elf/lib/mno-hw-mul\libc.a(lib_a-printf.o)
                              obj/default/hello_ucosii.o (printf)
c:/altera/12.1sp1/nios2eds/bin/gnu/h-i686-mingw32/bin/../lib/gcc/nios2-elf/4.1.2/../../../../nios2-elf/lib/mno-hw-mul\libc.a(lib_a-puts.o)
                              obj/default/hello_ucosii.o (puts)
c:/altera/12.1sp1/nios2eds/bin/gnu/h-i686-mingw32/bin/../lib/gcc/nios2-elf/4.1.2/../../../../nios2-elf/lib/mno-hw-mul\libc.a(lib_a-strlen.o)
                              c:/altera/12.1sp1/nios2eds/bin/gnu/h-i686-mingw32/bin/../lib/gcc/nios2-elf/4.1.2/../../../../nios2-elf/lib/mno-hw-mul\libc.a(lib_a-puts.o) (strlen)
c:/altera/12.1sp1/nios2eds/bin/gnu/h-i686-mingw32/bin/../lib/gcc/nios2-elf/4.1.2/../../../../nios2-elf/lib/mno-hw-mul\libc.a(lib_a-vfprintf.o)
                              c:/altera/12.1sp1/nios2eds/bin/gnu/h-i686-mingw32/bin/../lib/gcc/nios2-elf/4.1.2/../../../../nios2-elf/lib/mno-hw-mul\libc.a(lib_a-printf.o) (___vfprintf_internal_r)
c:/altera/12.1sp1/nios2eds/bin/gnu/h-i686-mingw32/bin/../lib/gcc/nios2-elf/4.1.2/../../../../nios2-elf/lib/mno-hw-mul\libc.a(lib_a-wsetup.o)
                              c:/altera/12.1sp1/nios2eds/bin/gnu/h-i686-mingw32/bin/../lib/gcc/nios2-elf/4.1.2/../../../../nios2-elf/lib/mno-hw-mul\libc.a(lib_a-vfprintf.o) (__swsetup_r)
c:/altera/12.1sp1/nios2eds/bin/gnu/h-i686-mingw32/bin/../lib/gcc/nios2-elf/4.1.2/../../../../nios2-elf/lib/mno-hw-mul\libc.a(lib_a-dtoa.o)
                              c:/altera/12.1sp1/nios2eds/bin/gnu/h-i686-mingw32/bin/../lib/gcc/nios2-elf/4.1.2/../../../../nios2-elf/lib/mno-hw-mul\libc.a(lib_a-vfprintf.o) (_dtoa_r)
c:/altera/12.1sp1/nios2eds/bin/gnu/h-i686-mingw32/bin/../lib/gcc/nios2-elf/4.1.2/../../../../nios2-elf/lib/mno-hw-mul\libc.a(lib_a-fflush.o)
                              c:/altera/12.1sp1/nios2eds/bin/gnu/h-i686-mingw32/bin/../lib/gcc/nios2-elf/4.1.2/../../../../nios2-elf/lib/mno-hw-mul\libc.a(lib_a-vfprintf.o) (_fflush_r)
c:/altera/12.1sp1/nios2eds/bin/gnu/h-i686-mingw32/bin/../lib/gcc/nios2-elf/4.1.2/../../../../nios2-elf/lib/mno-hw-mul\libc.a(lib_a-findfp.o)
                              c:/altera/12.1sp1/nios2eds/bin/gnu/h-i686-mingw32/bin/../lib/gcc/nios2-elf/4.1.2/../../../../nios2-elf/lib/mno-hw-mul\libc.a(lib_a-vfprintf.o) (__sinit)
c:/altera/12.1sp1/nios2eds/bin/gnu/h-i686-mingw32/bin/../lib/gcc/nios2-elf/4.1.2/../../../../nios2-elf/lib/mno-hw-mul\libc.a(lib_a-freer.o)
                              c:/altera/12.1sp1/nios2eds/bin/gnu/h-i686-mingw32/bin/../lib/gcc/nios2-elf/4.1.2/../../../../nios2-elf/lib/mno-hw-mul\libc.a(lib_a-wsetup.o) (_free_r)
c:/altera/12.1sp1/nios2eds/bin/gnu/h-i686-mingw32/bin/../lib/gcc/nios2-elf/4.1.2/../../../../nios2-elf/lib/mno-hw-mul\libc.a(lib_a-fvwrite.o)
                              c:/altera/12.1sp1/nios2eds/bin/gnu/h-i686-mingw32/bin/../lib/gcc/nios2-elf/4.1.2/../../../../nios2-elf/lib/mno-hw-mul\libc.a(lib_a-puts.o) (__sfvwrite_r)
c:/altera/12.1sp1/nios2eds/bin/gnu/h-i686-mingw32/bin/../lib/gcc/nios2-elf/4.1.2/../../../../nios2-elf/lib/mno-hw-mul\libc.a(lib_a-fwalk.o)
                              c:/altera/12.1sp1/nios2eds/bin/gnu/h-i686-mingw32/bin/../lib/gcc/nios2-elf/4.1.2/../../../../nios2-elf/lib/mno-hw-mul\libc.a(lib_a-fflush.o) (_fwalk_reent)
c:/altera/12.1sp1/nios2eds/bin/gnu/h-i686-mingw32/bin/../lib/gcc/nios2-elf/4.1.2/../../../../nios2-elf/lib/mno-hw-mul\libc.a(lib_a-impure.o)
                              c:/altera/12.1sp1/nios2eds/bin/gnu/h-i686-mingw32/bin/../lib/gcc/nios2-elf/4.1.2/../../../../nios2-elf/lib/mno-hw-mul\libc.a(lib_a-printf.o) (_impure_ptr)
c:/altera/12.1sp1/nios2eds/bin/gnu/h-i686-mingw32/bin/../lib/gcc/nios2-elf/4.1.2/../../../../nios2-elf/lib/mno-hw-mul\libc.a(lib_a-locale.o)
                              c:/altera/12.1sp1/nios2eds/bin/gnu/h-i686-mingw32/bin/../lib/gcc/nios2-elf/4.1.2/../../../../nios2-elf/lib/mno-hw-mul\libc.a(lib_a-vfprintf.o) (_localeconv_r)
c:/altera/12.1sp1/nios2eds/bin/gnu/h-i686-mingw32/bin/../lib/gcc/nios2-elf/4.1.2/../../../../nios2-elf/lib/mno-hw-mul\libc.a(lib_a-makebuf.o)
                              c:/altera/12.1sp1/nios2eds/bin/gnu/h-i686-mingw32/bin/../lib/gcc/nios2-elf/4.1.2/../../../../nios2-elf/lib/mno-hw-mul\libc.a(lib_a-wsetup.o) (__smakebuf_r)
c:/altera/12.1sp1/nios2eds/bin/gnu/h-i686-mingw32/bin/../lib/gcc/nios2-elf/4.1.2/../../../../nios2-elf/lib/mno-hw-mul\libc.a(lib_a-mallocr.o)
                              c:/altera/12.1sp1/nios2eds/bin/gnu/h-i686-mingw32/bin/../lib/gcc/nios2-elf/4.1.2/../../../../nios2-elf/lib/mno-hw-mul\libc.a(lib_a-findfp.o) (_malloc_r)
c:/altera/12.1sp1/nios2eds/bin/gnu/h-i686-mingw32/bin/../lib/gcc/nios2-elf/4.1.2/../../../../nios2-elf/lib/mno-hw-mul\libc.a(lib_a-memchr.o)
[...]
Memory Configuration

Name             Origin             Length             Attributes
sdram_0          0x00800000         0x00800000
generic_tristate_controller_0 0x01400000         0x00400000
sram_0           0x01880000         0x00080000
reset            0x01904000         0x00000020
onchip_memory2_0 0x01904020         0x00003fe0
*default*        0x00000000         0xffffffff

Linker script and memory map

LOAD ../test_nioII_sram_bsp//obj/HAL/src/crt0.o
LOAD obj/default/hello_ucosii.o
LOAD c:/altera/12.1sp1/nios2eds/bin/gnu/h-i686-mingw32/bin/../lib/gcc/nios2-elf/4.1.2/../../../../nios2-elf/lib/mno-hw-mul\libstdc++.a
LOAD c:/altera/12.1sp1/nios2eds/bin/gnu/h-i686-mingw32/bin/../lib/gcc/nios2-elf/4.1.2/../../../../nios2-elf/lib/mno-hw-mul\libm.a
LOAD c:/altera/12.1sp1/nios2eds/bin/gnu/h-i686-mingw32/bin/../lib/gcc/nios2-elf/4.1.2/mno-hw-mul\libgcc.a
START GROUP
LOAD c:/altera/12.1sp1/nios2eds/bin/gnu/h-i686-mingw32/bin/../lib/gcc/nios2-elf/4.1.2/../../../../nios2-elf/lib/mno-hw-mul\libc.a
LOAD c:/altera/12.1sp1/nios2eds/bin/gnu/h-i686-mingw32/bin/../lib/gcc/nios2-elf/4.1.2/mno-hw-mul\libgcc.a
LOAD ../test_nioII_sram_bsp/\libucosii_bsp.a
END GROUP
LOAD c:/altera/12.1sp1/nios2eds/bin/gnu/h-i686-mingw32/bin/../lib/gcc/nios2-elf/4.1.2/mno-hw-mul\libgcc.a
                0x00800000                __alt_mem_sdram_0 = 0x800000
                0x01400000                __alt_mem_generic_tristate_controller_0 = 0x1400000
                0x01880000                __alt_mem_sram_0 = 0x1880000
                0x01904000                __alt_mem_onchip_memory2_0 = 0x1904000

.entry          0x01904000       0x20
 *(.entry)
 .entry         0x01904000       0x20 ../test_nioII_sram_bsp//obj/HAL/src/crt0.o
                0x01904000                __reset

.exceptions     0x01904020      0x1a0 load address 0x00800000
                0x01904020                PROVIDE (__ram_exceptions_start, ABSOLUTE (.))
                0x01904020                . = ALIGN (0x20)
 *(.irq)
 *(.exceptions.entry.label)
 .exceptions.entry.label
                0x01904020        0x0 ../test_nioII_sram_bsp/\libucosii_bsp.a(alt_irq_entry.o)
                0x01904020                alt_irq_entry
 .exceptions.entry.label
                0x01904020        0x0 ../test_nioII_sram_bsp/\libucosii_bsp.a(alt_exception_entry.o)
                0x01904020                alt_exception
 *(.exceptions.entry.user)
 *(.exceptions.entry)
 .exceptions.entry
                0x01904020       0x54 ../test_nioII_sram_bsp/\libucosii_bsp.a(alt_exception_entry.o)
 *(.exceptions.irqtest.user)
 *(.exceptions.irqtest)
 .exceptions.irqtest
                0x01904074       0x10 ../test_nioII_sram_bsp/\libucosii_bsp.a(alt_irq_entry.o)
 *(.exceptions.irqhandler.user)
 *(.exceptions.irqhandler)
 .exceptions.irqhandler
                0x01904084        0x4 ../test_nioII_sram_bsp/\libucosii_bsp.a(alt_irq_entry.o)
 *(.exceptions.irqreturn.user)
 *(.exceptions.irqreturn)
 .exceptions.irqreturn
                0x01904088        0x4 ../test_nioII_sram_bsp/\libucosii_bsp.a(alt_irq_entry.o)
 *(.exceptions.notirq.label)
 .exceptions.notirq.label
                0x0190408c        0x0 ../test_nioII_sram_bsp/\libucosii_bsp.a(alt_irq_entry.o)
 *(.exceptions.notirq.user)
 *(.exceptions.notirq)
 .exceptions.notirq
                0x0190408c        0x8 ../test_nioII_sram_bsp/\libucosii_bsp.a(alt_exception_entry.o)
 *(.exceptions.soft.user)
 *(.exceptions.soft)
 *(.exceptions.unknown.user)
 *(.exceptions.unknown)
 .exceptions.unknown
                0x01904094        0x4 ../test_nioII_sram_bsp/\libucosii_bsp.a(alt_exception_entry.o)
 *(.exceptions.exit.label)
 .exceptions.exit.label
                0x01904098        0x0 ../test_nioII_sram_bsp/\libucosii_bsp.a(alt_irq_entry.o)
 .exceptions.exit.label
                0x01904098        0x0 ../test_nioII_sram_bsp/\libucosii_bsp.a(alt_exception_entry.o)
 *(.exceptions.exit.user)
 *(.exceptions.exit)
 .exceptions.exit
                0x01904098       0x54 ../test_nioII_sram_bsp/\libucosii_bsp.a(alt_exception_entry.o)
 *(.exceptions)
 .exceptions    0x019040ec       0xd4 ../test_nioII_sram_bsp/\libucosii_bsp.a(alt_irq_handler.o)
                0x019040ec                alt_irq_handler
                0x019041c0                PROVIDE (__ram_exceptions_end, ABSOLUTE (.))
                0x00800000                PROVIDE (__flash_exceptions_start, LOADADDR (.exceptions))

.text           0x008001a0    0x15c44
                0x008001a0                PROVIDE (stext, ABSOLUTE (.))
 *(.interp)
 *(.hash)
 *(.dynsym)
 *(.dynstr)
 *(.gnu.version)
 *(.gnu.version_d)
 *(.gnu.version_r)
 *(.rel.init)
 *(.rela.init)
 *(.rel.text .rel.text.* .rel.gnu.linkonce.t.*)
 *(.rela.text .rela.text.* .rela.gnu.linkonce.t.*)
 *(.rel.fini)
 *(.rela.fini)
 *(.rel.rodata .rel.rodata.* .rel.gnu.linkonce.r.*)
 *(.rela.rodata .rela.rodata.* .rela.gnu.linkonce.r.*)
 *(.rel.data .rel.data.* .rel.gnu.linkonce.d.*)
 *(.rela.data .rela.data.* .rela.gnu.linkonce.d.*)
 *(.rel.tdata .rel.tdata.* .rel.gnu.linkonce.td.*)
 *(.rela.tdata .rela.tdata.* .rela.gnu.linkonce.td.*)
 *(.rel.tbss .rel.tbss.* .rel.gnu.linkonce.tb.*)
 *(.rela.tbss .rela.tbss.* .rela.gnu.linkonce.tb.*)
 *(.rel.ctors)
 *(.rela.ctors)
 *(.rel.dtors)
 *(.rela.dtors)
 *(.rel.got)
 *(.rela.got)
 *(.rel.sdata .rel.sdata.* .rel.gnu.linkonce.s.*)
 *(.rela.sdata .rela.sdata.* .rela.gnu.linkonce.s.*)
 *(.rel.sbss .rel.sbss.* .rel.gnu.linkonce.sb.*)
 *(.rela.sbss .rela.sbss.* .rela.gnu.linkonce.sb.*)
 *(.rel.sdata2 .rel.sdata2.* .rel.gnu.linkonce.s2.*)
 *(.rela.sdata2 .rela.sdata2.* .rela.gnu.linkonce.s2.*)
 *(.rel.sbss2 .rel.sbss2.* .rel.gnu.linkonce.sb2.*)
 *(.rela.sbss2 .rela.sbss2.* .rela.gnu.linkonce.sb2.*)
 *(.rel.bss .rel.bss.* .rel.gnu.linkonce.b.*)
 *(.rela.bss .rela.bss.* .rela.gnu.linkonce.b.*)
 *(.rel.plt)
 *(.rela.plt)
 *(.rel.dyn)
 *(.init)
 *(.plt)
 *(.text .stub .text.* .gnu.linkonce.t.*)
 .text          0x008001a0       0x3c ../test_nioII_sram_bsp//obj/HAL/src/crt0.o
                0x008001a0                _start
 .text          0x008001dc      0x1c0 obj/default/hello_ucosii.o
                0x008001dc                task1
                0x008002b8                task2
                0x008002f0                main
 .text          0x0080039c       0x78 c:/altera/12.1sp1/nios2eds/bin/gnu/h-i686-mingw32/bin/../lib/gcc/nios2-elf/4.1.2/../../../../nios2-elf/lib/mno-hw-mul\libc.a(lib_a-printf.o)
                0x0080039c                printf
                0x008003e0                _printf_r
 .text          0x00800414       0xb4 c:/altera/12.1sp1/nios2eds/bin/gnu/h-i686-mingw32/bin/../lib/gcc/nios2-elf/4.1.2/../../../../nios2-elf/lib/mno-hw-mul\libc.a(lib_a-puts.o)
                0x00800414                _puts_r
                0x008004b4                puts
 .text          0x008004c8       0x74 c:/altera/12.1sp1/nios2eds/bin/gnu/h-i686-mingw32/bin/../lib/gcc/nios2-elf/4.1.2/../../../../nios2-elf/lib/mno-hw-mul\libc.a(lib_a-strlen.o)
                0x008004c8                strlen
 .text          0x0080053c     0x1f40 c:/altera/12.1sp1/nios2eds/bin/gnu/h-i686-mingw32/bin/../lib/gcc/nios2-elf/4.1.2/../../../../nios2-elf/lib/mno-hw-mul\libc.a(lib_a-vfprintf.o)
                0x00800594                ___vfprintf_internal_r
                0x00802458                __vfprintf_internal
 .text          0x0080247c      0x13c c:/altera/12.1sp1/nios2eds/bin/gnu/h-i686-mingw32/bin/../lib/gcc/nios2-elf/4.1.2/../../../../nios2-elf/lib/mno-hw-mul\libc.a(lib_a-wsetup.o)
                0x0080247c                __swsetup_r
 .text          0x008025b8     0x17f8 c:/altera/12.1sp1/nios2eds/bin/gnu/h-i686-mingw32/bin/../lib/gcc/nios2-elf/4.1.2/../../../../nios2-elf/lib/mno-hw-mul\libc.a(lib_a-dtoa.o)
                0x008027fc                _dtoa_r
 .text          0x00803db0      0x230 c:/altera/12.1sp1/nios2eds/bin/gnu/h-i686-mingw32/bin/../lib/gcc/nios2-elf/4.1.2/../../../../nios2-elf/lib/mno-hw-mul\libc.a(lib_a-fflush.o)
                0x00803db0                _fflush_r
                0x00803fac                fflush
 .text          0x00803fe0      0x2f4 c:/altera/12.1sp1/nios2eds/bin/gnu/h-i686-mingw32/bin/../lib/gcc/nios2-elf/4.1.2/../../../../nios2-elf/lib/mno-hw-mul\libc.a(lib_a-findfp.o)
                0x00804038                __sfp_lock_acquire
                0x0080403c                __sfp_lock_release
                0x00804040                __sinit_lock_acquire
                0x00804044                __sinit_lock_release
                0x00804048                __sinit
                0x008040fc                __fp_unlock_all
                0x00804114                __fp_lock_all
                0x0080412c                _cleanup_r
                0x00804138                _cleanup
                0x00804148                __sfmoreglue
                0x008041e4                __sfp
 .text          0x008042d4      0x440 c:/altera/12.1sp1/nios2eds/bin/gnu/h-i686-mingw32/bin/../lib/gcc/nios2-elf/4.1.2/../../../../nios2-elf/lib/mno-hw-mul\libc.a(lib_a-freer.o)
                0x008042d4                _malloc_trim_r
                0x00804400                _free_r
 .text          0x00804714      0x49c c:/altera/12.1sp1/nios2eds/bin/gnu/h-i686-mingw32/bin/../lib/gcc/nios2-elf/4.1.2/../../../../nios2-elf/lib/mno-hw-mul\libc.a(lib_a-fvwrite.o)
                0x00804714                __sfvwrite_r
 .text          0x00804bb0      0x180 c:/altera/12.1sp1/nios2eds/bin/gnu/h-i686-mingw32/bin/../lib/gcc/nios2-elf/4.1.2/../../../../nios2-elf/lib/mno-hw-mul\libc.a(lib_a-fwalk.o)
                0x00804bb0                _fwalk_reent
                0x00804c78                _fwalk
 .text          0x00804d30        0x0 c:/altera/12.1sp1/nios2eds/bin/gnu/h-i686-mingw32/bin/../lib/gcc/nios2-elf/4.1.2/../../../../nios2-elf/lib/mno-hw-mul\libc.a(lib_a-impure.o)
 .text          0x00804d30       0xc4 c:/altera/12.1sp1/nios2eds/bin/gnu/h-i686-mingw32/bin/../lib/gcc/nios2-elf/4.1.2/../../../../nios2-elf/lib/mno-hw-mul\libc.a(lib_a-locale.o)
                0x00804d30                __locale_charset
                0x00804d38                _localeconv_r
                0x00804d44                localeconv
                0x00804d54                _setlocale_r
                0x00804dd8                setlocale
 .text          0x00804df4      0x194 c:/altera/12.1sp1/nios2eds/bin/gnu/h-i686-mingw32/bin/../lib/gcc/nios2-elf/4.1.2/../../../../nios2-elf/lib/mno-hw-mul\libc.a(lib_a-makebuf.o)
                0x00804df4                __smakebuf_r
 .text          0x00804f88      0x740 c:/altera/12.1sp1/nios2eds/bin/gnu/h-i686-mingw32/bin/../lib/gcc/nios2-elf/4.1.2/../../../../nios2-elf/lib/mno-hw-mul\libc.a(lib_a-mallocr.o)
                0x00804f88                _malloc_r
 .text          0x008056c8       0xe4 c:/altera/12.1sp1/nios2eds/bin/gnu/h-i686-mingw32/bin/../lib/gcc/nios2-elf/4.1.2/../../../../nios2-elf/lib/mno-hw-mul\libc.a(lib_a-memchr.o)
                0x008056c8                memchr
 .text          0x008057ac       0xa0 c:/altera/12.1sp1/nios2eds/bin/gnu/h-i686-mingw32/bin/../lib/gcc/nios2-elf/4.1.2/../../../../nios2-elf/lib/mno-hw-mul\libc.a(lib_a-memcpy.o)
                0x008057ac                memcpy
 .text          0x0080584c       0xe0 c:/altera/12.1sp1/nios2eds/bin/gnu/h-i686-mingw32/bin/../lib/gcc/nios2-elf/4.1.2/../../../../nios2-elf/lib/mno-hw-mul\libc.a(lib_a-memmove.o)
                0x0080584c                memmove
 .text          0x0080592c       0x98 c:/altera/12.1sp1/nios2eds/bin/gnu/h-i686-mingw32/bin/../lib/gcc/nios2-elf/4.1.2/../../../../nios2-elf/lib/mno-hw-mul\libc.a(lib_a-memset.o)
                0x0080592c                memset
 .text          0x008059c4     0x108c c:/altera/12.1sp1/nios2eds/bin/gnu/h-i686-mingw32/bin/../lib/gcc/nios2-elf/4.1.2/../../../../nios2-elf/lib/mno-hw-mul\libc.a(lib_a-mprec.o)
                0x008059c4                _Bfree
                0x008059ec                __hi0bits
                0x00805a5c                __lo0bits
                0x00805b20                __mcmp
                0x00805b80                __ulp
                0x00805c00                __b2d
                0x00805d20                __ratio
                0x00805dd0                _mprec_log10
                0x00805e64                __copybits
                0x00805ebc                __any_on
                0x00805f44                _Balloc
                0x00806000                __d2b
                0x0080617c                __mdiff
                0x00806308                __lshift
                0x00806454                __multiply
                0x008066a8                __i2b
                0x008066e4                __multadd
                0x00806810                __pow5mult
                0x00806930                __s2b
 .text          0x00806a50      0x5f4 c:/altera/12.1sp1/nios2eds/bin/gnu/h-i686-mingw32/bin/../lib/gcc/nios2-elf/4.1.2/../../../../nios2-elf/lib/mno-hw-mul\libc.a(lib_a-reallocr.o)
                0x00806a50                _realloc_r
 .text          0x00807044       0x40 c:/altera/12.1sp1/nios2eds/bin/gnu/h-i686-mingw32/bin/../lib/gcc/nios2-elf/4.1.2/../../../../nios2-elf/lib/mno-hw-mul\libc.a(lib_a-s_isinfd.o)
                0x00807044                __isinfd
 .text          0x00807084       0x30 c:/altera/12.1sp1/nios2eds/bin/gnu/h-i686-mingw32/bin/../lib/gcc/nios2-elf/4.1.2/../../../../nios2-elf/lib/mno-hw-mul\libc.a(lib_a-s_isnand.o)
                0x00807084                __isnand
 .text          0x008070b4       0x70 c:/altera/12.1sp1/nios2eds/bin/gnu/h-i686-mingw32/bin/../lib/gcc/nios2-elf/4.1.2/../../../../nios2-elf/lib/mno-hw-mul\libc.a(lib_a-sbrkr.o)
                0x008070b4                _sbrk_r
 .text          0x00807124      0x14c c:/altera/12.1sp1/nios2eds/bin/gnu/h-i686-mingw32/bin/../lib/gcc/nios2-elf/4.1.2/../../../../nios2-elf/lib/mno-hw-mul\libc.a(lib_a-stdio.o)
                0x00807124                __sclose
                0x0080712c                __sseek
                0x00807194                __swrite
                0x00807210                __sread
 .text          0x00807270       0xbc c:/altera/12.1sp1/nios2eds/bin/gnu/h-i686-mingw32/bin/../lib/gcc/nios2-elf/4.1.2/../../../../nios2-elf/lib/mno-hw-mul\libc.a(lib_a-strcmp.o)
                0x00807270                strcmp
 .text          0x0080732c       0x78 c:/altera/12.1sp1/nios2eds/bin/gnu/h-i686-mingw32/bin/../lib/gcc/nios2-elf/4.1.2/../../../../nios2-elf/lib/mno-hw-mul\libc.a(lib_a-writer.o)
                0x0080732c                _write_r
 .text          0x008073a4       0xc8 c:/altera/12.1sp1/nios2eds/bin/gnu/h-i686-mingw32/bin/../lib/gcc/nios2-elf/4.1.2/../../../../nios2-elf/lib/mno-hw-mul\libc.a(lib_a-callocr.o)
                0x008073a4                _calloc_r
 .text          0x0080746c       0x70 c:/altera/12.1sp1/nios2eds/bin/gnu/h-i686-mingw32/bin/../lib/gcc/nios2-elf/4.1.2/../../../../nios2-elf/lib/mno-hw-mul\libc.a(lib_a-closer.o)
                0x0080746c                _close_r
 .text          0x008074dc      0x124 c:/altera/12.1sp1/nios2eds/bin/gnu/h-i686-mingw32/bin/../lib/gcc/nios2-elf/4.1.2/../../../../nios2-elf/lib/mno-hw-mul\libc.a(lib_a-fclose.o)
                0x008074dc                _fclose_r
                0x008075ec                fclose
 .text          0x00807600       0x74 c:/altera/12.1sp1/nios2eds/bin/gnu/h-i686-mingw32/bin/../lib/gcc/nios2-elf/4.1.2/../../../../nios2-elf/lib/mno-hw-mul\libc.a(lib_a-fstatr.o)
                0x00807600                _fstat_r
 .text          0x00807674        0x0 c:/altera/12.1sp1/nios2eds/bin/gnu/h-i686-mingw32/bin/../lib/gcc/nios2-elf/4.1.2/../../../../nios2-elf/lib/mno-hw-mul\libc.a(lib_a-int_errno.o)
 .text          0x00807674       0x70 c:/altera/12.1sp1/nios2eds/bin/gnu/h-i686-mingw32/bin/../lib/gcc/nios2-elf/4.1.2/../../../../nios2-elf/lib/mno-hw-mul\libc.a(lib_a-isattyr.o)
                0x00807674                _isatty_r
 .text          0x008076e4       0x78 c:/altera/12.1sp1/nios2eds/bin/gnu/h-i686-mingw32/bin/../lib/gcc/nios2-elf/4.1.2/../../../../nios2-elf/lib/mno-hw-mul\libc.a(lib_a-lseekr.o)
                0x008076e4                _lseek_r
 .text          0x0080775c       0x78 c:/altera/12.1sp1/nios2eds/bin/gnu/h-i686-mingw32/bin/../lib/gcc/nios2-elf/4.1.2/../../../../nios2-elf/lib/mno-hw-mul\libc.a(lib_a-readr.o)
                0x0080775c                _read_r
 .text          0x008077d4      0x66c c:/altera/12.1sp1/nios2eds/bin/gnu/h-i686-mingw32/bin/../lib/gcc/nios2-elf/4.1.2/mno-hw-mul\libgcc.a(_udivdi3.o)
                0x008077d4                __udivdi3
 .text          0x00807e40      0x660 c:/altera/12.1sp1/nios2eds/bin/gnu/h-i686-mingw32/bin/../lib/gcc/nios2-elf/4.1.2/mno-hw-mul\libgcc.a(_umoddi3.o)
                0x00807e40                __umoddi3
 .text          0x008084a0      0x504 c:/altera/12.1sp1/nios2eds/bin/gnu/h-i686-mingw32/bin/../lib/gcc/nios2-elf/4.1.2/mno-hw-mul\libgcc.a(_addsub_df.o)
                0x008088b0                __subdf3
                0x00808930                __adddf3
 .text          0x008089a4      0x3c4 c:/altera/12.1sp1/nios2eds/bin/gnu/h-i686-mingw32/bin/../lib/gcc/nios2-elf/4.1.2/mno-hw-mul\libgcc.a(_mul_df.o)
                0x008089a4                __muldf3
 .text          0x00808d68      0x258 c:/altera/12.1sp1/nios2eds/bin/gnu/h-i686-mingw32/bin/../lib/gcc/nios2-elf/4.1.2/mno-hw-mul\libgcc.a(_div_df.o)
                0x00808d68                __divdf3
 .text          0x00808fc0       0x88 c:/altera/12.1sp1/nios2eds/bin/gnu/h-i686-mingw32/bin/../lib/gcc/nios2-elf/4.1.2/mno-hw-mul\libgcc.a(_eq_df.o)
                0x00808fc0                __eqdf2
 .text          0x00809048       0x88 c:/altera/12.1sp1/nios2eds/bin/gnu/h-i686-mingw32/bin/../lib/gcc/nios2-elf/4.1.2/mno-hw-mul\libgcc.a(_ne_df.o)
                0x00809048                __nedf2
 .text          0x008090d0       0x88 c:/altera/12.1sp1/nios2eds/bin/gnu/h-i686-mingw32/bin/../lib/gcc/nios2-elf/4.1.2/mno-hw-mul\libgcc.a(_gt_df.o)
                0x008090d0                __gtdf2
 .text          0x00809158       0x88 c:/altera/12.1sp1/nios2eds/bin/gnu/h-i686-mingw32/bin/../lib/gcc/nios2-elf/4.1.2/mno-hw-mul\libgcc.a(_ge_df.o)
                0x00809158                __gedf2
 .text          0x008091e0       0x88 c:/altera/12.1sp1/nios2eds/bin/gnu/h-i686-mingw32/bin/../lib/gcc/nios2-elf/4.1.2/mno-hw-mul\libgcc.a(_lt_df.o)
                0x008091e0                __ltdf2
 .text          0x00809268       0xf8 c:/altera/12.1sp1/nios2eds/bin/gnu/h-i686-mingw32/bin/../lib/gcc/nios2-elf/4.1.2/mno-hw-mul\libgcc.a(_si_to_df.o)
                0x00809268                __floatsidf
 .text          0x00809360       0xd8 c:/altera/12.1sp1/nios2eds/bin/gnu/h-i686-mingw32/bin/../lib/gcc/nios2-elf/4.1.2/mno-hw-mul\libgcc.a(_df_to_si.o)
                0x00809360                __fixdfsi
 .text          0x00809438        0x0 c:/altera/12.1sp1/nios2eds/bin/gnu/h-i686-mingw32/bin/../lib/gcc/nios2-elf/4.1.2/mno-hw-mul\libgcc.a(_thenan_df.o)
 .text          0x00809438      0x194 c:/altera/12.1sp1/nios2eds/bin/gnu/h-i686-mingw32/bin/../lib/gcc/nios2-elf/4.1.2/mno-hw-mul\libgcc.a(_usi_to_df.o)
                0x00809438                __floatunsidf
 .text          0x008095cc      0x14c c:/altera/12.1sp1/nios2eds/bin/gnu/h-i686-mingw32/bin/../lib/gcc/nios2-elf/4.1.2/mno-hw-mul\libgcc.a(lib2-divmod.o)
                0x00809648                __divsi3
                0x008096a8                __modsi3
                0x00809708                __udivsi3
                0x00809710                __umodsi3
 .text          0x00809718       0x38 c:/altera/12.1sp1/nios2eds/bin/gnu/h-i686-mingw32/bin/../lib/gcc/nios2-elf/4.1.2/mno-hw-mul\libgcc.a(lib2-mul.o)
                0x00809718                __mulsi3
 .text          0x00809750      0x124 c:/altera/12.1sp1/nios2eds/bin/gnu/h-i686-mingw32/bin/../lib/gcc/nios2-elf/4.1.2/mno-hw-mul\libgcc.a(_muldi3.o)
                0x00809750                __muldi3
 .text          0x00809874        0x0 c:/altera/12.1sp1/nios2eds/bin/gnu/h-i686-mingw32/bin/../lib/gcc/nios2-elf/4.1.2/mno-hw-mul\libgcc.a(_clz.o)
 .text          0x00809874       0x80 c:/altera/12.1sp1/nios2eds/bin/gnu/h-i686-mingw32/bin/../lib/gcc/nios2-elf/4.1.2/mno-hw-mul\libgcc.a(_clzsi2.o)
                0x00809874                __clzsi2
 .text          0x008098f4      0x314 c:/altera/12.1sp1/nios2eds/bin/gnu/h-i686-mingw32/bin/../lib/gcc/nios2-elf/4.1.2/mno-hw-mul\libgcc.a(_pack_df.o)
                0x008098f4                __pack_d
 .text          0x00809c08      0x138 c:/altera/12.1sp1/nios2eds/bin/gnu/h-i686-mingw32/bin/../lib/gcc/nios2-elf/4.1.2/mno-hw-mul\libgcc.a(_unpack_df.o)
                0x00809c08                __unpack_d
 .text          0x00809d40       0xc8 c:/altera/12.1sp1/nios2eds/bin/gnu/h-i686-mingw32/bin/../lib/gcc/nios2-elf/4.1.2/mno-hw-mul\libgcc.a(_fpcmp_parts_df.o)
                0x00809d40                __fpcmp_parts_d
 .text          0x00809e08      0x160 ../test_nioII_sram_bsp/\libucosii_bsp.a(alt_close.o)
                0x00809e08                close
 .text          0x00809f68       0x2c ../test_nioII_sram_bsp/\libucosii_bsp.a(alt_dev.o)
 .text          0x00809f94        0x0 ../test_nioII_sram_bsp/\libucosii_bsp.a(alt_errno.o)
 .text          0x00809f94      0x138 ../test_nioII_sram_bsp/\libucosii_bsp.a(alt_fstat.o)
                0x00809f94                fstat
 .text          0x0080a0cc      0x124 ../test_nioII_sram_bsp/\libucosii_bsp.a(alt_isatty.o)
                0x0080a0cc                isatty
 .text          0x0080a1f0       0xec ../test_nioII_sram_bsp/\libucosii_bsp.a(alt_load.o)
                0x0080a1f0                alt_load
 .text          0x0080a2dc      0x154 ../test_nioII_sram_bsp/\libucosii_bsp.a(alt_lseek.o)
                0x0080a2dc                lseek
 .text          0x0080a430       0xc8 ../test_nioII_sram_bsp/\libucosii_bsp.a(alt_main.o)
                0x0080a430                alt_main
 .text          0x0080a4f8      0x184 ../test_nioII_sram_bsp/\libucosii_bsp.a(alt_read.o)
                0x0080a4f8                read
 .text          0x0080a67c       0x78 ../test_nioII_sram_bsp/\libucosii_bsp.a(alt_release_fd.o)
                0x0080a67c                alt_release_fd
 .text          0x0080a6f4       0xbc ../test_nioII_sram_bsp/\libucosii_bsp.a(alt_sbrk.o)
                0x0080a6f4                sbrk
 .text          0x0080a7b0      0x184 ../test_nioII_sram_bsp/\libucosii_bsp.a(alt_write.o)
                0x0080a7b0                write
 .text          0x0080a934      0x108 ../test_nioII_sram_bsp/\libucosii_bsp.a(alt_env_lock.o)
                0x0080a934                __env_lock
                0x0080a9e0                __env_unlock
 .text          0x0080aa3c      0x1d8 ../test_nioII_sram_bsp/\libucosii_bsp.a(alt_malloc_lock.o)
                0x0080aa3c                __malloc_lock
                0x0080ab44                __malloc_unlock
 .text          0x0080ac14     0x2128 ../test_nioII_sram_bsp/\libucosii_bsp.a(os_core.o)
                0x0080ac14                OSEventNameGet
                0x0080ad44                OSEventNameSet
                0x0080ae88                OSEventPendMulti
                0x0080b53c                OSInit
                0x0080b590                OSIntEnter
                0x0080b60c                OSIntExit
                0x0080b70c                OSSchedLock
                0x0080b798                OSSchedUnlock
                0x0080b87c                OSStart
                0x0080b8ec                OSStatInit
                0x0080b998                OSTimeTick
                0x0080bbd8                OSVersion
                0x0080bbf8                OS_Dummy
                0x0080bc14                OS_EventTaskRdy
                0x0080bda8                OS_EventTaskWait
                0x0080beb8                OS_EventTaskWaitMulti
                0x0080c00c                OS_EventTaskRemove
                0x0080c0c4                OS_EventTaskRemoveMulti
                0x0080c1c8                OS_EventWaitListInit
                0x0080c594                OS_MemClr
                0x0080c5e8                OS_MemCopy
                0x0080c654                OS_Sched
                0x0080c798                OS_StrCopy
                0x0080c818                OS_StrLen
                0x0080c870                OS_TaskIdle
                0x0080c8cc                OS_TaskStat
                0x0080c994                OS_TaskStatStkChk
                0x0080ca5c                OS_TCBInit
 .text          0x0080cd3c      0x18c ../test_nioII_sram_bsp/\libucosii_bsp.a(os_dbg.o)
                0x0080cd3c                OSDebugInit
 .text          0x0080cec8     0x193c ../test_nioII_sram_bsp/\libucosii_bsp.a(os_flag.o)
                0x0080cec8                OSFlagAccept
                0x0080d1fc                OSFlagCreate
                0x0080d338                OSFlagDel
                0x0080d5e0                OSFlagNameGet
                0x0080d724                OSFlagNameSet
                0x0080d878                OSFlagPend
                0x0080debc                OSFlagPendGetFlagsRdy
                0x0080df24                OSFlagPost
                0x0080e2cc                OSFlagQuery
                0x0080e564                OS_FlagInit
                0x0080e758                OS_FlagUnlink
 .text          0x0080e804      0x80c ../test_nioII_sram_bsp/\libucosii_bsp.a(os_mem.o)
                0x0080e804                OSMemCreate
                0x0080ea20                OSMemGet
                0x0080eb24                OSMemNameGet
                0x0080ec30                OSMemNameSet
                0x0080ed50                OSMemPut
                0x0080ee40                OSMemQuery
                0x0080ef3c                OS_MemInit
 .text          0x0080f010     0x1334 ../test_nioII_sram_bsp/\libucosii_bsp.a(os_q.o)
                0x0080f010                OSQAccept
                0x0080f164                OSQCreate
                0x0080f378                OSQDel
                0x0080f678                OSQFlush
                0x0080f740                OSQPend
                0x0080fa60                OSQPendAbort
                0x0080fbdc                OSQPost
                0x0080fd5c                OSQPostFront
                0x0080fee4                OSQPostOpt
                0x00810118                OSQQuery
                0x00810298                OS_QInit
 .text          0x00810344      0xbc8 ../test_nioII_sram_bsp/\libucosii_bsp.a(os_sem.o)
                0x00810344                OSSemAccept
                0x00810404                OSSemCreate
                0x00810518                OSSemDel
                0x008107b8                OSSemPend
                0x00810a34                OSSemPendAbort
                0x00810bb0                OSSemPost
                0x00810cd8                OSSemQuery
                0x00810e08                OSSemSet
 .text          0x00810f0c     0x1a40 ../test_nioII_sram_bsp/\libucosii_bsp.a(os_task.o)
                0x00810f0c                OSTaskChangePrio
                0x00811480                OSTaskCreate
                0x00811654                OSTaskCreateExt
                0x00811854                OSTaskDel
                0x00811c60                OSTaskDelReq
                0x00811dd0                OSTaskNameGet
                0x00811f88                OSTaskNameSet
                0x0081214c                OSTaskResume
                0x00812364                OSTaskStkChk
                0x00812560                OSTaskSuspend
                0x0081278c                OSTaskQuery
                0x008128d0                OS_TaskStkClr
 .text          0x0081294c      0x5b4 ../test_nioII_sram_bsp/\libucosii_bsp.a(os_time.o)
                0x0081294c                OSTimeDly
                0x00812a98                OSTimeDlyHMSM
                0x00812c28                OSTimeDlyResume
                0x00812e38                OSTimeGet
                0x00812e9c                OSTimeSet
 .text          0x00812f00       0xec ../test_nioII_sram_bsp/\libucosii_bsp.a(alt_sys_init.o)
                0x00812f00                alt_irq_init
                0x00812f34                alt_sys_init
 .text          0x00812fec      0x148 ../test_nioII_sram_bsp/\libucosii_bsp.a(altera_avalon_jtag_uart_fd.o)
                0x00812fec                altera_avalon_jtag_uart_read_fd
                0x00813044                altera_avalon_jtag_uart_write_fd
                0x0081309c                altera_avalon_jtag_uart_close_fd
                0x008130e4                altera_avalon_jtag_uart_ioctl_fd
 .text          0x00813134      0x580 ../test_nioII_sram_bsp/\libucosii_bsp.a(altera_avalon_jtag_uart_init.o)
                0x00813134                altera_avalon_jtag_uart_init
                0x00813640                altera_avalon_jtag_uart_close
 .text          0x008136b4       0xf4 ../test_nioII_sram_bsp/\libucosii_bsp.a(altera_avalon_jtag_uart_ioctl.o)
                0x008136b4                altera_avalon_jtag_uart_ioctl
 .text          0x008137a8      0x2c0 ../test_nioII_sram_bsp/\libucosii_bsp.a(altera_avalon_jtag_uart_read.o)
                0x008137a8                altera_avalon_jtag_uart_read
 .text          0x00813a68      0x2dc ../test_nioII_sram_bsp/\libucosii_bsp.a(altera_avalon_jtag_uart_write.o)
                0x00813a68                altera_avalon_jtag_uart_write
 .text          0x00813d44       0xfc ../test_nioII_sram_bsp/\libucosii_bsp.a(altera_avalon_timer_sc.o)
                0x00813db8                alt_avalon_timer_sc_init
 .text          0x00813e40      0x530 ../test_nioII_sram_bsp/\libucosii_bsp.a(altera_up_avalon_character_lcd.o)
                0x00813e40                get_DDRAM_addr
                0x00813ebc                alt_up_character_lcd_send_cmd
                0x00813ef0                alt_up_character_lcd_init
                0x00813f24                alt_up_character_lcd_open_dev
                0x00813f64                alt_up_character_lcd_write
                0x00813fdc                alt_up_character_lcd_string
                0x00814054                alt_up_character_lcd_write_fd
                0x008140a0                alt_up_character_lcd_set_cursor_pos
                0x00814118                alt_up_character_lcd_shift_cursor
                0x008141c8                alt_up_character_lcd_shift_display
                0x00814278                alt_up_character_lcd_erase_pos
                0x00814308                alt_up_character_lcd_cursor_off
                0x0081433c                alt_up_character_lcd_cursor_blink_on
 .text          0x00814370      0x398 ../test_nioII_sram_bsp/\libucosii_bsp.a(altera_up_avalon_rs232.o)
                0x00814370                alt_up_rs232_enable_read_interrupt
                0x008143c4                alt_up_rs232_disable_read_interrupt
                0x0081441c                alt_up_rs232_get_used_space_in_read_FIFO
                0x00814458                alt_up_rs232_get_available_space_in_write_FIFO
                0x00814498                alt_up_rs232_check_parity
                0x008144e8                alt_up_rs232_write_data
                0x00814530                alt_up_rs232_read_data
                0x008145a4                alt_up_rs232_read_fd
                0x00814634                alt_up_rs232_write_fd
                0x008146c8                alt_up_rs232_open_dev
 .text          0x00814708      0x154 ../test_nioII_sram_bsp/\libucosii_bsp.a(alt_alarm_start.o)
                0x00814708                alt_alarm_start
 .text          0x0081485c       0x1c ../test_nioII_sram_bsp/\libucosii_bsp.a(alt_dcache_flush_all.o)
                0x0081485c                alt_dcache_flush_all
 .text          0x00814878      0x114 ../test_nioII_sram_bsp/\libucosii_bsp.a(alt_dev_llist_insert.o)
                0x00814878                alt_dev_llist_insert
 .text          0x0081498c       0x64 ../test_nioII_sram_bsp/\libucosii_bsp.a(alt_do_ctors.o)
                0x0081498c                _do_ctors
 .text          0x008149f0       0x64 ../test_nioII_sram_bsp/\libucosii_bsp.a(alt_do_dtors.o)
                0x008149f0                _do_dtors
 .text          0x00814a54       0x94 ../test_nioII_sram_bsp/\libucosii_bsp.a(alt_find_dev.o)
                0x00814a54                alt_find_dev
 .text          0x00814ae8       0x1c ../test_nioII_sram_bsp/\libucosii_bsp.a(alt_icache_flush_all.o)
                0x00814ae8                alt_icache_flush_all
 .text          0x00814b04      0x150 ../test_nioII_sram_bsp/\libucosii_bsp.a(alt_io_redirect.o)
                0x00814bdc                alt_io_redirect
 .text          0x00814c54      0x1c0 ../test_nioII_sram_bsp/\libucosii_bsp.a(alt_irq_register.o)
                0x00814c54                alt_irq_register
 .text          0x00814e14        0x0 ../test_nioII_sram_bsp/\libucosii_bsp.a(alt_irq_vars.o)
 .text          0x00814e14      0x2e4 ../test_nioII_sram_bsp/\libucosii_bsp.a(alt_open.o)
                0x00814f0c                open
 .text          0x008150f8      0x1a8 ../test_nioII_sram_bsp/\libucosii_bsp.a(alt_tick.o)
                0x008150f8                alt_alarm_stop
                0x00815190                alt_tick
 .text          0x008152a0       0x20 ../test_nioII_sram_bsp/\libucosii_bsp.a(altera_nios2_qsys_irq.o)
                0x008152a0                altera_nios2_qsys_irq_init
 .text          0x008152c0       0xd0 ../test_nioII_sram_bsp/\libucosii_bsp.a(os_cpu_a.o)
                0x008152c0                OSCtxSw
                0x008152c0                OSIntCtxSw
                0x0081534c                OSStartHighRdy
                0x0081536c                OSStartTsk
 .text          0x00815390      0x418 ../test_nioII_sram_bsp/\libucosii_bsp.a(os_cpu_c.o)
                0x00815390                OSTaskStkInit
                0x008156a0                OSTaskCreateHook
                0x008156c0                OSTaskDelHook
                0x008156e0                OSTaskSwHook
                0x008156fc                OSTaskStatHook
                0x00815718                OSTimeTickHook
                0x00815734                OSInitHookBegin
                0x00815750                OSInitHookEnd
                0x0081576c                OSTaskIdleHook
                0x00815788                OSTCBInitHook
 .text          0x008157a8      0x120 ../test_nioII_sram_bsp/\libucosii_bsp.a(alt_find_file.o)
                0x008157a8                alt_find_file
 .text          0x008158c8      0x104 ../test_nioII_sram_bsp/\libucosii_bsp.a(alt_get_fd.o)
                0x008158c8                alt_get_fd
 .text          0x008159cc        0x0 ../test_nioII_sram_bsp/\libucosii_bsp.a(alt_irq_entry.o)
 .text          0x008159cc        0x0 ../test_nioII_sram_bsp/\libucosii_bsp.a(alt_irq_handler.o)
 .text          0x008159cc        0x0 ../test_nioII_sram_bsp/\libucosii_bsp.a(alt_exception_entry.o)
 .text          0x008159cc       0x14 c:/altera/12.1sp1/nios2eds/bin/gnu/h-i686-mingw32/bin/../lib/gcc/nios2-elf/4.1.2/../../../../nios2-elf/lib/mno-hw-mul\libc.a(lib_a-atexit.o)
                0x008159cc                atexit
 .text          0x008159e0       0x38 c:/altera/12.1sp1/nios2eds/bin/gnu/h-i686-mingw32/bin/../lib/gcc/nios2-elf/4.1.2/../../../../nios2-elf/lib/mno-hw-mul\libc.a(lib_a-exit.o)
                0x008159e0                exit
 .text          0x00815a18       0x74 c:/altera/12.1sp1/nios2eds/bin/gnu/h-i686-mingw32/bin/../lib/gcc/nios2-elf/4.1.2/../../../../nios2-elf/lib/mno-hw-mul\libc.a(lib_a-memcmp.o)
                0x00815a18                memcmp
 .text          0x00815a8c      0x134 c:/altera/12.1sp1/nios2eds/bin/gnu/h-i686-mingw32/bin/../lib/gcc/nios2-elf/4.1.2/../../../../nios2-elf/lib/mno-hw-mul\libc.a(lib_a-__atexit.o)
                0x00815a8c                __register_exitproc
 .text          0x00815bc0      0x1b4 c:/altera/12.1sp1/nios2eds/bin/gnu/h-i686-mingw32/bin/../lib/gcc/nios2-elf/4.1.2/../../../../nios2-elf/lib/mno-hw-mul\libc.a(lib_a-__call_atexit.o)
                0x00815bc4                __call_exitprocs
 .text          0x00815d74       0x6c ../test_nioII_sram_bsp/\libucosii_bsp.a(alt_exit.o)
                0x00815db4                _exit
 *(.gnu.warning.*)
 *(.fini)
                0x00815de0                PROVIDE (__etext, ABSOLUTE (.))
                0x00815de0                PROVIDE (_etext, ABSOLUTE (.))
                0x00815de0                PROVIDE (etext, ABSOLUTE (.))
 *(.eh_frame_hdr)
                0x00815de0                . = ALIGN (0x4)
                0x00815de0                PROVIDE (__preinit_array_start, ABSOLUTE (.))
 *(.preinit_array)
                0x00815de0                PROVIDE (__preinit_array_end, ABSOLUTE (.))
                0x00815de0                PROVIDE (__init_array_start, ABSOLUTE (.))
 *(.init_array)
                0x00815de0                PROVIDE (__init_array_end, ABSOLUTE (.))
                0x00815de0                PROVIDE (__fini_array_start, ABSOLUTE (.))
 *(.fini_array)
                0x00815de0                PROVIDE (__fini_array_end, ABSOLUTE (.))
 *(.eh_frame)
 *(.gcc_except_table)
 *(.dynamic)
                0x00815de0                PROVIDE (__CTOR_LIST__, ABSOLUTE (.))
 *(.ctors)
 *(SORT(.ctors.*))
 .ctors.65535   0x00815de0        0x4 c:/altera/12.1sp1/nios2eds/bin/gnu/h-i686-mingw32/bin/../lib/gcc/nios2-elf/4.1.2/../../../../nios2-elf/lib/mno-hw-mul\libc.a(lib_a-__call_atexit.o)
                0x00815de4                PROVIDE (__CTOR_END__, ABSOLUTE (.))
                0x00815de4                PROVIDE (__DTOR_LIST__, ABSOLUTE (.))
 *(.dtors)
 *(SORT(.dtors.*))
                0x00815de4                PROVIDE (__DTOR_END__, ABSOLUTE (.))
 *(.jcr)
                0x00815de4                . = ALIGN (0x4)

.rodata         0x00815de4      0x4dc
                0x00815de4                PROVIDE (__ram_rodata_start, ABSOLUTE (.))
                0x00815de4                . = ALIGN (0x4)
 *(.rodata .rodata.* .gnu.linkonce.r.*)
 .rodata        0x00815de4       0x4c obj/default/hello_ucosii.o
 .rodata.str1.4
                0x00815e30        0x2 c:/altera/12.1sp1/nios2eds/bin/gnu/h-i686-mingw32/bin/../lib/gcc/nios2-elf/4.1.2/../../../../nios2-elf/lib/mno-hw-mul\libc.a(lib_a-puts.o)
                                  0x4 (size before relaxing)
 *fill*         0x00815e32        0x2 00
 .rodata.str1.4
                0x00815e34       0x5e c:/altera/12.1sp1/nios2eds/bin/gnu/h-i686-mingw32/bin/../lib/gcc/nios2-elf/4.1.2/../../../../nios2-elf/lib/mno-hw-mul\libc.a(lib_a-vfprintf.o)
                                 0x60 (size before relaxing)
 .rodata        0x00815e92       0x20 c:/altera/12.1sp1/nios2eds/bin/gnu/h-i686-mingw32/bin/../lib/gcc/nios2-elf/4.1.2/../../../../nios2-elf/lib/mno-hw-mul\libc.a(lib_a-vfprintf.o)
 *fill*         0x00815eb2        0x2 00
 .rodata.str1.4
                0x00815eb4       0x10 c:/altera/12.1sp1/nios2eds/bin/gnu/h-i686-mingw32/bin/../lib/gcc/nios2-elf/4.1.2/../../../../nios2-elf/lib/mno-hw-mul\libc.a(lib_a-dtoa.o)
                                 0x14 (size before relaxing)
 .rodata.str1.4
                0x00815ec4        0x2 c:/altera/12.1sp1/nios2eds/bin/gnu/h-i686-mingw32/bin/../lib/gcc/nios2-elf/4.1.2/../../../../nios2-elf/lib/mno-hw-mul\libc.a(lib_a-impure.o)
                                  0x4 (size before relaxing)
 *fill*         0x00815ec6        0x2 00
 .rodata.str1.4
                0x00815ec8       0x10 c:/altera/12.1sp1/nios2eds/bin/gnu/h-i686-mingw32/bin/../lib/gcc/nios2-elf/4.1.2/../../../../nios2-elf/lib/mno-hw-mul\libc.a(lib_a-locale.o)
                                 0x18 (size before relaxing)
 .rodata        0x00815ed8       0x30 c:/altera/12.1sp1/nios2eds/bin/gnu/h-i686-mingw32/bin/../lib/gcc/nios2-elf/4.1.2/../../../../nios2-elf/lib/mno-hw-mul\libc.a(lib_a-locale.o)
 .rodata        0x00815f08      0x124 c:/altera/12.1sp1/nios2eds/bin/gnu/h-i686-mingw32/bin/../lib/gcc/nios2-elf/4.1.2/../../../../nios2-elf/lib/mno-hw-mul\libc.a(lib_a-mprec.o)
                0x00815f08                __mprec_tens
                0x00815fd0                __mprec_bigtens
                0x00815ff8                __mprec_tinytens
 .rodata        0x0081602c       0x14 c:/altera/12.1sp1/nios2eds/bin/gnu/h-i686-mingw32/bin/../lib/gcc/nios2-elf/4.1.2/mno-hw-mul\libgcc.a(_thenan_df.o)
                0x0081602c                __thenan_df
 .rodata        0x00816040      0x100 c:/altera/12.1sp1/nios2eds/bin/gnu/h-i686-mingw32/bin/../lib/gcc/nios2-elf/4.1.2/mno-hw-mul\libgcc.a(_clz.o)
                0x00816040                __clz_tab
 .rodata        0x00816140        0xc ../test_nioII_sram_bsp/\libucosii_bsp.a(alt_dev.o)
 .rodata        0x0081614c       0x14 ../test_nioII_sram_bsp/\libucosii_bsp.a(alt_main.o)
 .rodata        0x00816160      0x120 ../test_nioII_sram_bsp/\libucosii_bsp.a(os_core.o)
                0x00816160                OSUnMapTbl
 .rodata        0x00816280       0x3c ../test_nioII_sram_bsp/\libucosii_bsp.a(alt_sys_init.o)
 .rodata        0x008162bc        0x4 ../test_nioII_sram_bsp/\libucosii_bsp.a(os_cpu_c.o)
 *(.rodata1)
                0x008162c0                . = ALIGN (0x4)
                0x008162c0                PROVIDE (__ram_rodata_end, ABSOLUTE (.))
                0x00815de4                PROVIDE (__flash_rodata_start, LOADADDR (.rodata))

.rwdata         0x008162c0     0x1b3c load address 0x00817dfc
                0x008162c0                PROVIDE (__ram_rwdata_start, ABSOLUTE (.))
                0x008162c0                . = ALIGN (0x4)
 *(.got.plt)
 *(.got)
 *(.data1)
 *(.data .data.* .gnu.linkonce.d.*)
 .data          0x008162c0        0x0 ../test_nioII_sram_bsp//obj/HAL/src/crt0.o
 .data          0x008162c0        0x0 obj/default/hello_ucosii.o
 .data          0x008162c0        0x0 c:/altera/12.1sp1/nios2eds/bin/gnu/h-i686-mingw32/bin/../lib/gcc/nios2-elf/4.1.2/../../../../nios2-elf/lib/mno-hw-mul\libc.a(lib_a-printf.o)
 .data          0x008162c0        0x0 c:/altera/12.1sp1/nios2eds/bin/gnu/h-i686-mingw32/bin/../lib/gcc/nios2-elf/4.1.2/../../../../nios2-elf/lib/mno-hw-mul\libc.a(lib_a-puts.o)
 .data          0x008162c0        0x0 c:/altera/12.1sp1/nios2eds/bin/gnu/h-i686-mingw32/bin/../lib/gcc/nios2-elf/4.1.2/../../../../nios2-elf/lib/mno-hw-mul\libc.a(lib_a-strlen.o)
 .data          0x008162c0        0x0 c:/altera/12.1sp1/nios2eds/bin/gnu/h-i686-mingw32/bin/../lib/gcc/nios2-elf/4.1.2/../../../../nios2-elf/lib/mno-hw-mul\libc.a(lib_a-vfprintf.o)
 .data          0x008162c0        0x0 c:/altera/12.1sp1/nios2eds/bin/gnu/h-i686-mingw32/bin/../lib/gcc/nios2-elf/4.1.2/../../../../nios2-elf/lib/mno-hw-mul\libc.a(lib_a-wsetup.o)
 .data          0x008162c0        0x0 c:/altera/12.1sp1/nios2eds/bin/gnu/h-i686-mingw32/bin/../lib/gcc/nios2-elf/4.1.2/../../../../nios2-elf/lib/mno-hw-mul\libc.a(lib_a-dtoa.o)
 .data          0x008162c0        0x0 c:/altera/12.1sp1/nios2eds/bin/gnu/h-i686-mingw32/bin/../lib/gcc/nios2-elf/4.1.2/../../../../nios2-elf/lib/mno-hw-mul\libc.a(lib_a-fflush.o)
 .data          0x008162c0        0x0 c:/altera/12.1sp1/nios2eds/bin/gnu/h-i686-mingw32/bin/../lib/gcc/nios2-elf/4.1.2/../../../../nios2-elf/lib/mno-hw-mul\libc.a(lib_a-findfp.o)
 .data          0x008162c0        0x0 c:/altera/12.1sp1/nios2eds/bin/gnu/h-i686-mingw32/bin/../lib/gcc/nios2-elf/4.1.2/../../../../nios2-elf/lib/mno-hw-mul\libc.a(lib_a-freer.o)
 .data          0x008162c0        0x0 c:/altera/12.1sp1/nios2eds/bin/gnu/h-i686-mingw32/bin/../lib/gcc/nios2-elf/4.1.2/../../../../nios2-elf/lib/mno-hw-mul\libc.a(lib_a-fvwrite.o)
 .data          0x008162c0        0x0 c:/altera/12.1sp1/nios2eds/bin/gnu/h-i686-mingw32/bin/../lib/gcc/nios2-elf/4.1.2/../../../../nios2-elf/lib/mno-hw-mul\libc.a(lib_a-fwalk.o)
 .data          0x008162c0      0x400 c:/altera/12.1sp1/nios2eds/bin/gnu/h-i686-mingw32/bin/../lib/gcc/nios2-elf/4.1.2/../../../../nios2-elf/lib/mno-hw-mul\libc.a(lib_a-impure.o)
 .data          0x008166c0        0xc c:/altera/12.1sp1/nios2eds/bin/gnu/h-i686-mingw32/bin/../lib/gcc/nios2-elf/4.1.2/../../../../nios2-elf/lib/mno-hw-mul\libc.a(lib_a-locale.o)
                0x008166c0                __lc_ctype
 .data          0x008166cc        0x0 c:/altera/12.1sp1/nios2eds/bin/gnu/h-i686-mingw32/bin/../lib/gcc/nios2-elf/4.1.2/../../../../nios2-elf/lib/mno-hw-mul\libc.a(lib_a-makebuf.o)
 .data          0x008166cc      0x408 c:/altera/12.1sp1/nios2eds/bin/gnu/h-i686-mingw32/bin/../lib/gcc/nios2-elf/4.1.2/../../../../nios2-elf/lib/mno-hw-mul\libc.a(lib_a-mallocr.o)
                0x008166cc                __malloc_av_
 .data          0x00816ad4        0x0 c:/altera/12.1sp1/nios2eds/bin/gnu/h-i686-mingw32/bin/../lib/gcc/nios2-elf/4.1.2/../../../../nios2-elf/lib/mno-hw-mul\libc.a(lib_a-memchr.o)
 .data          0x00816ad4        0x0 c:/altera/12.1sp1/nios2eds/bin/gnu/h-i686-mingw32/bin/../lib/gcc/nios2-elf/4.1.2/../../../../nios2-elf/lib/mno-hw-mul\libc.a(lib_a-memcpy.o)
 .data          0x00816ad4        0x0 c:/altera/12.1sp1/nios2eds/bin/gnu/h-i686-mingw32/bin/../lib/gcc/nios2-elf/4.1.2/../../../../nios2-elf/lib/mno-hw-mul\libc.a(lib_a-memmove.o)
 .data          0x00816ad4        0x0 c:/altera/12.1sp1/nios2eds/bin/gnu/h-i686-mingw32/bin/../lib/gcc/nios2-elf/4.1.2/../../../../nios2-elf/lib/mno-hw-mul\libc.a(lib_a-memset.o)
 .data          0x00816ad4        0x0 c:/altera/12.1sp1/nios2eds/bin/gnu/h-i686-mingw32/bin/../lib/gcc/nios2-elf/4.1.2/../../../../nios2-elf/lib/mno-hw-mul\libc.a(lib_a-mprec.o)
 .data          0x00816ad4        0x0 c:/altera/12.1sp1/nios2eds/bin/gnu/h-i686-mingw32/bin/../lib/gcc/nios2-elf/4.1.2/../../../../nios2-elf/lib/mno-hw-mul\libc.a(lib_a-reallocr.o)
 .data          0x00816ad4        0x0 c:/altera/12.1sp1/nios2eds/bin/gnu/h-i686-mingw32/bin/../lib/gcc/nios2-elf/4.1.2/../../../../nios2-elf/lib/mno-hw-mul\libc.a(lib_a-s_isinfd.o)
 .data          0x00816ad4        0x0 c:/altera/12.1sp1/nios2eds/bin/gnu/h-i686-mingw32/bin/../lib/gcc/nios2-elf/4.1.2/../../../../nios2-elf/lib/mno-hw-mul\libc.a(lib_a-s_isnand.o)
 .data          0x00816ad4        0x0 c:/altera/12.1sp1/nios2eds/bin/gnu/h-i686-mingw32/bin/../lib/gcc/nios2-elf/4.1.2/../../../../nios2-elf/lib/mno-hw-mul\libc.a(lib_a-sbrkr.o)
 .data          0x00816ad4        0x0 c:/altera/12.1sp1/nios2eds/bin/gnu/h-i686-mingw32/bin/../lib/gcc/nios2-elf/4.1.2/../../../../nios2-elf/lib/mno-hw-mul\libc.a(lib_a-stdio.o)
 .data          0x00816ad4        0x0 c:/altera/12.1sp1/nios2eds/bin/gnu/h-i686-mingw32/bin/../lib/gcc/nios2-elf/4.1.2/../../../../nios2-elf/lib/mno-hw-mul\libc.a(lib_a-strcmp.o)
 .data          0x00816ad4        0x0 c:/altera/12.1sp1/nios2eds/bin/gnu/h-i686-mingw32/bin/../lib/gcc/nios2-elf/4.1.2/../../../../nios2-elf/lib/mno-hw-mul\libc.a(lib_a-writer.o)
 .data          0x00816ad4        0x0 c:/altera/12.1sp1/nios2eds/bin/gnu/h-i686-mingw32/bin/../lib/gcc/nios2-elf/4.1.2/../../../../nios2-elf/lib/mno-hw-mul\libc.a(lib_a-callocr.o)
 .data          0x00816ad4        0x0 c:/altera/12.1sp1/nios2eds/bin/gnu/h-i686-mingw32/bin/../lib/gcc/nios2-elf/4.1.2/../../../../nios2-elf/lib/mno-hw-mul\libc.a(lib_a-closer.o)
 .data          0x00816ad4        0x0 c:/altera/12.1sp1/nios2eds/bin/gnu/h-i686-mingw32/bin/../lib/gcc/nios2-elf/4.1.2/../../../../nios2-elf/lib/mno-hw-mul\libc.a(lib_a-fclose.o)
 .data          0x00816ad4        0x0 c:/altera/12.1sp1/nios2eds/bin/gnu/h-i686-mingw32/bin/../lib/gcc/nios2-elf/4.1.2/../../../../nios2-elf/lib/mno-hw-mul\libc.a(lib_a-fstatr.o)
 .data          0x00816ad4        0x0 c:/altera/12.1sp1/nios2eds/bin/gnu/h-i686-mingw32/bin/../lib/gcc/nios2-elf/4.1.2/../../../../nios2-elf/lib/mno-hw-mul\libc.a(lib_a-int_errno.o)
 .data          0x00816ad4        0x0 c:/altera/12.1sp1/nios2eds/bin/gnu/h-i686-mingw32/bin/../lib/gcc/nios2-elf/4.1.2/../../../../nios2-elf/lib/mno-hw-mul\libc.a(lib_a-isattyr.o)
 .data          0x00816ad4        0x0 c:/altera/12.1sp1/nios2eds/bin/gnu/h-i686-mingw32/bin/../lib/gcc/nios2-elf/4.1.2/../../../../nios2-elf/lib/mno-hw-mul\libc.a(lib_a-lseekr.o)
 .data          0x00816ad4        0x0 c:/altera/12.1sp1/nios2eds/bin/gnu/h-i686-mingw32/bin/../lib/gcc/nios2-elf/4.1.2/../../../../nios2-elf/lib/mno-hw-mul\libc.a(lib_a-readr.o)
 .data          0x00816ad4        0x0 c:/altera/12.1sp1/nios2eds/bin/gnu/h-i686-mingw32/bin/../lib/gcc/nios2-elf/4.1.2/mno-hw-mul\libgcc.a(_udivdi3.o)
 .data          0x00816ad4        0x0 c:/altera/12.1sp1/nios2eds/bin/gnu/h-i686-mingw32/bin/../lib/gcc/nios2-elf/4.1.2/mno-hw-mul\libgcc.a(_umoddi3.o)
 .data          0x00816ad4        0x0 c:/altera/12.1sp1/nios2eds/bin/gnu/h-i686-mingw32/bin/../lib/gcc/nios2-elf/4.1.2/mno-hw-mul\libgcc.a(_addsub_df.o)
 .data          0x00816ad4        0x0 c:/altera/12.1sp1/nios2eds/bin/gnu/h-i686-mingw32/bin/../lib/gcc/nios2-elf/4.1.2/mno-hw-mul\libgcc.a(_mul_df.o)
 .data          0x00816ad4        0x0 c:/altera/12.1sp1/nios2eds/bin/gnu/h-i686-mingw32/bin/../lib/gcc/nios2-elf/4.1.2/mno-hw-mul\libgcc.a(_div_df.o)
 .data          0x00816ad4        0x0 c:/altera/12.1sp1/nios2eds/bin/gnu/h-i686-mingw32/bin/../lib/gcc/nios2-elf/4.1.2/mno-hw-mul\libgcc.a(_eq_df.o)
 .data          0x00816ad4        0x0 c:/altera/12.1sp1/nios2eds/bin/gnu/h-i686-mingw32/bin/../lib/gcc/nios2-elf/4.1.2/mno-hw-mul\libgcc.a(_ne_df.o)
 .data          0x00816ad4        0x0 c:/altera/12.1sp1/nios2eds/bin/gnu/h-i686-mingw32/bin/../lib/gcc/nios2-elf/4.1.2/mno-hw-mul\libgcc.a(_gt_df.o)
 .data          0x00816ad4        0x0 c:/altera/12.1sp1/nios2eds/bin/gnu/h-i686-mingw32/bin/../lib/gcc/nios2-elf/4.1.2/mno-hw-mul\libgcc.a(_ge_df.o)
 .data          0x00816ad4        0x0 c:/altera/12.1sp1/nios2eds/bin/gnu/h-i686-mingw32/bin/../lib/gcc/nios2-elf/4.1.2/mno-hw-mul\libgcc.a(_lt_df.o)
 .data          0x00816ad4        0x0 c:/altera/12.1sp1/nios2eds/bin/gnu/h-i686-mingw32/bin/../lib/gcc/nios2-elf/4.1.2/mno-hw-mul\libgcc.a(_si_to_df.o)
 .data          0x00816ad4        0x0 c:/altera/12.1sp1/nios2eds/bin/gnu/h-i686-mingw32/bin/../lib/gcc/nios2-elf/4.1.2/mno-hw-mul\libgcc.a(_df_to_si.o)
 .data          0x00816ad4        0x0 c:/altera/12.1sp1/nios2eds/bin/gnu/h-i686-mingw32/bin/../lib/gcc/nios2-elf/4.1.2/mno-hw-mul\libgcc.a(_thenan_df.o)
 .data          0x00816ad4        0x0 c:/altera/12.1sp1/nios2eds/bin/gnu/h-i686-mingw32/bin/../lib/gcc/nios2-elf/4.1.2/mno-hw-mul\libgcc.a(_usi_to_df.o)
 .data          0x00816ad4        0x0 c:/altera/12.1sp1/nios2eds/bin/gnu/h-i686-mingw32/bin/../lib/gcc/nios2-elf/4.1.2/mno-hw-mul\libgcc.a(lib2-divmod.o)
 .data          0x00816ad4        0x0 c:/altera/12.1sp1/nios2eds/bin/gnu/h-i686-mingw32/bin/../lib/gcc/nios2-elf/4.1.2/mno-hw-mul\libgcc.a(lib2-mul.o)
 .data          0x00816ad4        0x0 c:/altera/12.1sp1/nios2eds/bin/gnu/h-i686-mingw32/bin/../lib/gcc/nios2-elf/4.1.2/mno-hw-mul\libgcc.a(_muldi3.o)
 .data          0x00816ad4        0x0 c:/altera/12.1sp1/nios2eds/bin/gnu/h-i686-mingw32/bin/../lib/gcc/nios2-elf/4.1.2/mno-hw-mul\libgcc.a(_clz.o)
 .data          0x00816ad4        0x0 c:/altera/12.1sp1/nios2eds/bin/gnu/h-i686-mingw32/bin/../lib/gcc/nios2-elf/4.1.2/mno-hw-mul\libgcc.a(_clzsi2.o)
 .data          0x00816ad4        0x0 c:/altera/12.1sp1/nios2eds/bin/gnu/h-i686-mingw32/bin/../lib/gcc/nios2-elf/4.1.2/mno-hw-mul\libgcc.a(_pack_df.o)
 .data          0x00816ad4        0x0 c:/altera/12.1sp1/nios2eds/bin/gnu/h-i686-mingw32/bin/../lib/gcc/nios2-elf/4.1.2/mno-hw-mul\libgcc.a(_unpack_df.o)
 .data          0x00816ad4        0x0 c:/altera/12.1sp1/nios2eds/bin/gnu/h-i686-mingw32/bin/../lib/gcc/nios2-elf/4.1.2/mno-hw-mul\libgcc.a(_fpcmp_parts_df.o)
 .data          0x00816ad4        0x0 ../test_nioII_sram_bsp/\libucosii_bsp.a(alt_close.o)
 .data          0x00816ad4      0x1a8 ../test_nioII_sram_bsp/\libucosii_bsp.a(alt_dev.o)
                0x00816ad4                alt_dev_null
                0x00816afc                alt_fd_list
 .data          0x00816c7c        0x0 ../test_nioII_sram_bsp/\libucosii_bsp.a(alt_errno.o)
 .data          0x00816c7c        0x0 ../test_nioII_sram_bsp/\libucosii_bsp.a(alt_fstat.o)
 .data          0x00816c7c        0x0 ../test_nioII_sram_bsp/\libucosii_bsp.a(alt_isatty.o)
 .data          0x00816c7c        0x0 ../test_nioII_sram_bsp/\libucosii_bsp.a(alt_load.o)
 .data          0x00816c7c        0x0 ../test_nioII_sram_bsp/\libucosii_bsp.a(alt_lseek.o)
 .data          0x00816c7c        0x0 ../test_nioII_sram_bsp/\libucosii_bsp.a(alt_main.o)
 .data          0x00816c7c        0x0 ../test_nioII_sram_bsp/\libucosii_bsp.a(alt_read.o)
 .data          0x00816c7c        0x0 ../test_nioII_sram_bsp/\libucosii_bsp.a(alt_release_fd.o)
 .data          0x00816c7c        0x0 ../test_nioII_sram_bsp/\libucosii_bsp.a(alt_sbrk.o)
 .data          0x00816c7c        0x0 ../test_nioII_sram_bsp/\libucosii_bsp.a(alt_write.o)
 .data          0x00816c7c        0x0 ../test_nioII_sram_bsp/\libucosii_bsp.a(alt_env_lock.o)
 .data          0x00816c7c        0x0 ../test_nioII_sram_bsp/\libucosii_bsp.a(alt_malloc_lock.o)
 .data          0x00816c7c        0x0 ../test_nioII_sram_bsp/\libucosii_bsp.a(os_core.o)
 .data          0x00816c7c        0x0 ../test_nioII_sram_bsp/\libucosii_bsp.a(os_dbg.o)
 .data          0x00816c7c        0x0 ../test_nioII_sram_bsp/\libucosii_bsp.a(os_flag.o)
 .data          0x00816c7c        0x0 ../test_nioII_sram_bsp/\libucosii_bsp.a(os_mem.o)
 .data          0x00816c7c        0x0 ../test_nioII_sram_bsp/\libucosii_bsp.a(os_q.o)
 .data          0x00816c7c        0x0 ../test_nioII_sram_bsp/\libucosii_bsp.a(os_sem.o)
 .data          0x00816c7c        0x0 ../test_nioII_sram_bsp/\libucosii_bsp.a(os_task.o)
 .data          0x00816c7c        0x0 ../test_nioII_sram_bsp/\libucosii_bsp.a(os_time.o)
 .data          0x00816c7c     0x10c4 ../test_nioII_sram_bsp/\libucosii_bsp.a(alt_sys_init.o)
 .data          0x00817d40        0x0 ../test_nioII_sram_bsp/\libucosii_bsp.a(altera_avalon_jtag_uart_fd.o)
 .data          0x00817d40        0x0 ../test_nioII_sram_bsp/\libucosii_bsp.a(altera_avalon_jtag_uart_init.o)
 .data          0x00817d40        0x0 ../test_nioII_sram_bsp/\libucosii_bsp.a(altera_avalon_jtag_uart_ioctl.o)
 .data          0x00817d40        0x0 ../test_nioII_sram_bsp/\libucosii_bsp.a(altera_avalon_jtag_uart_read.o)
 .data          0x00817d40        0x0 ../test_nioII_sram_bsp/\libucosii_bsp.a(altera_avalon_jtag_uart_write.o)
 .data          0x00817d40        0x0 ../test_nioII_sram_bsp/\libucosii_bsp.a(altera_avalon_timer_sc.o)
 .data          0x00817d40        0x0 ../test_nioII_sram_bsp/\libucosii_bsp.a(altera_up_avalon_character_lcd.o)
 .data          0x00817d40        0x0 ../test_nioII_sram_bsp/\libucosii_bsp.a(altera_up_avalon_rs232.o)
 .data          0x00817d40        0x0 ../test_nioII_sram_bsp/\libucosii_bsp.a(alt_alarm_start.o)
 .data          0x00817d40        0x0 ../test_nioII_sram_bsp/\libucosii_bsp.a(alt_dcache_flush_all.o)
 .data          0x00817d40        0x0 ../test_nioII_sram_bsp/\libucosii_bsp.a(alt_dev_llist_insert.o)
 .data          0x00817d40        0x0 ../test_nioII_sram_bsp/\libucosii_bsp.a(alt_do_ctors.o)
 .data          0x00817d40        0x0 ../test_nioII_sram_bsp/\libucosii_bsp.a(alt_do_dtors.o)
 .data          0x00817d40        0x0 ../test_nioII_sram_bsp/\libucosii_bsp.a(alt_find_dev.o)
 .data          0x00817d40        0x0 ../test_nioII_sram_bsp/\libucosii_bsp.a(alt_icache_flush_all.o)
 .data          0x00817d40        0x0 ../test_nioII_sram_bsp/\libucosii_bsp.a(alt_io_redirect.o)
 .data          0x00817d40        0x0 ../test_nioII_sram_bsp/\libucosii_bsp.a(alt_irq_register.o)
 .data          0x00817d40        0x0 ../test_nioII_sram_bsp/\libucosii_bsp.a(alt_irq_vars.o)
 .data          0x00817d40        0x0 ../test_nioII_sram_bsp/\libucosii_bsp.a(alt_open.o)
 .data          0x00817d40        0x0 ../test_nioII_sram_bsp/\libucosii_bsp.a(alt_tick.o)
 .data          0x00817d40        0x0 ../test_nioII_sram_bsp/\libucosii_bsp.a(altera_nios2_qsys_irq.o)
 .data          0x00817d40        0x0 ../test_nioII_sram_bsp/\libucosii_bsp.a(os_cpu_a.o)
 .data          0x00817d40        0x0 ../test_nioII_sram_bsp/\libucosii_bsp.a(os_cpu_c.o)
 .data          0x00817d40        0x0 ../test_nioII_sram_bsp/\libucosii_bsp.a(alt_find_file.o)
 .data          0x00817d40        0x0 ../test_nioII_sram_bsp/\libucosii_bsp.a(alt_get_fd.o)
 .data          0x00817d40        0x0 ../test_nioII_sram_bsp/\libucosii_bsp.a(alt_irq_entry.o)
 .data          0x00817d40        0x0 ../test_nioII_sram_bsp/\libucosii_bsp.a(alt_irq_handler.o)
 .data          0x00817d40        0x0 ../test_nioII_sram_bsp/\libucosii_bsp.a(alt_exception_entry.o)
 .data          0x00817d40        0x0 c:/altera/12.1sp1/nios2eds/bin/gnu/h-i686-mingw32/bin/../lib/gcc/nios2-elf/4.1.2/../../../../nios2-elf/lib/mno-hw-mul\libc.a(lib_a-atexit.o)
 .data          0x00817d40        0x0 c:/altera/12.1sp1/nios2eds/bin/gnu/h-i686-mingw32/bin/../lib/gcc/nios2-elf/4.1.2/../../../../nios2-elf/lib/mno-hw-mul\libc.a(lib_a-exit.o)
 .data          0x00817d40        0x0 c:/altera/12.1sp1/nios2eds/bin/gnu/h-i686-mingw32/bin/../lib/gcc/nios2-elf/4.1.2/../../../../nios2-elf/lib/mno-hw-mul\libc.a(lib_a-memcmp.o)
 .data          0x00817d40        0x0 c:/altera/12.1sp1/nios2eds/bin/gnu/h-i686-mingw32/bin/../lib/gcc/nios2-elf/4.1.2/../../../../nios2-elf/lib/mno-hw-mul\libc.a(lib_a-__atexit.o)
 .data          0x00817d40        0x0 c:/altera/12.1sp1/nios2eds/bin/gnu/h-i686-mingw32/bin/../lib/gcc/nios2-elf/4.1.2/../../../../nios2-elf/lib/mno-hw-mul\libc.a(lib_a-__call_atexit.o)
 .data          0x00817d40        0x0 ../test_nioII_sram_bsp/\libucosii_bsp.a(alt_exit.o)
                0x0081fd40                _gp = ABSOLUTE ((. + 0x8000))
                0x0081fd40                PROVIDE (gp, _gp)
 *(.rwdata .rwdata.*)
 *(.sdata .sdata.* .gnu.linkonce.s.*)
 .sdata         0x00817d40        0x8 c:/altera/12.1sp1/nios2eds/bin/gnu/h-i686-mingw32/bin/../lib/gcc/nios2-elf/4.1.2/../../../../nios2-elf/lib/mno-hw-mul\libc.a(lib_a-impure.o)
                0x00817d40                _impure_ptr
                0x00817d44                _global_impure_ptr
 .sdata         0x00817d48        0x8 c:/altera/12.1sp1/nios2eds/bin/gnu/h-i686-mingw32/bin/../lib/gcc/nios2-elf/4.1.2/../../../../nios2-elf/lib/mno-hw-mul\libc.a(lib_a-locale.o)
                0x00817d48                __mb_cur_max
 .sdata         0x00817d50        0x8 c:/altera/12.1sp1/nios2eds/bin/gnu/h-i686-mingw32/bin/../lib/gcc/nios2-elf/4.1.2/../../../../nios2-elf/lib/mno-hw-mul\libc.a(lib_a-mallocr.o)
                0x00817d50                __malloc_trim_threshold
                0x00817d54                __malloc_sbrk_base
 .sdata         0x00817d58       0x14 ../test_nioII_sram_bsp/\libucosii_bsp.a(alt_dev.o)
                0x00817d58                alt_fs_list
                0x00817d60                alt_dev_list
                0x00817d68                alt_max_fd
 .sdata         0x00817d6c        0x4 ../test_nioII_sram_bsp/\libucosii_bsp.a(alt_errno.o)
                0x00817d6c                alt_errno
 .sdata         0x00817d70        0x4 ../test_nioII_sram_bsp/\libucosii_bsp.a(alt_sbrk.o)
 .sdata         0x00817d74        0x4 ../test_nioII_sram_bsp/\libucosii_bsp.a(alt_env_lock.o)
 .sdata         0x00817d78        0x4 ../test_nioII_sram_bsp/\libucosii_bsp.a(alt_malloc_lock.o)
 .sdata         0x00817d7c       0x74 ../test_nioII_sram_bsp/\libucosii_bsp.a(os_dbg.o)
                0x00817d7c                OSDebugEn
                0x00817d80                OSEndiannessTest
                0x00817d84                OSEventEn
                0x00817d86                OSEventMax
                0x00817d88                OSEventNameSize
                0x00817d8a                OSEventSize
                0x00817d8c                OSEventTblSize
                0x00817d8e                OSEventMultiEn
                0x00817d90                OSFlagEn
                0x00817d92                OSFlagGrpSize
                0x00817d94                OSFlagNodeSize
                0x00817d96                OSFlagWidth
                0x00817d98                OSFlagMax
                0x00817d9a                OSFlagNameSize
                0x00817d9c                OSLowestPrio
                0x00817d9e                OSMboxEn
                0x00817da0                OSMemEn
                0x00817da2                OSMemMax
                0x00817da4                OSMemNameSize
                0x00817da6                OSMemSize
                0x00817da8                OSMemTblSize
                0x00817daa                OSMutexEn
                0x00817dac                OSPtrSize
                0x00817dae                OSQEn
                0x00817db0                OSQMax
                0x00817db2                OSQSize
                0x00817db4                OSRdyTblSize
                0x00817db6                OSSemEn
                0x00817db8                OSStkWidth
                0x00817dba                OSTaskCreateEn
                0x00817dbc                OSTaskCreateExtEn
                0x00817dbe                OSTaskDelEn
                0x00817dc0                OSTaskIdleStkSize
                0x00817dc2                OSTaskProfileEn
                0x00817dc4                OSTaskMax
                0x00817dc6                OSTaskNameSize
                0x00817dc8                OSTaskStatEn
                0x00817dca                OSTaskStatStkSize
                0x00817dcc                OSTaskStatStkChkEn
                0x00817dce                OSTaskSwHookEn
                0x00817dd0                OSTCBPrioTblMax
                0x00817dd2                OSTCBSize
                0x00817dd4                OSTicksPerSec
                0x00817dd6                OSTimeTickHookEn
                0x00817dd8                OSVersionNbr
                0x00817dda                OSTmrEn
                0x00817ddc                OSTmrCfgMax
                0x00817dde                OSTmrCfgNameSize
                0x00817de0                OSTmrCfgWheelSize
                0x00817de2                OSTmrCfgTicksPerSec
                0x00817de4                OSTmrSize
                0x00817de6                OSTmrTblSize
                0x00817de8                OSTmrWheelSize
                0x00817dea                OSTmrWheelTblSize
                0x00817dec                OSDataSize
 .sdata         0x00817df0        0x4 ../test_nioII_sram_bsp/\libucosii_bsp.a(alt_irq_vars.o)
                0x00817df0                alt_priority_mask
 .sdata         0x00817df4        0x8 ../test_nioII_sram_bsp/\libucosii_bsp.a(alt_tick.o)
                0x00817df4                alt_alarm_list
 *(.sdata2 .sdata2.* .gnu.linkonce.s2.*)
                0x00817dfc                . = ALIGN (0x4)
                0x00817dfc                _edata = ABSOLUTE (.)
                0x00817dfc                PROVIDE (edata, ABSOLUTE (.))
                0x00817dfc                PROVIDE (__ram_rwdata_end, ABSOLUTE (.))
                0x00817dfc                PROVIDE (__flash_rwdata_start, LOADADDR (.rwdata))

.bss            0x00819938     0x7574
                0x00819938                __bss_start = ABSOLUTE (.)
                0x00819938                PROVIDE (__sbss_start, ABSOLUTE (.))
                0x00819938                PROVIDE (___sbss_start, ABSOLUTE (.))
 *(.dynsbss)
 *(.sbss .sbss.* .gnu.linkonce.sb.*)
 .sbss          0x00819938        0xc c:/altera/12.1sp1/nios2eds/bin/gnu/h-i686-mingw32/bin/../lib/gcc/nios2-elf/4.1.2/../../../../nios2-elf/lib/mno-hw-mul\libc.a(lib_a-locale.o)
                0x00819938                __nlocale_changed
                0x0081993c                __mlocale_changed
                0x00819940                _PathLocale
 .sbss          0x00819944        0xc c:/altera/12.1sp1/nios2eds/bin/gnu/h-i686-mingw32/bin/../lib/gcc/nios2-elf/4.1.2/../../../../nios2-elf/lib/mno-hw-mul\libc.a(lib_a-mallocr.o)
                0x00819944                __malloc_top_pad
                0x00819948                __malloc_max_sbrked_mem
                0x0081994c                __malloc_max_total_mem
 .sbss          0x00819950        0x4 c:/altera/12.1sp1/nios2eds/bin/gnu/h-i686-mingw32/bin/../lib/gcc/nios2-elf/4.1.2/../../../../nios2-elf/lib/mno-hw-mul\libc.a(lib_a-int_errno.o)
                0x00819950                errno
 .sbss          0x00819954        0x4 ../test_nioII_sram_bsp/\libucosii_bsp.a(alt_dev.o)
                0x00819954                alt_fd_list_lock
 .sbss          0x00819958        0xc ../test_nioII_sram_bsp/\libucosii_bsp.a(alt_main.o)
                0x00819958                alt_argc
                0x0081995c                alt_argv
                0x00819960                alt_envp
 .sbss          0x00819964        0x8 ../test_nioII_sram_bsp/\libucosii_bsp.a(alt_env_lock.o)
                0x00819968                alt_envsem
 .sbss          0x0081996c        0x8 ../test_nioII_sram_bsp/\libucosii_bsp.a(alt_malloc_lock.o)
                0x00819970                alt_heapsem
 .sbss          0x00819974       0x50 ../test_nioII_sram_bsp/\libucosii_bsp.a(os_core.o)
                0x00819974                OSLockNesting
                0x00819975                OSRunning
                0x00819978                OSIdleCtr
                0x0081997c                OSPrioHighRdy
                0x0081997d                OSPrioCur
                0x00819980                OSTCBList
                0x00819984                OSTickStepState
                0x00819988                OSCtxSwCtr
                0x0081998c                OSIdleCtrMax
                0x00819990                OSTCBFreeList
                0x00819994                OSCPUUsage
                0x00819995                OSTaskCtr
                0x00819998                OSMemFreeList
                0x0081999c                OSTCBHighRdy
                0x008199a0                OSQFreeList
                0x008199a4                OSRdyGrp
                0x008199a5                OSRdyTbl
                0x008199a8                OSEventFreeList
                0x008199ac                OSIntNesting
                0x008199b0                OSTCBCur
                0x008199b4                OSTime
                0x008199b8                OSFlagFreeList
                0x008199bc                OSStatRdy
                0x008199c0                OSIdleCtrRun
 .sbss          0x008199c4        0x4 ../test_nioII_sram_bsp/\libucosii_bsp.a(alt_irq_vars.o)
                0x008199c4                alt_irq_active
 .sbss          0x008199c8        0x8 ../test_nioII_sram_bsp/\libucosii_bsp.a(alt_tick.o)
                0x008199c8                _alt_tick_rate
                0x008199cc                _alt_nticks
 *(.sbss2 .sbss2.* .gnu.linkonce.sb2.*)
 *(.scommon)
                0x008199d0                PROVIDE (__sbss_end, ABSOLUTE (.))
                0x008199d0                PROVIDE (___sbss_end, ABSOLUTE (.))
 *(.dynbss)
 *(.bss .bss.* .gnu.linkonce.b.*)
 .bss           0x008199d0        0x0 ../test_nioII_sram_bsp//obj/HAL/src/crt0.o
 .bss           0x008199d0        0x0 obj/default/hello_ucosii.o
 .bss           0x008199d0        0x0 c:/altera/12.1sp1/nios2eds/bin/gnu/h-i686-mingw32/bin/../lib/gcc/nios2-elf/4.1.2/../../../../nios2-elf/lib/mno-hw-mul\libc.a(lib_a-printf.o)
 .bss           0x008199d0        0x0 c:/altera/12.1sp1/nios2eds/bin/gnu/h-i686-mingw32/bin/../lib/gcc/nios2-elf/4.1.2/../../../../nios2-elf/lib/mno-hw-mul\libc.a(lib_a-puts.o)
 .bss           0x008199d0        0x0 c:/altera/12.1sp1/nios2eds/bin/gnu/h-i686-mingw32/bin/../lib/gcc/nios2-elf/4.1.2/../../../../nios2-elf/lib/mno-hw-mul\libc.a(lib_a-strlen.o)
 .bss           0x008199d0        0x0 c:/altera/12.1sp1/nios2eds/bin/gnu/h-i686-mingw32/bin/../lib/gcc/nios2-elf/4.1.2/../../../../nios2-elf/lib/mno-hw-mul\libc.a(lib_a-vfprintf.o)
 .bss           0x008199d0        0x0 c:/altera/12.1sp1/nios2eds/bin/gnu/h-i686-mingw32/bin/../lib/gcc/nios2-elf/4.1.2/../../../../nios2-elf/lib/mno-hw-mul\libc.a(lib_a-wsetup.o)
 .bss           0x008199d0        0x0 c:/altera/12.1sp1/nios2eds/bin/gnu/h-i686-mingw32/bin/../lib/gcc/nios2-elf/4.1.2/../../../../nios2-elf/lib/mno-hw-mul\libc.a(lib_a-dtoa.o)
 .bss           0x008199d0        0x0 c:/altera/12.1sp1/nios2eds/bin/gnu/h-i686-mingw32/bin/../lib/gcc/nios2-elf/4.1.2/../../../../nios2-elf/lib/mno-hw-mul\libc.a(lib_a-fflush.o)
 .bss           0x008199d0        0x0 c:/altera/12.1sp1/nios2eds/bin/gnu/h-i686-mingw32/bin/../lib/gcc/nios2-elf/4.1.2/../../../../nios2-elf/lib/mno-hw-mul\libc.a(lib_a-findfp.o)
 .bss           0x008199d0        0x0 c:/altera/12.1sp1/nios2eds/bin/gnu/h-i686-mingw32/bin/../lib/gcc/nios2-elf/4.1.2/../../../../nios2-elf/lib/mno-hw-mul\libc.a(lib_a-freer.o)
 .bss           0x008199d0        0x0 c:/altera/12.1sp1/nios2eds/bin/gnu/h-i686-mingw32/bin/../lib/gcc/nios2-elf/4.1.2/../../../../nios2-elf/lib/mno-hw-mul\libc.a(lib_a-fvwrite.o)
 .bss           0x008199d0        0x0 c:/altera/12.1sp1/nios2eds/bin/gnu/h-i686-mingw32/bin/../lib/gcc/nios2-elf/4.1.2/../../../../nios2-elf/lib/mno-hw-mul\libc.a(lib_a-fwalk.o)
 .bss           0x008199d0        0x0 c:/altera/12.1sp1/nios2eds/bin/gnu/h-i686-mingw32/bin/../lib/gcc/nios2-elf/4.1.2/../../../../nios2-elf/lib/mno-hw-mul\libc.a(lib_a-impure.o)
 .bss           0x008199d0        0x0 c:/altera/12.1sp1/nios2eds/bin/gnu/h-i686-mingw32/bin/../lib/gcc/nios2-elf/4.1.2/../../../../nios2-elf/lib/mno-hw-mul\libc.a(lib_a-locale.o)
 .bss           0x008199d0        0x0 c:/altera/12.1sp1/nios2eds/bin/gnu/h-i686-mingw32/bin/../lib/gcc/nios2-elf/4.1.2/../../../../nios2-elf/lib/mno-hw-mul\libc.a(lib_a-makebuf.o)
 .bss           0x008199d0       0x28 c:/altera/12.1sp1/nios2eds/bin/gnu/h-i686-mingw32/bin/../lib/gcc/nios2-elf/4.1.2/../../../../nios2-elf/lib/mno-hw-mul\libc.a(lib_a-mallocr.o)
                0x008199d0                __malloc_current_mallinfo
 .bss           0x008199f8        0x0 c:/altera/12.1sp1/nios2eds/bin/gnu/h-i686-mingw32/bin/../lib/gcc/nios2-elf/4.1.2/../../../../nios2-elf/lib/mno-hw-mul\libc.a(lib_a-memchr.o)
 .bss           0x008199f8        0x0 c:/altera/12.1sp1/nios2eds/bin/gnu/h-i686-mingw32/bin/../lib/gcc/nios2-elf/4.1.2/../../../../nios2-elf/lib/mno-hw-mul\libc.a(lib_a-memcpy.o)
 .bss           0x008199f8        0x0 c:/altera/12.1sp1/nios2eds/bin/gnu/h-i686-mingw32/bin/../lib/gcc/nios2-elf/4.1.2/../../../../nios2-elf/lib/mno-hw-mul\libc.a(lib_a-memmove.o)
 .bss           0x008199f8        0x0 c:/altera/12.1sp1/nios2eds/bin/gnu/h-i686-mingw32/bin/../lib/gcc/nios2-elf/4.1.2/../../../../nios2-elf/lib/mno-hw-mul\libc.a(lib_a-memset.o)
 .bss           0x008199f8        0x0 c:/altera/12.1sp1/nios2eds/bin/gnu/h-i686-mingw32/bin/../lib/gcc/nios2-elf/4.1.2/../../../../nios2-elf/lib/mno-hw-mul\libc.a(lib_a-mprec.o)
 .bss           0x008199f8        0x0 c:/altera/12.1sp1/nios2eds/bin/gnu/h-i686-mingw32/bin/../lib/gcc/nios2-elf/4.1.2/../../../../nios2-elf/lib/mno-hw-mul\libc.a(lib_a-reallocr.o)
 .bss           0x008199f8        0x0 c:/altera/12.1sp1/nios2eds/bin/gnu/h-i686-mingw32/bin/../lib/gcc/nios2-elf/4.1.2/../../../../nios2-elf/lib/mno-hw-mul\libc.a(lib_a-s_isinfd.o)
 .bss           0x008199f8        0x0 c:/altera/12.1sp1/nios2eds/bin/gnu/h-i686-mingw32/bin/../lib/gcc/nios2-elf/4.1.2/../../../../nios2-elf/lib/mno-hw-mul\libc.a(lib_a-s_isnand.o)
 .bss           0x008199f8        0x0 c:/altera/12.1sp1/nios2eds/bin/gnu/h-i686-mingw32/bin/../lib/gcc/nios2-elf/4.1.2/../../../../nios2-elf/lib/mno-hw-mul\libc.a(lib_a-sbrkr.o)
 .bss           0x008199f8        0x0 c:/altera/12.1sp1/nios2eds/bin/gnu/h-i686-mingw32/bin/../lib/gcc/nios2-elf/4.1.2/../../../../nios2-elf/lib/mno-hw-mul\libc.a(lib_a-stdio.o)
 .bss           0x008199f8        0x0 c:/altera/12.1sp1/nios2eds/bin/gnu/h-i686-mingw32/bin/../lib/gcc/nios2-elf/4.1.2/../../../../nios2-elf/lib/mno-hw-mul\libc.a(lib_a-strcmp.o)
 .bss           0x008199f8        0x0 c:/altera/12.1sp1/nios2eds/bin/gnu/h-i686-mingw32/bin/../lib/gcc/nios2-elf/4.1.2/../../../../nios2-elf/lib/mno-hw-mul\libc.a(lib_a-writer.o)
 .bss           0x008199f8        0x0 c:/altera/12.1sp1/nios2eds/bin/gnu/h-i686-mingw32/bin/../lib/gcc/nios2-elf/4.1.2/../../../../nios2-elf/lib/mno-hw-mul\libc.a(lib_a-callocr.o)
 .bss           0x008199f8        0x0 c:/altera/12.1sp1/nios2eds/bin/gnu/h-i686-mingw32/bin/../lib/gcc/nios2-elf/4.1.2/../../../../nios2-elf/lib/mno-hw-mul\libc.a(lib_a-closer.o)
 .bss           0x008199f8        0x0 c:/altera/12.1sp1/nios2eds/bin/gnu/h-i686-mingw32/bin/../lib/gcc/nios2-elf/4.1.2/../../../../nios2-elf/lib/mno-hw-mul\libc.a(lib_a-fclose.o)
 .bss           0x008199f8        0x0 c:/altera/12.1sp1/nios2eds/bin/gnu/h-i686-mingw32/bin/../lib/gcc/nios2-elf/4.1.2/../../../../nios2-elf/lib/mno-hw-mul\libc.a(lib_a-fstatr.o)
 .bss           0x008199f8        0x0 c:/altera/12.1sp1/nios2eds/bin/gnu/h-i686-mingw32/bin/../lib/gcc/nios2-elf/4.1.2/../../../../nios2-elf/lib/mno-hw-mul\libc.a(lib_a-int_errno.o)
 .bss           0x008199f8        0x0 c:/altera/12.1sp1/nios2eds/bin/gnu/h-i686-mingw32/bin/../lib/gcc/nios2-elf/4.1.2/../../../../nios2-elf/lib/mno-hw-mul\libc.a(lib_a-isattyr.o)
 .bss           0x008199f8        0x0 c:/altera/12.1sp1/nios2eds/bin/gnu/h-i686-mingw32/bin/../lib/gcc/nios2-elf/4.1.2/../../../../nios2-elf/lib/mno-hw-mul\libc.a(lib_a-lseekr.o)
 .bss           0x008199f8        0x0 c:/altera/12.1sp1/nios2eds/bin/gnu/h-i686-mingw32/bin/../lib/gcc/nios2-elf/4.1.2/../../../../nios2-elf/lib/mno-hw-mul\libc.a(lib_a-readr.o)
 .bss           0x008199f8        0x0 c:/altera/12.1sp1/nios2eds/bin/gnu/h-i686-mingw32/bin/../lib/gcc/nios2-elf/4.1.2/mno-hw-mul\libgcc.a(_udivdi3.o)
 .bss           0x008199f8        0x0 c:/altera/12.1sp1/nios2eds/bin/gnu/h-i686-mingw32/bin/../lib/gcc/nios2-elf/4.1.2/mno-hw-mul\libgcc.a(_umoddi3.o)
 .bss           0x008199f8        0x0 c:/altera/12.1sp1/nios2eds/bin/gnu/h-i686-mingw32/bin/../lib/gcc/nios2-elf/4.1.2/mno-hw-mul\libgcc.a(_addsub_df.o)
 .bss           0x008199f8        0x0 c:/altera/12.1sp1/nios2eds/bin/gnu/h-i686-mingw32/bin/../lib/gcc/nios2-elf/4.1.2/mno-hw-mul\libgcc.a(_mul_df.o)
 .bss           0x008199f8        0x0 c:/altera/12.1sp1/nios2eds/bin/gnu/h-i686-mingw32/bin/../lib/gcc/nios2-elf/4.1.2/mno-hw-mul\libgcc.a(_div_df.o)
 .bss           0x008199f8        0x0 c:/altera/12.1sp1/nios2eds/bin/gnu/h-i686-mingw32/bin/../lib/gcc/nios2-elf/4.1.2/mno-hw-mul\libgcc.a(_eq_df.o)
 .bss           0x008199f8        0x0 c:/altera/12.1sp1/nios2eds/bin/gnu/h-i686-mingw32/bin/../lib/gcc/nios2-elf/4.1.2/mno-hw-mul\libgcc.a(_ne_df.o)
 .bss           0x008199f8        0x0 c:/altera/12.1sp1/nios2eds/bin/gnu/h-i686-mingw32/bin/../lib/gcc/nios2-elf/4.1.2/mno-hw-mul\libgcc.a(_gt_df.o)
 .bss           0x008199f8        0x0 c:/altera/12.1sp1/nios2eds/bin/gnu/h-i686-mingw32/bin/../lib/gcc/nios2-elf/4.1.2/mno-hw-mul\libgcc.a(_ge_df.o)
 .bss           0x008199f8        0x0 c:/altera/12.1sp1/nios2eds/bin/gnu/h-i686-mingw32/bin/../lib/gcc/nios2-elf/4.1.2/mno-hw-mul\libgcc.a(_lt_df.o)
 .bss           0x008199f8        0x0 c:/altera/12.1sp1/nios2eds/bin/gnu/h-i686-mingw32/bin/../lib/gcc/nios2-elf/4.1.2/mno-hw-mul\libgcc.a(_si_to_df.o)
 .bss           0x008199f8        0x0 c:/altera/12.1sp1/nios2eds/bin/gnu/h-i686-mingw32/bin/../lib/gcc/nios2-elf/4.1.2/mno-hw-mul\libgcc.a(_df_to_si.o)
 .bss           0x008199f8        0x0 c:/altera/12.1sp1/nios2eds/bin/gnu/h-i686-mingw32/bin/../lib/gcc/nios2-elf/4.1.2/mno-hw-mul\libgcc.a(_thenan_df.o)
 .bss           0x008199f8        0x0 c:/altera/12.1sp1/nios2eds/bin/gnu/h-i686-mingw32/bin/../lib/gcc/nios2-elf/4.1.2/mno-hw-mul\libgcc.a(_usi_to_df.o)
 .bss           0x008199f8        0x0 c:/altera/12.1sp1/nios2eds/bin/gnu/h-i686-mingw32/bin/../lib/gcc/nios2-elf/4.1.2/mno-hw-mul\libgcc.a(lib2-divmod.o)
 .bss           0x008199f8        0x0 c:/altera/12.1sp1/nios2eds/bin/gnu/h-i686-mingw32/bin/../lib/gcc/nios2-elf/4.1.2/mno-hw-mul\libgcc.a(lib2-mul.o)
 .bss           0x008199f8        0x0 c:/altera/12.1sp1/nios2eds/bin/gnu/h-i686-mingw32/bin/../lib/gcc/nios2-elf/4.1.2/mno-hw-mul\libgcc.a(_muldi3.o)
 .bss           0x008199f8        0x0 c:/altera/12.1sp1/nios2eds/bin/gnu/h-i686-mingw32/bin/../lib/gcc/nios2-elf/4.1.2/mno-hw-mul\libgcc.a(_clz.o)
 .bss           0x008199f8        0x0 c:/altera/12.1sp1/nios2eds/bin/gnu/h-i686-mingw32/bin/../lib/gcc/nios2-elf/4.1.2/mno-hw-mul\libgcc.a(_clzsi2.o)
 .bss           0x008199f8        0x0 c:/altera/12.1sp1/nios2eds/bin/gnu/h-i686-mingw32/bin/../lib/gcc/nios2-elf/4.1.2/mno-hw-mul\libgcc.a(_pack_df.o)
 .bss           0x008199f8        0x0 c:/altera/12.1sp1/nios2eds/bin/gnu/h-i686-mingw32/bin/../lib/gcc/nios2-elf/4.1.2/mno-hw-mul\libgcc.a(_unpack_df.o)
 .bss           0x008199f8        0x0 c:/altera/12.1sp1/nios2eds/bin/gnu/h-i686-mingw32/bin/../lib/gcc/nios2-elf/4.1.2/mno-hw-mul\libgcc.a(_fpcmp_parts_df.o)
 .bss           0x008199f8        0x0 ../test_nioII_sram_bsp/\libucosii_bsp.a(alt_close.o)
 .bss           0x008199f8        0x0 ../test_nioII_sram_bsp/\libucosii_bsp.a(alt_dev.o)
 .bss           0x008199f8        0x0 ../test_nioII_sram_bsp/\libucosii_bsp.a(alt_errno.o)
 .bss           0x008199f8        0x0 ../test_nioII_sram_bsp/\libucosii_bsp.a(alt_fstat.o)
 .bss           0x008199f8        0x0 ../test_nioII_sram_bsp/\libucosii_bsp.a(alt_isatty.o)
 .bss           0x008199f8        0x0 ../test_nioII_sram_bsp/\libucosii_bsp.a(alt_load.o)
 .bss           0x008199f8        0x0 ../test_nioII_sram_bsp/\libucosii_bsp.a(alt_lseek.o)
 .bss           0x008199f8        0x0 ../test_nioII_sram_bsp/\libucosii_bsp.a(alt_main.o)
 .bss           0x008199f8        0x0 ../test_nioII_sram_bsp/\libucosii_bsp.a(alt_read.o)
 .bss           0x008199f8        0x0 ../test_nioII_sram_bsp/\libucosii_bsp.a(alt_release_fd.o)
 .bss           0x008199f8        0x0 ../test_nioII_sram_bsp/\libucosii_bsp.a(alt_sbrk.o)
 .bss           0x008199f8        0x0 ../test_nioII_sram_bsp/\libucosii_bsp.a(alt_write.o)
 .bss           0x008199f8        0x0 ../test_nioII_sram_bsp/\libucosii_bsp.a(alt_env_lock.o)
 .bss           0x008199f8        0x0 ../test_nioII_sram_bsp/\libucosii_bsp.a(alt_malloc_lock.o)
 .bss           0x008199f8        0x0 ../test_nioII_sram_bsp/\libucosii_bsp.a(os_core.o)
 .bss           0x008199f8        0x0 ../test_nioII_sram_bsp/\libucosii_bsp.a(os_dbg.o)
 .bss           0x008199f8        0x0 ../test_nioII_sram_bsp/\libucosii_bsp.a(os_flag.o)
 .bss           0x008199f8        0x0 ../test_nioII_sram_bsp/\libucosii_bsp.a(os_mem.o)
 .bss           0x008199f8        0x0 ../test_nioII_sram_bsp/\libucosii_bsp.a(os_q.o)
 .bss           0x008199f8        0x0 ../test_nioII_sram_bsp/\libucosii_bsp.a(os_sem.o)
 .bss           0x008199f8        0x0 ../test_nioII_sram_bsp/\libucosii_bsp.a(os_task.o)
 .bss           0x008199f8        0x0 ../test_nioII_sram_bsp/\libucosii_bsp.a(os_time.o)
 .bss           0x008199f8        0x0 ../test_nioII_sram_bsp/\libucosii_bsp.a(alt_sys_init.o)
 .bss           0x008199f8        0x0 ../test_nioII_sram_bsp/\libucosii_bsp.a(altera_avalon_jtag_uart_fd.o)
 .bss           0x008199f8        0x0 ../test_nioII_sram_bsp/\libucosii_bsp.a(altera_avalon_jtag_uart_init.o)
 .bss           0x008199f8        0x0 ../test_nioII_sram_bsp/\libucosii_bsp.a(altera_avalon_jtag_uart_ioctl.o)
 .bss           0x008199f8        0x0 ../test_nioII_sram_bsp/\libucosii_bsp.a(altera_avalon_jtag_uart_read.o)
 .bss           0x008199f8        0x0 ../test_nioII_sram_bsp/\libucosii_bsp.a(altera_avalon_jtag_uart_write.o)
 .bss           0x008199f8        0x0 ../test_nioII_sram_bsp/\libucosii_bsp.a(altera_avalon_timer_sc.o)
 .bss           0x008199f8        0x0 ../test_nioII_sram_bsp/\libucosii_bsp.a(altera_up_avalon_character_lcd.o)
 .bss           0x008199f8        0x0 ../test_nioII_sram_bsp/\libucosii_bsp.a(altera_up_avalon_rs232.o)
 .bss           0x008199f8        0x0 ../test_nioII_sram_bsp/\libucosii_bsp.a(alt_alarm_start.o)
 .bss           0x008199f8        0x0 ../test_nioII_sram_bsp/\libucosii_bsp.a(alt_dcache_flush_all.o)
 .bss           0x008199f8        0x0 ../test_nioII_sram_bsp/\libucosii_bsp.a(alt_dev_llist_insert.o)
 .bss           0x008199f8        0x0 ../test_nioII_sram_bsp/\libucosii_bsp.a(alt_do_ctors.o)
 .bss           0x008199f8        0x0 ../test_nioII_sram_bsp/\libucosii_bsp.a(alt_do_dtors.o)
 .bss           0x008199f8        0x0 ../test_nioII_sram_bsp/\libucosii_bsp.a(alt_find_dev.o)
 .bss           0x008199f8        0x0 ../test_nioII_sram_bsp/\libucosii_bsp.a(alt_icache_flush_all.o)
 .bss           0x008199f8        0x0 ../test_nioII_sram_bsp/\libucosii_bsp.a(alt_io_redirect.o)
 .bss           0x008199f8        0x0 ../test_nioII_sram_bsp/\libucosii_bsp.a(alt_irq_register.o)
 .bss           0x008199f8        0x0 ../test_nioII_sram_bsp/\libucosii_bsp.a(alt_irq_vars.o)
 .bss           0x008199f8        0x0 ../test_nioII_sram_bsp/\libucosii_bsp.a(alt_open.o)
 .bss           0x008199f8        0x0 ../test_nioII_sram_bsp/\libucosii_bsp.a(alt_tick.o)
 .bss           0x008199f8        0x0 ../test_nioII_sram_bsp/\libucosii_bsp.a(altera_nios2_qsys_irq.o)
 .bss           0x008199f8        0x0 ../test_nioII_sram_bsp/\libucosii_bsp.a(os_cpu_a.o)
 .bss           0x008199f8        0x0 ../test_nioII_sram_bsp/\libucosii_bsp.a(os_cpu_c.o)
 .bss           0x008199f8        0x0 ../test_nioII_sram_bsp/\libucosii_bsp.a(alt_find_file.o)
 .bss           0x008199f8        0x0 ../test_nioII_sram_bsp/\libucosii_bsp.a(alt_get_fd.o)
 .bss           0x008199f8        0x0 ../test_nioII_sram_bsp/\libucosii_bsp.a(alt_irq_entry.o)
 .bss           0x008199f8        0x0 ../test_nioII_sram_bsp/\libucosii_bsp.a(alt_irq_handler.o)
 .bss           0x008199f8        0x0 ../test_nioII_sram_bsp/\libucosii_bsp.a(alt_exception_entry.o)
 .bss           0x008199f8        0x0 c:/altera/12.1sp1/nios2eds/bin/gnu/h-i686-mingw32/bin/../lib/gcc/nios2-elf/4.1.2/../../../../nios2-elf/lib/mno-hw-mul\libc.a(lib_a-atexit.o)
 .bss           0x008199f8        0x0 c:/altera/12.1sp1/nios2eds/bin/gnu/h-i686-mingw32/bin/../lib/gcc/nios2-elf/4.1.2/../../../../nios2-elf/lib/mno-hw-mul\libc.a(lib_a-exit.o)
 .bss           0x008199f8        0x0 c:/altera/12.1sp1/nios2eds/bin/gnu/h-i686-mingw32/bin/../lib/gcc/nios2-elf/4.1.2/../../../../nios2-elf/lib/mno-hw-mul\libc.a(lib_a-memcmp.o)
 .bss           0x008199f8        0x0 c:/altera/12.1sp1/nios2eds/bin/gnu/h-i686-mingw32/bin/../lib/gcc/nios2-elf/4.1.2/../../../../nios2-elf/lib/mno-hw-mul\libc.a(lib_a-__atexit.o)
 .bss           0x008199f8        0x0 c:/altera/12.1sp1/nios2eds/bin/gnu/h-i686-mingw32/bin/../lib/gcc/nios2-elf/4.1.2/../../../../nios2-elf/lib/mno-hw-mul\libc.a(lib_a-__call_atexit.o)
 .bss           0x008199f8        0x0 ../test_nioII_sram_bsp/\libucosii_bsp.a(alt_exit.o)
 *(COMMON)
 COMMON         0x008199f8     0x4000 obj/default/hello_ucosii.o
                0x008199f8                task1_stk
                0x0081b9f8                task2_stk
 COMMON         0x0081d9f8     0x3224 ../test_nioII_sram_bsp/\libucosii_bsp.a(os_core.o)
                0x0081d9f8                OSFlagTbl
                0x0081dd68                OSMemTbl
                0x0081e998                OSTaskStatStk
                0x0081f198                OSQTbl
                0x0081f378                OSTaskIdleStk
                0x0081fb78                OSEventTbl
                0x008206b8                OSTCBTbl
                0x00820bc8                OSTCBPrioTbl
 COMMON         0x00820c1c      0x100 ../test_nioII_sram_bsp/\libucosii_bsp.a(alt_irq_handler.o)
                0x00820c1c                alt_irq
 COMMON         0x00820d1c      0x190 c:/altera/12.1sp1/nios2eds/bin/gnu/h-i686-mingw32/bin/../lib/gcc/nios2-elf/4.1.2/../../../../nios2-elf/lib/mno-hw-mul\libc.a(lib_a-atexit.o)
                0x00820d1c                _atexit0
                0x00820eac                . = ALIGN (0x4)
                0x00820eac                __bss_end = ABSOLUTE (.)

.sdram_0        0x00820eac        0x0
                0x00820eac                PROVIDE (_alt_partition_sdram_0_start, ABSOLUTE (.))
 *(.sdram_0. sdram_0.*)
                0x00820eac                . = ALIGN (0x4)
                0x00820eac                PROVIDE (_alt_partition_sdram_0_end, ABSOLUTE (.))
                0x00820eac                _end = ABSOLUTE (.)
                0x00820eac                end = ABSOLUTE (.)
                0x00820eac                __alt_stack_base = ABSOLUTE (.)
                0x00820eac                PROVIDE (_alt_partition_sdram_0_load_addr, LOADADDR (.sdram_0))

.generic_tristate_controller_0
                0x01400000        0x0 load address 0x00820eac
                0x01400000                PROVIDE (_alt_partition_generic_tristate_controller_0_start, ABSOLUTE (.))
 *(.generic_tristate_controller_0. generic_tristate_controller_0.*)
                0x01400000                . = ALIGN (0x4)
                0x01400000                PROVIDE (_alt_partition_generic_tristate_controller_0_end, ABSOLUTE (.))
                0x00820eac                PROVIDE (_alt_partition_generic_tristate_controller_0_load_addr, LOADADDR (.generic_tristate_controller_0))

.sram_0         0x01880000        0x0 load address 0x00820eac
                0x01880000                PROVIDE (_alt_partition_sram_0_start, ABSOLUTE (.))
 *(.sram_0. sram_0.*)
                0x01880000                . = ALIGN (0x4)
                0x01880000                PROVIDE (_alt_partition_sram_0_end, ABSOLUTE (.))
                0x00820eac                PROVIDE (_alt_partition_sram_0_load_addr, LOADADDR (.sram_0))

.onchip_memory2_0
                0x019041c0        0x0 load address 0x00820eac
                0x019041c0                PROVIDE (_alt_partition_onchip_memory2_0_start, ABSOLUTE (.))
 *(.onchip_memory2_0. onchip_memory2_0.*)
                0x019041c0                . = ALIGN (0x4)
                0x019041c0                PROVIDE (_alt_partition_onchip_memory2_0_end, ABSOLUTE (.))
                0x00820eac                PROVIDE (_alt_partition_onchip_memory2_0_load_addr, LOADADDR (.onchip_memory2_0))

.stab
 *(.stab)

.stabstr
 *(.stabstr)

.stab.excl
 *(.stab.excl)

.stab.exclstr
 *(.stab.exclstr)

.stab.index
 *(.stab.index)

.stab.indexstr
 *(.stab.indexstr)

.comment        0x00000000       0x26
 *(.comment)
 .comment       0x00000000       0x26 obj/default/hello_ucosii.o
                                 0x27 (size before relaxing)
 .comment       0x00000000       0x27 c:/altera/12.1sp1/nios2eds/bin/gnu/h-i686-mingw32/bin/../lib/gcc/nios2-elf/4.1.2/../../../../nios2-elf/lib/mno-hw-mul\libc.a(lib_a-printf.o)
 .comment       0x00000000       0x27 c:/altera/12.1sp1/nios2eds/bin/gnu/h-i686-mingw32/bin/../lib/gcc/nios2-elf/4.1.2/../../../../nios2-elf/lib/mno-hw-mul\libc.a(lib_a-puts.o)
 .comment       0x00000000       0x27 c:/altera/12.1sp1/nios2eds/bin/gnu/h-i686-mingw32/bin/../lib/gcc/nios2-elf/4.1.2/../../../../nios2-elf/lib/mno-hw-mul\libc.a(lib_a-strlen.o)
 .comment       0x00000000       0x27 c:/altera/12.1sp1/nios2eds/bin/gnu/h-i686-mingw32/bin/../lib/gcc/nios2-elf/4.1.2/../../../../nios2-elf/lib/mno-hw-mul\libc.a(lib_a-vfprintf.o)
 .comment       0x00000000       0x27 c:/altera/12.1sp1/nios2eds/bin/gnu/h-i686-mingw32/bin/../lib/gcc/nios2-elf/4.1.2/../../../../nios2-elf/lib/mno-hw-mul\libc.a(lib_a-wsetup.o)
 .comment       0x00000000       0x27 c:/altera/12.1sp1/nios2eds/bin/gnu/h-i686-mingw32/bin/../lib/gcc/nios2-elf/4.1.2/../../../../nios2-elf/lib/mno-hw-mul\libc.a(lib_a-dtoa.o)
 .comment       0x00000000       0x27 c:/altera/12.1sp1/nios2eds/bin/gnu/h-i686-mingw32/bin/../lib/gcc/nios2-elf/4.1.2/../../../../nios2-elf/lib/mno-hw-mul\libc.a(lib_a-fflush.o)
 .comment       0x00000000       0x27 c:/altera/12.1sp1/nios2eds/bin/gnu/h-i686-mingw32/bin/../lib/gcc/nios2-elf/4.1.2/../../../../nios2-elf/lib/mno-hw-mul\libc.a(lib_a-findfp.o)
 .comment       0x00000000       0x27 c:/altera/12.1sp1/nios2eds/bin/gnu/h-i686-mingw32/bin/../lib/gcc/nios2-elf/4.1.2/../../../../nios2-elf/lib/mno-hw-mul\libc.a(lib_a-freer.o)
 .comment       0x00000000       0x27 c:/altera/12.1sp1/nios2eds/bin/gnu/h-i686-mingw32/bin/../lib/gcc/nios2-elf/4.1.2/../../../../nios2-elf/lib/mno-hw-mul\libc.a(lib_a-fvwrite.o)
 .comment       0x00000000       0x27 c:/altera/12.1sp1/nios2eds/bin/gnu/h-i686-mingw32/bin/../lib/gcc/nios2-elf/4.1.2/../../../../nios2-elf/lib/mno-hw-mul\libc.a(lib_a-fwalk.o)
 .comment       0x00000000       0x27 c:/altera/12.1sp1/nios2eds/bin/gnu/h-i686-mingw32/bin/../lib/gcc/nios2-elf/4.1.2/../../../../nios2-elf/lib/mno-hw-mul\libc.a(lib_a-impure.o)
 .comment       0x00000000       0x27 c:/altera/12.1sp1/nios2eds/bin/gnu/h-i686-mingw32/bin/../lib/gcc/nios2-elf/4.1.2/../../../../nios2-elf/lib/mno-hw-mul\libc.a(lib_a-locale.o)
 .comment       0x00000000       0x27 c:/altera/12.1sp1/nios2eds/bin/gnu/h-i686-mingw32/bin/../lib/gcc/nios2-elf/4.1.2/../../../../nios2-elf/lib/mno-hw-mul\libc.a(lib_a-makebuf.o)
 .comment       0x00000000       0x27 c:/altera/12.1sp1/nios2eds/bin/gnu/h-i686-mingw32/bin/../lib/gcc/nios2-elf/4.1.2/../../../../nios2-elf/lib/mno-hw-mul\libc.a(lib_a-mallocr.o)
 .comment       0x00000000       0x27 c:/altera/12.1sp1/nios2eds/bin/gnu/h-i686-mingw32/bin/../lib/gcc/nios2-elf/4.1.2/../../../../nios2-elf/lib/mno-hw-mul\libc.a(lib_a-memchr.o)
 .comment       0x00000000       0x27 c:/altera/12.1sp1/nios2eds/bin/gnu/h-i686-mingw32/bin/../lib/gcc/nios2-elf/4.1.2/../../../../nios2-elf/lib/mno-hw-mul\libc.a(lib_a-memcpy.o)
 .comment       0x00000000       0x27 c:/altera/12.1sp1/nios2eds/bin/gnu/h-i686-mingw32/bin/../lib/gcc/nios2-elf/4.1.2/../../../../nios2-elf/lib/mno-hw-mul\libc.a(lib_a-memmove.o)
 .comment       0x00000000       0x27 c:/altera/12.1sp1/nios2eds/bin/gnu/h-i686-mingw32/bin/../lib/gcc/nios2-elf/4.1.2/../../../../nios2-elf/lib/mno-hw-mul\libc.a(lib_a-memset.o)
 .comment       0x00000000       0x27 c:/altera/12.1sp1/nios2eds/bin/gnu/h-i686-mingw32/bin/../lib/gcc/nios2-elf/4.1.2/../../../../nios2-elf/lib/mno-hw-mul\libc.a(lib_a-mprec.o)
 .comment       0x00000000       0x27 c:/altera/12.1sp1/nios2eds/bin/gnu/h-i686-mingw32/bin/../lib/gcc/nios2-elf/4.1.2/../../../../nios2-elf/lib/mno-hw-mul\libc.a(lib_a-reallocr.o)
 .comment       0x00000000       0x27 c:/altera/12.1sp1/nios2eds/bin/gnu/h-i686-mingw32/bin/../lib/gcc/nios2-elf/4.1.2/../../../../nios2-elf/lib/mno-hw-mul\libc.a(lib_a-s_isinfd.o)
 .comment       0x00000000       0x27 c:/altera/12.1sp1/nios2eds/bin/gnu/h-i686-mingw32/bin/../lib/gcc/nios2-elf/4.1.2/../../../../nios2-elf/lib/mno-hw-mul\libc.a(lib_a-s_isnand.o)
 .comment       0x00000000       0x27 c:/altera/12.1sp1/nios2eds/bin/gnu/h-i686-mingw32/bin/../lib/gcc/nios2-elf/4.1.2/../../../../nios2-elf/lib/mno-hw-mul\libc.a(lib_a-sbrkr.o)
 .comment       0x00000000       0x27 c:/altera/12.1sp1/nios2eds/bin/gnu/h-i686-mingw32/bin/../lib/gcc/nios2-elf/4.1.2/../../../../nios2-elf/lib/mno-hw-mul\libc.a(lib_a-stdio.o)
 .comment       0x00000000       0x27 c:/altera/12.1sp1/nios2eds/bin/gnu/h-i686-mingw32/bin/../lib/gcc/nios2-elf/4.1.2/../../../../nios2-elf/lib/mno-hw-mul\libc.a(lib_a-strcmp.o)
 .comment       0x00000000       0x27 c:/altera/12.1sp1/nios2eds/bin/gnu/h-i686-mingw32/bin/../lib/gcc/nios2-elf/4.1.2/../../../../nios2-elf/lib/mno-hw-mul\libc.a(lib_a-writer.o)
 .comment       0x00000000       0x27 c:/altera/12.1sp1/nios2eds/bin/gnu/h-i686-mingw32/bin/../lib/gcc/nios2-elf/4.1.2/../../../../nios2-elf/lib/mno-hw-mul\libc.a(lib_a-callocr.o)
 .comment       0x00000000       0x27 c:/altera/12.1sp1/nios2eds/bin/gnu/h-i686-mingw32/bin/../lib/gcc/nios2-elf/4.1.2/../../../../nios2-elf/lib/mno-hw-mul\libc.a(lib_a-closer.o)
 .comment       0x00000000       0x27 c:/altera/12.1sp1/nios2eds/bin/gnu/h-i686-mingw32/bin/../lib/gcc/nios2-elf/4.1.2/../../../../nios2-elf/lib/mno-hw-mul\libc.a(lib_a-fclose.o)
 .comment       0x00000000       0x27 c:/altera/12.1sp1/nios2eds/bin/gnu/h-i686-mingw32/bin/../lib/gcc/nios2-elf/4.1.2/../../../../nios2-elf/lib/mno-hw-mul\libc.a(lib_a-fstatr.o)
 .comment       0x00000000       0x27 c:/altera/12.1sp1/nios2eds/bin/gnu/h-i686-mingw32/bin/../lib/gcc/nios2-elf/4.1.2/../../../../nios2-elf/lib/mno-hw-mul\libc.a(lib_a-int_errno.o)
 .comment       0x00000000       0x27 c:/altera/12.1sp1/nios2eds/bin/gnu/h-i686-mingw32/bin/../lib/gcc/nios2-elf/4.1.2/../../../../nios2-elf/lib/mno-hw-mul\libc.a(lib_a-isattyr.o)
 .comment       0x00000000       0x27 c:/altera/12.1sp1/nios2eds/bin/gnu/h-i686-mingw32/bin/../lib/gcc/nios2-elf/4.1.2/../../../../nios2-elf/lib/mno-hw-mul\libc.a(lib_a-lseekr.o)
 .comment       0x00000000       0x27 c:/altera/12.1sp1/nios2eds/bin/gnu/h-i686-mingw32/bin/../lib/gcc/nios2-elf/4.1.2/../../../../nios2-elf/lib/mno-hw-mul\libc.a(lib_a-readr.o)
 .comment       0x00000000       0x27 c:/altera/12.1sp1/nios2eds/bin/gnu/h-i686-mingw32/bin/../lib/gcc/nios2-elf/4.1.2/mno-hw-mul\libgcc.a(_udivdi3.o)
 .comment       0x00000000       0x27 c:/altera/12.1sp1/nios2eds/bin/gnu/h-i686-mingw32/bin/../lib/gcc/nios2-elf/4.1.2/mno-hw-mul\libgcc.a(_umoddi3.o)
 .comment       0x00000000       0x27 c:/altera/12.1sp1/nios2eds/bin/gnu/h-i686-mingw32/bin/../lib/gcc/nios2-elf/4.1.2/mno-hw-mul\libgcc.a(_addsub_df.o)
 .comment       0x00000000       0x27 c:/altera/12.1sp1/nios2eds/bin/gnu/h-i686-mingw32/bin/../lib/gcc/nios2-elf/4.1.2/mno-hw-mul\libgcc.a(_mul_df.o)
 .comment       0x00000000       0x27 c:/altera/12.1sp1/nios2eds/bin/gnu/h-i686-mingw32/bin/../lib/gcc/nios2-elf/4.1.2/mno-hw-mul\libgcc.a(_div_df.o)
 .comment       0x00000000       0x27 c:/altera/12.1sp1/nios2eds/bin/gnu/h-i686-mingw32/bin/../lib/gcc/nios2-elf/4.1.2/mno-hw-mul\libgcc.a(_eq_df.o)
 .comment       0x00000000       0x27 c:/altera/12.1sp1/nios2eds/bin/gnu/h-i686-mingw32/bin/../lib/gcc/nios2-elf/4.1.2/mno-hw-mul\libgcc.a(_ne_df.o)
 .comment       0x00000000       0x27 c:/altera/12.1sp1/nios2eds/bin/gnu/h-i686-mingw32/bin/../lib/gcc/nios2-elf/4.1.2/mno-hw-mul\libgcc.a(_gt_df.o)
 .comment       0x00000000       0x27 c:/altera/12.1sp1/nios2eds/bin/gnu/h-i686-mingw32/bin/../lib/gcc/nios2-elf/4.1.2/mno-hw-mul\libgcc.a(_ge_df.o)
 .comment       0x00000000       0x27 c:/altera/12.1sp1/nios2eds/bin/gnu/h-i686-mingw32/bin/../lib/gcc/nios2-elf/4.1.2/mno-hw-mul\libgcc.a(_lt_df.o)
 .comment       0x00000000       0x27 c:/altera/12.1sp1/nios2eds/bin/gnu/h-i686-mingw32/bin/../lib/gcc/nios2-elf/4.1.2/mno-hw-mul\libgcc.a(_si_to_df.o)
 .comment       0x00000000       0x27 c:/altera/12.1sp1/nios2eds/bin/gnu/h-i686-mingw32/bin/../lib/gcc/nios2-elf/4.1.2/mno-hw-mul\libgcc.a(_df_to_si.o)
 .comment       0x00000000       0x27 c:/altera/12.1sp1/nios2eds/bin/gnu/h-i686-mingw32/bin/../lib/gcc/nios2-elf/4.1.2/mno-hw-mul\libgcc.a(_thenan_df.o)
 .comment       0x00000000       0x27 c:/altera/12.1sp1/nios2eds/bin/gnu/h-i686-mingw32/bin/../lib/gcc/nios2-elf/4.1.2/mno-hw-mul\libgcc.a(_usi_to_df.o)