Archive member included because of file (symbol)

c:/altera/12.1sp1/nios2eds/bin/gnu/h-i686-mingw32/bin/../lib/gcc/nios2-elf/4.1.2/mno-hw-mul\libgcc.a(_div_sf.o)
                              obj/default/hello_ucosii.o (__divsf3)
c:/altera/12.1sp1/nios2eds/bin/gnu/h-i686-mingw32/bin/../lib/gcc/nios2-elf/4.1.2/mno-hw-mul\libgcc.a(_sf_to_df.o)
                              obj/default/hello_ucosii.o (__extendsfdf2)
c:/altera/12.1sp1/nios2eds/bin/gnu/h-i686-mingw32/bin/../lib/gcc/nios2-elf/4.1.2/mno-hw-mul\libgcc.a(_thenan_sf.o)
                              c:/altera/12.1sp1/nios2eds/bin/gnu/h-i686-mingw32/bin/../lib/gcc/nios2-elf/4.1.2/mno-hw-mul\libgcc.a(_div_sf.o) (__thenan_sf)
c:/altera/12.1sp1/nios2eds/bin/gnu/h-i686-mingw32/bin/../lib/gcc/nios2-elf/4.1.2/mno-hw-mul\libgcc.a(_usi_to_sf.o)
                              obj/default/hello_ucosii.o (__floatunsisf)
c:/altera/12.1sp1/nios2eds/bin/gnu/h-i686-mingw32/bin/../lib/gcc/nios2-elf/4.1.2/mno-hw-mul\libgcc.a(_addsub_df.o)
                              obj/default/dtw.o (__adddf3)
c:/altera/12.1sp1/nios2eds/bin/gnu/h-i686-mingw32/bin/../lib/gcc/nios2-elf/4.1.2/mno-hw-mul\libgcc.a(_mul_df.o)
                              obj/default/dtw.o (__muldf3)
c:/altera/12.1sp1/nios2eds/bin/gnu/h-i686-mingw32/bin/../lib/gcc/nios2-elf/4.1.2/mno-hw-mul\libgcc.a(_si_to_df.o)
                              obj/default/dtw.o (__floatsidf)
c:/altera/12.1sp1/nios2eds/bin/gnu/h-i686-mingw32/bin/../lib/gcc/nios2-elf/4.1.2/mno-hw-mul\libgcc.a(_df_to_si.o)
                              obj/default/dtw.o (__fixdfsi)
c:/altera/12.1sp1/nios2eds/bin/gnu/h-i686-mingw32/bin/../lib/gcc/nios2-elf/4.1.2/mno-hw-mul\libgcc.a(_make_df.o)
                              c:/altera/12.1sp1/nios2eds/bin/gnu/h-i686-mingw32/bin/../lib/gcc/nios2-elf/4.1.2/mno-hw-mul\libgcc.a(_sf_to_df.o) (__make_dp)
c:/altera/12.1sp1/nios2eds/bin/gnu/h-i686-mingw32/bin/../lib/gcc/nios2-elf/4.1.2/mno-hw-mul\libgcc.a(_thenan_df.o)
                              c:/altera/12.1sp1/nios2eds/bin/gnu/h-i686-mingw32/bin/../lib/gcc/nios2-elf/4.1.2/mno-hw-mul\libgcc.a(_addsub_df.o) (__thenan_df)
c:/altera/12.1sp1/nios2eds/bin/gnu/h-i686-mingw32/bin/../lib/gcc/nios2-elf/4.1.2/mno-hw-mul\libgcc.a(lib2-mul.o)
                              obj/default/dtw.o (__mulsi3)
c:/altera/12.1sp1/nios2eds/bin/gnu/h-i686-mingw32/bin/../lib/gcc/nios2-elf/4.1.2/mno-hw-mul\libgcc.a(_muldi3.o)
                              c:/altera/12.1sp1/nios2eds/bin/gnu/h-i686-mingw32/bin/../lib/gcc/nios2-elf/4.1.2/mno-hw-mul\libgcc.a(_mul_df.o) (__muldi3)
c:/altera/12.1sp1/nios2eds/bin/gnu/h-i686-mingw32/bin/../lib/gcc/nios2-elf/4.1.2/mno-hw-mul\libgcc.a(_clzsi2.o)
                              c:/altera/12.1sp1/nios2eds/bin/gnu/h-i686-mingw32/bin/../lib/gcc/nios2-elf/4.1.2/mno-hw-mul\libgcc.a(_usi_to_sf.o) (__clzsi2)
c:/altera/12.1sp1/nios2eds/bin/gnu/h-i686-mingw32/bin/../lib/gcc/nios2-elf/4.1.2/mno-hw-mul\libgcc.a(_pack_sf.o)
                              c:/altera/12.1sp1/nios2eds/bin/gnu/h-i686-mingw32/bin/../lib/gcc/nios2-elf/4.1.2/mno-hw-mul\libgcc.a(_div_sf.o) (__pack_f)
c:/altera/12.1sp1/nios2eds/bin/gnu/h-i686-mingw32/bin/../lib/gcc/nios2-elf/4.1.2/mno-hw-mul\libgcc.a(_unpack_sf.o)
                              c:/altera/12.1sp1/nios2eds/bin/gnu/h-i686-mingw32/bin/../lib/gcc/nios2-elf/4.1.2/mno-hw-mul\libgcc.a(_div_sf.o) (__unpack_f)
c:/altera/12.1sp1/nios2eds/bin/gnu/h-i686-mingw32/bin/../lib/gcc/nios2-elf/4.1.2/mno-hw-mul\libgcc.a(_pack_df.o)
                              c:/altera/12.1sp1/nios2eds/bin/gnu/h-i686-mingw32/bin/../lib/gcc/nios2-elf/4.1.2/mno-hw-mul\libgcc.a(_addsub_df.o) (__pack_d)
c:/altera/12.1sp1/nios2eds/bin/gnu/h-i686-mingw32/bin/../lib/gcc/nios2-elf/4.1.2/mno-hw-mul\libgcc.a(_unpack_df.o)
                              c:/altera/12.1sp1/nios2eds/bin/gnu/h-i686-mingw32/bin/../lib/gcc/nios2-elf/4.1.2/mno-hw-mul\libgcc.a(_addsub_df.o) (__unpack_d)
c:/altera/12.1sp1/nios2eds/bin/gnu/h-i686-mingw32/bin/../lib/gcc/nios2-elf/4.1.2/mno-hw-mul\libgcc.a(_clz.o)
                              c:/altera/12.1sp1/nios2eds/bin/gnu/h-i686-mingw32/bin/../lib/gcc/nios2-elf/4.1.2/mno-hw-mul\libgcc.a(_clzsi2.o) (__clz_tab)
c:/altera/12.1sp1/nios2eds/bin/gnu/h-i686-mingw32/bin/../lib/gcc/nios2-elf/4.1.2/../../../../nios2-elf/lib/mno-hw-mul\libc.a(lib_a-calloc.o)
                              obj/default/hello_ucosii.o (calloc)
c:/altera/12.1sp1/nios2eds/bin/gnu/h-i686-mingw32/bin/../lib/gcc/nios2-elf/4.1.2/../../../../nios2-elf/lib/mno-hw-mul\libc.a(lib_a-callocr.o)
                              c:/altera/12.1sp1/nios2eds/bin/gnu/h-i686-mingw32/bin/../lib/gcc/nios2-elf/4.1.2/../../../../nios2-elf/lib/mno-hw-mul\libc.a(lib_a-calloc.o) (_calloc_r)
c:/altera/12.1sp1/nios2eds/bin/gnu/h-i686-mingw32/bin/../lib/gcc/nios2-elf/4.1.2/../../../../nios2-elf/lib/mno-hw-mul\libc.a(lib_a-clock.o)
                              obj/default/hello_ucosii.o (clock)
[...]
Memory Configuration

Name             Origin             Length             Attributes
sdram_0          0x00800000         0x00800000
generic_tristate_controller_0 0x01400000         0x00400000
sram_0           0x01880000         0x00080000
reset            0x01904000         0x00000020
onchip_memory2_0 0x01904020         0x00003fe0
*default*        0x00000000         0xffffffff

Linker script and memory map

LOAD C:/Users/jchang3/Documents/ECE492/test/software/accelerometer_pen_bsp//obj/HAL/src/crt0.o
LOAD obj/default/dtw.o
LOAD obj/default/hello_ucosii.o
LOAD c:/altera/12.1sp1/nios2eds/bin/gnu/h-i686-mingw32/bin/../lib/gcc/nios2-elf/4.1.2/../../../../nios2-elf/lib/mno-hw-mul\libstdc++.a
LOAD c:/altera/12.1sp1/nios2eds/bin/gnu/h-i686-mingw32/bin/../lib/gcc/nios2-elf/4.1.2/../../../../nios2-elf/lib/mno-hw-mul\libm.a
LOAD c:/altera/12.1sp1/nios2eds/bin/gnu/h-i686-mingw32/bin/../lib/gcc/nios2-elf/4.1.2/mno-hw-mul\libgcc.a
START GROUP
LOAD c:/altera/12.1sp1/nios2eds/bin/gnu/h-i686-mingw32/bin/../lib/gcc/nios2-elf/4.1.2/../../../../nios2-elf/lib/mno-hw-mul\libc.a
LOAD c:/altera/12.1sp1/nios2eds/bin/gnu/h-i686-mingw32/bin/../lib/gcc/nios2-elf/4.1.2/mno-hw-mul\libgcc.a
LOAD C:/Users/jchang3/Documents/ECE492/test/software/accelerometer_pen_bsp/\libucosii_bsp.a
END GROUP
LOAD c:/altera/12.1sp1/nios2eds/bin/gnu/h-i686-mingw32/bin/../lib/gcc/nios2-elf/4.1.2/mno-hw-mul\libgcc.a
                0x00800000                __alt_mem_sdram_0 = 0x800000
                0x01400000                __alt_mem_generic_tristate_controller_0 = 0x1400000
                0x01880000                __alt_mem_sram_0 = 0x1880000
                0x01904000                __alt_mem_onchip_memory2_0 = 0x1904000

.entry          0x01904000       0x20
 *(.entry)
 .entry         0x01904000       0x20 C:/Users/jchang3/Documents/ECE492/test/software/accelerometer_pen_bsp//obj/HAL/src/crt0.o
                0x01904000                __reset

.exceptions     0x01904020      0x1a0 load address 0x00800000
                0x01904020                PROVIDE (__ram_exceptions_start, ABSOLUTE (.))
                0x01904020                . = ALIGN (0x20)
 *(.irq)
 *(.exceptions.entry.label)
 .exceptions.entry.label
                0x01904020        0x0 C:/Users/jchang3/Documents/ECE492/test/software/accelerometer_pen_bsp/\libucosii_bsp.a(alt_irq_entry.o)
                0x01904020                alt_irq_entry
 .exceptions.entry.label
                0x01904020        0x0 C:/Users/jchang3/Documents/ECE492/test/software/accelerometer_pen_bsp/\libucosii_bsp.a(alt_exception_entry.o)
                0x01904020                alt_exception
 *(.exceptions.entry.user)
 *(.exceptions.entry)
 .exceptions.entry
                0x01904020       0x54 C:/Users/jchang3/Documents/ECE492/test/software/accelerometer_pen_bsp/\libucosii_bsp.a(alt_exception_entry.o)
 *(.exceptions.irqtest.user)
 *(.exceptions.irqtest)
 .exceptions.irqtest
                0x01904074       0x10 C:/Users/jchang3/Documents/ECE492/test/software/accelerometer_pen_bsp/\libucosii_bsp.a(alt_irq_entry.o)
 *(.exceptions.irqhandler.user)
 *(.exceptions.irqhandler)
 .exceptions.irqhandler
                0x01904084        0x4 C:/Users/jchang3/Documents/ECE492/test/software/accelerometer_pen_bsp/\libucosii_bsp.a(alt_irq_entry.o)
 *(.exceptions.irqreturn.user)
 *(.exceptions.irqreturn)
 .exceptions.irqreturn
                0x01904088        0x4 C:/Users/jchang3/Documents/ECE492/test/software/accelerometer_pen_bsp/\libucosii_bsp.a(alt_irq_entry.o)
 *(.exceptions.notirq.label)
 .exceptions.notirq.label
                0x0190408c        0x0 C:/Users/jchang3/Documents/ECE492/test/software/accelerometer_pen_bsp/\libucosii_bsp.a(alt_irq_entry.o)
 *(.exceptions.notirq.user)
 *(.exceptions.notirq)
 .exceptions.notirq
                0x0190408c        0x8 C:/Users/jchang3/Documents/ECE492/test/software/accelerometer_pen_bsp/\libucosii_bsp.a(alt_exception_entry.o)
 *(.exceptions.soft.user)
 *(.exceptions.soft)
 *(.exceptions.unknown.user)
 *(.exceptions.unknown)
 .exceptions.unknown
                0x01904094        0x4 C:/Users/jchang3/Documents/ECE492/test/software/accelerometer_pen_bsp/\libucosii_bsp.a(alt_exception_entry.o)
 *(.exceptions.exit.label)
 .exceptions.exit.label
                0x01904098        0x0 C:/Users/jchang3/Documents/ECE492/test/software/accelerometer_pen_bsp/\libucosii_bsp.a(alt_irq_entry.o)
 .exceptions.exit.label
                0x01904098        0x0 C:/Users/jchang3/Documents/ECE492/test/software/accelerometer_pen_bsp/\libucosii_bsp.a(alt_exception_entry.o)
 *(.exceptions.exit.user)
 *(.exceptions.exit)
 .exceptions.exit
                0x01904098       0x54 C:/Users/jchang3/Documents/ECE492/test/software/accelerometer_pen_bsp/\libucosii_bsp.a(alt_exception_entry.o)
 *(.exceptions)
 .exceptions    0x019040ec       0xd4 C:/Users/jchang3/Documents/ECE492/test/software/accelerometer_pen_bsp/\libucosii_bsp.a(alt_irq_handler.o)
                0x019040ec                alt_irq_handler
                0x019041c0                PROVIDE (__ram_exceptions_end, ABSOLUTE (.))
                0x00800000                PROVIDE (__flash_exceptions_start, LOADADDR (.exceptions))

.text           0x008001a0    0x1bef8
                0x008001a0                PROVIDE (stext, ABSOLUTE (.))
 *(.interp)
 *(.hash)
 *(.dynsym)
 *(.dynstr)
 *(.gnu.version)
 *(.gnu.version_d)
 *(.gnu.version_r)
 *(.rel.init)
 *(.rela.init)
 *(.rel.text .rel.text.* .rel.gnu.linkonce.t.*)
 *(.rela.text .rela.text.* .rela.gnu.linkonce.t.*)
 *(.rel.fini)
 *(.rela.fini)
 *(.rel.rodata .rel.rodata.* .rel.gnu.linkonce.r.*)
 *(.rela.rodata .rela.rodata.* .rela.gnu.linkonce.r.*)
 *(.rel.data .rel.data.* .rel.gnu.linkonce.d.*)
 *(.rela.data .rela.data.* .rela.gnu.linkonce.d.*)
 *(.rel.tdata .rel.tdata.* .rel.gnu.linkonce.td.*)
 *(.rela.tdata .rela.tdata.* .rela.gnu.linkonce.td.*)
 *(.rel.tbss .rel.tbss.* .rel.gnu.linkonce.tb.*)
 *(.rela.tbss .rela.tbss.* .rela.gnu.linkonce.tb.*)
 *(.rel.ctors)
 *(.rela.ctors)
 *(.rel.dtors)
 *(.rela.dtors)
 *(.rel.got)
 *(.rela.got)
 *(.rel.sdata .rel.sdata.* .rel.gnu.linkonce.s.*)
 *(.rela.sdata .rela.sdata.* .rela.gnu.linkonce.s.*)
 *(.rel.sbss .rel.sbss.* .rel.gnu.linkonce.sb.*)
 *(.rela.sbss .rela.sbss.* .rela.gnu.linkonce.sb.*)
 *(.rel.sdata2 .rel.sdata2.* .rel.gnu.linkonce.s2.*)
 *(.rela.sdata2 .rela.sdata2.* .rela.gnu.linkonce.s2.*)
 *(.rel.sbss2 .rel.sbss2.* .rel.gnu.linkonce.sb2.*)
 *(.rela.sbss2 .rela.sbss2.* .rela.gnu.linkonce.sb2.*)
 *(.rel.bss .rel.bss.* .rel.gnu.linkonce.b.*)
 *(.rela.bss .rela.bss.* .rela.gnu.linkonce.b.*)
 *(.rel.plt)
 *(.rela.plt)
 *(.rel.dyn)
 *(.init)
 *(.plt)
 *(.text .stub .text.* .gnu.linkonce.t.*)
 .text          0x008001a0       0x3c C:/Users/jchang3/Documents/ECE492/test/software/accelerometer_pen_bsp//obj/HAL/src/crt0.o
                0x008001a0                _start
 .text          0x008001dc      0x498 obj/default/dtw.o
                0x008001dc                min_three
                0x00800238                min
                0x0080027c                max
                0x008002c0                dist
                0x00800308                dtw
 .text          0x00800674      0xf6c obj/default/hello_ucosii.o
                0x00800674                taskModeSelect
                0x008006d4                loadSDCard
                0x008009dc                taskCalibrate
                0x00800d00                taskUartRead
                0x008010d0                taskDTWX
                0x008011d0                taskReadSDCard
                0x00801430                main
 .text          0x008015e0      0x174 c:/altera/12.1sp1/nios2eds/bin/gnu/h-i686-mingw32/bin/../lib/gcc/nios2-elf/4.1.2/mno-hw-mul\libgcc.a(_div_sf.o)
                0x008015e0                __divsf3
 .text          0x00801754       0x54 c:/altera/12.1sp1/nios2eds/bin/gnu/h-i686-mingw32/bin/../lib/gcc/nios2-elf/4.1.2/mno-hw-mul\libgcc.a(_sf_to_df.o)
                0x00801754                __extendsfdf2
 .text          0x008017a8        0x0 c:/altera/12.1sp1/nios2eds/bin/gnu/h-i686-mingw32/bin/../lib/gcc/nios2-elf/4.1.2/mno-hw-mul\libgcc.a(_thenan_sf.o)
 .text          0x008017a8       0xc0 c:/altera/12.1sp1/nios2eds/bin/gnu/h-i686-mingw32/bin/../lib/gcc/nios2-elf/4.1.2/mno-hw-mul\libgcc.a(_usi_to_sf.o)
                0x008017a8                __floatunsisf
 .text          0x00801868      0x504 c:/altera/12.1sp1/nios2eds/bin/gnu/h-i686-mingw32/bin/../lib/gcc/nios2-elf/4.1.2/mno-hw-mul\libgcc.a(_addsub_df.o)
                0x00801c78                __subdf3
                0x00801cf8                __adddf3
 .text          0x00801d6c      0x3c4 c:/altera/12.1sp1/nios2eds/bin/gnu/h-i686-mingw32/bin/../lib/gcc/nios2-elf/4.1.2/mno-hw-mul\libgcc.a(_mul_df.o)
                0x00801d6c                __muldf3
 .text          0x00802130       0xf8 c:/altera/12.1sp1/nios2eds/bin/gnu/h-i686-mingw32/bin/../lib/gcc/nios2-elf/4.1.2/mno-hw-mul\libgcc.a(_si_to_df.o)
                0x00802130                __floatsidf
 .text          0x00802228       0xd8 c:/altera/12.1sp1/nios2eds/bin/gnu/h-i686-mingw32/bin/../lib/gcc/nios2-elf/4.1.2/mno-hw-mul\libgcc.a(_df_to_si.o)
                0x00802228                __fixdfsi
 .text          0x00802300       0x38 c:/altera/12.1sp1/nios2eds/bin/gnu/h-i686-mingw32/bin/../lib/gcc/nios2-elf/4.1.2/mno-hw-mul\libgcc.a(_make_df.o)
                0x00802300                __make_dp
 .text          0x00802338        0x0 c:/altera/12.1sp1/nios2eds/bin/gnu/h-i686-mingw32/bin/../lib/gcc/nios2-elf/4.1.2/mno-hw-mul\libgcc.a(_thenan_df.o)
 .text          0x00802338       0x38 c:/altera/12.1sp1/nios2eds/bin/gnu/h-i686-mingw32/bin/../lib/gcc/nios2-elf/4.1.2/mno-hw-mul\libgcc.a(lib2-mul.o)
                0x00802338                __mulsi3
 .text          0x00802370      0x124 c:/altera/12.1sp1/nios2eds/bin/gnu/h-i686-mingw32/bin/../lib/gcc/nios2-elf/4.1.2/mno-hw-mul\libgcc.a(_muldi3.o)
                0x00802370                __muldi3
 .text          0x00802494       0x80 c:/altera/12.1sp1/nios2eds/bin/gnu/h-i686-mingw32/bin/../lib/gcc/nios2-elf/4.1.2/mno-hw-mul\libgcc.a(_clzsi2.o)
                0x00802494                __clzsi2
 .text          0x00802514      0x160 c:/altera/12.1sp1/nios2eds/bin/gnu/h-i686-mingw32/bin/../lib/gcc/nios2-elf/4.1.2/mno-hw-mul\libgcc.a(_pack_sf.o)
                0x00802514                __pack_f
 .text          0x00802674       0xc8 c:/altera/12.1sp1/nios2eds/bin/gnu/h-i686-mingw32/bin/../lib/gcc/nios2-elf/4.1.2/mno-hw-mul\libgcc.a(_unpack_sf.o)
                0x00802674                __unpack_f
 .text          0x0080273c      0x314 c:/altera/12.1sp1/nios2eds/bin/gnu/h-i686-mingw32/bin/../lib/gcc/nios2-elf/4.1.2/mno-hw-mul\libgcc.a(_pack_df.o)
                0x0080273c                __pack_d
 .text          0x00802a50      0x138 c:/altera/12.1sp1/nios2eds/bin/gnu/h-i686-mingw32/bin/../lib/gcc/nios2-elf/4.1.2/mno-hw-mul\libgcc.a(_unpack_df.o)
                0x00802a50                __unpack_d
 .text          0x00802b88        0x0 c:/altera/12.1sp1/nios2eds/bin/gnu/h-i686-mingw32/bin/../lib/gcc/nios2-elf/4.1.2/mno-hw-mul\libgcc.a(_clz.o)
 .text          0x00802b88       0x1c c:/altera/12.1sp1/nios2eds/bin/gnu/h-i686-mingw32/bin/../lib/gcc/nios2-elf/4.1.2/../../../../nios2-elf/lib/mno-hw-mul\libc.a(lib_a-calloc.o)
                0x00802b88                calloc
 .text          0x00802ba4       0xc8 c:/altera/12.1sp1/nios2eds/bin/gnu/h-i686-mingw32/bin/../lib/gcc/nios2-elf/4.1.2/../../../../nios2-elf/lib/mno-hw-mul\libc.a(lib_a-callocr.o)
                0x00802ba4                _calloc_r
 .text          0x00802c6c       0x54 c:/altera/12.1sp1/nios2eds/bin/gnu/h-i686-mingw32/bin/../lib/gcc/nios2-elf/4.1.2/../../../../nios2-elf/lib/mno-hw-mul\libc.a(lib_a-clock.o)
                0x00802c6c                clock
 .text          0x00802cc0        0x0 c:/altera/12.1sp1/nios2eds/bin/gnu/h-i686-mingw32/bin/../lib/gcc/nios2-elf/4.1.2/../../../../nios2-elf/lib/mno-hw-mul\libc.a(lib_a-impure.o)
 .text          0x00802cc0      0x740 c:/altera/12.1sp1/nios2eds/bin/gnu/h-i686-mingw32/bin/../lib/gcc/nios2-elf/4.1.2/../../../../nios2-elf/lib/mno-hw-mul\libc.a(lib_a-mallocr.o)
                0x00802cc0                _malloc_r
 .text          0x00803400       0x98 c:/altera/12.1sp1/nios2eds/bin/gnu/h-i686-mingw32/bin/../lib/gcc/nios2-elf/4.1.2/../../../../nios2-elf/lib/mno-hw-mul\libc.a(lib_a-memset.o)
                0x00803400                memset
 .text          0x00803498       0x78 c:/altera/12.1sp1/nios2eds/bin/gnu/h-i686-mingw32/bin/../lib/gcc/nios2-elf/4.1.2/../../../../nios2-elf/lib/mno-hw-mul\libc.a(lib_a-printf.o)
                0x00803498                printf
                0x008034dc                _printf_r
 .text          0x00803510       0xb4 c:/altera/12.1sp1/nios2eds/bin/gnu/h-i686-mingw32/bin/../lib/gcc/nios2-elf/4.1.2/../../../../nios2-elf/lib/mno-hw-mul\libc.a(lib_a-puts.o)
                0x00803510                _puts_r
                0x008035b0                puts
 .text          0x008035c4       0x70 c:/altera/12.1sp1/nios2eds/bin/gnu/h-i686-mingw32/bin/../lib/gcc/nios2-elf/4.1.2/../../../../nios2-elf/lib/mno-hw-mul\libc.a(lib_a-sbrkr.o)
                0x008035c4                _sbrk_r
 .text          0x00803634       0x74 c:/altera/12.1sp1/nios2eds/bin/gnu/h-i686-mingw32/bin/../lib/gcc/nios2-elf/4.1.2/../../../../nios2-elf/lib/mno-hw-mul\libc.a(lib_a-strlen.o)
                0x00803634                strlen
 .text          0x008036a8        0x8 c:/altera/12.1sp1/nios2eds/bin/gnu/h-i686-mingw32/bin/../lib/gcc/nios2-elf/4.1.2/../../../../nios2-elf/lib/mno-hw-mul\libc.a(lib_a-timesr.o)
                0x008036a8                _times_r
 .text          0x008036b0     0x1f40 c:/altera/12.1sp1/nios2eds/bin/gnu/h-i686-mingw32/bin/../lib/gcc/nios2-elf/4.1.2/../../../../nios2-elf/lib/mno-hw-mul\libc.a(lib_a-vfprintf.o)
                0x00803708                ___vfprintf_internal_r
                0x008055cc                __vfprintf_internal
 .text          0x008055f0      0x13c c:/altera/12.1sp1/nios2eds/bin/gnu/h-i686-mingw32/bin/../lib/gcc/nios2-elf/4.1.2/../../../../nios2-elf/lib/mno-hw-mul\libc.a(lib_a-wsetup.o)
                0x008055f0                __swsetup_r
 .text          0x0080572c     0x17f8 c:/altera/12.1sp1/nios2eds/bin/gnu/h-i686-mingw32/bin/../lib/gcc/nios2-elf/4.1.2/../../../../nios2-elf/lib/mno-hw-mul\libc.a(lib_a-dtoa.o)
                0x00805970                _dtoa_r
 .text          0x00806f24      0x230 c:/altera/12.1sp1/nios2eds/bin/gnu/h-i686-mingw32/bin/../lib/gcc/nios2-elf/4.1.2/../../../../nios2-elf/lib/mno-hw-mul\libc.a(lib_a-fflush.o)
                0x00806f24                _fflush_r
                0x00807120                fflush
 .text          0x00807154      0x2f4 c:/altera/12.1sp1/nios2eds/bin/gnu/h-i686-mingw32/bin/../lib/gcc/nios2-elf/4.1.2/../../../../nios2-elf/lib/mno-hw-mul\libc.a(lib_a-findfp.o)
                0x008071ac                __sfp_lock_acquire
                0x008071b0                __sfp_lock_release
                0x008071b4                __sinit_lock_acquire
                0x008071b8                __sinit_lock_release
                0x008071bc                __sinit
                0x00807270                __fp_unlock_all
                0x00807288                __fp_lock_all
                0x008072a0                _cleanup_r
                0x008072ac                _cleanup
                0x008072bc                __sfmoreglue
                0x00807358                __sfp
 .text          0x00807448      0x440 c:/altera/12.1sp1/nios2eds/bin/gnu/h-i686-mingw32/bin/../lib/gcc/nios2-elf/4.1.2/../../../../nios2-elf/lib/mno-hw-mul\libc.a(lib_a-freer.o)
                0x00807448                _malloc_trim_r
                0x00807574                _free_r
 .text          0x00807888      0x49c c:/altera/12.1sp1/nios2eds/bin/gnu/h-i686-mingw32/bin/../lib/gcc/nios2-elf/4.1.2/../../../../nios2-elf/lib/mno-hw-mul\libc.a(lib_a-fvwrite.o)
                0x00807888                __sfvwrite_r
 .text          0x00807d24      0x180 c:/altera/12.1sp1/nios2eds/bin/gnu/h-i686-mingw32/bin/../lib/gcc/nios2-elf/4.1.2/../../../../nios2-elf/lib/mno-hw-mul\libc.a(lib_a-fwalk.o)
                0x00807d24                _fwalk_reent
                0x00807dec                _fwalk
 .text          0x00807ea4        0x0 c:/altera/12.1sp1/nios2eds/bin/gnu/h-i686-mingw32/bin/../lib/gcc/nios2-elf/4.1.2/../../../../nios2-elf/lib/mno-hw-mul\libc.a(lib_a-int_errno.o)
 .text          0x00807ea4       0xc4 c:/altera/12.1sp1/nios2eds/bin/gnu/h-i686-mingw32/bin/../lib/gcc/nios2-elf/4.1.2/../../../../nios2-elf/lib/mno-hw-mul\libc.a(lib_a-locale.o)
                0x00807ea4                __locale_charset
                0x00807eac                _localeconv_r
                0x00807eb8                localeconv
                0x00807ec8                _setlocale_r
                0x00807f4c                setlocale
 .text          0x00807f68      0x194 c:/altera/12.1sp1/nios2eds/bin/gnu/h-i686-mingw32/bin/../lib/gcc/nios2-elf/4.1.2/../../../../nios2-elf/lib/mno-hw-mul\libc.a(lib_a-makebuf.o)
                0x00807f68                __smakebuf_r
 .text          0x008080fc       0xe4 c:/altera/12.1sp1/nios2eds/bin/gnu/h-i686-mingw32/bin/../lib/gcc/nios2-elf/4.1.2/../../../../nios2-elf/lib/mno-hw-mul\libc.a(lib_a-memchr.o)
                0x008080fc                memchr
 .text          0x008081e0       0xa0 c:/altera/12.1sp1/nios2eds/bin/gnu/h-i686-mingw32/bin/../lib/gcc/nios2-elf/4.1.2/../../../../nios2-elf/lib/mno-hw-mul\libc.a(lib_a-memcpy.o)
                0x008081e0                memcpy
 .text          0x00808280       0xe0 c:/altera/12.1sp1/nios2eds/bin/gnu/h-i686-mingw32/bin/../lib/gcc/nios2-elf/4.1.2/../../../../nios2-elf/lib/mno-hw-mul\libc.a(lib_a-memmove.o)
                0x00808280                memmove
 .text          0x00808360     0x108c c:/altera/12.1sp1/nios2eds/bin/gnu/h-i686-mingw32/bin/../lib/gcc/nios2-elf/4.1.2/../../../../nios2-elf/lib/mno-hw-mul\libc.a(lib_a-mprec.o)
                0x00808360                _Bfree
                0x00808388                __hi0bits
                0x008083f8                __lo0bits
                0x008084bc                __mcmp
                0x0080851c                __ulp
                0x0080859c                __b2d
                0x008086bc                __ratio
                0x0080876c                _mprec_log10
                0x00808800                __copybits
                0x00808858                __any_on
                0x008088e0                _Balloc
                0x0080899c                __d2b
                0x00808b18                __mdiff
                0x00808ca4                __lshift
                0x00808df0                __multiply
                0x00809044                __i2b
                0x00809080                __multadd
                0x008091ac                __pow5mult
                0x008092cc                __s2b
 .text          0x008093ec      0x5f4 c:/altera/12.1sp1/nios2eds/bin/gnu/h-i686-mingw32/bin/../lib/gcc/nios2-elf/4.1.2/../../../../nios2-elf/lib/mno-hw-mul\libc.a(lib_a-reallocr.o)
                0x008093ec                _realloc_r
 .text          0x008099e0       0x40 c:/altera/12.1sp1/nios2eds/bin/gnu/h-i686-mingw32/bin/../lib/gcc/nios2-elf/4.1.2/../../../../nios2-elf/lib/mno-hw-mul\libc.a(lib_a-s_isinfd.o)
                0x008099e0                __isinfd
 .text          0x00809a20       0x30 c:/altera/12.1sp1/nios2eds/bin/gnu/h-i686-mingw32/bin/../lib/gcc/nios2-elf/4.1.2/../../../../nios2-elf/lib/mno-hw-mul\libc.a(lib_a-s_isnand.o)
                0x00809a20                __isnand
 .text          0x00809a50      0x14c c:/altera/12.1sp1/nios2eds/bin/gnu/h-i686-mingw32/bin/../lib/gcc/nios2-elf/4.1.2/../../../../nios2-elf/lib/mno-hw-mul\libc.a(lib_a-stdio.o)
                0x00809a50                __sclose
                0x00809a58                __sseek
                0x00809ac0                __swrite
                0x00809b3c                __sread
 .text          0x00809b9c       0xbc c:/altera/12.1sp1/nios2eds/bin/gnu/h-i686-mingw32/bin/../lib/gcc/nios2-elf/4.1.2/../../../../nios2-elf/lib/mno-hw-mul\libc.a(lib_a-strcmp.o)
                0x00809b9c                strcmp
 .text          0x00809c58       0x78 c:/altera/12.1sp1/nios2eds/bin/gnu/h-i686-mingw32/bin/../lib/gcc/nios2-elf/4.1.2/../../../../nios2-elf/lib/mno-hw-mul\libc.a(lib_a-writer.o)
                0x00809c58                _write_r
 .text          0x00809cd0       0x70 c:/altera/12.1sp1/nios2eds/bin/gnu/h-i686-mingw32/bin/../lib/gcc/nios2-elf/4.1.2/../../../../nios2-elf/lib/mno-hw-mul\libc.a(lib_a-closer.o)
                0x00809cd0                _close_r
 .text          0x00809d40      0x124 c:/altera/12.1sp1/nios2eds/bin/gnu/h-i686-mingw32/bin/../lib/gcc/nios2-elf/4.1.2/../../../../nios2-elf/lib/mno-hw-mul\libc.a(lib_a-fclose.o)
                0x00809d40                _fclose_r
                0x00809e50                fclose
 .text          0x00809e64       0x74 c:/altera/12.1sp1/nios2eds/bin/gnu/h-i686-mingw32/bin/../lib/gcc/nios2-elf/4.1.2/../../../../nios2-elf/lib/mno-hw-mul\libc.a(lib_a-fstatr.o)
                0x00809e64                _fstat_r
 .text          0x00809ed8       0x70 c:/altera/12.1sp1/nios2eds/bin/gnu/h-i686-mingw32/bin/../lib/gcc/nios2-elf/4.1.2/../../../../nios2-elf/lib/mno-hw-mul\libc.a(lib_a-isattyr.o)
                0x00809ed8                _isatty_r
 .text          0x00809f48       0x78 c:/altera/12.1sp1/nios2eds/bin/gnu/h-i686-mingw32/bin/../lib/gcc/nios2-elf/4.1.2/../../../../nios2-elf/lib/mno-hw-mul\libc.a(lib_a-lseekr.o)
                0x00809f48                _lseek_r
 .text          0x00809fc0       0x78 c:/altera/12.1sp1/nios2eds/bin/gnu/h-i686-mingw32/bin/../lib/gcc/nios2-elf/4.1.2/../../../../nios2-elf/lib/mno-hw-mul\libc.a(lib_a-readr.o)
                0x00809fc0                _read_r
 .text          0x0080a038      0x66c c:/altera/12.1sp1/nios2eds/bin/gnu/h-i686-mingw32/bin/../lib/gcc/nios2-elf/4.1.2/mno-hw-mul\libgcc.a(_udivdi3.o)
                0x0080a038                __udivdi3
 .text          0x0080a6a4      0x660 c:/altera/12.1sp1/nios2eds/bin/gnu/h-i686-mingw32/bin/../lib/gcc/nios2-elf/4.1.2/mno-hw-mul\libgcc.a(_umoddi3.o)
                0x0080a6a4                __umoddi3
 .text          0x0080ad04      0x258 c:/altera/12.1sp1/nios2eds/bin/gnu/h-i686-mingw32/bin/../lib/gcc/nios2-elf/4.1.2/mno-hw-mul\libgcc.a(_div_df.o)
                0x0080ad04                __divdf3
 .text          0x0080af5c       0x88 c:/altera/12.1sp1/nios2eds/bin/gnu/h-i686-mingw32/bin/../lib/gcc/nios2-elf/4.1.2/mno-hw-mul\libgcc.a(_eq_df.o)
                0x0080af5c                __eqdf2
 .text          0x0080afe4       0x88 c:/altera/12.1sp1/nios2eds/bin/gnu/h-i686-mingw32/bin/../lib/gcc/nios2-elf/4.1.2/mno-hw-mul\libgcc.a(_ne_df.o)
                0x0080afe4                __nedf2
 .text          0x0080b06c       0x88 c:/altera/12.1sp1/nios2eds/bin/gnu/h-i686-mingw32/bin/../lib/gcc/nios2-elf/4.1.2/mno-hw-mul\libgcc.a(_gt_df.o)
                0x0080b06c                __gtdf2
 .text          0x0080b0f4       0x88 c:/altera/12.1sp1/nios2eds/bin/gnu/h-i686-mingw32/bin/../lib/gcc/nios2-elf/4.1.2/mno-hw-mul\libgcc.a(_ge_df.o)
                0x0080b0f4                __gedf2
 .text          0x0080b17c       0x88 c:/altera/12.1sp1/nios2eds/bin/gnu/h-i686-mingw32/bin/../lib/gcc/nios2-elf/4.1.2/mno-hw-mul\libgcc.a(_lt_df.o)
                0x0080b17c                __ltdf2
 .text          0x0080b204      0x194 c:/altera/12.1sp1/nios2eds/bin/gnu/h-i686-mingw32/bin/../lib/gcc/nios2-elf/4.1.2/mno-hw-mul\libgcc.a(_usi_to_df.o)
                0x0080b204                __floatunsidf
 .text          0x0080b398      0x14c c:/altera/12.1sp1/nios2eds/bin/gnu/h-i686-mingw32/bin/../lib/gcc/nios2-elf/4.1.2/mno-hw-mul\libgcc.a(lib2-divmod.o)
                0x0080b414                __divsi3
                0x0080b474                __modsi3
                0x0080b4d4                __udivsi3
                0x0080b4dc                __umodsi3
 .text          0x0080b4e4       0xc8 c:/altera/12.1sp1/nios2eds/bin/gnu/h-i686-mingw32/bin/../lib/gcc/nios2-elf/4.1.2/mno-hw-mul\libgcc.a(_fpcmp_parts_df.o)
                0x0080b4e4                __fpcmp_parts_d
 .text          0x0080b5ac      0x160 C:/Users/jchang3/Documents/ECE492/test/software/accelerometer_pen_bsp/\libucosii_bsp.a(alt_close.o)
                0x0080b5ac                close
 .text          0x0080b70c       0x2c C:/Users/jchang3/Documents/ECE492/test/software/accelerometer_pen_bsp/\libucosii_bsp.a(alt_dev.o)
 .text          0x0080b738        0x0 C:/Users/jchang3/Documents/ECE492/test/software/accelerometer_pen_bsp/\libucosii_bsp.a(alt_errno.o)
 .text          0x0080b738      0x138 C:/Users/jchang3/Documents/ECE492/test/software/accelerometer_pen_bsp/\libucosii_bsp.a(alt_fstat.o)
                0x0080b738                fstat
 .text          0x0080b870      0x124 C:/Users/jchang3/Documents/ECE492/test/software/accelerometer_pen_bsp/\libucosii_bsp.a(alt_isatty.o)
                0x0080b870                isatty
 .text          0x0080b994       0xec C:/Users/jchang3/Documents/ECE492/test/software/accelerometer_pen_bsp/\libucosii_bsp.a(alt_load.o)
                0x0080b994                alt_load
 .text          0x0080ba80      0x154 C:/Users/jchang3/Documents/ECE492/test/software/accelerometer_pen_bsp/\libucosii_bsp.a(alt_lseek.o)
                0x0080ba80                lseek
 .text          0x0080bbd4       0xc8 C:/Users/jchang3/Documents/ECE492/test/software/accelerometer_pen_bsp/\libucosii_bsp.a(alt_main.o)
                0x0080bbd4                alt_main
 .text          0x0080bc9c      0x258 C:/Users/jchang3/Documents/ECE492/test/software/accelerometer_pen_bsp/\libucosii_bsp.a(alt_printf.o)
                0x0080bc9c                alt_printf
 .text          0x0080bef4       0x40 C:/Users/jchang3/Documents/ECE492/test/software/accelerometer_pen_bsp/\libucosii_bsp.a(alt_putchar.o)
                0x0080bef4                alt_putchar
 .text          0x0080bf34      0x184 C:/Users/jchang3/Documents/ECE492/test/software/accelerometer_pen_bsp/\libucosii_bsp.a(alt_read.o)
                0x0080bf34                read
 .text          0x0080c0b8       0x78 C:/Users/jchang3/Documents/ECE492/test/software/accelerometer_pen_bsp/\libucosii_bsp.a(alt_release_fd.o)
                0x0080c0b8                alt_release_fd
 .text          0x0080c130       0xbc C:/Users/jchang3/Documents/ECE492/test/software/accelerometer_pen_bsp/\libucosii_bsp.a(alt_sbrk.o)
                0x0080c130                sbrk
 .text          0x0080c1ec       0xf4 C:/Users/jchang3/Documents/ECE492/test/software/accelerometer_pen_bsp/\libucosii_bsp.a(alt_times.o)
                0x0080c1ec                times
 .text          0x0080c2e0      0x184 C:/Users/jchang3/Documents/ECE492/test/software/accelerometer_pen_bsp/\libucosii_bsp.a(alt_write.o)
                0x0080c2e0                write
 .text          0x0080c464      0x108 C:/Users/jchang3/Documents/ECE492/test/software/accelerometer_pen_bsp/\libucosii_bsp.a(alt_env_lock.o)
                0x0080c464                __env_lock
                0x0080c510                __env_unlock
 .text          0x0080c56c      0x1d8 C:/Users/jchang3/Documents/ECE492/test/software/accelerometer_pen_bsp/\libucosii_bsp.a(alt_malloc_lock.o)
                0x0080c56c                __malloc_lock
                0x0080c674                __malloc_unlock
 .text          0x0080c744     0x2128 C:/Users/jchang3/Documents/ECE492/test/software/accelerometer_pen_bsp/\libucosii_bsp.a(os_core.o)
                0x0080c744                OSEventNameGet
                0x0080c874                OSEventNameSet
                0x0080c9b8                OSEventPendMulti
                0x0080d06c                OSInit
                0x0080d0c0                OSIntEnter
                0x0080d13c                OSIntExit
                0x0080d23c                OSSchedLock
                0x0080d2c8                OSSchedUnlock
                0x0080d3ac                OSStart
                0x0080d41c                OSStatInit
                0x0080d4c8                OSTimeTick
                0x0080d708                OSVersion
                0x0080d728                OS_Dummy
                0x0080d744                OS_EventTaskRdy
                0x0080d8d8                OS_EventTaskWait
                0x0080d9e8                OS_EventTaskWaitMulti
                0x0080db3c                OS_EventTaskRemove
                0x0080dbf4                OS_EventTaskRemoveMulti
                0x0080dcf8                OS_EventWaitListInit
                0x0080e0c4                OS_MemClr
                0x0080e118                OS_MemCopy
                0x0080e184                OS_Sched
                0x0080e2c8                OS_StrCopy
                0x0080e348                OS_StrLen
                0x0080e3a0                OS_TaskIdle
                0x0080e3fc                OS_TaskStat
                0x0080e4c4                OS_TaskStatStkChk
                0x0080e58c                OS_TCBInit
 .text          0x0080e86c      0x18c C:/Users/jchang3/Documents/ECE492/test/software/accelerometer_pen_bsp/\libucosii_bsp.a(os_dbg.o)
                0x0080e86c                OSDebugInit
 .text          0x0080e9f8     0x193c C:/Users/jchang3/Documents/ECE492/test/software/accelerometer_pen_bsp/\libucosii_bsp.a(os_flag.o)
                0x0080e9f8                OSFlagAccept
                0x0080ed2c                OSFlagCreate
                0x0080ee68                OSFlagDel
                0x0080f110                OSFlagNameGet
                0x0080f254                OSFlagNameSet
                0x0080f3a8                OSFlagPend
                0x0080f9ec                OSFlagPendGetFlagsRdy
                0x0080fa54                OSFlagPost
                0x0080fdfc                OSFlagQuery
                0x00810094                OS_FlagInit
                0x00810288                OS_FlagUnlink
 .text          0x00810334      0x80c C:/Users/jchang3/Documents/ECE492/test/software/accelerometer_pen_bsp/\libucosii_bsp.a(os_mem.o)
                0x00810334                OSMemCreate
                0x00810550                OSMemGet
                0x00810654                OSMemNameGet
                0x00810760                OSMemNameSet
                0x00810880                OSMemPut
                0x00810970                OSMemQuery
                0x00810a6c                OS_MemInit
 .text          0x00810b40     0x1334 C:/Users/jchang3/Documents/ECE492/test/software/accelerometer_pen_bsp/\libucosii_bsp.a(os_q.o)
                0x00810b40                OSQAccept
                0x00810c94                OSQCreate
                0x00810ea8                OSQDel
                0x008111a8                OSQFlush
                0x00811270                OSQPend
                0x00811590                OSQPendAbort
                0x0081170c                OSQPost
                0x0081188c                OSQPostFront
                0x00811a14                OSQPostOpt
                0x00811c48                OSQQuery
                0x00811dc8                OS_QInit
 .text          0x00811e74      0xbc8 C:/Users/jchang3/Documents/ECE492/test/software/accelerometer_pen_bsp/\libucosii_bsp.a(os_sem.o)
                0x00811e74                OSSemAccept
                0x00811f34                OSSemCreate
                0x00812048                OSSemDel
                0x008122e8                OSSemPend
                0x00812564                OSSemPendAbort
                0x008126e0                OSSemPost
                0x00812808                OSSemQuery
                0x00812938                OSSemSet
 .text          0x00812a3c     0x1a40 C:/Users/jchang3/Documents/ECE492/test/software/accelerometer_pen_bsp/\libucosii_bsp.a(os_task.o)
                0x00812a3c                OSTaskChangePrio
                0x00812fb0                OSTaskCreate
                0x00813184                OSTaskCreateExt
                0x00813384                OSTaskDel
                0x00813790                OSTaskDelReq
                0x00813900                OSTaskNameGet
                0x00813ab8                OSTaskNameSet
                0x00813c7c                OSTaskResume
                0x00813e94                OSTaskStkChk
                0x00814090                OSTaskSuspend
                0x008142bc                OSTaskQuery
                0x00814400                OS_TaskStkClr
 .text          0x0081447c      0x5b4 C:/Users/jchang3/Documents/ECE492/test/software/accelerometer_pen_bsp/\libucosii_bsp.a(os_time.o)
                0x0081447c                OSTimeDly
                0x008145c8                OSTimeDlyHMSM
                0x00814758                OSTimeDlyResume
                0x00814968                OSTimeGet
                0x008149cc                OSTimeSet
 .text          0x00814a30       0xf8 C:/Users/jchang3/Documents/ECE492/test/software/accelerometer_pen_bsp/\libucosii_bsp.a(alt_sys_init.o)
                0x00814a30                alt_irq_init
                0x00814a64                alt_sys_init
 .text          0x00814b28      0x148 C:/Users/jchang3/Documents/ECE492/test/software/accelerometer_pen_bsp/\libucosii_bsp.a(altera_avalon_jtag_uart_fd.o)
                0x00814b28                altera_avalon_jtag_uart_read_fd
                0x00814b80                altera_avalon_jtag_uart_write_fd
                0x00814bd8                altera_avalon_jtag_uart_close_fd
                0x00814c20                altera_avalon_jtag_uart_ioctl_fd
 .text          0x00814c70      0x580 C:/Users/jchang3/Documents/ECE492/test/software/accelerometer_pen_bsp/\libucosii_bsp.a(altera_avalon_jtag_uart_init.o)
                0x00814c70                altera_avalon_jtag_uart_init
                0x0081517c                altera_avalon_jtag_uart_close
 .text          0x008151f0       0xf4 C:/Users/jchang3/Documents/ECE492/test/software/accelerometer_pen_bsp/\libucosii_bsp.a(altera_avalon_jtag_uart_ioctl.o)
                0x008151f0                altera_avalon_jtag_uart_ioctl
 .text          0x008152e4      0x2c0 C:/Users/jchang3/Documents/ECE492/test/software/accelerometer_pen_bsp/\libucosii_bsp.a(altera_avalon_jtag_uart_read.o)
                0x008152e4                altera_avalon_jtag_uart_read
 .text          0x008155a4      0x2dc C:/Users/jchang3/Documents/ECE492/test/software/accelerometer_pen_bsp/\libucosii_bsp.a(altera_avalon_jtag_uart_write.o)
                0x008155a4                altera_avalon_jtag_uart_write
 .text          0x00815880       0xfc C:/Users/jchang3/Documents/ECE492/test/software/accelerometer_pen_bsp/\libucosii_bsp.a(altera_avalon_timer_sc.o)
                0x008158f4                alt_avalon_timer_sc_init
 .text          0x0081597c      0x530 C:/Users/jchang3/Documents/ECE492/test/software/accelerometer_pen_bsp/\libucosii_bsp.a(altera_up_avalon_character_lcd.o)
                0x0081597c                get_DDRAM_addr
                0x008159f8                alt_up_character_lcd_send_cmd
                0x00815a2c                alt_up_character_lcd_init
                0x00815a60                alt_up_character_lcd_open_dev
                0x00815aa0                alt_up_character_lcd_write
                0x00815b18                alt_up_character_lcd_string
                0x00815b90                alt_up_character_lcd_write_fd
                0x00815bdc                alt_up_character_lcd_set_cursor_pos
                0x00815c54                alt_up_character_lcd_shift_cursor
                0x00815d04                alt_up_character_lcd_shift_display
                0x00815db4                alt_up_character_lcd_erase_pos
                0x00815e44                alt_up_character_lcd_cursor_off
                0x00815e78                alt_up_character_lcd_cursor_blink_on
 .text          0x00815eac      0x398 C:/Users/jchang3/Documents/ECE492/test/software/accelerometer_pen_bsp/\libucosii_bsp.a(altera_up_avalon_rs232.o)
                0x00815eac                alt_up_rs232_enable_read_interrupt
                0x00815f00                alt_up_rs232_disable_read_interrupt
                0x00815f58                alt_up_rs232_get_used_space_in_read_FIFO
                0x00815f94                alt_up_rs232_get_available_space_in_write_FIFO
                0x00815fd4                alt_up_rs232_check_parity
                0x00816024                alt_up_rs232_write_data
                0x0081606c                alt_up_rs232_read_data
                0x008160e0                alt_up_rs232_read_fd
                0x00816170                alt_up_rs232_write_fd
                0x00816204                alt_up_rs232_open_dev
 .text          0x00816244     0x4440 C:/Users/jchang3/Documents/ECE492/test/software/accelerometer_pen_bsp/\libucosii_bsp.a(altera_up_sd_card_avalon_interface.o)
                0x00816244                Write_Sector_Data
                0x0081630c                Save_Modified_Sector
                0x0081635c                Read_Sector_Data
                0x00816458                get_cluster_flag
                0x00816510                mark_cluster
                0x008165f4                Check_for_Master_Boot_Record
                0x008167a4                Read_File_Record_At_Offset
                0x00816a28                Write_File_Record_At_Offset
                0x00816ce0                Check_for_DOS_FAT
                0x00817328                Look_for_FAT16
                0x00817420                filename_to_upper_case
                0x008174f0                check_file_name_for_FAT16_compliance
                0x00817780                get_dir_divider_location
                0x00817840                match_file_record_to_name_ext
                0x00817b2c                get_home_directory_cluster_for_file
                0x00818040                find_file_in_directory
                0x008184a4                find_first_empty_cluster
                0x00818648                find_first_empty_record_in_a_subdirectory
                0x00818894                find_first_empty_record_in_root_directory
                0x008189c0                convert_filename_to_name_extension
                0x00818b78                create_file
                0x00818e54                copy_file_record_name_to_string
                0x00818fa8                alt_up_sd_card_open_dev
                0x0081906c                alt_up_sd_card_is_Present
                0x00819134                alt_up_sd_card_is_FAT16
                0x008191a8                alt_up_sd_card_find_first
                0x0081927c                alt_up_sd_card_find_next
                0x0081962c                alt_up_sd_card_fopen
                0x008199d4                alt_up_sd_card_set_attributes
                0x00819a64                alt_up_sd_card_get_attributes
                0x00819af0                alt_up_sd_card_read
                0x00819e8c                alt_up_sd_card_write
                0x0081a4b0                alt_up_sd_card_fclose
 .text          0x0081a684      0x154 C:/Users/jchang3/Documents/ECE492/test/software/accelerometer_pen_bsp/\libucosii_bsp.a(alt_alarm_start.o)
                0x0081a684                alt_alarm_start
 .text          0x0081a7d8       0x1c C:/Users/jchang3/Documents/ECE492/test/software/accelerometer_pen_bsp/\libucosii_bsp.a(alt_dcache_flush_all.o)
                0x0081a7d8                alt_dcache_flush_all
 .text          0x0081a7f4      0x114 C:/Users/jchang3/Documents/ECE492/test/software/accelerometer_pen_bsp/\libucosii_bsp.a(alt_dev_llist_insert.o)
                0x0081a7f4                alt_dev_llist_insert
 .text          0x0081a908       0x64 C:/Users/jchang3/Documents/ECE492/test/software/accelerometer_pen_bsp/\libucosii_bsp.a(alt_do_ctors.o)
                0x0081a908                _do_ctors
 .text          0x0081a96c       0x64 C:/Users/jchang3/Documents/ECE492/test/software/accelerometer_pen_bsp/\libucosii_bsp.a(alt_do_dtors.o)
                0x0081a96c                _do_dtors
 .text          0x0081a9d0       0x94 C:/Users/jchang3/Documents/ECE492/test/software/accelerometer_pen_bsp/\libucosii_bsp.a(alt_find_dev.o)
                0x0081a9d0                alt_find_dev
 .text          0x0081aa64       0x1c C:/Users/jchang3/Documents/ECE492/test/software/accelerometer_pen_bsp/\libucosii_bsp.a(alt_icache_flush_all.o)
                0x0081aa64                alt_icache_flush_all
 .text          0x0081aa80      0x150 C:/Users/jchang3/Documents/ECE492/test/software/accelerometer_pen_bsp/\libucosii_bsp.a(alt_io_redirect.o)
                0x0081ab58                alt_io_redirect
 .text          0x0081abd0      0x1c0 C:/Users/jchang3/Documents/ECE492/test/software/accelerometer_pen_bsp/\libucosii_bsp.a(alt_irq_register.o)
                0x0081abd0                alt_irq_register
 .text          0x0081ad90        0x0 C:/Users/jchang3/Documents/ECE492/test/software/accelerometer_pen_bsp/\libucosii_bsp.a(alt_irq_vars.o)
 .text          0x0081ad90      0x2e4 C:/Users/jchang3/Documents/ECE492/test/software/accelerometer_pen_bsp/\libucosii_bsp.a(alt_open.o)
                0x0081ae88                open
 .text          0x0081b074      0x1a8 C:/Users/jchang3/Documents/ECE492/test/software/accelerometer_pen_bsp/\libucosii_bsp.a(alt_tick.o)
                0x0081b074                alt_alarm_stop
                0x0081b10c                alt_tick
 .text          0x0081b21c       0x20 C:/Users/jchang3/Documents/ECE492/test/software/accelerometer_pen_bsp/\libucosii_bsp.a(altera_nios2_qsys_irq.o)
                0x0081b21c                altera_nios2_qsys_irq_init
 .text          0x0081b23c       0xd0 C:/Users/jchang3/Documents/ECE492/test/software/accelerometer_pen_bsp/\libucosii_bsp.a(os_cpu_a.o)
                0x0081b23c                OSCtxSw
                0x0081b23c                OSIntCtxSw
                0x0081b2c8                OSStartHighRdy
                0x0081b2e8                OSStartTsk
 .text          0x0081b30c      0x418 C:/Users/jchang3/Documents/ECE492/test/software/accelerometer_pen_bsp/\libucosii_bsp.a(os_cpu_c.o)
                0x0081b30c                OSTaskStkInit
                0x0081b61c                OSTaskCreateHook
                0x0081b63c                OSTaskDelHook
                0x0081b65c                OSTaskSwHook
                0x0081b678                OSTaskStatHook
                0x0081b694                OSTimeTickHook
                0x0081b6b0                OSInitHookBegin
                0x0081b6cc                OSInitHookEnd
                0x0081b6e8                OSTaskIdleHook
                0x0081b704                OSTCBInitHook
 .text          0x0081b724      0x120 C:/Users/jchang3/Documents/ECE492/test/software/accelerometer_pen_bsp/\libucosii_bsp.a(alt_find_file.o)
                0x0081b724                alt_find_file
 .text          0x0081b844      0x104 C:/Users/jchang3/Documents/ECE492/test/software/accelerometer_pen_bsp/\libucosii_bsp.a(alt_get_fd.o)
                0x0081b844                alt_get_fd
 .text          0x0081b948        0x0 C:/Users/jchang3/Documents/ECE492/test/software/accelerometer_pen_bsp/\libucosii_bsp.a(alt_irq_entry.o)
 .text          0x0081b948        0x0 C:/Users/jchang3/Documents/ECE492/test/software/accelerometer_pen_bsp/\libucosii_bsp.a(alt_irq_handler.o)
 .text          0x0081b948        0x0 C:/Users/jchang3/Documents/ECE492/test/software/accelerometer_pen_bsp/\libucosii_bsp.a(alt_exception_entry.o)
 .text          0x0081b948       0x14 c:/altera/12.1sp1/nios2eds/bin/gnu/h-i686-mingw32/bin/../lib/gcc/nios2-elf/4.1.2/../../../../nios2-elf/lib/mno-hw-mul\libc.a(lib_a-atexit.o)
                0x0081b948                atexit
 .text          0x0081b95c       0x38 c:/altera/12.1sp1/nios2eds/bin/gnu/h-i686-mingw32/bin/../lib/gcc/nios2-elf/4.1.2/../../../../nios2-elf/lib/mno-hw-mul\libc.a(lib_a-exit.o)
                0x0081b95c                exit
 .text          0x0081b994       0x74 c:/altera/12.1sp1/nios2eds/bin/gnu/h-i686-mingw32/bin/../lib/gcc/nios2-elf/4.1.2/../../../../nios2-elf/lib/mno-hw-mul\libc.a(lib_a-memcmp.o)
                0x0081b994                memcmp
 .text          0x0081ba08      0x1ec c:/altera/12.1sp1/nios2eds/bin/gnu/h-i686-mingw32/bin/../lib/gcc/nios2-elf/4.1.2/../../../../nios2-elf/lib/mno-hw-mul\libc.a(lib_a-putc.o)
                0x0081ba08                putc
                0x0081bb0c                _putc_r
 .text          0x0081bbf4      0x14c c:/altera/12.1sp1/nios2eds/bin/gnu/h-i686-mingw32/bin/../lib/gcc/nios2-elf/4.1.2/../../../../nios2-elf/lib/mno-hw-mul\libc.a(lib_a-wbuf.o)
                0x0081bbf4                __swbuf_r
                0x0081bd24                __swbuf
 .text          0x0081bd40      0x134 c:/altera/12.1sp1/nios2eds/bin/gnu/h-i686-mingw32/bin/../lib/gcc/nios2-elf/4.1.2/../../../../nios2-elf/lib/mno-hw-mul\libc.a(lib_a-__atexit.o)
                0x0081bd40                __register_exitproc
 .text          0x0081be74      0x1b4 c:/altera/12.1sp1/nios2eds/bin/gnu/h-i686-mingw32/bin/../lib/gcc/nios2-elf/4.1.2/../../../../nios2-elf/lib/mno-hw-mul\libc.a(lib_a-__call_atexit.o)
                0x0081be78                __call_exitprocs
 .text          0x0081c028       0x6c C:/Users/jchang3/Documents/ECE492/test/software/accelerometer_pen_bsp/\libucosii_bsp.a(alt_exit.o)
                0x0081c068                _exit
 *(.gnu.warning.*)
 *(.fini)
                0x0081c094                PROVIDE (__etext, ABSOLUTE (.))
                0x0081c094                PROVIDE (_etext, ABSOLUTE (.))
                0x0081c094                PROVIDE (etext, ABSOLUTE (.))
 *(.eh_frame_hdr)
                0x0081c094                . = ALIGN (0x4)
                0x0081c094                PROVIDE (__preinit_array_start, ABSOLUTE (.))
 *(.preinit_array)
                0x0081c094                PROVIDE (__preinit_array_end, ABSOLUTE (.))
                0x0081c094                PROVIDE (__init_array_start, ABSOLUTE (.))
 *(.init_array)
                0x0081c094                PROVIDE (__init_array_end, ABSOLUTE (.))
                0x0081c094                PROVIDE (__fini_array_start, ABSOLUTE (.))
 *(.fini_array)
                0x0081c094                PROVIDE (__fini_array_end, ABSOLUTE (.))
 *(.eh_frame)
 *(.gcc_except_table)
 *(.dynamic)
                0x0081c094                PROVIDE (__CTOR_LIST__, ABSOLUTE (.))
 *(.ctors)
 *(SORT(.ctors.*))
 .ctors.65535   0x0081c094        0x4 c:/altera/12.1sp1/nios2eds/bin/gnu/h-i686-mingw32/bin/../lib/gcc/nios2-elf/4.1.2/../../../../nios2-elf/lib/mno-hw-mul\libc.a(lib_a-__call_atexit.o)
                0x0081c098                PROVIDE (__CTOR_END__, ABSOLUTE (.))
                0x0081c098                PROVIDE (__DTOR_LIST__, ABSOLUTE (.))
 *(.dtors)
 *(SORT(.dtors.*))
                0x0081c098                PROVIDE (__DTOR_END__, ABSOLUTE (.))
 *(.jcr)
                0x0081c098                . = ALIGN (0x4)

.rodata         0x0081c098      0x7b0
                0x0081c098                PROVIDE (__ram_rodata_start, ABSOLUTE (.))
                0x0081c098                . = ALIGN (0x4)
 *(.rodata .rodata.* .gnu.linkonce.r.*)
 .rodata        0x0081c098      0x2e4 obj/default/hello_ucosii.o
 .rodata        0x0081c37c       0x10 c:/altera/12.1sp1/nios2eds/bin/gnu/h-i686-mingw32/bin/../lib/gcc/nios2-elf/4.1.2/mno-hw-mul\libgcc.a(_thenan_sf.o)
                0x0081c37c                __thenan_sf
 .rodata        0x0081c38c       0x14 c:/altera/12.1sp1/nios2eds/bin/gnu/h-i686-mingw32/bin/../lib/gcc/nios2-elf/4.1.2/mno-hw-mul\libgcc.a(_thenan_df.o)
                0x0081c38c                __thenan_df
 .rodata        0x0081c3a0      0x100 c:/altera/12.1sp1/nios2eds/bin/gnu/h-i686-mingw32/bin/../lib/gcc/nios2-elf/4.1.2/mno-hw-mul\libgcc.a(_clz.o)
                0x0081c3a0                __clz_tab
 .rodata.str1.4
                0x0081c4a0        0x2 c:/altera/12.1sp1/nios2eds/bin/gnu/h-i686-mingw32/bin/../lib/gcc/nios2-elf/4.1.2/../../../../nios2-elf/lib/mno-hw-mul\libc.a(lib_a-impure.o)
                                  0x4 (size before relaxing)
 *fill*         0x0081c4a2        0x2 00
 .rodata.str1.4
                0x0081c4a4        0x2 c:/altera/12.1sp1/nios2eds/bin/gnu/h-i686-mingw32/bin/../lib/gcc/nios2-elf/4.1.2/../../../../nios2-elf/lib/mno-hw-mul\libc.a(lib_a-puts.o)
                                  0x4 (size before relaxing)
 *fill*         0x0081c4a6        0x2 00
 .rodata.str1.4
                0x0081c4a8       0x5e c:/altera/12.1sp1/nios2eds/bin/gnu/h-i686-mingw32/bin/../lib/gcc/nios2-elf/4.1.2/../../../../nios2-elf/lib/mno-hw-mul\libc.a(lib_a-vfprintf.o)
                                 0x60 (size before relaxing)
 .rodata        0x0081c506       0x20 c:/altera/12.1sp1/nios2eds/bin/gnu/h-i686-mingw32/bin/../lib/gcc/nios2-elf/4.1.2/../../../../nios2-elf/lib/mno-hw-mul\libc.a(lib_a-vfprintf.o)
 *fill*         0x0081c526        0x2 00
 .rodata.str1.4
                0x0081c528       0x10 c:/altera/12.1sp1/nios2eds/bin/gnu/h-i686-mingw32/bin/../lib/gcc/nios2-elf/4.1.2/../../../../nios2-elf/lib/mno-hw-mul\libc.a(lib_a-dtoa.o)
                                 0x14 (size before relaxing)
 .rodata.str1.4
                0x0081c538       0x10 c:/altera/12.1sp1/nios2eds/bin/gnu/h-i686-mingw32/bin/../lib/gcc/nios2-elf/4.1.2/../../../../nios2-elf/lib/mno-hw-mul\libc.a(lib_a-locale.o)
                                 0x18 (size before relaxing)
 .rodata        0x0081c548       0x30 c:/altera/12.1sp1/nios2eds/bin/gnu/h-i686-mingw32/bin/../lib/gcc/nios2-elf/4.1.2/../../../../nios2-elf/lib/mno-hw-mul\libc.a(lib_a-locale.o)
 .rodata        0x0081c578      0x124 c:/altera/12.1sp1/nios2eds/bin/gnu/h-i686-mingw32/bin/../lib/gcc/nios2-elf/4.1.2/../../../../nios2-elf/lib/mno-hw-mul\libc.a(lib_a-mprec.o)
                0x0081c578                __mprec_tens
                0x0081c640                __mprec_bigtens
                0x0081c668                __mprec_tinytens
 .rodata        0x0081c69c        0xc C:/Users/jchang3/Documents/ECE492/test/software/accelerometer_pen_bsp/\libucosii_bsp.a(alt_dev.o)
 .rodata        0x0081c6a8       0x14 C:/Users/jchang3/Documents/ECE492/test/software/accelerometer_pen_bsp/\libucosii_bsp.a(alt_main.o)
 .rodata        0x0081c6bc      0x120 C:/Users/jchang3/Documents/ECE492/test/software/accelerometer_pen_bsp/\libucosii_bsp.a(os_core.o)
                0x0081c6bc                OSUnMapTbl
 .rodata        0x0081c7dc       0x68 C:/Users/jchang3/Documents/ECE492/test/software/accelerometer_pen_bsp/\libucosii_bsp.a(alt_sys_init.o)
 .rodata        0x0081c844        0x4 C:/Users/jchang3/Documents/ECE492/test/software/accelerometer_pen_bsp/\libucosii_bsp.a(os_cpu_c.o)
 *(.rodata1)
                0x0081c848                . = ALIGN (0x4)
                0x0081c848                PROVIDE (__ram_rodata_end, ABSOLUTE (.))
                0x0081c098                PROVIDE (__flash_rodata_start, LOADADDR (.rodata))

.rwdata         0x0081c848     0x1b68 load address 0x0081e3b0
                0x0081c848                PROVIDE (__ram_rwdata_start, ABSOLUTE (.))
                0x0081c848                . = ALIGN (0x4)
 *(.got.plt)
 *(.got)
 *(.data1)
 *(.data .data.* .gnu.linkonce.d.*)
 .data          0x0081c848        0x0 C:/Users/jchang3/Documents/ECE492/test/software/accelerometer_pen_bsp//obj/HAL/src/crt0.o
 .data          0x0081c848        0x0 obj/default/dtw.o
 .data          0x0081c848        0x0 obj/default/hello_ucosii.o
 .data          0x0081c848        0x0 c:/altera/12.1sp1/nios2eds/bin/gnu/h-i686-mingw32/bin/../lib/gcc/nios2-elf/4.1.2/mno-hw-mul\libgcc.a(_div_sf.o)
 .data          0x0081c848        0x0 c:/altera/12.1sp1/nios2eds/bin/gnu/h-i686-mingw32/bin/../lib/gcc/nios2-elf/4.1.2/mno-hw-mul\libgcc.a(_sf_to_df.o)
 .data          0x0081c848        0x0 c:/altera/12.1sp1/nios2eds/bin/gnu/h-i686-mingw32/bin/../lib/gcc/nios2-elf/4.1.2/mno-hw-mul\libgcc.a(_thenan_sf.o)
 .data          0x0081c848        0x0 c:/altera/12.1sp1/nios2eds/bin/gnu/h-i686-mingw32/bin/../lib/gcc/nios2-elf/4.1.2/mno-hw-mul\libgcc.a(_usi_to_sf.o)
 .data          0x0081c848        0x0 c:/altera/12.1sp1/nios2eds/bin/gnu/h-i686-mingw32/bin/../lib/gcc/nios2-elf/4.1.2/mno-hw-mul\libgcc.a(_addsub_df.o)
 .data          0x0081c848        0x0 c:/altera/12.1sp1/nios2eds/bin/gnu/h-i686-mingw32/bin/../lib/gcc/nios2-elf/4.1.2/mno-hw-mul\libgcc.a(_mul_df.o)
 .data          0x0081c848        0x0 c:/altera/12.1sp1/nios2eds/bin/gnu/h-i686-mingw32/bin/../lib/gcc/nios2-elf/4.1.2/mno-hw-mul\libgcc.a(_si_to_df.o)
 .data          0x0081c848        0x0 c:/altera/12.1sp1/nios2eds/bin/gnu/h-i686-mingw32/bin/../lib/gcc/nios2-elf/4.1.2/mno-hw-mul\libgcc.a(_df_to_si.o)
 .data          0x0081c848        0x0 c:/altera/12.1sp1/nios2eds/bin/gnu/h-i686-mingw32/bin/../lib/gcc/nios2-elf/4.1.2/mno-hw-mul\libgcc.a(_make_df.o)
 .data          0x0081c848        0x0 c:/altera/12.1sp1/nios2eds/bin/gnu/h-i686-mingw32/bin/../lib/gcc/nios2-elf/4.1.2/mno-hw-mul\libgcc.a(_thenan_df.o)
 .data          0x0081c848        0x0 c:/altera/12.1sp1/nios2eds/bin/gnu/h-i686-mingw32/bin/../lib/gcc/nios2-elf/4.1.2/mno-hw-mul\libgcc.a(lib2-mul.o)
 .data          0x0081c848        0x0 c:/altera/12.1sp1/nios2eds/bin/gnu/h-i686-mingw32/bin/../lib/gcc/nios2-elf/4.1.2/mno-hw-mul\libgcc.a(_muldi3.o)
 .data          0x0081c848        0x0 c:/altera/12.1sp1/nios2eds/bin/gnu/h-i686-mingw32/bin/../lib/gcc/nios2-elf/4.1.2/mno-hw-mul\libgcc.a(_clzsi2.o)
 .data          0x0081c848        0x0 c:/altera/12.1sp1/nios2eds/bin/gnu/h-i686-mingw32/bin/../lib/gcc/nios2-elf/4.1.2/mno-hw-mul\libgcc.a(_pack_sf.o)
 .data          0x0081c848        0x0 c:/altera/12.1sp1/nios2eds/bin/gnu/h-i686-mingw32/bin/../lib/gcc/nios2-elf/4.1.2/mno-hw-mul\libgcc.a(_unpack_sf.o)
 .data          0x0081c848        0x0 c:/altera/12.1sp1/nios2eds/bin/gnu/h-i686-mingw32/bin/../lib/gcc/nios2-elf/4.1.2/mno-hw-mul\libgcc.a(_pack_df.o)
 .data          0x0081c848        0x0 c:/altera/12.1sp1/nios2eds/bin/gnu/h-i686-mingw32/bin/../lib/gcc/nios2-elf/4.1.2/mno-hw-mul\libgcc.a(_unpack_df.o)
 .data          0x0081c848        0x0 c:/altera/12.1sp1/nios2eds/bin/gnu/h-i686-mingw32/bin/../lib/gcc/nios2-elf/4.1.2/mno-hw-mul\libgcc.a(_clz.o)
 .data          0x0081c848        0x0 c:/altera/12.1sp1/nios2eds/bin/gnu/h-i686-mingw32/bin/../lib/gcc/nios2-elf/4.1.2/../../../../nios2-elf/lib/mno-hw-mul\libc.a(lib_a-calloc.o)
 .data          0x0081c848        0x0 c:/altera/12.1sp1/nios2eds/bin/gnu/h-i686-mingw32/bin/../lib/gcc/nios2-elf/4.1.2/../../../../nios2-elf/lib/mno-hw-mul\libc.a(lib_a-callocr.o)
 .data          0x0081c848        0x0 c:/altera/12.1sp1/nios2eds/bin/gnu/h-i686-mingw32/bin/../lib/gcc/nios2-elf/4.1.2/../../../../nios2-elf/lib/mno-hw-mul\libc.a(lib_a-clock.o)
 .data          0x0081c848      0x400 c:/altera/12.1sp1/nios2eds/bin/gnu/h-i686-mingw32/bin/../lib/gcc/nios2-elf/4.1.2/../../../../nios2-elf/lib/mno-hw-mul\libc.a(lib_a-impure.o)
 .data          0x0081cc48      0x408 c:/altera/12.1sp1/nios2eds/bin/gnu/h-i686-mingw32/bin/../lib/gcc/nios2-elf/4.1.2/../../../../nios2-elf/lib/mno-hw-mul\libc.a(lib_a-mallocr.o)
                0x0081cc48                __malloc_av_
 .data          0x0081d050        0x0 c:/altera/12.1sp1/nios2eds/bin/gnu/h-i686-mingw32/bin/../lib/gcc/nios2-elf/4.1.2/../../../../nios2-elf/lib/mno-hw-mul\libc.a(lib_a-memset.o)
 .data          0x0081d050        0x0 c:/altera/12.1sp1/nios2eds/bin/gnu/h-i686-mingw32/bin/../lib/gcc/nios2-elf/4.1.2/../../../../nios2-elf/lib/mno-hw-mul\libc.a(lib_a-printf.o)
 .data          0x0081d050        0x0 c:/altera/12.1sp1/nios2eds/bin/gnu/h-i686-mingw32/bin/../lib/gcc/nios2-elf/4.1.2/../../../../nios2-elf/lib/mno-hw-mul\libc.a(lib_a-puts.o)
 .data          0x0081d050        0x0 c:/altera/12.1sp1/nios2eds/bin/gnu/h-i686-mingw32/bin/../lib/gcc/nios2-elf/4.1.2/../../../../nios2-elf/lib/mno-hw-mul\libc.a(lib_a-sbrkr.o)
 .data          0x0081d050        0x0 c:/altera/12.1sp1/nios2eds/bin/gnu/h-i686-mingw32/bin/../lib/gcc/nios2-elf/4.1.2/../../../../nios2-elf/lib/mno-hw-mul\libc.a(lib_a-strlen.o)
 .data          0x0081d050        0x0 c:/altera/12.1sp1/nios2eds/bin/gnu/h-i686-mingw32/bin/../lib/gcc/nios2-elf/4.1.2/../../../../nios2-elf/lib/mno-hw-mul\libc.a(lib_a-timesr.o)
 .data          0x0081d050        0x0 c:/altera/12.1sp1/nios2eds/bin/gnu/h-i686-mingw32/bin/../lib/gcc/nios2-elf/4.1.2/../../../../nios2-elf/lib/mno-hw-mul\libc.a(lib_a-vfprintf.o)
 .data          0x0081d050        0x0 c:/altera/12.1sp1/nios2eds/bin/gnu/h-i686-mingw32/bin/../lib/gcc/nios2-elf/4.1.2/../../../../nios2-elf/lib/mno-hw-mul\libc.a(lib_a-wsetup.o)
 .data          0x0081d050        0x0 c:/altera/12.1sp1/nios2eds/bin/gnu/h-i686-mingw32/bin/../lib/gcc/nios2-elf/4.1.2/../../../../nios2-elf/lib/mno-hw-mul\libc.a(lib_a-dtoa.o)
 .data          0x0081d050        0x0 c:/altera/12.1sp1/nios2eds/bin/gnu/h-i686-mingw32/bin/../lib/gcc/nios2-elf/4.1.2/../../../../nios2-elf/lib/mno-hw-mul\libc.a(lib_a-fflush.o)
 .data          0x0081d050        0x0 c:/altera/12.1sp1/nios2eds/bin/gnu/h-i686-mingw32/bin/../lib/gcc/nios2-elf/4.1.2/../../../../nios2-elf/lib/mno-hw-mul\libc.a(lib_a-findfp.o)
 .data          0x0081d050        0x0 c:/altera/12.1sp1/nios2eds/bin/gnu/h-i686-mingw32/bin/../lib/gcc/nios2-elf/4.1.2/../../../../nios2-elf/lib/mno-hw-mul\libc.a(lib_a-freer.o)
 .data          0x0081d050        0x0 c:/altera/12.1sp1/nios2eds/bin/gnu/h-i686-mingw32/bin/../lib/gcc/nios2-elf/4.1.2/../../../../nios2-elf/lib/mno-hw-mul\libc.a(lib_a-fvwrite.o)
 .data          0x0081d050        0x0 c:/altera/12.1sp1/nios2eds/bin/gnu/h-i686-mingw32/bin/../lib/gcc/nios2-elf/4.1.2/../../../../nios2-elf/lib/mno-hw-mul\libc.a(lib_a-fwalk.o)
 .data          0x0081d050        0x0 c:/altera/12.1sp1/nios2eds/bin/gnu/h-i686-mingw32/bin/../lib/gcc/nios2-elf/4.1.2/../../../../nios2-elf/lib/mno-hw-mul\libc.a(lib_a-int_errno.o)
 .data          0x0081d050        0xc c:/altera/12.1sp1/nios2eds/bin/gnu/h-i686-mingw32/bin/../lib/gcc/nios2-elf/4.1.2/../../../../nios2-elf/lib/mno-hw-mul\libc.a(lib_a-locale.o)
                0x0081d050                __lc_ctype
 .data          0x0081d05c        0x0 c:/altera/12.1sp1/nios2eds/bin/gnu/h-i686-mingw32/bin/../lib/gcc/nios2-elf/4.1.2/../../../../nios2-elf/lib/mno-hw-mul\libc.a(lib_a-makebuf.o)
 .data          0x0081d05c        0x0 c:/altera/12.1sp1/nios2eds/bin/gnu/h-i686-mingw32/bin/../lib/gcc/nios2-elf/4.1.2/../../../../nios2-elf/lib/mno-hw-mul\libc.a(lib_a-memchr.o)
 .data          0x0081d05c        0x0 c:/altera/12.1sp1/nios2eds/bin/gnu/h-i686-mingw32/bin/../lib/gcc/nios2-elf/4.1.2/../../../../nios2-elf/lib/mno-hw-mul\libc.a(lib_a-memcpy.o)
 .data          0x0081d05c        0x0 c:/altera/12.1sp1/nios2eds/bin/gnu/h-i686-mingw32/bin/../lib/gcc/nios2-elf/4.1.2/../../../../nios2-elf/lib/mno-hw-mul\libc.a(lib_a-memmove.o)
 .data          0x0081d05c        0x0 c:/altera/12.1sp1/nios2eds/bin/gnu/h-i686-mingw32/bin/../lib/gcc/nios2-elf/4.1.2/../../../../nios2-elf/lib/mno-hw-mul\libc.a(lib_a-mprec.o)
 .data          0x0081d05c        0x0 c:/altera/12.1sp1/nios2eds/bin/gnu/h-i686-mingw32/bin/../lib/gcc/nios2-elf/4.1.2/../../../../nios2-elf/lib/mno-hw-mul\libc.a(lib_a-reallocr.o)
 .data          0x0081d05c        0x0 c:/altera/12.1sp1/nios2eds/bin/gnu/h-i686-mingw32/bin/../lib/gcc/nios2-elf/4.1.2/../../../../nios2-elf/lib/mno-hw-mul\libc.a(lib_a-s_isinfd.o)
 .data          0x0081d05c        0x0 c:/altera/12.1sp1/nios2eds/bin/gnu/h-i686-mingw32/bin/../lib/gcc/nios2-elf/4.1.2/../../../../nios2-elf/lib/mno-hw-mul\libc.a(lib_a-s_isnand.o)
 .data          0x0081d05c        0x0 c:/altera/12.1sp1/nios2eds/bin/gnu/h-i686-mingw32/bin/../lib/gcc/nios2-elf/4.1.2/../../../../nios2-elf/lib/mno-hw-mul\libc.a(lib_a-stdio.o)
 .data          0x0081d05c        0x0 c:/altera/12.1sp1/nios2eds/bin/gnu/h-i686-mingw32/bin/../lib/gcc/nios2-elf/4.1.2/../../../../nios2-elf/lib/mno-hw-mul\libc.a(lib_a-strcmp.o)
 .data          0x0081d05c        0x0 c:/altera/12.1sp1/nios2eds/bin/gnu/h-i686-mingw32/bin/../lib/gcc/nios2-elf/4.1.2/../../../../nios2-elf/lib/mno-hw-mul\libc.a(lib_a-writer.o)
 .data          0x0081d05c        0x0 c:/altera/12.1sp1/nios2eds/bin/gnu/h-i686-mingw32/bin/../lib/gcc/nios2-elf/4.1.2/../../../../nios2-elf/lib/mno-hw-mul\libc.a(lib_a-closer.o)
 .data          0x0081d05c        0x0 c:/altera/12.1sp1/nios2eds/bin/gnu/h-i686-mingw32/bin/../lib/gcc/nios2-elf/4.1.2/../../../../nios2-elf/lib/mno-hw-mul\libc.a(lib_a-fclose.o)
 .data          0x0081d05c        0x0 c:/altera/12.1sp1/nios2eds/bin/gnu/h-i686-mingw32/bin/../lib/gcc/nios2-elf/4.1.2/../../../../nios2-elf/lib/mno-hw-mul\libc.a(lib_a-fstatr.o)
 .data          0x0081d05c        0x0 c:/altera/12.1sp1/nios2eds/bin/gnu/h-i686-mingw32/bin/../lib/gcc/nios2-elf/4.1.2/../../../../nios2-elf/lib/mno-hw-mul\libc.a(lib_a-isattyr.o)
 .data          0x0081d05c        0x0 c:/altera/12.1sp1/nios2eds/bin/gnu/h-i686-mingw32/bin/../lib/gcc/nios2-elf/4.1.2/../../../../nios2-elf/lib/mno-hw-mul\libc.a(lib_a-lseekr.o)
 .data          0x0081d05c        0x0 c:/altera/12.1sp1/nios2eds/bin/gnu/h-i686-mingw32/bin/../lib/gcc/nios2-elf/4.1.2/../../../../nios2-elf/lib/mno-hw-mul\libc.a(lib_a-readr.o)
 .data          0x0081d05c        0x0 c:/altera/12.1sp1/nios2eds/bin/gnu/h-i686-mingw32/bin/../lib/gcc/nios2-elf/4.1.2/mno-hw-mul\libgcc.a(_udivdi3.o)
 .data          0x0081d05c        0x0 c:/altera/12.1sp1/nios2eds/bin/gnu/h-i686-mingw32/bin/../lib/gcc/nios2-elf/4.1.2/mno-hw-mul\libgcc.a(_umoddi3.o)
 .data          0x0081d05c        0x0 c:/altera/12.1sp1/nios2eds/bin/gnu/h-i686-mingw32/bin/../lib/gcc/nios2-elf/4.1.2/mno-hw-mul\libgcc.a(_div_df.o)
 .data          0x0081d05c        0x0 c:/altera/12.1sp1/nios2eds/bin/gnu/h-i686-mingw32/bin/../lib/gcc/nios2-elf/4.1.2/mno-hw-mul\libgcc.a(_eq_df.o)
 .data          0x0081d05c        0x0 c:/altera/12.1sp1/nios2eds/bin/gnu/h-i686-mingw32/bin/../lib/gcc/nios2-elf/4.1.2/mno-hw-mul\libgcc.a(_ne_df.o)
 .data          0x0081d05c        0x0 c:/altera/12.1sp1/nios2eds/bin/gnu/h-i686-mingw32/bin/../lib/gcc/nios2-elf/4.1.2/mno-hw-mul\libgcc.a(_gt_df.o)
 .data          0x0081d05c        0x0 c:/altera/12.1sp1/nios2eds/bin/gnu/h-i686-mingw32/bin/../lib/gcc/nios2-elf/4.1.2/mno-hw-mul\libgcc.a(_ge_df.o)
 .data          0x0081d05c        0x0 c:/altera/12.1sp1/nios2eds/bin/gnu/h-i686-mingw32/bin/../lib/gcc/nios2-elf/4.1.2/mno-hw-mul\libgcc.a(_lt_df.o)
 .data          0x0081d05c        0x0 c:/altera/12.1sp1/nios2eds/bin/gnu/h-i686-mingw32/bin/../lib/gcc/nios2-elf/4.1.2/mno-hw-mul\libgcc.a(_usi_to_df.o)
 .data          0x0081d05c        0x0 c:/altera/12.1sp1/nios2eds/bin/gnu/h-i686-mingw32/bin/../lib/gcc/nios2-elf/4.1.2/mno-hw-mul\libgcc.a(lib2-divmod.o)
 .data          0x0081d05c        0x0 c:/altera/12.1sp1/nios2eds/bin/gnu/h-i686-mingw32/bin/../lib/gcc/nios2-elf/4.1.2/mno-hw-mul\libgcc.a(_fpcmp_parts_df.o)
 .data          0x0081d05c        0x0 C:/Users/jchang3/Documents/ECE492/test/software/accelerometer_pen_bsp/\libucosii_bsp.a(alt_close.o)
 .data          0x0081d05c      0x1a8 C:/Users/jchang3/Documents/ECE492/test/software/accelerometer_pen_bsp/\libucosii_bsp.a(alt_dev.o)
                0x0081d05c                alt_dev_null
                0x0081d084                alt_fd_list
 .data          0x0081d204        0x0 C:/Users/jchang3/Documents/ECE492/test/software/accelerometer_pen_bsp/\libucosii_bsp.a(alt_errno.o)
 .data          0x0081d204        0x0 C:/Users/jchang3/Documents/ECE492/test/software/accelerometer_pen_bsp/\libucosii_bsp.a(alt_fstat.o)
 .data          0x0081d204        0x0 C:/Users/jchang3/Documents/ECE492/test/software/accelerometer_pen_bsp/\libucosii_bsp.a(alt_isatty.o)
 .data          0x0081d204        0x0 C:/Users/jchang3/Documents/ECE492/test/software/accelerometer_pen_bsp/\libucosii_bsp.a(alt_load.o)
 .data          0x0081d204        0x0 C:/Users/jchang3/Documents/ECE492/test/software/accelerometer_pen_bsp/\libucosii_bsp.a(alt_lseek.o)
 .data          0x0081d204        0x0 C:/Users/jchang3/Documents/ECE492/test/software/accelerometer_pen_bsp/\libucosii_bsp.a(alt_main.o)
 .data          0x0081d204        0x0 C:/Users/jchang3/Documents/ECE492/test/software/accelerometer_pen_bsp/\libucosii_bsp.a(alt_printf.o)
 .data          0x0081d204        0x0 C:/Users/jchang3/Documents/ECE492/test/software/accelerometer_pen_bsp/\libucosii_bsp.a(alt_putchar.o)
 .data          0x0081d204        0x0 C:/Users/jchang3/Documents/ECE492/test/software/accelerometer_pen_bsp/\libucosii_bsp.a(alt_read.o)
 .data          0x0081d204        0x0 C:/Users/jchang3/Documents/ECE492/test/software/accelerometer_pen_bsp/\libucosii_bsp.a(alt_release_fd.o)
 .data          0x0081d204        0x0 C:/Users/jchang3/Documents/ECE492/test/software/accelerometer_pen_bsp/\libucosii_bsp.a(alt_sbrk.o)
 .data          0x0081d204        0x0 C:/Users/jchang3/Documents/ECE492/test/software/accelerometer_pen_bsp/\libucosii_bsp.a(alt_times.o)
 .data          0x0081d204        0x0 C:/Users/jchang3/Documents/ECE492/test/software/accelerometer_pen_bsp/\libucosii_bsp.a(alt_write.o)
 .data          0x0081d204        0x0 C:/Users/jchang3/Documents/ECE492/test/software/accelerometer_pen_bsp/\libucosii_bsp.a(alt_env_lock.o)
 .data          0x0081d204        0x0 C:/Users/jchang3/Documents/ECE492/test/software/accelerometer_pen_bsp/\libucosii_bsp.a(alt_malloc_lock.o)
 .data          0x0081d204        0x0 C:/Users/jchang3/Documents/ECE492/test/software/accelerometer_pen_bsp/\libucosii_bsp.a(os_core.o)
 .data          0x0081d204        0x0 C:/Users/jchang3/Documents/ECE492/test/software/accelerometer_pen_bsp/\libucosii_bsp.a(os_dbg.o)
 .data          0x0081d204        0x0 C:/Users/jchang3/Documents/ECE492/test/software/accelerometer_pen_bsp/\libucosii_bsp.a(os_flag.o)
 .data          0x0081d204        0x0 C:/Users/jchang3/Documents/ECE492/test/software/accelerometer_pen_bsp/\libucosii_bsp.a(os_mem.o)
 .data          0x0081d204        0x0 C:/Users/jchang3/Documents/ECE492/test/software/accelerometer_pen_bsp/\libucosii_bsp.a(os_q.o)
 .data          0x0081d204        0x0 C:/Users/jchang3/Documents/ECE492/test/software/accelerometer_pen_bsp/\libucosii_bsp.a(os_sem.o)
 .data          0x0081d204        0x0 C:/Users/jchang3/Documents/ECE492/test/software/accelerometer_pen_bsp/\libucosii_bsp.a(os_task.o)
 .data          0x0081d204        0x0 C:/Users/jchang3/Documents/ECE492/test/software/accelerometer_pen_bsp/\libucosii_bsp.a(os_time.o)
 .data          0x0081d204     0x10f0 C:/Users/jchang3/Documents/ECE492/test/software/accelerometer_pen_bsp/\libucosii_bsp.a(alt_sys_init.o)
 .data          0x0081e2f4        0x0 C:/Users/jchang3/Documents/ECE492/test/software/accelerometer_pen_bsp/\libucosii_bsp.a(altera_avalon_jtag_uart_fd.o)
 .data          0x0081e2f4        0x0 C:/Users/jchang3/Documents/ECE492/test/software/accelerometer_pen_bsp/\libucosii_bsp.a(altera_avalon_jtag_uart_init.o)
 .data          0x0081e2f4        0x0 C:/Users/jchang3/Documents/ECE492/test/software/accelerometer_pen_bsp/\libucosii_bsp.a(altera_avalon_jtag_uart_ioctl.o)
 .data          0x0081e2f4        0x0 C:/Users/jchang3/Documents/ECE492/test/software/accelerometer_pen_bsp/\libucosii_bsp.a(altera_avalon_jtag_uart_read.o)
 .data          0x0081e2f4        0x0 C:/Users/jchang3/Documents/ECE492/test/software/accelerometer_pen_bsp/\libucosii_bsp.a(altera_avalon_jtag_uart_write.o)
 .data          0x0081e2f4        0x0 C:/Users/jchang3/Documents/ECE492/test/software/accelerometer_pen_bsp/\libucosii_bsp.a(altera_avalon_timer_sc.o)
 .data          0x0081e2f4        0x0 C:/Users/jchang3/Documents/ECE492/test/software/accelerometer_pen_bsp/\libucosii_bsp.a(altera_up_avalon_character_lcd.o)
 .data          0x0081e2f4        0x0 C:/Users/jchang3/Documents/ECE492/test/software/accelerometer_pen_bsp/\libucosii_bsp.a(altera_up_avalon_rs232.o)
 .data          0x0081e2f4        0x0 C:/Users/jchang3/Documents/ECE492/test/software/accelerometer_pen_bsp/\libucosii_bsp.a(altera_up_sd_card_avalon_interface.o)
 .data          0x0081e2f4        0x0 C:/Users/jchang3/Documents/ECE492/test/software/accelerometer_pen_bsp/\libucosii_bsp.a(alt_alarm_start.o)
 .data          0x0081e2f4        0x0 C:/Users/jchang3/Documents/ECE492/test/software/accelerometer_pen_bsp/\libucosii_bsp.a(alt_dcache_flush_all.o)
 .data          0x0081e2f4        0x0 C:/Users/jchang3/Documents/ECE492/test/software/accelerometer_pen_bsp/\libucosii_bsp.a(alt_dev_llist_insert.o)
 .data          0x0081e2f4        0x0 C:/Users/jchang3/Documents/ECE492/test/software/accelerometer_pen_bsp/\libucosii_bsp.a(alt_do_ctors.o)
 .data          0x0081e2f4        0x0 C:/Users/jchang3/Documents/ECE492/test/software/accelerometer_pen_bsp/\libucosii_bsp.a(alt_do_dtors.o)
 .data          0x0081e2f4        0x0 C:/Users/jchang3/Documents/ECE492/test/software/accelerometer_pen_bsp/\libucosii_bsp.a(alt_find_dev.o)
 .data          0x0081e2f4        0x0 C:/Users/jchang3/Documents/ECE492/test/software/accelerometer_pen_bsp/\libucosii_bsp.a(alt_icache_flush_all.o)
 .data          0x0081e2f4        0x0 C:/Users/jchang3/Documents/ECE492/test/software/accelerometer_pen_bsp/\libucosii_bsp.a(alt_io_redirect.o)
 .data          0x0081e2f4        0x0 C:/Users/jchang3/Documents/ECE492/test/software/accelerometer_pen_bsp/\libucosii_bsp.a(alt_irq_register.o)
 .data          0x0081e2f4        0x0 C:/Users/jchang3/Documents/ECE492/test/software/accelerometer_pen_bsp/\libucosii_bsp.a(alt_irq_vars.o)
 .data          0x0081e2f4        0x0 C:/Users/jchang3/Documents/ECE492/test/software/accelerometer_pen_bsp/\libucosii_bsp.a(alt_open.o)
 .data          0x0081e2f4        0x0 C:/Users/jchang3/Documents/ECE492/test/software/accelerometer_pen_bsp/\libucosii_bsp.a(alt_tick.o)
 .data          0x0081e2f4        0x0 C:/Users/jchang3/Documents/ECE492/test/software/accelerometer_pen_bsp/\libucosii_bsp.a(altera_nios2_qsys_irq.o)
 .data          0x0081e2f4        0x0 C:/Users/jchang3/Documents/ECE492/test/software/accelerometer_pen_bsp/\libucosii_bsp.a(os_cpu_a.o)
 .data          0x0081e2f4        0x0 C:/Users/jchang3/Documents/ECE492/test/software/accelerometer_pen_bsp/\libucosii_bsp.a(os_cpu_c.o)
 .data          0x0081e2f4        0x0 C:/Users/jchang3/Documents/ECE492/test/software/accelerometer_pen_bsp/\libucosii_bsp.a(alt_find_file.o)
 .data          0x0081e2f4        0x0 C:/Users/jchang3/Documents/ECE492/test/software/accelerometer_pen_bsp/\libucosii_bsp.a(alt_get_fd.o)
 .data          0x0081e2f4        0x0 C:/Users/jchang3/Documents/ECE492/test/software/accelerometer_pen_bsp/\libucosii_bsp.a(alt_irq_entry.o)
 .data          0x0081e2f4        0x0 C:/Users/jchang3/Documents/ECE492/test/software/accelerometer_pen_bsp/\libucosii_bsp.a(alt_irq_handler.o)
 .data          0x0081e2f4        0x0 C:/Users/jchang3/Documents/ECE492/test/software/accelerometer_pen_bsp/\libucosii_bsp.a(alt_exception_entry.o)
 .data          0x0081e2f4        0x0 c:/altera/12.1sp1/nios2eds/bin/gnu/h-i686-mingw32/bin/../lib/gcc/nios2-elf/4.1.2/../../../../nios2-elf/lib/mno-hw-mul\libc.a(lib_a-atexit.o)
 .data          0x0081e2f4        0x0 c:/altera/12.1sp1/nios2eds/bin/gnu/h-i686-mingw32/bin/../lib/gcc/nios2-elf/4.1.2/../../../../nios2-elf/lib/mno-hw-mul\libc.a(lib_a-exit.o)
 .data          0x0081e2f4        0x0 c:/altera/12.1sp1/nios2eds/bin/gnu/h-i686-mingw32/bin/../lib/gcc/nios2-elf/4.1.2/../../../../nios2-elf/lib/mno-hw-mul\libc.a(lib_a-memcmp.o)
 .data          0x0081e2f4        0x0 c:/altera/12.1sp1/nios2eds/bin/gnu/h-i686-mingw32/bin/../lib/gcc/nios2-elf/4.1.2/../../../../nios2-elf/lib/mno-hw-mul\libc.a(lib_a-putc.o)
 .data          0x0081e2f4        0x0 c:/altera/12.1sp1/nios2eds/bin/gnu/h-i686-mingw32/bin/../lib/gcc/nios2-elf/4.1.2/../../../../nios2-elf/lib/mno-hw-mul\libc.a(lib_a-wbuf.o)
 .data          0x0081e2f4        0x0 c:/altera/12.1sp1/nios2eds/bin/gnu/h-i686-mingw32/bin/../lib/gcc/nios2-elf/4.1.2/../../../../nios2-elf/lib/mno-hw-mul\libc.a(lib_a-__atexit.o)
 .data          0x0081e2f4        0x0 c:/altera/12.1sp1/nios2eds/bin/gnu/h-i686-mingw32/bin/../lib/gcc/nios2-elf/4.1.2/../../../../nios2-elf/lib/mno-hw-mul\libc.a(lib_a-__call_atexit.o)
 .data          0x0081e2f4        0x0 C:/Users/jchang3/Documents/ECE492/test/software/accelerometer_pen_bsp/\libucosii_bsp.a(alt_exit.o)
                0x008262f4                _gp = ABSOLUTE ((. + 0x8000))
                0x008262f4                PROVIDE (gp, _gp)
 *(.rwdata .rwdata.*)
 *(.sdata .sdata.* .gnu.linkonce.s.*)
 .sdata         0x0081e2f4        0x8 c:/altera/12.1sp1/nios2eds/bin/gnu/h-i686-mingw32/bin/../lib/gcc/nios2-elf/4.1.2/../../../../nios2-elf/lib/mno-hw-mul\libc.a(lib_a-impure.o)
                0x0081e2f4                _impure_ptr
                0x0081e2f8                _global_impure_ptr
 .sdata         0x0081e2fc        0x8 c:/altera/12.1sp1/nios2eds/bin/gnu/h-i686-mingw32/bin/../lib/gcc/nios2-elf/4.1.2/../../../../nios2-elf/lib/mno-hw-mul\libc.a(lib_a-mallocr.o)
                0x0081e2fc                __malloc_trim_threshold
                0x0081e300                __malloc_sbrk_base
 .sdata         0x0081e304        0x8 c:/altera/12.1sp1/nios2eds/bin/gnu/h-i686-mingw32/bin/../lib/gcc/nios2-elf/4.1.2/../../../../nios2-elf/lib/mno-hw-mul\libc.a(lib_a-locale.o)
                0x0081e304                __mb_cur_max
 .sdata         0x0081e30c       0x14 C:/Users/jchang3/Documents/ECE492/test/software/accelerometer_pen_bsp/\libucosii_bsp.a(alt_dev.o)
                0x0081e30c                alt_fs_list
                0x0081e314                alt_dev_list
                0x0081e31c                alt_max_fd
 .sdata         0x0081e320        0x4 C:/Users/jchang3/Documents/ECE492/test/software/accelerometer_pen_bsp/\libucosii_bsp.a(alt_errno.o)
                0x0081e320                alt_errno
 .sdata         0x0081e324        0x4 C:/Users/jchang3/Documents/ECE492/test/software/accelerometer_pen_bsp/\libucosii_bsp.a(alt_sbrk.o)
 .sdata         0x0081e328        0x4 C:/Users/jchang3/Documents/ECE492/test/software/accelerometer_pen_bsp/\libucosii_bsp.a(alt_env_lock.o)
 .sdata         0x0081e32c        0x4 C:/Users/jchang3/Documents/ECE492/test/software/accelerometer_pen_bsp/\libucosii_bsp.a(alt_malloc_lock.o)
 .sdata         0x0081e330       0x74 C:/Users/jchang3/Documents/ECE492/test/software/accelerometer_pen_bsp/\libucosii_bsp.a(os_dbg.o)
                0x0081e330                OSDebugEn
                0x0081e334                OSEndiannessTest
                0x0081e338                OSEventEn
                0x0081e33a                OSEventMax
                0x0081e33c                OSEventNameSize
                0x0081e33e                OSEventSize
                0x0081e340                OSEventTblSize
                0x0081e342                OSEventMultiEn
                0x0081e344                OSFlagEn
                0x0081e346                OSFlagGrpSize
                0x0081e348                OSFlagNodeSize
                0x0081e34a                OSFlagWidth
                0x0081e34c                OSFlagMax
                0x0081e34e                OSFlagNameSize
                0x0081e350                OSLowestPrio
                0x0081e352                OSMboxEn
                0x0081e354                OSMemEn
                0x0081e356                OSMemMax
                0x0081e358                OSMemNameSize
                0x0081e35a                OSMemSize
                0x0081e35c                OSMemTblSize
                0x0081e35e                OSMutexEn
                0x0081e360                OSPtrSize
                0x0081e362                OSQEn
                0x0081e364                OSQMax
                0x0081e366                OSQSize
                0x0081e368                OSRdyTblSize
                0x0081e36a                OSSemEn
                0x0081e36c                OSStkWidth
                0x0081e36e                OSTaskCreateEn
                0x0081e370                OSTaskCreateExtEn
                0x0081e372                OSTaskDelEn
                0x0081e374                OSTaskIdleStkSize
                0x0081e376                OSTaskProfileEn
                0x0081e378                OSTaskMax
                0x0081e37a                OSTaskNameSize
                0x0081e37c                OSTaskStatEn
                0x0081e37e                OSTaskStatStkSize
                0x0081e380                OSTaskStatStkChkEn
                0x0081e382                OSTaskSwHookEn
                0x0081e384                OSTCBPrioTblMax
                0x0081e386                OSTCBSize
                0x0081e388                OSTicksPerSec
                0x0081e38a                OSTimeTickHookEn
                0x0081e38c                OSVersionNbr
                0x0081e38e                OSTmrEn
                0x0081e390                OSTmrCfgMax
                0x0081e392                OSTmrCfgNameSize
                0x0081e394                OSTmrCfgWheelSize
                0x0081e396                OSTmrCfgTicksPerSec
                0x0081e398                OSTmrSize
                0x0081e39a                OSTmrTblSize
                0x0081e39c                OSTmrWheelSize
                0x0081e39e                OSTmrWheelTblSize
                0x0081e3a0                OSDataSize
 .sdata         0x0081e3a4        0x4 C:/Users/jchang3/Documents/ECE492/test/software/accelerometer_pen_bsp/\libucosii_bsp.a(alt_irq_vars.o)
                0x0081e3a4                alt_priority_mask
 .sdata         0x0081e3a8        0x8 C:/Users/jchang3/Documents/ECE492/test/software/accelerometer_pen_bsp/\libucosii_bsp.a(alt_tick.o)
                0x0081e3a8                alt_alarm_list
 *(.sdata2 .sdata2.* .gnu.linkonce.s2.*)
                0x0081e3b0                . = ALIGN (0x4)
                0x0081e3b0                _edata = ABSOLUTE (.)
                0x0081e3b0                PROVIDE (edata, ABSOLUTE (.))
                0x0081e3b0                PROVIDE (__ram_rwdata_end, ABSOLUTE (.))
                0x0081e3b0                PROVIDE (__flash_rwdata_start, LOADADDR (.rwdata))

.bss            0x0081ff18    0x10424
                0x0081ff18                __bss_start = ABSOLUTE (.)
                0x0081ff18                PROVIDE (__sbss_start, ABSOLUTE (.))
                0x0081ff18                PROVIDE (___sbss_start, ABSOLUTE (.))
 *(.dynsbss)
 *(.sbss .sbss.* .gnu.linkonce.sb.*)
 .sbss          0x0081ff18       0x24 obj/default/hello_ucosii.o
                0x0081ff18                pCharacter
                0x0081ff1c                readsem
                0x0081ff20                writesem
                0x0081ff24                configuresem
                0x0081ff28                uartsem
                0x0081ff2c                message
                0x0081ff30                dtw_sem
                0x0081ff34                err
                0x0081ff38                SWQ
 .sbss          0x0081ff3c        0xc c:/altera/12.1sp1/nios2eds/bin/gnu/h-i686-mingw32/bin/../lib/gcc/nios2-elf/4.1.2/../../../../nios2-elf/lib/mno-hw-mul\libc.a(lib_a-mallocr.o)
                0x0081ff3c                __malloc_top_pad
                0x0081ff40                __malloc_max_sbrked_mem
                0x0081ff44                __malloc_max_total_mem
 .sbss          0x0081ff48        0x4 c:/altera/12.1sp1/nios2eds/bin/gnu/h-i686-mingw32/bin/../lib/gcc/nios2-elf/4.1.2/../../../../nios2-elf/lib/mno-hw-mul\libc.a(lib_a-int_errno.o)
                0x0081ff48                errno
 .sbss          0x0081ff4c        0xc c:/altera/12.1sp1/nios2eds/bin/gnu/h-i686-mingw32/bin/../lib/gcc/nios2-elf/4.1.2/../../../../nios2-elf/lib/mno-hw-mul\libc.a(lib_a-locale.o)
                0x0081ff4c                __nlocale_changed
                0x0081ff50                __mlocale_changed
                0x0081ff54                _PathLocale
 .sbss          0x0081ff58        0x4 C:/Users/jchang3/Documents/ECE492/test/software/accelerometer_pen_bsp/\libucosii_bsp.a(alt_dev.o)
                0x0081ff58                alt_fd_list_lock
 .sbss          0x0081ff5c        0xc C:/Users/jchang3/Documents/ECE492/test/software/accelerometer_pen_bsp/\libucosii_bsp.a(alt_main.o)
                0x0081ff5c                alt_argc
                0x0081ff60                alt_argv
                0x0081ff64                alt_envp
 .sbss          0x0081ff68        0x8 C:/Users/jchang3/Documents/ECE492/test/software/accelerometer_pen_bsp/\libucosii_bsp.a(alt_env_lock.o)
                0x0081ff6c                alt_envsem
 .sbss          0x0081ff70        0x8 C:/Users/jchang3/Documents/ECE492/test/software/accelerometer_pen_bsp/\libucosii_bsp.a(alt_malloc_lock.o)
                0x0081ff74                alt_heapsem
 .sbss          0x0081ff78       0x50 C:/Users/jchang3/Documents/ECE492/test/software/accelerometer_pen_bsp/\libucosii_bsp.a(os_core.o)
                0x0081ff78                OSLockNesting
                0x0081ff79                OSRunning
                0x0081ff7c                OSIdleCtr
                0x0081ff80                OSPrioHighRdy
                0x0081ff81                OSPrioCur
                0x0081ff84                OSTCBList
                0x0081ff88                OSTickStepState
                0x0081ff8c                OSCtxSwCtr
                0x0081ff90                OSIdleCtrMax
                0x0081ff94                OSTCBFreeList
                0x0081ff98                OSCPUUsage
                0x0081ff99                OSTaskCtr
                0x0081ff9c                OSMemFreeList
                0x0081ffa0                OSTCBHighRdy
                0x0081ffa4                OSQFreeList
                0x0081ffa8                OSRdyGrp
                0x0081ffa9                OSRdyTbl
                0x0081ffac                OSEventFreeList
                0x0081ffb0                OSIntNesting
                0x0081ffb4                OSTCBCur
                0x0081ffb8                OSTime
                0x0081ffbc                OSFlagFreeList
                0x0081ffc0                OSStatRdy
                0x0081ffc4                OSIdleCtrRun
 .sbss          0x0081ffc8       0x34 C:/Users/jchang3/Documents/ECE492/test/software/accelerometer_pen_bsp/\libucosii_bsp.a(altera_up_sd_card_avalon_interface.o)
                0x0081ffc8                initialized
                0x0081ffcc                is_sd_card_formated_as_FAT16
                0x0081ffd0                aux_status_register
                0x0081ffd4                status_register
                0x0081ffd8                CSD_register_w0
                0x0081ffdc                command_register
                0x0081ffe0                command_argument_register
                0x0081ffe4                buffer_memory
                0x0081ffe8                fat_partition_offset_in_512_byte_sectors
                0x0081ffec                fat_partition_size_in_512_byte_sectors
                0x0081fff0                device_pointer
                0x0081fff4                current_sector_modified
                0x0081fff8                current_sector_index
 .sbss          0x0081fffc        0x4 C:/Users/jchang3/Documents/ECE492/test/software/accelerometer_pen_bsp/\libucosii_bsp.a(alt_irq_vars.o)
                0x0081fffc                alt_irq_active
 .sbss          0x00820000        0x8 C:/Users/jchang3/Documents/ECE492/test/software/accelerometer_pen_bsp/\libucosii_bsp.a(alt_tick.o)
                0x00820000                _alt_tick_rate
                0x00820004                _alt_nticks
 *(.sbss2 .sbss2.* .gnu.linkonce.sb2.*)
 *(.scommon)
                0x00820008                PROVIDE (__sbss_end, ABSOLUTE (.))
                0x00820008                PROVIDE (___sbss_end, ABSOLUTE (.))
 *(.dynbss)
 *(.bss .bss.* .gnu.linkonce.b.*)
 .bss           0x00820008        0x0 C:/Users/jchang3/Documents/ECE492/test/software/accelerometer_pen_bsp//obj/HAL/src/crt0.o
 .bss           0x00820008        0x0 obj/default/dtw.o
 .bss           0x00820008        0x0 obj/default/hello_ucosii.o
 .bss           0x00820008        0x0 c:/altera/12.1sp1/nios2eds/bin/gnu/h-i686-mingw32/bin/../lib/gcc/nios2-elf/4.1.2/mno-hw-mul\libgcc.a(_div_sf.o)
 .bss           0x00820008        0x0 c:/altera/12.1sp1/nios2eds/bin/gnu/h-i686-mingw32/bin/../lib/gcc/nios2-elf/4.1.2/mno-hw-mul\libgcc.a(_sf_to_df.o)
 .bss           0x00820008        0x0 c:/altera/12.1sp1/nios2eds/bin/gnu/h-i686-mingw32/bin/../lib/gcc/nios2-elf/4.1.2/mno-hw-mul\libgcc.a(_thenan_sf.o)
 .bss           0x00820008        0x0 c:/altera/12.1sp1/nios2eds/bin/gnu/h-i686-mingw32/bin/../lib/gcc/nios2-elf/4.1.2/mno-hw-mul\libgcc.a(_usi_to_sf.o)
 .bss           0x00820008        0x0 c:/altera/12.1sp1/nios2eds/bin/gnu/h-i686-mingw32/bin/../lib/gcc/nios2-elf/4.1.2/mno-hw-mul\libgcc.a(_addsub_df.o)
 .bss           0x00820008        0x0 c:/altera/12.1sp1/nios2eds/bin/gnu/h-i686-mingw32/bin/../lib/gcc/nios2-elf/4.1.2/mno-hw-mul\libgcc.a(_mul_df.o)
 .bss           0x00820008        0x0 c:/altera/12.1sp1/nios2eds/bin/gnu/h-i686-mingw32/bin/../lib/gcc/nios2-elf/4.1.2/mno-hw-mul\libgcc.a(_si_to_df.o)
 .bss           0x00820008        0x0 c:/altera/12.1sp1/nios2eds/bin/gnu/h-i686-mingw32/bin/../lib/gcc/nios2-elf/4.1.2/mno-hw-mul\libgcc.a(_df_to_si.o)
 .bss           0x00820008        0x0 c:/altera/12.1sp1/nios2eds/bin/gnu/h-i686-mingw32/bin/../lib/gcc/nios2-elf/4.1.2/mno-hw-mul\libgcc.a(_make_df.o)
 .bss           0x00820008        0x0 c:/altera/12.1sp1/nios2eds/bin/gnu/h-i686-mingw32/bin/../lib/gcc/nios2-elf/4.1.2/mno-hw-mul\libgcc.a(_thenan_df.o)
 .bss           0x00820008        0x0 c:/altera/12.1sp1/nios2eds/bin/gnu/h-i686-mingw32/bin/../lib/gcc/nios2-elf/4.1.2/mno-hw-mul\libgcc.a(lib2-mul.o)
 .bss           0x00820008        0x0 c:/altera/12.1sp1/nios2eds/bin/gnu/h-i686-mingw32/bin/../lib/gcc/nios2-elf/4.1.2/mno-hw-mul\libgcc.a(_muldi3.o)
 .bss           0x00820008        0x0 c:/altera/12.1sp1/nios2eds/bin/gnu/h-i686-mingw32/bin/../lib/gcc/nios2-elf/4.1.2/mno-hw-mul\libgcc.a(_clzsi2.o)
 .bss           0x00820008        0x0 c:/altera/12.1sp1/nios2eds/bin/gnu/h-i686-mingw32/bin/../lib/gcc/nios2-elf/4.1.2/mno-hw-mul\libgcc.a(_pack_sf.o)
 .bss           0x00820008        0x0 c:/altera/12.1sp1/nios2eds/bin/gnu/h-i686-mingw32/bin/../lib/gcc/nios2-elf/4.1.2/mno-hw-mul\libgcc.a(_unpack_sf.o)
 .bss           0x00820008        0x0 c:/altera/12.1sp1/nios2eds/bin/gnu/h-i686-mingw32/bin/../lib/gcc/nios2-elf/4.1.2/mno-hw-mul\libgcc.a(_pack_df.o)
 .bss           0x00820008        0x0 c:/altera/12.1sp1/nios2eds/bin/gnu/h-i686-mingw32/bin/../lib/gcc/nios2-elf/4.1.2/mno-hw-mul\libgcc.a(_unpack_df.o)
 .bss           0x00820008        0x0 c:/altera/12.1sp1/nios2eds/bin/gnu/h-i686-mingw32/bin/../lib/gcc/nios2-elf/4.1.2/mno-hw-mul\libgcc.a(_clz.o)
 .bss           0x00820008        0x0 c:/altera/12.1sp1/nios2eds/bin/gnu/h-i686-mingw32/bin/../lib/gcc/nios2-elf/4.1.2/../../../../nios2-elf/lib/mno-hw-mul\libc.a(lib_a-calloc.o)
 .bss           0x00820008        0x0 c:/altera/12.1sp1/nios2eds/bin/gnu/h-i686-mingw32/bin/../lib/gcc/nios2-elf/4.1.2/../../../../nios2-elf/lib/mno-hw-mul\libc.a(lib_a-callocr.o)
 .bss           0x00820008        0x0 c:/altera/12.1sp1/nios2eds/bin/gnu/h-i686-mingw32/bin/../lib/gcc/nios2-elf/4.1.2/../../../../nios2-elf/lib/mno-hw-mul\libc.a(lib_a-clock.o)
 .bss           0x00820008        0x0 c:/altera/12.1sp1/nios2eds/bin/gnu/h-i686-mingw32/bin/../lib/gcc/nios2-elf/4.1.2/../../../../nios2-elf/lib/mno-hw-mul\libc.a(lib_a-impure.o)
 .bss           0x00820008       0x28 c:/altera/12.1sp1/nios2eds/bin/gnu/h-i686-mingw32/bin/../lib/gcc/nios2-elf/4.1.2/../../../../nios2-elf/lib/mno-hw-mul\libc.a(lib_a-mallocr.o)
                0x00820008                __malloc_current_mallinfo
 .bss           0x00820030        0x0 c:/altera/12.1sp1/nios2eds/bin/gnu/h-i686-mingw32/bin/../lib/gcc/nios2-elf/4.1.2/../../../../nios2-elf/lib/mno-hw-mul\libc.a(lib_a-memset.o)
 .bss           0x00820030        0x0 c:/altera/12.1sp1/nios2eds/bin/gnu/h-i686-mingw32/bin/../lib/gcc/nios2-elf/4.1.2/../../../../nios2-elf/lib/mno-hw-mul\libc.a(lib_a-printf.o)
 .bss           0x00820030        0x0 c:/altera/12.1sp1/nios2eds/bin/gnu/h-i686-mingw32/bin/../lib/gcc/nios2-elf/4.1.2/../../../../nios2-elf/lib/mno-hw-mul\libc.a(lib_a-puts.o)
 .bss           0x00820030        0x0 c:/altera/12.1sp1/nios2eds/bin/gnu/h-i686-mingw32/bin/../lib/gcc/nios2-elf/4.1.2/../../../../nios2-elf/lib/mno-hw-mul\libc.a(lib_a-sbrkr.o)
 .bss           0x00820030        0x0 c:/altera/12.1sp1/nios2eds/bin/gnu/h-i686-mingw32/bin/../lib/gcc/nios2-elf/4.1.2/../../../../nios2-elf/lib/mno-hw-mul\libc.a(lib_a-strlen.o)
 .bss           0x00820030        0x0 c:/altera/12.1sp1/nios2eds/bin/gnu/h-i686-mingw32/bin/../lib/gcc/nios2-elf/4.1.2/../../../../nios2-elf/lib/mno-hw-mul\libc.a(lib_a-timesr.o)
 .bss           0x00820030        0x0 c:/altera/12.1sp1/nios2eds/bin/gnu/h-i686-mingw32/bin/../lib/gcc/nios2-elf/4.1.2/../../../../nios2-elf/lib/mno-hw-mul\libc.a(lib_a-vfprintf.o)
 .bss           0x00820030        0x0 c:/altera/12.1sp1/nios2eds/bin/gnu/h-i686-mingw32/bin/../lib/gcc/nios2-elf/4.1.2/../../../../nios2-elf/lib/mno-hw-mul\libc.a(lib_a-wsetup.o)
 .bss           0x00820030        0x0 c:/altera/12.1sp1/nios2eds/bin/gnu/h-i686-mingw32/bin/../lib/gcc/nios2-elf/4.1.2/../../../../nios2-elf/lib/mno-hw-mul\libc.a(lib_a-dtoa.o)
 .bss           0x00820030        0x0 c:/altera/12.1sp1/nios2eds/bin/gnu/h-i686-mingw32/bin/../lib/gcc/nios2-elf/4.1.2/../../../../nios2-elf/lib/mno-hw-mul\libc.a(lib_a-fflush.o)
 .bss           0x00820030        0x0 c:/altera/12.1sp1/nios2eds/bin/gnu/h-i686-mingw32/bin/../lib/gcc/nios2-elf/4.1.2/../../../../nios2-elf/lib/mno-hw-mul\libc.a(lib_a-findfp.o)
 .bss           0x00820030        0x0 c:/altera/12.1sp1/nios2eds/bin/gnu/h-i686-mingw32/bin/../lib/gcc/nios2-elf/4.1.2/../../../../nios2-elf/lib/mno-hw-mul\libc.a(lib_a-freer.o)
 .bss           0x00820030        0x0 c:/altera/12.1sp1/nios2eds/bin/gnu/h-i686-mingw32/bin/../lib/gcc/nios2-elf/4.1.2/../../../../nios2-elf/lib/mno-hw-mul\libc.a(lib_a-fvwrite.o)
 .bss           0x00820030        0x0 c:/altera/12.1sp1/nios2eds/bin/gnu/h-i686-mingw32/bin/../lib/gcc/nios2-elf/4.1.2/../../../../nios2-elf/lib/mno-hw-mul\libc.a(lib_a-fwalk.o)
 .bss           0x00820030        0x0 c:/altera/12.1sp1/nios2eds/bin/gnu/h-i686-mingw32/bin/../lib/gcc/nios2-elf/4.1.2/../../../../nios2-elf/lib/mno-hw-mul\libc.a(lib_a-int_errno.o)
 .bss           0x00820030        0x0 c:/altera/12.1sp1/nios2eds/bin/gnu/h-i686-mingw32/bin/../lib/gcc/nios2-elf/4.1.2/../../../../nios2-elf/lib/mno-hw-mul\libc.a(lib_a-locale.o)
 .bss           0x00820030        0x0 c:/altera/12.1sp1/nios2eds/bin/gnu/h-i686-mingw32/bin/../lib/gcc/nios2-elf/4.1.2/../../../../nios2-elf/lib/mno-hw-mul\libc.a(lib_a-makebuf.o)
 .bss           0x00820030        0x0 c:/altera/12.1sp1/nios2eds/bin/gnu/h-i686-mingw32/bin/../lib/gcc/nios2-elf/4.1.2/../../../../nios2-elf/lib/mno-hw-mul\libc.a(lib_a-memchr.o)
 .bss           0x00820030        0x0 c:/altera/12.1sp1/nios2eds/bin/gnu/h-i686-mingw32/bin/../lib/gcc/nios2-elf/4.1.2/../../../../nios2-elf/lib/mno-hw-mul\libc.a(lib_a-memcpy.o)
 .bss           0x00820030        0x0 c:/altera/12.1sp1/nios2eds/bin/gnu/h-i686-mingw32/bin/../lib/gcc/nios2-elf/4.1.2/../../../../nios2-elf/lib/mno-hw-mul\libc.a(lib_a-memmove.o)
 .bss           0x00820030        0x0 c:/altera/12.1sp1/nios2eds/bin/gnu/h-i686-mingw32/bin/../lib/gcc/nios2-elf/4.1.2/../../../../nios2-elf/lib/mno-hw-mul\libc.a(lib_a-mprec.o)
 .bss           0x00820030        0x0 c:/altera/12.1sp1/nios2eds/bin/gnu/h-i686-mingw32/bin/../lib/gcc/nios2-elf/4.1.2/../../../../nios2-elf/lib/mno-hw-mul\libc.a(lib_a-reallocr.o)
 .bss           0x00820030        0x0 c:/altera/12.1sp1/nios2eds/bin/gnu/h-i686-mingw32/bin/../lib/gcc/nios2-elf/4.1.2/../../../../nios2-elf/lib/mno-hw-mul\libc.a(lib_a-s_isinfd.o)
 .bss           0x00820030        0x0 c:/altera/12.1sp1/nios2eds/bin/gnu/h-i686-mingw32/bin/../lib/gcc/nios2-elf/4.1.2/../../../../nios2-elf/lib/mno-hw-mul\libc.a(lib_a-s_isnand.o)
 .bss           0x00820030        0x0 c:/altera/12.1sp1/nios2eds/bin/gnu/h-i686-mingw32/bin/../lib/gcc/nios2-elf/4.1.2/../../../../nios2-elf/lib/mno-hw-mul\libc.a(lib_a-stdio.o)
 .bss           0x00820030        0x0 c:/altera/12.1sp1/nios2eds/bin/gnu/h-i686-mingw32/bin/../lib/gcc/nios2-elf/4.1.2/../../../../nios2-elf/lib/mno-hw-mul\libc.a(lib_a-strcmp.o)
 .bss           0x00820030        0x0 c:/altera/12.1sp1/nios2eds/bin/gnu/h-i686-mingw32/bin/../lib/gcc/nios2-elf/4.1.2/../../../../nios2-elf/lib/mno-hw-mul\libc.a(lib_a-writer.o)
 .bss           0x00820030        0x0 c:/altera/12.1sp1/nios2eds/bin/gnu/h-i686-mingw32/bin/../lib/gcc/nios2-elf/4.1.2/../../../../nios2-elf/lib/mno-hw-mul\libc.a(lib_a-closer.o)
 .bss           0x00820030        0x0 c:/altera/12.1sp1/nios2eds/bin/gnu/h-i686-mingw32/bin/../lib/gcc/nios2-elf/4.1.2/../../../../nios2-elf/lib/mno-hw-mul\libc.a(lib_a-fclose.o)
 .bss           0x00820030        0x0 c:/altera/12.1sp1/nios2eds/bin/gnu/h-i686-mingw32/bin/../lib/gcc/nios2-elf/4.1.2/../../../../nios2-elf/lib/mno-hw-mul\libc.a(lib_a-fstatr.o)
 .bss           0x00820030        0x0 c:/altera/12.1sp1/nios2eds/bin/gnu/h-i686-mingw32/bin/../lib/gcc/nios2-elf/4.1.2/../../../../nios2-elf/lib/mno-hw-mul\libc.a(lib_a-isattyr.o)
 .bss           0x00820030        0x0 c:/altera/12.1sp1/nios2eds/bin/gnu/h-i686-mingw32/bin/../lib/gcc/nios2-elf/4.1.2/../../../../nios2-elf/lib/mno-hw-mul\libc.a(lib_a-lseekr.o)
 .bss           0x00820030        0x0 c:/altera/12.1sp1/nios2eds/bin/gnu/h-i686-mingw32/bin/../lib/gcc/nios2-elf/4.1.2/../../../../nios2-elf/lib/mno-hw-mul\libc.a(lib_a-readr.o)
 .bss           0x00820030        0x0 c:/altera/12.1sp1/nios2eds/bin/gnu/h-i686-mingw32/bin/../lib/gcc/nios2-elf/4.1.2/mno-hw-mul\libgcc.a(_udivdi3.o)
 .bss           0x00820030        0x0 c:/altera/12.1sp1/nios2eds/bin/gnu/h-i686-mingw32/bin/../lib/gcc/nios2-elf/4.1.2/mno-hw-mul\libgcc.a(_umoddi3.o)
 .bss           0x00820030        0x0 c:/altera/12.1sp1/nios2eds/bin/gnu/h-i686-mingw32/bin/../lib/gcc/nios2-elf/4.1.2/mno-hw-mul\libgcc.a(_div_df.o)
 .bss           0x00820030        0x0 c:/altera/12.1sp1/nios2eds/bin/gnu/h-i686-mingw32/bin/../lib/gcc/nios2-elf/4.1.2/mno-hw-mul\libgcc.a(_eq_df.o)
 .bss           0x00820030        0x0 c:/altera/12.1sp1/nios2eds/bin/gnu/h-i686-mingw32/bin/../lib/gcc/nios2-elf/4.1.2/mno-hw-mul\libgcc.a(_ne_df.o)