Archive member included because of file (symbol)

c:/altera/12.1sp1/nios2eds/bin/gnu/h-i686-mingw32/bin/../lib/gcc/nios2-elf/4.1.2/mno-hw-mul\libgcc.a(_div_sf.o)
                              obj/default/hello_ucosii.o (__divsf3)
c:/altera/12.1sp1/nios2eds/bin/gnu/h-i686-mingw32/bin/../lib/gcc/nios2-elf/4.1.2/mno-hw-mul\libgcc.a(_sf_to_df.o)
                              obj/default/hello_ucosii.o (__extendsfdf2)
c:/altera/12.1sp1/nios2eds/bin/gnu/h-i686-mingw32/bin/../lib/gcc/nios2-elf/4.1.2/mno-hw-mul\libgcc.a(_thenan_sf.o)
                              c:/altera/12.1sp1/nios2eds/bin/gnu/h-i686-mingw32/bin/../lib/gcc/nios2-elf/4.1.2/mno-hw-mul\libgcc.a(_div_sf.o) (__thenan_sf)
c:/altera/12.1sp1/nios2eds/bin/gnu/h-i686-mingw32/bin/../lib/gcc/nios2-elf/4.1.2/mno-hw-mul\libgcc.a(_usi_to_sf.o)
                              obj/default/hello_ucosii.o (__floatunsisf)
c:/altera/12.1sp1/nios2eds/bin/gnu/h-i686-mingw32/bin/../lib/gcc/nios2-elf/4.1.2/mno-hw-mul\libgcc.a(_addsub_df.o)
                              obj/default/dtw.o (__adddf3)
c:/altera/12.1sp1/nios2eds/bin/gnu/h-i686-mingw32/bin/../lib/gcc/nios2-elf/4.1.2/mno-hw-mul\libgcc.a(_mul_df.o)
                              obj/default/dtw.o (__muldf3)
c:/altera/12.1sp1/nios2eds/bin/gnu/h-i686-mingw32/bin/../lib/gcc/nios2-elf/4.1.2/mno-hw-mul\libgcc.a(_si_to_df.o)
                              obj/default/dtw.o (__floatsidf)
c:/altera/12.1sp1/nios2eds/bin/gnu/h-i686-mingw32/bin/../lib/gcc/nios2-elf/4.1.2/mno-hw-mul\libgcc.a(_df_to_si.o)
                              obj/default/dtw.o (__fixdfsi)
c:/altera/12.1sp1/nios2eds/bin/gnu/h-i686-mingw32/bin/../lib/gcc/nios2-elf/4.1.2/mno-hw-mul\libgcc.a(_make_df.o)
                              c:/altera/12.1sp1/nios2eds/bin/gnu/h-i686-mingw32/bin/../lib/gcc/nios2-elf/4.1.2/mno-hw-mul\libgcc.a(_sf_to_df.o) (__make_dp)
c:/altera/12.1sp1/nios2eds/bin/gnu/h-i686-mingw32/bin/../lib/gcc/nios2-elf/4.1.2/mno-hw-mul\libgcc.a(_thenan_df.o)
                              c:/altera/12.1sp1/nios2eds/bin/gnu/h-i686-mingw32/bin/../lib/gcc/nios2-elf/4.1.2/mno-hw-mul\libgcc.a(_addsub_df.o) (__thenan_df)
c:/altera/12.1sp1/nios2eds/bin/gnu/h-i686-mingw32/bin/../lib/gcc/nios2-elf/4.1.2/mno-hw-mul\libgcc.a(lib2-mul.o)
                              obj/default/dtw.o (__mulsi3)
c:/altera/12.1sp1/nios2eds/bin/gnu/h-i686-mingw32/bin/../lib/gcc/nios2-elf/4.1.2/mno-hw-mul\libgcc.a(_muldi3.o)
                              c:/altera/12.1sp1/nios2eds/bin/gnu/h-i686-mingw32/bin/../lib/gcc/nios2-elf/4.1.2/mno-hw-mul\libgcc.a(_mul_df.o) (__muldi3)
c:/altera/12.1sp1/nios2eds/bin/gnu/h-i686-mingw32/bin/../lib/gcc/nios2-elf/4.1.2/mno-hw-mul\libgcc.a(_clzsi2.o)
                              c:/altera/12.1sp1/nios2eds/bin/gnu/h-i686-mingw32/bin/../lib/gcc/nios2-elf/4.1.2/mno-hw-mul\libgcc.a(_usi_to_sf.o) (__clzsi2)
c:/altera/12.1sp1/nios2eds/bin/gnu/h-i686-mingw32/bin/../lib/gcc/nios2-elf/4.1.2/mno-hw-mul\libgcc.a(_pack_sf.o)
                              c:/altera/12.1sp1/nios2eds/bin/gnu/h-i686-mingw32/bin/../lib/gcc/nios2-elf/4.1.2/mno-hw-mul\libgcc.a(_div_sf.o) (__pack_f)
c:/altera/12.1sp1/nios2eds/bin/gnu/h-i686-mingw32/bin/../lib/gcc/nios2-elf/4.1.2/mno-hw-mul\libgcc.a(_unpack_sf.o)
                              c:/altera/12.1sp1/nios2eds/bin/gnu/h-i686-mingw32/bin/../lib/gcc/nios2-elf/4.1.2/mno-hw-mul\libgcc.a(_div_sf.o) (__unpack_f)
c:/altera/12.1sp1/nios2eds/bin/gnu/h-i686-mingw32/bin/../lib/gcc/nios2-elf/4.1.2/mno-hw-mul\libgcc.a(_pack_df.o)
                              c:/altera/12.1sp1/nios2eds/bin/gnu/h-i686-mingw32/bin/../lib/gcc/nios2-elf/4.1.2/mno-hw-mul\libgcc.a(_addsub_df.o) (__pack_d)
c:/altera/12.1sp1/nios2eds/bin/gnu/h-i686-mingw32/bin/../lib/gcc/nios2-elf/4.1.2/mno-hw-mul\libgcc.a(_unpack_df.o)
                              c:/altera/12.1sp1/nios2eds/bin/gnu/h-i686-mingw32/bin/../lib/gcc/nios2-elf/4.1.2/mno-hw-mul\libgcc.a(_addsub_df.o) (__unpack_d)
c:/altera/12.1sp1/nios2eds/bin/gnu/h-i686-mingw32/bin/../lib/gcc/nios2-elf/4.1.2/mno-hw-mul\libgcc.a(_clz.o)
                              c:/altera/12.1sp1/nios2eds/bin/gnu/h-i686-mingw32/bin/../lib/gcc/nios2-elf/4.1.2/mno-hw-mul\libgcc.a(_clzsi2.o) (__clz_tab)
c:/altera/12.1sp1/nios2eds/bin/gnu/h-i686-mingw32/bin/../lib/gcc/nios2-elf/4.1.2/../../../../nios2-elf/lib/mno-hw-mul\libc.a(lib_a-calloc.o)
                              obj/default/hello_ucosii.o (calloc)
c:/altera/12.1sp1/nios2eds/bin/gnu/h-i686-mingw32/bin/../lib/gcc/nios2-elf/4.1.2/../../../../nios2-elf/lib/mno-hw-mul\libc.a(lib_a-callocr.o)
                              c:/altera/12.1sp1/nios2eds/bin/gnu/h-i686-mingw32/bin/../lib/gcc/nios2-elf/4.1.2/../../../../nios2-elf/lib/mno-hw-mul\libc.a(lib_a-calloc.o) (_calloc_r)
c:/altera/12.1sp1/nios2eds/bin/gnu/h-i686-mingw32/bin/../lib/gcc/nios2-elf/4.1.2/../../../../nios2-elf/lib/mno-hw-mul\libc.a(lib_a-clock.o)
                              obj/default/hello_ucosii.o (clock)
[...]
Memory Configuration

Name             Origin             Length             Attributes
sdram_0          0x00800000         0x00800000
generic_tristate_controller_0 0x01400000         0x00400000
sram_0           0x01880000         0x00080000
reset            0x01904000         0x00000020
onchip_memory2_0 0x01904020         0x00003fe0
*default*        0x00000000         0xffffffff

Linker script and memory map

LOAD C:/Users/jchang3/Documents/ECE492/test/software/accelerometer_pen_bsp//obj/HAL/src/crt0.o
LOAD obj/default/dtw.o
LOAD obj/default/hello_ucosii.o
LOAD c:/altera/12.1sp1/nios2eds/bin/gnu/h-i686-mingw32/bin/../lib/gcc/nios2-elf/4.1.2/../../../../nios2-elf/lib/mno-hw-mul\libstdc++.a
LOAD c:/altera/12.1sp1/nios2eds/bin/gnu/h-i686-mingw32/bin/../lib/gcc/nios2-elf/4.1.2/../../../../nios2-elf/lib/mno-hw-mul\libm.a
LOAD c:/altera/12.1sp1/nios2eds/bin/gnu/h-i686-mingw32/bin/../lib/gcc/nios2-elf/4.1.2/mno-hw-mul\libgcc.a
START GROUP
LOAD c:/altera/12.1sp1/nios2eds/bin/gnu/h-i686-mingw32/bin/../lib/gcc/nios2-elf/4.1.2/../../../../nios2-elf/lib/mno-hw-mul\libc.a
LOAD c:/altera/12.1sp1/nios2eds/bin/gnu/h-i686-mingw32/bin/../lib/gcc/nios2-elf/4.1.2/mno-hw-mul\libgcc.a
LOAD C:/Users/jchang3/Documents/ECE492/test/software/accelerometer_pen_bsp/\libucosii_bsp.a
END GROUP
LOAD c:/altera/12.1sp1/nios2eds/bin/gnu/h-i686-mingw32/bin/../lib/gcc/nios2-elf/4.1.2/mno-hw-mul\libgcc.a
                0x00800000                __alt_mem_sdram_0 = 0x800000
                0x01400000                __alt_mem_generic_tristate_controller_0 = 0x1400000
                0x01880000                __alt_mem_sram_0 = 0x1880000
                0x01904000                __alt_mem_onchip_memory2_0 = 0x1904000

.entry          0x01904000       0x20
 *(.entry)
 .entry         0x01904000       0x20 C:/Users/jchang3/Documents/ECE492/test/software/accelerometer_pen_bsp//obj/HAL/src/crt0.o
                0x01904000                __reset

.exceptions     0x01904020      0x1a0 load address 0x00800000
                0x01904020                PROVIDE (__ram_exceptions_start, ABSOLUTE (.))
                0x01904020                . = ALIGN (0x20)
 *(.irq)
 *(.exceptions.entry.label)
 .exceptions.entry.label
                0x01904020        0x0 C:/Users/jchang3/Documents/ECE492/test/software/accelerometer_pen_bsp/\libucosii_bsp.a(alt_irq_entry.o)
                0x01904020                alt_irq_entry
 .exceptions.entry.label
                0x01904020        0x0 C:/Users/jchang3/Documents/ECE492/test/software/accelerometer_pen_bsp/\libucosii_bsp.a(alt_exception_entry.o)
                0x01904020                alt_exception
 *(.exceptions.entry.user)
 *(.exceptions.entry)
 .exceptions.entry
                0x01904020       0x54 C:/Users/jchang3/Documents/ECE492/test/software/accelerometer_pen_bsp/\libucosii_bsp.a(alt_exception_entry.o)
 *(.exceptions.irqtest.user)
 *(.exceptions.irqtest)
 .exceptions.irqtest
                0x01904074       0x10 C:/Users/jchang3/Documents/ECE492/test/software/accelerometer_pen_bsp/\libucosii_bsp.a(alt_irq_entry.o)
 *(.exceptions.irqhandler.user)
 *(.exceptions.irqhandler)
 .exceptions.irqhandler
                0x01904084        0x4 C:/Users/jchang3/Documents/ECE492/test/software/accelerometer_pen_bsp/\libucosii_bsp.a(alt_irq_entry.o)
 *(.exceptions.irqreturn.user)
 *(.exceptions.irqreturn)
 .exceptions.irqreturn
                0x01904088        0x4 C:/Users/jchang3/Documents/ECE492/test/software/accelerometer_pen_bsp/\libucosii_bsp.a(alt_irq_entry.o)
 *(.exceptions.notirq.label)
 .exceptions.notirq.label
                0x0190408c        0x0 C:/Users/jchang3/Documents/ECE492/test/software/accelerometer_pen_bsp/\libucosii_bsp.a(alt_irq_entry.o)
 *(.exceptions.notirq.user)
 *(.exceptions.notirq)
 .exceptions.notirq
                0x0190408c        0x8 C:/Users/jchang3/Documents/ECE492/test/software/accelerometer_pen_bsp/\libucosii_bsp.a(alt_exception_entry.o)
 *(.exceptions.soft.user)
 *(.exceptions.soft)
 *(.exceptions.unknown.user)
 *(.exceptions.unknown)
 .exceptions.unknown
                0x01904094        0x4 C:/Users/jchang3/Documents/ECE492/test/software/accelerometer_pen_bsp/\libucosii_bsp.a(alt_exception_entry.o)
 *(.exceptions.exit.label)
 .exceptions.exit.label
                0x01904098        0x0 C:/Users/jchang3/Documents/ECE492/test/software/accelerometer_pen_bsp/\libucosii_bsp.a(alt_irq_entry.o)
 .exceptions.exit.label
                0x01904098        0x0 C:/Users/jchang3/Documents/ECE492/test/software/accelerometer_pen_bsp/\libucosii_bsp.a(alt_exception_entry.o)
 *(.exceptions.exit.user)
 *(.exceptions.exit)
 .exceptions.exit
                0x01904098       0x54 C:/Users/jchang3/Documents/ECE492/test/software/accelerometer_pen_bsp/\libucosii_bsp.a(alt_exception_entry.o)
 *(.exceptions)
 .exceptions    0x019040ec       0xd4 C:/Users/jchang3/Documents/ECE492/test/software/accelerometer_pen_bsp/\libucosii_bsp.a(alt_irq_handler.o)
                0x019040ec                alt_irq_handler
                0x019041c0                PROVIDE (__ram_exceptions_end, ABSOLUTE (.))
                0x00800000                PROVIDE (__flash_exceptions_start, LOADADDR (.exceptions))

.text           0x008001a0    0x1c190
                0x008001a0                PROVIDE (stext, ABSOLUTE (.))
 *(.interp)
 *(.hash)
 *(.dynsym)
 *(.dynstr)
 *(.gnu.version)
 *(.gnu.version_d)
 *(.gnu.version_r)
 *(.rel.init)
 *(.rela.init)
 *(.rel.text .rel.text.* .rel.gnu.linkonce.t.*)
 *(.rela.text .rela.text.* .rela.gnu.linkonce.t.*)
 *(.rel.fini)
 *(.rela.fini)
 *(.rel.rodata .rel.rodata.* .rel.gnu.linkonce.r.*)
 *(.rela.rodata .rela.rodata.* .rela.gnu.linkonce.r.*)
 *(.rel.data .rel.data.* .rel.gnu.linkonce.d.*)
 *(.rela.data .rela.data.* .rela.gnu.linkonce.d.*)
 *(.rel.tdata .rel.tdata.* .rel.gnu.linkonce.td.*)
 *(.rela.tdata .rela.tdata.* .rela.gnu.linkonce.td.*)
 *(.rel.tbss .rel.tbss.* .rel.gnu.linkonce.tb.*)
 *(.rela.tbss .rela.tbss.* .rela.gnu.linkonce.tb.*)
 *(.rel.ctors)
 *(.rela.ctors)
 *(.rel.dtors)
 *(.rela.dtors)
 *(.rel.got)
 *(.rela.got)
 *(.rel.sdata .rel.sdata.* .rel.gnu.linkonce.s.*)
 *(.rela.sdata .rela.sdata.* .rela.gnu.linkonce.s.*)
 *(.rel.sbss .rel.sbss.* .rel.gnu.linkonce.sb.*)
 *(.rela.sbss .rela.sbss.* .rela.gnu.linkonce.sb.*)
 *(.rel.sdata2 .rel.sdata2.* .rel.gnu.linkonce.s2.*)
 *(.rela.sdata2 .rela.sdata2.* .rela.gnu.linkonce.s2.*)
 *(.rel.sbss2 .rel.sbss2.* .rel.gnu.linkonce.sb2.*)
 *(.rela.sbss2 .rela.sbss2.* .rela.gnu.linkonce.sb2.*)
 *(.rel.bss .rel.bss.* .rel.gnu.linkonce.b.*)
 *(.rela.bss .rela.bss.* .rela.gnu.linkonce.b.*)
 *(.rel.plt)
 *(.rela.plt)
 *(.rel.dyn)
 *(.init)
 *(.plt)
 *(.text .stub .text.* .gnu.linkonce.t.*)
 .text          0x008001a0       0x3c C:/Users/jchang3/Documents/ECE492/test/software/accelerometer_pen_bsp//obj/HAL/src/crt0.o
                0x008001a0                _start
 .text          0x008001dc      0x498 obj/default/dtw.o
                0x008001dc                min_three
                0x00800238                min
                0x0080027c                max
                0x008002c0                dist
                0x00800308                dtw
 .text          0x00800674     0x1204 obj/default/hello_ucosii.o
                0x00800674                taskModeSelect
                0x008007b4                loadSDCard
                0x00800abc                taskCalibrate
                0x00800dc4                taskCharacterRead
                0x0080118c                taskTemplateMatch
                0x008011b0                taskDTWX
                0x008012a8                taskDTWY
                0x008013a0                taskReadSDCard
                0x00801600                main
 .text          0x00801878      0x174 c:/altera/12.1sp1/nios2eds/bin/gnu/h-i686-mingw32/bin/../lib/gcc/nios2-elf/4.1.2/mno-hw-mul\libgcc.a(_div_sf.o)
                0x00801878                __divsf3
 .text          0x008019ec       0x54 c:/altera/12.1sp1/nios2eds/bin/gnu/h-i686-mingw32/bin/../lib/gcc/nios2-elf/4.1.2/mno-hw-mul\libgcc.a(_sf_to_df.o)
                0x008019ec                __extendsfdf2
 .text          0x00801a40        0x0 c:/altera/12.1sp1/nios2eds/bin/gnu/h-i686-mingw32/bin/../lib/gcc/nios2-elf/4.1.2/mno-hw-mul\libgcc.a(_thenan_sf.o)
 .text          0x00801a40       0xc0 c:/altera/12.1sp1/nios2eds/bin/gnu/h-i686-mingw32/bin/../lib/gcc/nios2-elf/4.1.2/mno-hw-mul\libgcc.a(_usi_to_sf.o)
                0x00801a40                __floatunsisf
 .text          0x00801b00      0x504 c:/altera/12.1sp1/nios2eds/bin/gnu/h-i686-mingw32/bin/../lib/gcc/nios2-elf/4.1.2/mno-hw-mul\libgcc.a(_addsub_df.o)
                0x00801f10                __subdf3
                0x00801f90                __adddf3
 .text          0x00802004      0x3c4 c:/altera/12.1sp1/nios2eds/bin/gnu/h-i686-mingw32/bin/../lib/gcc/nios2-elf/4.1.2/mno-hw-mul\libgcc.a(_mul_df.o)
                0x00802004                __muldf3
 .text          0x008023c8       0xf8 c:/altera/12.1sp1/nios2eds/bin/gnu/h-i686-mingw32/bin/../lib/gcc/nios2-elf/4.1.2/mno-hw-mul\libgcc.a(_si_to_df.o)
                0x008023c8                __floatsidf
 .text          0x008024c0       0xd8 c:/altera/12.1sp1/nios2eds/bin/gnu/h-i686-mingw32/bin/../lib/gcc/nios2-elf/4.1.2/mno-hw-mul\libgcc.a(_df_to_si.o)
                0x008024c0                __fixdfsi
 .text          0x00802598       0x38 c:/altera/12.1sp1/nios2eds/bin/gnu/h-i686-mingw32/bin/../lib/gcc/nios2-elf/4.1.2/mno-hw-mul\libgcc.a(_make_df.o)
                0x00802598                __make_dp
 .text          0x008025d0        0x0 c:/altera/12.1sp1/nios2eds/bin/gnu/h-i686-mingw32/bin/../lib/gcc/nios2-elf/4.1.2/mno-hw-mul\libgcc.a(_thenan_df.o)
 .text          0x008025d0       0x38 c:/altera/12.1sp1/nios2eds/bin/gnu/h-i686-mingw32/bin/../lib/gcc/nios2-elf/4.1.2/mno-hw-mul\libgcc.a(lib2-mul.o)
                0x008025d0                __mulsi3
 .text          0x00802608      0x124 c:/altera/12.1sp1/nios2eds/bin/gnu/h-i686-mingw32/bin/../lib/gcc/nios2-elf/4.1.2/mno-hw-mul\libgcc.a(_muldi3.o)
                0x00802608                __muldi3
 .text          0x0080272c       0x80 c:/altera/12.1sp1/nios2eds/bin/gnu/h-i686-mingw32/bin/../lib/gcc/nios2-elf/4.1.2/mno-hw-mul\libgcc.a(_clzsi2.o)
                0x0080272c                __clzsi2
 .text          0x008027ac      0x160 c:/altera/12.1sp1/nios2eds/bin/gnu/h-i686-mingw32/bin/../lib/gcc/nios2-elf/4.1.2/mno-hw-mul\libgcc.a(_pack_sf.o)
                0x008027ac                __pack_f
 .text          0x0080290c       0xc8 c:/altera/12.1sp1/nios2eds/bin/gnu/h-i686-mingw32/bin/../lib/gcc/nios2-elf/4.1.2/mno-hw-mul\libgcc.a(_unpack_sf.o)
                0x0080290c                __unpack_f
 .text          0x008029d4      0x314 c:/altera/12.1sp1/nios2eds/bin/gnu/h-i686-mingw32/bin/../lib/gcc/nios2-elf/4.1.2/mno-hw-mul\libgcc.a(_pack_df.o)
                0x008029d4                __pack_d
 .text          0x00802ce8      0x138 c:/altera/12.1sp1/nios2eds/bin/gnu/h-i686-mingw32/bin/../lib/gcc/nios2-elf/4.1.2/mno-hw-mul\libgcc.a(_unpack_df.o)
                0x00802ce8                __unpack_d
 .text          0x00802e20        0x0 c:/altera/12.1sp1/nios2eds/bin/gnu/h-i686-mingw32/bin/../lib/gcc/nios2-elf/4.1.2/mno-hw-mul\libgcc.a(_clz.o)
 .text          0x00802e20       0x1c c:/altera/12.1sp1/nios2eds/bin/gnu/h-i686-mingw32/bin/../lib/gcc/nios2-elf/4.1.2/../../../../nios2-elf/lib/mno-hw-mul\libc.a(lib_a-calloc.o)
                0x00802e20                calloc
 .text          0x00802e3c       0xc8 c:/altera/12.1sp1/nios2eds/bin/gnu/h-i686-mingw32/bin/../lib/gcc/nios2-elf/4.1.2/../../../../nios2-elf/lib/mno-hw-mul\libc.a(lib_a-callocr.o)
                0x00802e3c                _calloc_r
 .text          0x00802f04       0x54 c:/altera/12.1sp1/nios2eds/bin/gnu/h-i686-mingw32/bin/../lib/gcc/nios2-elf/4.1.2/../../../../nios2-elf/lib/mno-hw-mul\libc.a(lib_a-clock.o)
                0x00802f04                clock
 .text          0x00802f58        0x0 c:/altera/12.1sp1/nios2eds/bin/gnu/h-i686-mingw32/bin/../lib/gcc/nios2-elf/4.1.2/../../../../nios2-elf/lib/mno-hw-mul\libc.a(lib_a-impure.o)
 .text          0x00802f58      0x740 c:/altera/12.1sp1/nios2eds/bin/gnu/h-i686-mingw32/bin/../lib/gcc/nios2-elf/4.1.2/../../../../nios2-elf/lib/mno-hw-mul\libc.a(lib_a-mallocr.o)
                0x00802f58                _malloc_r
 .text          0x00803698       0x98 c:/altera/12.1sp1/nios2eds/bin/gnu/h-i686-mingw32/bin/../lib/gcc/nios2-elf/4.1.2/../../../../nios2-elf/lib/mno-hw-mul\libc.a(lib_a-memset.o)
                0x00803698                memset
 .text          0x00803730       0x78 c:/altera/12.1sp1/nios2eds/bin/gnu/h-i686-mingw32/bin/../lib/gcc/nios2-elf/4.1.2/../../../../nios2-elf/lib/mno-hw-mul\libc.a(lib_a-printf.o)
                0x00803730                printf
                0x00803774                _printf_r
 .text          0x008037a8       0xb4 c:/altera/12.1sp1/nios2eds/bin/gnu/h-i686-mingw32/bin/../lib/gcc/nios2-elf/4.1.2/../../../../nios2-elf/lib/mno-hw-mul\libc.a(lib_a-puts.o)
                0x008037a8                _puts_r
                0x00803848                puts
 .text          0x0080385c       0x70 c:/altera/12.1sp1/nios2eds/bin/gnu/h-i686-mingw32/bin/../lib/gcc/nios2-elf/4.1.2/../../../../nios2-elf/lib/mno-hw-mul\libc.a(lib_a-sbrkr.o)
                0x0080385c                _sbrk_r
 .text          0x008038cc       0x74 c:/altera/12.1sp1/nios2eds/bin/gnu/h-i686-mingw32/bin/../lib/gcc/nios2-elf/4.1.2/../../../../nios2-elf/lib/mno-hw-mul\libc.a(lib_a-strlen.o)
                0x008038cc                strlen
 .text          0x00803940        0x8 c:/altera/12.1sp1/nios2eds/bin/gnu/h-i686-mingw32/bin/../lib/gcc/nios2-elf/4.1.2/../../../../nios2-elf/lib/mno-hw-mul\libc.a(lib_a-timesr.o)
                0x00803940                _times_r
 .text          0x00803948     0x1f40 c:/altera/12.1sp1/nios2eds/bin/gnu/h-i686-mingw32/bin/../lib/gcc/nios2-elf/4.1.2/../../../../nios2-elf/lib/mno-hw-mul\libc.a(lib_a-vfprintf.o)
                0x008039a0                ___vfprintf_internal_r
                0x00805864                __vfprintf_internal
 .text          0x00805888      0x13c c:/altera/12.1sp1/nios2eds/bin/gnu/h-i686-mingw32/bin/../lib/gcc/nios2-elf/4.1.2/../../../../nios2-elf/lib/mno-hw-mul\libc.a(lib_a-wsetup.o)
                0x00805888                __swsetup_r
 .text          0x008059c4     0x17f8 c:/altera/12.1sp1/nios2eds/bin/gnu/h-i686-mingw32/bin/../lib/gcc/nios2-elf/4.1.2/../../../../nios2-elf/lib/mno-hw-mul\libc.a(lib_a-dtoa.o)
                0x00805c08                _dtoa_r
 .text          0x008071bc      0x230 c:/altera/12.1sp1/nios2eds/bin/gnu/h-i686-mingw32/bin/../lib/gcc/nios2-elf/4.1.2/../../../../nios2-elf/lib/mno-hw-mul\libc.a(lib_a-fflush.o)
                0x008071bc                _fflush_r
                0x008073b8                fflush
 .text          0x008073ec      0x2f4 c:/altera/12.1sp1/nios2eds/bin/gnu/h-i686-mingw32/bin/../lib/gcc/nios2-elf/4.1.2/../../../../nios2-elf/lib/mno-hw-mul\libc.a(lib_a-findfp.o)
                0x00807444                __sfp_lock_acquire
                0x00807448                __sfp_lock_release
                0x0080744c                __sinit_lock_acquire
                0x00807450                __sinit_lock_release
                0x00807454                __sinit
                0x00807508                __fp_unlock_all
                0x00807520                __fp_lock_all
                0x00807538                _cleanup_r
                0x00807544                _cleanup
                0x00807554                __sfmoreglue
                0x008075f0                __sfp
 .text          0x008076e0      0x440 c:/altera/12.1sp1/nios2eds/bin/gnu/h-i686-mingw32/bin/../lib/gcc/nios2-elf/4.1.2/../../../../nios2-elf/lib/mno-hw-mul\libc.a(lib_a-freer.o)
                0x008076e0                _malloc_trim_r
                0x0080780c                _free_r
 .text          0x00807b20      0x49c c:/altera/12.1sp1/nios2eds/bin/gnu/h-i686-mingw32/bin/../lib/gcc/nios2-elf/4.1.2/../../../../nios2-elf/lib/mno-hw-mul\libc.a(lib_a-fvwrite.o)
                0x00807b20                __sfvwrite_r
 .text          0x00807fbc      0x180 c:/altera/12.1sp1/nios2eds/bin/gnu/h-i686-mingw32/bin/../lib/gcc/nios2-elf/4.1.2/../../../../nios2-elf/lib/mno-hw-mul\libc.a(lib_a-fwalk.o)
                0x00807fbc                _fwalk_reent
                0x00808084                _fwalk
 .text          0x0080813c        0x0 c:/altera/12.1sp1/nios2eds/bin/gnu/h-i686-mingw32/bin/../lib/gcc/nios2-elf/4.1.2/../../../../nios2-elf/lib/mno-hw-mul\libc.a(lib_a-int_errno.o)
 .text          0x0080813c       0xc4 c:/altera/12.1sp1/nios2eds/bin/gnu/h-i686-mingw32/bin/../lib/gcc/nios2-elf/4.1.2/../../../../nios2-elf/lib/mno-hw-mul\libc.a(lib_a-locale.o)
                0x0080813c                __locale_charset
                0x00808144                _localeconv_r
                0x00808150                localeconv
                0x00808160                _setlocale_r
                0x008081e4                setlocale
 .text          0x00808200      0x194 c:/altera/12.1sp1/nios2eds/bin/gnu/h-i686-mingw32/bin/../lib/gcc/nios2-elf/4.1.2/../../../../nios2-elf/lib/mno-hw-mul\libc.a(lib_a-makebuf.o)
                0x00808200                __smakebuf_r
 .text          0x00808394       0xe4 c:/altera/12.1sp1/nios2eds/bin/gnu/h-i686-mingw32/bin/../lib/gcc/nios2-elf/4.1.2/../../../../nios2-elf/lib/mno-hw-mul\libc.a(lib_a-memchr.o)
                0x00808394                memchr
 .text          0x00808478       0xa0 c:/altera/12.1sp1/nios2eds/bin/gnu/h-i686-mingw32/bin/../lib/gcc/nios2-elf/4.1.2/../../../../nios2-elf/lib/mno-hw-mul\libc.a(lib_a-memcpy.o)
                0x00808478                memcpy
 .text          0x00808518       0xe0 c:/altera/12.1sp1/nios2eds/bin/gnu/h-i686-mingw32/bin/../lib/gcc/nios2-elf/4.1.2/../../../../nios2-elf/lib/mno-hw-mul\libc.a(lib_a-memmove.o)
                0x00808518                memmove
 .text          0x008085f8     0x108c c:/altera/12.1sp1/nios2eds/bin/gnu/h-i686-mingw32/bin/../lib/gcc/nios2-elf/4.1.2/../../../../nios2-elf/lib/mno-hw-mul\libc.a(lib_a-mprec.o)
                0x008085f8                _Bfree
                0x00808620                __hi0bits
                0x00808690                __lo0bits
                0x00808754                __mcmp
                0x008087b4                __ulp
                0x00808834                __b2d
                0x00808954                __ratio
                0x00808a04                _mprec_log10
                0x00808a98                __copybits
                0x00808af0                __any_on
                0x00808b78                _Balloc
                0x00808c34                __d2b
                0x00808db0                __mdiff
                0x00808f3c                __lshift
                0x00809088                __multiply
                0x008092dc                __i2b
                0x00809318                __multadd
                0x00809444                __pow5mult
                0x00809564                __s2b
 .text          0x00809684      0x5f4 c:/altera/12.1sp1/nios2eds/bin/gnu/h-i686-mingw32/bin/../lib/gcc/nios2-elf/4.1.2/../../../../nios2-elf/lib/mno-hw-mul\libc.a(lib_a-reallocr.o)
                0x00809684                _realloc_r
 .text          0x00809c78       0x40 c:/altera/12.1sp1/nios2eds/bin/gnu/h-i686-mingw32/bin/../lib/gcc/nios2-elf/4.1.2/../../../../nios2-elf/lib/mno-hw-mul\libc.a(lib_a-s_isinfd.o)
                0x00809c78                __isinfd
 .text          0x00809cb8       0x30 c:/altera/12.1sp1/nios2eds/bin/gnu/h-i686-mingw32/bin/../lib/gcc/nios2-elf/4.1.2/../../../../nios2-elf/lib/mno-hw-mul\libc.a(lib_a-s_isnand.o)
                0x00809cb8                __isnand
 .text          0x00809ce8      0x14c c:/altera/12.1sp1/nios2eds/bin/gnu/h-i686-mingw32/bin/../lib/gcc/nios2-elf/4.1.2/../../../../nios2-elf/lib/mno-hw-mul\libc.a(lib_a-stdio.o)
                0x00809ce8                __sclose
                0x00809cf0                __sseek
                0x00809d58                __swrite
                0x00809dd4                __sread
 .text          0x00809e34       0xbc c:/altera/12.1sp1/nios2eds/bin/gnu/h-i686-mingw32/bin/../lib/gcc/nios2-elf/4.1.2/../../../../nios2-elf/lib/mno-hw-mul\libc.a(lib_a-strcmp.o)
                0x00809e34                strcmp
 .text          0x00809ef0       0x78 c:/altera/12.1sp1/nios2eds/bin/gnu/h-i686-mingw32/bin/../lib/gcc/nios2-elf/4.1.2/../../../../nios2-elf/lib/mno-hw-mul\libc.a(lib_a-writer.o)
                0x00809ef0                _write_r
 .text          0x00809f68       0x70 c:/altera/12.1sp1/nios2eds/bin/gnu/h-i686-mingw32/bin/../lib/gcc/nios2-elf/4.1.2/../../../../nios2-elf/lib/mno-hw-mul\libc.a(lib_a-closer.o)
                0x00809f68                _close_r
 .text          0x00809fd8      0x124 c:/altera/12.1sp1/nios2eds/bin/gnu/h-i686-mingw32/bin/../lib/gcc/nios2-elf/4.1.2/../../../../nios2-elf/lib/mno-hw-mul\libc.a(lib_a-fclose.o)
                0x00809fd8                _fclose_r
                0x0080a0e8                fclose
 .text          0x0080a0fc       0x74 c:/altera/12.1sp1/nios2eds/bin/gnu/h-i686-mingw32/bin/../lib/gcc/nios2-elf/4.1.2/../../../../nios2-elf/lib/mno-hw-mul\libc.a(lib_a-fstatr.o)
                0x0080a0fc                _fstat_r
 .text          0x0080a170       0x70 c:/altera/12.1sp1/nios2eds/bin/gnu/h-i686-mingw32/bin/../lib/gcc/nios2-elf/4.1.2/../../../../nios2-elf/lib/mno-hw-mul\libc.a(lib_a-isattyr.o)
                0x0080a170                _isatty_r
 .text          0x0080a1e0       0x78 c:/altera/12.1sp1/nios2eds/bin/gnu/h-i686-mingw32/bin/../lib/gcc/nios2-elf/4.1.2/../../../../nios2-elf/lib/mno-hw-mul\libc.a(lib_a-lseekr.o)
                0x0080a1e0                _lseek_r
 .text          0x0080a258       0x78 c:/altera/12.1sp1/nios2eds/bin/gnu/h-i686-mingw32/bin/../lib/gcc/nios2-elf/4.1.2/../../../../nios2-elf/lib/mno-hw-mul\libc.a(lib_a-readr.o)
                0x0080a258                _read_r
 .text          0x0080a2d0      0x66c c:/altera/12.1sp1/nios2eds/bin/gnu/h-i686-mingw32/bin/../lib/gcc/nios2-elf/4.1.2/mno-hw-mul\libgcc.a(_udivdi3.o)
                0x0080a2d0                __udivdi3
 .text          0x0080a93c      0x660 c:/altera/12.1sp1/nios2eds/bin/gnu/h-i686-mingw32/bin/../lib/gcc/nios2-elf/4.1.2/mno-hw-mul\libgcc.a(_umoddi3.o)
                0x0080a93c                __umoddi3
 .text          0x0080af9c      0x258 c:/altera/12.1sp1/nios2eds/bin/gnu/h-i686-mingw32/bin/../lib/gcc/nios2-elf/4.1.2/mno-hw-mul\libgcc.a(_div_df.o)
                0x0080af9c                __divdf3
 .text          0x0080b1f4       0x88 c:/altera/12.1sp1/nios2eds/bin/gnu/h-i686-mingw32/bin/../lib/gcc/nios2-elf/4.1.2/mno-hw-mul\libgcc.a(_eq_df.o)
                0x0080b1f4                __eqdf2
 .text          0x0080b27c       0x88 c:/altera/12.1sp1/nios2eds/bin/gnu/h-i686-mingw32/bin/../lib/gcc/nios2-elf/4.1.2/mno-hw-mul\libgcc.a(_ne_df.o)
                0x0080b27c                __nedf2
 .text          0x0080b304       0x88 c:/altera/12.1sp1/nios2eds/bin/gnu/h-i686-mingw32/bin/../lib/gcc/nios2-elf/4.1.2/mno-hw-mul\libgcc.a(_gt_df.o)
                0x0080b304                __gtdf2
 .text          0x0080b38c       0x88 c:/altera/12.1sp1/nios2eds/bin/gnu/h-i686-mingw32/bin/../lib/gcc/nios2-elf/4.1.2/mno-hw-mul\libgcc.a(_ge_df.o)
                0x0080b38c                __gedf2
 .text          0x0080b414       0x88 c:/altera/12.1sp1/nios2eds/bin/gnu/h-i686-mingw32/bin/../lib/gcc/nios2-elf/4.1.2/mno-hw-mul\libgcc.a(_lt_df.o)
                0x0080b414                __ltdf2
 .text          0x0080b49c      0x194 c:/altera/12.1sp1/nios2eds/bin/gnu/h-i686-mingw32/bin/../lib/gcc/nios2-elf/4.1.2/mno-hw-mul\libgcc.a(_usi_to_df.o)
                0x0080b49c                __floatunsidf
 .text          0x0080b630      0x14c c:/altera/12.1sp1/nios2eds/bin/gnu/h-i686-mingw32/bin/../lib/gcc/nios2-elf/4.1.2/mno-hw-mul\libgcc.a(lib2-divmod.o)
                0x0080b6ac                __divsi3
                0x0080b70c                __modsi3
                0x0080b76c                __udivsi3
                0x0080b774                __umodsi3
 .text          0x0080b77c       0xc8 c:/altera/12.1sp1/nios2eds/bin/gnu/h-i686-mingw32/bin/../lib/gcc/nios2-elf/4.1.2/mno-hw-mul\libgcc.a(_fpcmp_parts_df.o)
                0x0080b77c                __fpcmp_parts_d
 .text          0x0080b844      0x160 C:/Users/jchang3/Documents/ECE492/test/software/accelerometer_pen_bsp/\libucosii_bsp.a(alt_close.o)
                0x0080b844                close
 .text          0x0080b9a4       0x2c C:/Users/jchang3/Documents/ECE492/test/software/accelerometer_pen_bsp/\libucosii_bsp.a(alt_dev.o)
 .text          0x0080b9d0        0x0 C:/Users/jchang3/Documents/ECE492/test/software/accelerometer_pen_bsp/\libucosii_bsp.a(alt_errno.o)
 .text          0x0080b9d0      0x138 C:/Users/jchang3/Documents/ECE492/test/software/accelerometer_pen_bsp/\libucosii_bsp.a(alt_fstat.o)
                0x0080b9d0                fstat
 .text          0x0080bb08      0x124 C:/Users/jchang3/Documents/ECE492/test/software/accelerometer_pen_bsp/\libucosii_bsp.a(alt_isatty.o)
                0x0080bb08                isatty
 .text          0x0080bc2c       0xec C:/Users/jchang3/Documents/ECE492/test/software/accelerometer_pen_bsp/\libucosii_bsp.a(alt_load.o)
                0x0080bc2c                alt_load
 .text          0x0080bd18      0x154 C:/Users/jchang3/Documents/ECE492/test/software/accelerometer_pen_bsp/\libucosii_bsp.a(alt_lseek.o)
                0x0080bd18                lseek
 .text          0x0080be6c       0xc8 C:/Users/jchang3/Documents/ECE492/test/software/accelerometer_pen_bsp/\libucosii_bsp.a(alt_main.o)
                0x0080be6c                alt_main
 .text          0x0080bf34      0x258 C:/Users/jchang3/Documents/ECE492/test/software/accelerometer_pen_bsp/\libucosii_bsp.a(alt_printf.o)
                0x0080bf34                alt_printf
 .text          0x0080c18c       0x40 C:/Users/jchang3/Documents/ECE492/test/software/accelerometer_pen_bsp/\libucosii_bsp.a(alt_putchar.o)
                0x0080c18c                alt_putchar
 .text          0x0080c1cc      0x184 C:/Users/jchang3/Documents/ECE492/test/software/accelerometer_pen_bsp/\libucosii_bsp.a(alt_read.o)
                0x0080c1cc                read
 .text          0x0080c350       0x78 C:/Users/jchang3/Documents/ECE492/test/software/accelerometer_pen_bsp/\libucosii_bsp.a(alt_release_fd.o)
                0x0080c350                alt_release_fd
 .text          0x0080c3c8       0xbc C:/Users/jchang3/Documents/ECE492/test/software/accelerometer_pen_bsp/\libucosii_bsp.a(alt_sbrk.o)
                0x0080c3c8                sbrk
 .text          0x0080c484       0xf4 C:/Users/jchang3/Documents/ECE492/test/software/accelerometer_pen_bsp/\libucosii_bsp.a(alt_times.o)
                0x0080c484                times
 .text          0x0080c578      0x184 C:/Users/jchang3/Documents/ECE492/test/software/accelerometer_pen_bsp/\libucosii_bsp.a(alt_write.o)
                0x0080c578                write
 .text          0x0080c6fc      0x108 C:/Users/jchang3/Documents/ECE492/test/software/accelerometer_pen_bsp/\libucosii_bsp.a(alt_env_lock.o)
                0x0080c6fc                __env_lock
                0x0080c7a8                __env_unlock
 .text          0x0080c804      0x1d8 C:/Users/jchang3/Documents/ECE492/test/software/accelerometer_pen_bsp/\libucosii_bsp.a(alt_malloc_lock.o)
                0x0080c804                __malloc_lock
                0x0080c90c                __malloc_unlock
 .text          0x0080c9dc     0x2128 C:/Users/jchang3/Documents/ECE492/test/software/accelerometer_pen_bsp/\libucosii_bsp.a(os_core.o)
                0x0080c9dc                OSEventNameGet
                0x0080cb0c                OSEventNameSet
                0x0080cc50                OSEventPendMulti
                0x0080d304                OSInit
                0x0080d358                OSIntEnter
                0x0080d3d4                OSIntExit
                0x0080d4d4                OSSchedLock
                0x0080d560                OSSchedUnlock
                0x0080d644                OSStart
                0x0080d6b4                OSStatInit
                0x0080d760                OSTimeTick
                0x0080d9a0                OSVersion
                0x0080d9c0                OS_Dummy
                0x0080d9dc                OS_EventTaskRdy
                0x0080db70                OS_EventTaskWait
                0x0080dc80                OS_EventTaskWaitMulti
                0x0080ddd4                OS_EventTaskRemove
                0x0080de8c                OS_EventTaskRemoveMulti
                0x0080df90                OS_EventWaitListInit
                0x0080e35c                OS_MemClr
                0x0080e3b0                OS_MemCopy
                0x0080e41c                OS_Sched
                0x0080e560                OS_StrCopy
                0x0080e5e0                OS_StrLen
                0x0080e638                OS_TaskIdle
                0x0080e694                OS_TaskStat
                0x0080e75c                OS_TaskStatStkChk
                0x0080e824                OS_TCBInit
 .text          0x0080eb04      0x18c C:/Users/jchang3/Documents/ECE492/test/software/accelerometer_pen_bsp/\libucosii_bsp.a(os_dbg.o)
                0x0080eb04                OSDebugInit
 .text          0x0080ec90     0x193c C:/Users/jchang3/Documents/ECE492/test/software/accelerometer_pen_bsp/\libucosii_bsp.a(os_flag.o)
                0x0080ec90                OSFlagAccept
                0x0080efc4                OSFlagCreate
                0x0080f100                OSFlagDel
                0x0080f3a8                OSFlagNameGet
                0x0080f4ec                OSFlagNameSet
                0x0080f640                OSFlagPend
                0x0080fc84                OSFlagPendGetFlagsRdy
                0x0080fcec                OSFlagPost
                0x00810094                OSFlagQuery
                0x0081032c                OS_FlagInit
                0x00810520                OS_FlagUnlink
 .text          0x008105cc      0x80c C:/Users/jchang3/Documents/ECE492/test/software/accelerometer_pen_bsp/\libucosii_bsp.a(os_mem.o)
                0x008105cc                OSMemCreate
                0x008107e8                OSMemGet
                0x008108ec                OSMemNameGet
                0x008109f8                OSMemNameSet
                0x00810b18                OSMemPut
                0x00810c08                OSMemQuery
                0x00810d04                OS_MemInit
 .text          0x00810dd8     0x1334 C:/Users/jchang3/Documents/ECE492/test/software/accelerometer_pen_bsp/\libucosii_bsp.a(os_q.o)
                0x00810dd8                OSQAccept
                0x00810f2c                OSQCreate
                0x00811140                OSQDel
                0x00811440                OSQFlush
                0x00811508                OSQPend
                0x00811828                OSQPendAbort
                0x008119a4                OSQPost
                0x00811b24                OSQPostFront
                0x00811cac                OSQPostOpt
                0x00811ee0                OSQQuery
                0x00812060                OS_QInit
 .text          0x0081210c      0xbc8 C:/Users/jchang3/Documents/ECE492/test/software/accelerometer_pen_bsp/\libucosii_bsp.a(os_sem.o)
                0x0081210c                OSSemAccept
                0x008121cc                OSSemCreate
                0x008122e0                OSSemDel
                0x00812580                OSSemPend
                0x008127fc                OSSemPendAbort
                0x00812978                OSSemPost
                0x00812aa0                OSSemQuery
                0x00812bd0                OSSemSet
 .text          0x00812cd4     0x1a40 C:/Users/jchang3/Documents/ECE492/test/software/accelerometer_pen_bsp/\libucosii_bsp.a(os_task.o)
                0x00812cd4                OSTaskChangePrio
                0x00813248                OSTaskCreate
                0x0081341c                OSTaskCreateExt
                0x0081361c                OSTaskDel
                0x00813a28                OSTaskDelReq
                0x00813b98                OSTaskNameGet
                0x00813d50                OSTaskNameSet
                0x00813f14                OSTaskResume
                0x0081412c                OSTaskStkChk
                0x00814328                OSTaskSuspend
                0x00814554                OSTaskQuery
                0x00814698                OS_TaskStkClr
 .text          0x00814714      0x5b4 C:/Users/jchang3/Documents/ECE492/test/software/accelerometer_pen_bsp/\libucosii_bsp.a(os_time.o)
                0x00814714                OSTimeDly
                0x00814860                OSTimeDlyHMSM
                0x008149f0                OSTimeDlyResume
                0x00814c00                OSTimeGet
                0x00814c64                OSTimeSet
 .text          0x00814cc8       0xf8 C:/Users/jchang3/Documents/ECE492/test/software/accelerometer_pen_bsp/\libucosii_bsp.a(alt_sys_init.o)
                0x00814cc8                alt_irq_init
                0x00814cfc                alt_sys_init
 .text          0x00814dc0      0x148 C:/Users/jchang3/Documents/ECE492/test/software/accelerometer_pen_bsp/\libucosii_bsp.a(altera_avalon_jtag_uart_fd.o)
                0x00814dc0                altera_avalon_jtag_uart_read_fd
                0x00814e18                altera_avalon_jtag_uart_write_fd
                0x00814e70                altera_avalon_jtag_uart_close_fd
                0x00814eb8                altera_avalon_jtag_uart_ioctl_fd
 .text          0x00814f08      0x580 C:/Users/jchang3/Documents/ECE492/test/software/accelerometer_pen_bsp/\libucosii_bsp.a(altera_avalon_jtag_uart_init.o)
                0x00814f08                altera_avalon_jtag_uart_init
                0x00815414                altera_avalon_jtag_uart_close
 .text          0x00815488       0xf4 C:/Users/jchang3/Documents/ECE492/test/software/accelerometer_pen_bsp/\libucosii_bsp.a(altera_avalon_jtag_uart_ioctl.o)
                0x00815488                altera_avalon_jtag_uart_ioctl
 .text          0x0081557c      0x2c0 C:/Users/jchang3/Documents/ECE492/test/software/accelerometer_pen_bsp/\libucosii_bsp.a(altera_avalon_jtag_uart_read.o)
                0x0081557c                altera_avalon_jtag_uart_read
 .text          0x0081583c      0x2dc C:/Users/jchang3/Documents/ECE492/test/software/accelerometer_pen_bsp/\libucosii_bsp.a(altera_avalon_jtag_uart_write.o)
                0x0081583c                altera_avalon_jtag_uart_write
 .text          0x00815b18       0xfc C:/Users/jchang3/Documents/ECE492/test/software/accelerometer_pen_bsp/\libucosii_bsp.a(altera_avalon_timer_sc.o)
                0x00815b8c                alt_avalon_timer_sc_init
 .text          0x00815c14      0x530 C:/Users/jchang3/Documents/ECE492/test/software/accelerometer_pen_bsp/\libucosii_bsp.a(altera_up_avalon_character_lcd.o)
                0x00815c14                get_DDRAM_addr
                0x00815c90                alt_up_character_lcd_send_cmd
                0x00815cc4                alt_up_character_lcd_init
                0x00815cf8                alt_up_character_lcd_open_dev
                0x00815d38                alt_up_character_lcd_write
                0x00815db0                alt_up_character_lcd_string
                0x00815e28                alt_up_character_lcd_write_fd
                0x00815e74                alt_up_character_lcd_set_cursor_pos
                0x00815eec                alt_up_character_lcd_shift_cursor
                0x00815f9c                alt_up_character_lcd_shift_display
                0x0081604c                alt_up_character_lcd_erase_pos
                0x008160dc                alt_up_character_lcd_cursor_off
                0x00816110                alt_up_character_lcd_cursor_blink_on
 .text          0x00816144      0x398 C:/Users/jchang3/Documents/ECE492/test/software/accelerometer_pen_bsp/\libucosii_bsp.a(altera_up_avalon_rs232.o)
                0x00816144                alt_up_rs232_enable_read_interrupt
                0x00816198                alt_up_rs232_disable_read_interrupt
                0x008161f0                alt_up_rs232_get_used_space_in_read_FIFO
                0x0081622c                alt_up_rs232_get_available_space_in_write_FIFO
                0x0081626c                alt_up_rs232_check_parity
                0x008162bc                alt_up_rs232_write_data
                0x00816304                alt_up_rs232_read_data
                0x00816378                alt_up_rs232_read_fd
                0x00816408                alt_up_rs232_write_fd
                0x0081649c                alt_up_rs232_open_dev
 .text          0x008164dc     0x4440 C:/Users/jchang3/Documents/ECE492/test/software/accelerometer_pen_bsp/\libucosii_bsp.a(altera_up_sd_card_avalon_interface.o)
                0x008164dc                Write_Sector_Data
                0x008165a4                Save_Modified_Sector
                0x008165f4                Read_Sector_Data
                0x008166f0                get_cluster_flag
                0x008167a8                mark_cluster
                0x0081688c                Check_for_Master_Boot_Record
                0x00816a3c                Read_File_Record_At_Offset
                0x00816cc0                Write_File_Record_At_Offset
                0x00816f78                Check_for_DOS_FAT
                0x008175c0                Look_for_FAT16
                0x008176b8                filename_to_upper_case
                0x00817788                check_file_name_for_FAT16_compliance
                0x00817a18                get_dir_divider_location
                0x00817ad8                match_file_record_to_name_ext
                0x00817dc4                get_home_directory_cluster_for_file
                0x008182d8                find_file_in_directory
                0x0081873c                find_first_empty_cluster
                0x008188e0                find_first_empty_record_in_a_subdirectory
                0x00818b2c                find_first_empty_record_in_root_directory
                0x00818c58                convert_filename_to_name_extension
                0x00818e10                create_file
                0x008190ec                copy_file_record_name_to_string
                0x00819240                alt_up_sd_card_open_dev
                0x00819304                alt_up_sd_card_is_Present
                0x008193cc                alt_up_sd_card_is_FAT16
                0x00819440                alt_up_sd_card_find_first
                0x00819514                alt_up_sd_card_find_next
                0x008198c4                alt_up_sd_card_fopen
                0x00819c6c                alt_up_sd_card_set_attributes
                0x00819cfc                alt_up_sd_card_get_attributes
                0x00819d88                alt_up_sd_card_read
                0x0081a124                alt_up_sd_card_write
                0x0081a748                alt_up_sd_card_fclose
 .text          0x0081a91c      0x154 C:/Users/jchang3/Documents/ECE492/test/software/accelerometer_pen_bsp/\libucosii_bsp.a(alt_alarm_start.o)
                0x0081a91c                alt_alarm_start
 .text          0x0081aa70       0x1c C:/Users/jchang3/Documents/ECE492/test/software/accelerometer_pen_bsp/\libucosii_bsp.a(alt_dcache_flush_all.o)
                0x0081aa70                alt_dcache_flush_all
 .text          0x0081aa8c      0x114 C:/Users/jchang3/Documents/ECE492/test/software/accelerometer_pen_bsp/\libucosii_bsp.a(alt_dev_llist_insert.o)
                0x0081aa8c                alt_dev_llist_insert
 .text          0x0081aba0       0x64 C:/Users/jchang3/Documents/ECE492/test/software/accelerometer_pen_bsp/\libucosii_bsp.a(alt_do_ctors.o)
                0x0081aba0                _do_ctors
 .text          0x0081ac04       0x64 C:/Users/jchang3/Documents/ECE492/test/software/accelerometer_pen_bsp/\libucosii_bsp.a(alt_do_dtors.o)
                0x0081ac04                _do_dtors
 .text          0x0081ac68       0x94 C:/Users/jchang3/Documents/ECE492/test/software/accelerometer_pen_bsp/\libucosii_bsp.a(alt_find_dev.o)
                0x0081ac68                alt_find_dev
 .text          0x0081acfc       0x1c C:/Users/jchang3/Documents/ECE492/test/software/accelerometer_pen_bsp/\libucosii_bsp.a(alt_icache_flush_all.o)
                0x0081acfc                alt_icache_flush_all
 .text          0x0081ad18      0x150 C:/Users/jchang3/Documents/ECE492/test/software/accelerometer_pen_bsp/\libucosii_bsp.a(alt_io_redirect.o)
                0x0081adf0                alt_io_redirect
 .text          0x0081ae68      0x1c0 C:/Users/jchang3/Documents/ECE492/test/software/accelerometer_pen_bsp/\libucosii_bsp.a(alt_irq_register.o)
                0x0081ae68                alt_irq_register
 .text          0x0081b028        0x0 C:/Users/jchang3/Documents/ECE492/test/software/accelerometer_pen_bsp/\libucosii_bsp.a(alt_irq_vars.o)
 .text          0x0081b028      0x2e4 C:/Users/jchang3/Documents/ECE492/test/software/accelerometer_pen_bsp/\libucosii_bsp.a(alt_open.o)
                0x0081b120                open
 .text          0x0081b30c      0x1a8 C:/Users/jchang3/Documents/ECE492/test/software/accelerometer_pen_bsp/\libucosii_bsp.a(alt_tick.o)
                0x0081b30c                alt_alarm_stop
                0x0081b3a4                alt_tick
 .text          0x0081b4b4       0x20 C:/Users/jchang3/Documents/ECE492/test/software/accelerometer_pen_bsp/\libucosii_bsp.a(altera_nios2_qsys_irq.o)
                0x0081b4b4                altera_nios2_qsys_irq_init
 .text          0x0081b4d4       0xd0 C:/Users/jchang3/Documents/ECE492/test/software/accelerometer_pen_bsp/\libucosii_bsp.a(os_cpu_a.o)
                0x0081b4d4                OSCtxSw
                0x0081b4d4                OSIntCtxSw
                0x0081b560                OSStartHighRdy
                0x0081b580                OSStartTsk
 .text          0x0081b5a4      0x418 C:/Users/jchang3/Documents/ECE492/test/software/accelerometer_pen_bsp/\libucosii_bsp.a(os_cpu_c.o)
                0x0081b5a4                OSTaskStkInit
                0x0081b8b4                OSTaskCreateHook
                0x0081b8d4                OSTaskDelHook
                0x0081b8f4                OSTaskSwHook
                0x0081b910                OSTaskStatHook
                0x0081b92c                OSTimeTickHook
                0x0081b948                OSInitHookBegin
                0x0081b964                OSInitHookEnd
                0x0081b980                OSTaskIdleHook
                0x0081b99c                OSTCBInitHook
 .text          0x0081b9bc      0x120 C:/Users/jchang3/Documents/ECE492/test/software/accelerometer_pen_bsp/\libucosii_bsp.a(alt_find_file.o)
                0x0081b9bc                alt_find_file
 .text          0x0081badc      0x104 C:/Users/jchang3/Documents/ECE492/test/software/accelerometer_pen_bsp/\libucosii_bsp.a(alt_get_fd.o)
                0x0081badc                alt_get_fd
 .text          0x0081bbe0        0x0 C:/Users/jchang3/Documents/ECE492/test/software/accelerometer_pen_bsp/\libucosii_bsp.a(alt_irq_entry.o)
 .text          0x0081bbe0        0x0 C:/Users/jchang3/Documents/ECE492/test/software/accelerometer_pen_bsp/\libucosii_bsp.a(alt_irq_handler.o)
 .text          0x0081bbe0        0x0 C:/Users/jchang3/Documents/ECE492/test/software/accelerometer_pen_bsp/\libucosii_bsp.a(alt_exception_entry.o)
 .text          0x0081bbe0       0x14 c:/altera/12.1sp1/nios2eds/bin/gnu/h-i686-mingw32/bin/../lib/gcc/nios2-elf/4.1.2/../../../../nios2-elf/lib/mno-hw-mul\libc.a(lib_a-atexit.o)
                0x0081bbe0                atexit
 .text          0x0081bbf4       0x38 c:/altera/12.1sp1/nios2eds/bin/gnu/h-i686-mingw32/bin/../lib/gcc/nios2-elf/4.1.2/../../../../nios2-elf/lib/mno-hw-mul\libc.a(lib_a-exit.o)
                0x0081bbf4                exit
 .text          0x0081bc2c       0x74 c:/altera/12.1sp1/nios2eds/bin/gnu/h-i686-mingw32/bin/../lib/gcc/nios2-elf/4.1.2/../../../../nios2-elf/lib/mno-hw-mul\libc.a(lib_a-memcmp.o)
                0x0081bc2c                memcmp
 .text          0x0081bca0      0x1ec c:/altera/12.1sp1/nios2eds/bin/gnu/h-i686-mingw32/bin/../lib/gcc/nios2-elf/4.1.2/../../../../nios2-elf/lib/mno-hw-mul\libc.a(lib_a-putc.o)
                0x0081bca0                putc
                0x0081bda4                _putc_r
 .text          0x0081be8c      0x14c c:/altera/12.1sp1/nios2eds/bin/gnu/h-i686-mingw32/bin/../lib/gcc/nios2-elf/4.1.2/../../../../nios2-elf/lib/mno-hw-mul\libc.a(lib_a-wbuf.o)
                0x0081be8c                __swbuf_r
                0x0081bfbc                __swbuf
 .text          0x0081bfd8      0x134 c:/altera/12.1sp1/nios2eds/bin/gnu/h-i686-mingw32/bin/../lib/gcc/nios2-elf/4.1.2/../../../../nios2-elf/lib/mno-hw-mul\libc.a(lib_a-__atexit.o)
                0x0081bfd8                __register_exitproc
 .text          0x0081c10c      0x1b4 c:/altera/12.1sp1/nios2eds/bin/gnu/h-i686-mingw32/bin/../lib/gcc/nios2-elf/4.1.2/../../../../nios2-elf/lib/mno-hw-mul\libc.a(lib_a-__call_atexit.o)
                0x0081c110                __call_exitprocs
 .text          0x0081c2c0       0x6c C:/Users/jchang3/Documents/ECE492/test/software/accelerometer_pen_bsp/\libucosii_bsp.a(alt_exit.o)
                0x0081c300                _exit
 *(.gnu.warning.*)
 *(.fini)
                0x0081c32c                PROVIDE (__etext, ABSOLUTE (.))
                0x0081c32c                PROVIDE (_etext, ABSOLUTE (.))
                0x0081c32c                PROVIDE (etext, ABSOLUTE (.))
 *(.eh_frame_hdr)
                0x0081c32c                . = ALIGN (0x4)
                0x0081c32c                PROVIDE (__preinit_array_start, ABSOLUTE (.))
 *(.preinit_array)
                0x0081c32c                PROVIDE (__preinit_array_end, ABSOLUTE (.))
                0x0081c32c                PROVIDE (__init_array_start, ABSOLUTE (.))
 *(.init_array)
                0x0081c32c                PROVIDE (__init_array_end, ABSOLUTE (.))
                0x0081c32c                PROVIDE (__fini_array_start, ABSOLUTE (.))
 *(.fini_array)
                0x0081c32c                PROVIDE (__fini_array_end, ABSOLUTE (.))
 *(.eh_frame)
 *(.gcc_except_table)
 *(.dynamic)
                0x0081c32c                PROVIDE (__CTOR_LIST__, ABSOLUTE (.))
 *(.ctors)
 *(SORT(.ctors.*))
 .ctors.65535   0x0081c32c        0x4 c:/altera/12.1sp1/nios2eds/bin/gnu/h-i686-mingw32/bin/../lib/gcc/nios2-elf/4.1.2/../../../../nios2-elf/lib/mno-hw-mul\libc.a(lib_a-__call_atexit.o)
                0x0081c330                PROVIDE (__CTOR_END__, ABSOLUTE (.))
                0x0081c330                PROVIDE (__DTOR_LIST__, ABSOLUTE (.))
 *(.dtors)
 *(SORT(.dtors.*))
                0x0081c330                PROVIDE (__DTOR_END__, ABSOLUTE (.))
 *(.jcr)
                0x0081c330                . = ALIGN (0x4)

.rodata         0x0081c330      0x7c8
                0x0081c330                PROVIDE (__ram_rodata_start, ABSOLUTE (.))
                0x0081c330                . = ALIGN (0x4)
 *(.rodata .rodata.* .gnu.linkonce.r.*)
 .rodata        0x0081c330      0x2fc obj/default/hello_ucosii.o
 .rodata        0x0081c62c       0x10 c:/altera/12.1sp1/nios2eds/bin/gnu/h-i686-mingw32/bin/../lib/gcc/nios2-elf/4.1.2/mno-hw-mul\libgcc.a(_thenan_sf.o)
                0x0081c62c                __thenan_sf
 .rodata        0x0081c63c       0x14 c:/altera/12.1sp1/nios2eds/bin/gnu/h-i686-mingw32/bin/../lib/gcc/nios2-elf/4.1.2/mno-hw-mul\libgcc.a(_thenan_df.o)
                0x0081c63c                __thenan_df
 .rodata        0x0081c650      0x100 c:/altera/12.1sp1/nios2eds/bin/gnu/h-i686-mingw32/bin/../lib/gcc/nios2-elf/4.1.2/mno-hw-mul\libgcc.a(_clz.o)
                0x0081c650                __clz_tab
 .rodata.str1.4
                0x0081c750        0x2 c:/altera/12.1sp1/nios2eds/bin/gnu/h-i686-mingw32/bin/../lib/gcc/nios2-elf/4.1.2/../../../../nios2-elf/lib/mno-hw-mul\libc.a(lib_a-impure.o)
                                  0x4 (size before relaxing)
 *fill*         0x0081c752        0x2 00
 .rodata.str1.4
                0x0081c754        0x2 c:/altera/12.1sp1/nios2eds/bin/gnu/h-i686-mingw32/bin/../lib/gcc/nios2-elf/4.1.2/../../../../nios2-elf/lib/mno-hw-mul\libc.a(lib_a-puts.o)
                                  0x4 (size before relaxing)
 *fill*         0x0081c756        0x2 00
 .rodata.str1.4
                0x0081c758       0x5e c:/altera/12.1sp1/nios2eds/bin/gnu/h-i686-mingw32/bin/../lib/gcc/nios2-elf/4.1.2/../../../../nios2-elf/lib/mno-hw-mul\libc.a(lib_a-vfprintf.o)
                                 0x60 (size before relaxing)
 .rodata        0x0081c7b6       0x20 c:/altera/12.1sp1/nios2eds/bin/gnu/h-i686-mingw32/bin/../lib/gcc/nios2-elf/4.1.2/../../../../nios2-elf/lib/mno-hw-mul\libc.a(lib_a-vfprintf.o)
 *fill*         0x0081c7d6        0x2 00
 .rodata.str1.4
                0x0081c7d8       0x10 c:/altera/12.1sp1/nios2eds/bin/gnu/h-i686-mingw32/bin/../lib/gcc/nios2-elf/4.1.2/../../../../nios2-elf/lib/mno-hw-mul\libc.a(lib_a-dtoa.o)
                                 0x14 (size before relaxing)
 .rodata.str1.4
                0x0081c7e8       0x10 c:/altera/12.1sp1/nios2eds/bin/gnu/h-i686-mingw32/bin/../lib/gcc/nios2-elf/4.1.2/../../../../nios2-elf/lib/mno-hw-mul\libc.a(lib_a-locale.o)
                                 0x18 (size before relaxing)
 .rodata        0x0081c7f8       0x30 c:/altera/12.1sp1/nios2eds/bin/gnu/h-i686-mingw32/bin/../lib/gcc/nios2-elf/4.1.2/../../../../nios2-elf/lib/mno-hw-mul\libc.a(lib_a-locale.o)
 .rodata        0x0081c828      0x124 c:/altera/12.1sp1/nios2eds/bin/gnu/h-i686-mingw32/bin/../lib/gcc/nios2-elf/4.1.2/../../../../nios2-elf/lib/mno-hw-mul\libc.a(lib_a-mprec.o)
                0x0081c828                __mprec_tens
                0x0081c8f0                __mprec_bigtens
                0x0081c918                __mprec_tinytens
 .rodata        0x0081c94c        0xc C:/Users/jchang3/Documents/ECE492/test/software/accelerometer_pen_bsp/\libucosii_bsp.a(alt_dev.o)
 .rodata        0x0081c958       0x14 C:/Users/jchang3/Documents/ECE492/test/software/accelerometer_pen_bsp/\libucosii_bsp.a(alt_main.o)
 .rodata        0x0081c96c      0x120 C:/Users/jchang3/Documents/ECE492/test/software/accelerometer_pen_bsp/\libucosii_bsp.a(os_core.o)
                0x0081c96c                OSUnMapTbl
 .rodata        0x0081ca8c       0x68 C:/Users/jchang3/Documents/ECE492/test/software/accelerometer_pen_bsp/\libucosii_bsp.a(alt_sys_init.o)
 .rodata        0x0081caf4        0x4 C:/Users/jchang3/Documents/ECE492/test/software/accelerometer_pen_bsp/\libucosii_bsp.a(os_cpu_c.o)
 *(.rodata1)
                0x0081caf8                . = ALIGN (0x4)
                0x0081caf8                PROVIDE (__ram_rodata_end, ABSOLUTE (.))
                0x0081c330                PROVIDE (__flash_rodata_start, LOADADDR (.rodata))

.rwdata         0x0081caf8     0x1b68 load address 0x0081e660
                0x0081caf8                PROVIDE (__ram_rwdata_start, ABSOLUTE (.))
                0x0081caf8                . = ALIGN (0x4)
 *(.got.plt)
 *(.got)
 *(.data1)
 *(.data .data.* .gnu.linkonce.d.*)
 .data          0x0081caf8        0x0 C:/Users/jchang3/Documents/ECE492/test/software/accelerometer_pen_bsp//obj/HAL/src/crt0.o
 .data          0x0081caf8        0x0 obj/default/dtw.o
 .data          0x0081caf8        0x0 obj/default/hello_ucosii.o
 .data          0x0081caf8        0x0 c:/altera/12.1sp1/nios2eds/bin/gnu/h-i686-mingw32/bin/../lib/gcc/nios2-elf/4.1.2/mno-hw-mul\libgcc.a(_div_sf.o)
 .data          0x0081caf8        0x0 c:/altera/12.1sp1/nios2eds/bin/gnu/h-i686-mingw32/bin/../lib/gcc/nios2-elf/4.1.2/mno-hw-mul\libgcc.a(_sf_to_df.o)
 .data          0x0081caf8        0x0 c:/altera/12.1sp1/nios2eds/bin/gnu/h-i686-mingw32/bin/../lib/gcc/nios2-elf/4.1.2/mno-hw-mul\libgcc.a(_thenan_sf.o)
 .data          0x0081caf8        0x0 c:/altera/12.1sp1/nios2eds/bin/gnu/h-i686-mingw32/bin/../lib/gcc/nios2-elf/4.1.2/mno-hw-mul\libgcc.a(_usi_to_sf.o)
 .data          0x0081caf8        0x0 c:/altera/12.1sp1/nios2eds/bin/gnu/h-i686-mingw32/bin/../lib/gcc/nios2-elf/4.1.2/mno-hw-mul\libgcc.a(_addsub_df.o)
 .data          0x0081caf8        0x0 c:/altera/12.1sp1/nios2eds/bin/gnu/h-i686-mingw32/bin/../lib/gcc/nios2-elf/4.1.2/mno-hw-mul\libgcc.a(_mul_df.o)
 .data          0x0081caf8        0x0 c:/altera/12.1sp1/nios2eds/bin/gnu/h-i686-mingw32/bin/../lib/gcc/nios2-elf/4.1.2/mno-hw-mul\libgcc.a(_si_to_df.o)
 .data          0x0081caf8        0x0 c:/altera/12.1sp1/nios2eds/bin/gnu/h-i686-mingw32/bin/../lib/gcc/nios2-elf/4.1.2/mno-hw-mul\libgcc.a(_df_to_si.o)
 .data          0x0081caf8        0x0 c:/altera/12.1sp1/nios2eds/bin/gnu/h-i686-mingw32/bin/../lib/gcc/nios2-elf/4.1.2/mno-hw-mul\libgcc.a(_make_df.o)
 .data          0x0081caf8        0x0 c:/altera/12.1sp1/nios2eds/bin/gnu/h-i686-mingw32/bin/../lib/gcc/nios2-elf/4.1.2/mno-hw-mul\libgcc.a(_thenan_df.o)
 .data          0x0081caf8        0x0 c:/altera/12.1sp1/nios2eds/bin/gnu/h-i686-mingw32/bin/../lib/gcc/nios2-elf/4.1.2/mno-hw-mul\libgcc.a(lib2-mul.o)
 .data          0x0081caf8        0x0 c:/altera/12.1sp1/nios2eds/bin/gnu/h-i686-mingw32/bin/../lib/gcc/nios2-elf/4.1.2/mno-hw-mul\libgcc.a(_muldi3.o)
 .data          0x0081caf8        0x0 c:/altera/12.1sp1/nios2eds/bin/gnu/h-i686-mingw32/bin/../lib/gcc/nios2-elf/4.1.2/mno-hw-mul\libgcc.a(_clzsi2.o)
 .data          0x0081caf8        0x0 c:/altera/12.1sp1/nios2eds/bin/gnu/h-i686-mingw32/bin/../lib/gcc/nios2-elf/4.1.2/mno-hw-mul\libgcc.a(_pack_sf.o)
 .data          0x0081caf8        0x0 c:/altera/12.1sp1/nios2eds/bin/gnu/h-i686-mingw32/bin/../lib/gcc/nios2-elf/4.1.2/mno-hw-mul\libgcc.a(_unpack_sf.o)
 .data          0x0081caf8        0x0 c:/altera/12.1sp1/nios2eds/bin/gnu/h-i686-mingw32/bin/../lib/gcc/nios2-elf/4.1.2/mno-hw-mul\libgcc.a(_pack_df.o)
 .data          0x0081caf8        0x0 c:/altera/12.1sp1/nios2eds/bin/gnu/h-i686-mingw32/bin/../lib/gcc/nios2-elf/4.1.2/mno-hw-mul\libgcc.a(_unpack_df.o)
 .data          0x0081caf8        0x0 c:/altera/12.1sp1/nios2eds/bin/gnu/h-i686-mingw32/bin/../lib/gcc/nios2-elf/4.1.2/mno-hw-mul\libgcc.a(_clz.o)
 .data          0x0081caf8        0x0 c:/altera/12.1sp1/nios2eds/bin/gnu/h-i686-mingw32/bin/../lib/gcc/nios2-elf/4.1.2/../../../../nios2-elf/lib/mno-hw-mul\libc.a(lib_a-calloc.o)
 .data          0x0081caf8        0x0 c:/altera/12.1sp1/nios2eds/bin/gnu/h-i686-mingw32/bin/../lib/gcc/nios2-elf/4.1.2/../../../../nios2-elf/lib/mno-hw-mul\libc.a(lib_a-callocr.o)
 .data          0x0081caf8        0x0 c:/altera/12.1sp1/nios2eds/bin/gnu/h-i686-mingw32/bin/../lib/gcc/nios2-elf/4.1.2/../../../../nios2-elf/lib/mno-hw-mul\libc.a(lib_a-clock.o)
 .data          0x0081caf8      0x400 c:/altera/12.1sp1/nios2eds/bin/gnu/h-i686-mingw32/bin/../lib/gcc/nios2-elf/4.1.2/../../../../nios2-elf/lib/mno-hw-mul\libc.a(lib_a-impure.o)
 .data          0x0081cef8      0x408 c:/altera/12.1sp1/nios2eds/bin/gnu/h-i686-mingw32/bin/../lib/gcc/nios2-elf/4.1.2/../../../../nios2-elf/lib/mno-hw-mul\libc.a(lib_a-mallocr.o)
                0x0081cef8                __malloc_av_
 .data          0x0081d300        0x0 c:/altera/12.1sp1/nios2eds/bin/gnu/h-i686-mingw32/bin/../lib/gcc/nios2-elf/4.1.2/../../../../nios2-elf/lib/mno-hw-mul\libc.a(lib_a-memset.o)
 .data          0x0081d300        0x0 c:/altera/12.1sp1/nios2eds/bin/gnu/h-i686-mingw32/bin/../lib/gcc/nios2-elf/4.1.2/../../../../nios2-elf/lib/mno-hw-mul\libc.a(lib_a-printf.o)
 .data          0x0081d300        0x0 c:/altera/12.1sp1/nios2eds/bin/gnu/h-i686-mingw32/bin/../lib/gcc/nios2-elf/4.1.2/../../../../nios2-elf/lib/mno-hw-mul\libc.a(lib_a-puts.o)
 .data          0x0081d300        0x0 c:/altera/12.1sp1/nios2eds/bin/gnu/h-i686-mingw32/bin/../lib/gcc/nios2-elf/4.1.2/../../../../nios2-elf/lib/mno-hw-mul\libc.a(lib_a-sbrkr.o)
 .data          0x0081d300        0x0 c:/altera/12.1sp1/nios2eds/bin/gnu/h-i686-mingw32/bin/../lib/gcc/nios2-elf/4.1.2/../../../../nios2-elf/lib/mno-hw-mul\libc.a(lib_a-strlen.o)
 .data          0x0081d300        0x0 c:/altera/12.1sp1/nios2eds/bin/gnu/h-i686-mingw32/bin/../lib/gcc/nios2-elf/4.1.2/../../../../nios2-elf/lib/mno-hw-mul\libc.a(lib_a-timesr.o)
 .data          0x0081d300        0x0 c:/altera/12.1sp1/nios2eds/bin/gnu/h-i686-mingw32/bin/../lib/gcc/nios2-elf/4.1.2/../../../../nios2-elf/lib/mno-hw-mul\libc.a(lib_a-vfprintf.o)
 .data          0x0081d300        0x0 c:/altera/12.1sp1/nios2eds/bin/gnu/h-i686-mingw32/bin/../lib/gcc/nios2-elf/4.1.2/../../../../nios2-elf/lib/mno-hw-mul\libc.a(lib_a-wsetup.o)
 .data          0x0081d300        0x0 c:/altera/12.1sp1/nios2eds/bin/gnu/h-i686-mingw32/bin/../lib/gcc/nios2-elf/4.1.2/../../../../nios2-elf/lib/mno-hw-mul\libc.a(lib_a-dtoa.o)
 .data          0x0081d300        0x0 c:/altera/12.1sp1/nios2eds/bin/gnu/h-i686-mingw32/bin/../lib/gcc/nios2-elf/4.1.2/../../../../nios2-elf/lib/mno-hw-mul\libc.a(lib_a-fflush.o)
 .data          0x0081d300        0x0 c:/altera/12.1sp1/nios2eds/bin/gnu/h-i686-mingw32/bin/../lib/gcc/nios2-elf/4.1.2/../../../../nios2-elf/lib/mno-hw-mul\libc.a(lib_a-findfp.o)
 .data          0x0081d300        0x0 c:/altera/12.1sp1/nios2eds/bin/gnu/h-i686-mingw32/bin/../lib/gcc/nios2-elf/4.1.2/../../../../nios2-elf/lib/mno-hw-mul\libc.a(lib_a-freer.o)
 .data          0x0081d300        0x0 c:/altera/12.1sp1/nios2eds/bin/gnu/h-i686-mingw32/bin/../lib/gcc/nios2-elf/4.1.2/../../../../nios2-elf/lib/mno-hw-mul\libc.a(lib_a-fvwrite.o)
 .data          0x0081d300        0x0 c:/altera/12.1sp1/nios2eds/bin/gnu/h-i686-mingw32/bin/../lib/gcc/nios2-elf/4.1.2/../../../../nios2-elf/lib/mno-hw-mul\libc.a(lib_a-fwalk.o)
 .data          0x0081d300        0x0 c:/altera/12.1sp1/nios2eds/bin/gnu/h-i686-mingw32/bin/../lib/gcc/nios2-elf/4.1.2/../../../../nios2-elf/lib/mno-hw-mul\libc.a(lib_a-int_errno.o)
 .data          0x0081d300        0xc c:/altera/12.1sp1/nios2eds/bin/gnu/h-i686-mingw32/bin/../lib/gcc/nios2-elf/4.1.2/../../../../nios2-elf/lib/mno-hw-mul\libc.a(lib_a-locale.o)
                0x0081d300                __lc_ctype
 .data          0x0081d30c        0x0 c:/altera/12.1sp1/nios2eds/bin/gnu/h-i686-mingw32/bin/../lib/gcc/nios2-elf/4.1.2/../../../../nios2-elf/lib/mno-hw-mul\libc.a(lib_a-makebuf.o)
 .data          0x0081d30c        0x0 c:/altera/12.1sp1/nios2eds/bin/gnu/h-i686-mingw32/bin/../lib/gcc/nios2-elf/4.1.2/../../../../nios2-elf/lib/mno-hw-mul\libc.a(lib_a-memchr.o)
 .data          0x0081d30c        0x0 c:/altera/12.1sp1/nios2eds/bin/gnu/h-i686-mingw32/bin/../lib/gcc/nios2-elf/4.1.2/../../../../nios2-elf/lib/mno-hw-mul\libc.a(lib_a-memcpy.o)
 .data          0x0081d30c        0x0 c:/altera/12.1sp1/nios2eds/bin/gnu/h-i686-mingw32/bin/../lib/gcc/nios2-elf/4.1.2/../../../../nios2-elf/lib/mno-hw-mul\libc.a(lib_a-memmove.o)
 .data          0x0081d30c        0x0 c:/altera/12.1sp1/nios2eds/bin/gnu/h-i686-mingw32/bin/../lib/gcc/nios2-elf/4.1.2/../../../../nios2-elf/lib/mno-hw-mul\libc.a(lib_a-mprec.o)
 .data          0x0081d30c        0x0 c:/altera/12.1sp1/nios2eds/bin/gnu/h-i686-mingw32/bin/../lib/gcc/nios2-elf/4.1.2/../../../../nios2-elf/lib/mno-hw-mul\libc.a(lib_a-reallocr.o)
 .data          0x0081d30c        0x0 c:/altera/12.1sp1/nios2eds/bin/gnu/h-i686-mingw32/bin/../lib/gcc/nios2-elf/4.1.2/../../../../nios2-elf/lib/mno-hw-mul\libc.a(lib_a-s_isinfd.o)
 .data          0x0081d30c        0x0 c:/altera/12.1sp1/nios2eds/bin/gnu/h-i686-mingw32/bin/../lib/gcc/nios2-elf/4.1.2/../../../../nios2-elf/lib/mno-hw-mul\libc.a(lib_a-s_isnand.o)
 .data          0x0081d30c        0x0 c:/altera/12.1sp1/nios2eds/bin/gnu/h-i686-mingw32/bin/../lib/gcc/nios2-elf/4.1.2/../../../../nios2-elf/lib/mno-hw-mul\libc.a(lib_a-stdio.o)
 .data          0x0081d30c        0x0 c:/altera/12.1sp1/nios2eds/bin/gnu/h-i686-mingw32/bin/../lib/gcc/nios2-elf/4.1.2/../../../../nios2-elf/lib/mno-hw-mul\libc.a(lib_a-strcmp.o)
 .data          0x0081d30c        0x0 c:/altera/12.1sp1/nios2eds/bin/gnu/h-i686-mingw32/bin/../lib/gcc/nios2-elf/4.1.2/../../../../nios2-elf/lib/mno-hw-mul\libc.a(lib_a-writer.o)
 .data          0x0081d30c        0x0 c:/altera/12.1sp1/nios2eds/bin/gnu/h-i686-mingw32/bin/../lib/gcc/nios2-elf/4.1.2/../../../../nios2-elf/lib/mno-hw-mul\libc.a(lib_a-closer.o)
 .data          0x0081d30c        0x0 c:/altera/12.1sp1/nios2eds/bin/gnu/h-i686-mingw32/bin/../lib/gcc/nios2-elf/4.1.2/../../../../nios2-elf/lib/mno-hw-mul\libc.a(lib_a-fclose.o)
 .data          0x0081d30c        0x0 c:/altera/12.1sp1/nios2eds/bin/gnu/h-i686-mingw32/bin/../lib/gcc/nios2-elf/4.1.2/../../../../nios2-elf/lib/mno-hw-mul\libc.a(lib_a-fstatr.o)
 .data          0x0081d30c        0x0 c:/altera/12.1sp1/nios2eds/bin/gnu/h-i686-mingw32/bin/../lib/gcc/nios2-elf/4.1.2/../../../../nios2-elf/lib/mno-hw-mul\libc.a(lib_a-isattyr.o)
 .data          0x0081d30c        0x0 c:/altera/12.1sp1/nios2eds/bin/gnu/h-i686-mingw32/bin/../lib/gcc/nios2-elf/4.1.2/../../../../nios2-elf/lib/mno-hw-mul\libc.a(lib_a-lseekr.o)
 .data          0x0081d30c        0x0 c:/altera/12.1sp1/nios2eds/bin/gnu/h-i686-mingw32/bin/../lib/gcc/nios2-elf/4.1.2/../../../../nios2-elf/lib/mno-hw-mul\libc.a(lib_a-readr.o)
 .data          0x0081d30c        0x0 c:/altera/12.1sp1/nios2eds/bin/gnu/h-i686-mingw32/bin/../lib/gcc/nios2-elf/4.1.2/mno-hw-mul\libgcc.a(_udivdi3.o)
 .data          0x0081d30c        0x0 c:/altera/12.1sp1/nios2eds/bin/gnu/h-i686-mingw32/bin/../lib/gcc/nios2-elf/4.1.2/mno-hw-mul\libgcc.a(_umoddi3.o)
 .data          0x0081d30c        0x0 c:/altera/12.1sp1/nios2eds/bin/gnu/h-i686-mingw32/bin/../lib/gcc/nios2-elf/4.1.2/mno-hw-mul\libgcc.a(_div_df.o)
 .data          0x0081d30c        0x0 c:/altera/12.1sp1/nios2eds/bin/gnu/h-i686-mingw32/bin/../lib/gcc/nios2-elf/4.1.2/mno-hw-mul\libgcc.a(_eq_df.o)
 .data          0x0081d30c        0x0 c:/altera/12.1sp1/nios2eds/bin/gnu/h-i686-mingw32/bin/../lib/gcc/nios2-elf/4.1.2/mno-hw-mul\libgcc.a(_ne_df.o)
 .data          0x0081d30c        0x0 c:/altera/12.1sp1/nios2eds/bin/gnu/h-i686-mingw32/bin/../lib/gcc/nios2-elf/4.1.2/mno-hw-mul\libgcc.a(_gt_df.o)
 .data          0x0081d30c        0x0 c:/altera/12.1sp1/nios2eds/bin/gnu/h-i686-mingw32/bin/../lib/gcc/nios2-elf/4.1.2/mno-hw-mul\libgcc.a(_ge_df.o)
 .data          0x0081d30c        0x0 c:/altera/12.1sp1/nios2eds/bin/gnu/h-i686-mingw32/bin/../lib/gcc/nios2-elf/4.1.2/mno-hw-mul\libgcc.a(_lt_df.o)
 .data          0x0081d30c        0x0 c:/altera/12.1sp1/nios2eds/bin/gnu/h-i686-mingw32/bin/../lib/gcc/nios2-elf/4.1.2/mno-hw-mul\libgcc.a(_usi_to_df.o)
 .data          0x0081d30c        0x0 c:/altera/12.1sp1/nios2eds/bin/gnu/h-i686-mingw32/bin/../lib/gcc/nios2-elf/4.1.2/mno-hw-mul\libgcc.a(lib2-divmod.o)
 .data          0x0081d30c        0x0 c:/altera/12.1sp1/nios2eds/bin/gnu/h-i686-mingw32/bin/../lib/gcc/nios2-elf/4.1.2/mno-hw-mul\libgcc.a(_fpcmp_parts_df.o)
 .data          0x0081d30c        0x0 C:/Users/jchang3/Documents/ECE492/test/software/accelerometer_pen_bsp/\libucosii_bsp.a(alt_close.o)
 .data          0x0081d30c      0x1a8 C:/Users/jchang3/Documents/ECE492/test/software/accelerometer_pen_bsp/\libucosii_bsp.a(alt_dev.o)
                0x0081d30c                alt_dev_null
                0x0081d334                alt_fd_list
 .data          0x0081d4b4        0x0 C:/Users/jchang3/Documents/ECE492/test/software/accelerometer_pen_bsp/\libucosii_bsp.a(alt_errno.o)
 .data          0x0081d4b4        0x0 C:/Users/jchang3/Documents/ECE492/test/software/accelerometer_pen_bsp/\libucosii_bsp.a(alt_fstat.o)
 .data          0x0081d4b4        0x0 C:/Users/jchang3/Documents/ECE492/test/software/accelerometer_pen_bsp/\libucosii_bsp.a(alt_isatty.o)
 .data          0x0081d4b4        0x0 C:/Users/jchang3/Documents/ECE492/test/software/accelerometer_pen_bsp/\libucosii_bsp.a(alt_load.o)
 .data          0x0081d4b4        0x0 C:/Users/jchang3/Documents/ECE492/test/software/accelerometer_pen_bsp/\libucosii_bsp.a(alt_lseek.o)
 .data          0x0081d4b4        0x0 C:/Users/jchang3/Documents/ECE492/test/software/accelerometer_pen_bsp/\libucosii_bsp.a(alt_main.o)
 .data          0x0081d4b4        0x0 C:/Users/jchang3/Documents/ECE492/test/software/accelerometer_pen_bsp/\libucosii_bsp.a(alt_printf.o)
 .data          0x0081d4b4        0x0 C:/Users/jchang3/Documents/ECE492/test/software/accelerometer_pen_bsp/\libucosii_bsp.a(alt_putchar.o)
 .data          0x0081d4b4        0x0 C:/Users/jchang3/Documents/ECE492/test/software/accelerometer_pen_bsp/\libucosii_bsp.a(alt_read.o)
 .data          0x0081d4b4        0x0 C:/Users/jchang3/Documents/ECE492/test/software/accelerometer_pen_bsp/\libucosii_bsp.a(alt_release_fd.o)
 .data          0x0081d4b4        0x0 C:/Users/jchang3/Documents/ECE492/test/software/accelerometer_pen_bsp/\libucosii_bsp.a(alt_sbrk.o)
 .data          0x0081d4b4        0x0 C:/Users/jchang3/Documents/ECE492/test/software/accelerometer_pen_bsp/\libucosii_bsp.a(alt_times.o)
 .data          0x0081d4b4        0x0 C:/Users/jchang3/Documents/ECE492/test/software/accelerometer_pen_bsp/\libucosii_bsp.a(alt_write.o)
 .data          0x0081d4b4        0x0 C:/Users/jchang3/Documents/ECE492/test/software/accelerometer_pen_bsp/\libucosii_bsp.a(alt_env_lock.o)
 .data          0x0081d4b4        0x0 C:/Users/jchang3/Documents/ECE492/test/software/accelerometer_pen_bsp/\libucosii_bsp.a(alt_malloc_lock.o)
 .data          0x0081d4b4        0x0 C:/Users/jchang3/Documents/ECE492/test/software/accelerometer_pen_bsp/\libucosii_bsp.a(os_core.o)
 .data          0x0081d4b4        0x0 C:/Users/jchang3/Documents/ECE492/test/software/accelerometer_pen_bsp/\libucosii_bsp.a(os_dbg.o)
 .data          0x0081d4b4        0x0 C:/Users/jchang3/Documents/ECE492/test/software/accelerometer_pen_bsp/\libucosii_bsp.a(os_flag.o)
 .data          0x0081d4b4        0x0 C:/Users/jchang3/Documents/ECE492/test/software/accelerometer_pen_bsp/\libucosii_bsp.a(os_mem.o)
 .data          0x0081d4b4        0x0 C:/Users/jchang3/Documents/ECE492/test/software/accelerometer_pen_bsp/\libucosii_bsp.a(os_q.o)
 .data          0x0081d4b4        0x0 C:/Users/jchang3/Documents/ECE492/test/software/accelerometer_pen_bsp/\libucosii_bsp.a(os_sem.o)
 .data          0x0081d4b4        0x0 C:/Users/jchang3/Documents/ECE492/test/software/accelerometer_pen_bsp/\libucosii_bsp.a(os_task.o)
 .data          0x0081d4b4        0x0 C:/Users/jchang3/Documents/ECE492/test/software/accelerometer_pen_bsp/\libucosii_bsp.a(os_time.o)
 .data          0x0081d4b4     0x10f0 C:/Users/jchang3/Documents/ECE492/test/software/accelerometer_pen_bsp/\libucosii_bsp.a(alt_sys_init.o)
 .data          0x0081e5a4        0x0 C:/Users/jchang3/Documents/ECE492/test/software/accelerometer_pen_bsp/\libucosii_bsp.a(altera_avalon_jtag_uart_fd.o)
 .data          0x0081e5a4        0x0 C:/Users/jchang3/Documents/ECE492/test/software/accelerometer_pen_bsp/\libucosii_bsp.a(altera_avalon_jtag_uart_init.o)
 .data          0x0081e5a4        0x0 C:/Users/jchang3/Documents/ECE492/test/software/accelerometer_pen_bsp/\libucosii_bsp.a(altera_avalon_jtag_uart_ioctl.o)
 .data          0x0081e5a4        0x0 C:/Users/jchang3/Documents/ECE492/test/software/accelerometer_pen_bsp/\libucosii_bsp.a(altera_avalon_jtag_uart_read.o)
 .data          0x0081e5a4        0x0 C:/Users/jchang3/Documents/ECE492/test/software/accelerometer_pen_bsp/\libucosii_bsp.a(altera_avalon_jtag_uart_write.o)
 .data          0x0081e5a4        0x0 C:/Users/jchang3/Documents/ECE492/test/software/accelerometer_pen_bsp/\libucosii_bsp.a(altera_avalon_timer_sc.o)
 .data          0x0081e5a4        0x0 C:/Users/jchang3/Documents/ECE492/test/software/accelerometer_pen_bsp/\libucosii_bsp.a(altera_up_avalon_character_lcd.o)
 .data          0x0081e5a4        0x0 C:/Users/jchang3/Documents/ECE492/test/software/accelerometer_pen_bsp/\libucosii_bsp.a(altera_up_avalon_rs232.o)
 .data          0x0081e5a4        0x0 C:/Users/jchang3/Documents/ECE492/test/software/accelerometer_pen_bsp/\libucosii_bsp.a(altera_up_sd_card_avalon_interface.o)
 .data          0x0081e5a4        0x0 C:/Users/jchang3/Documents/ECE492/test/software/accelerometer_pen_bsp/\libucosii_bsp.a(alt_alarm_start.o)
 .data          0x0081e5a4        0x0 C:/Users/jchang3/Documents/ECE492/test/software/accelerometer_pen_bsp/\libucosii_bsp.a(alt_dcache_flush_all.o)
 .data          0x0081e5a4        0x0 C:/Users/jchang3/Documents/ECE492/test/software/accelerometer_pen_bsp/\libucosii_bsp.a(alt_dev_llist_insert.o)
 .data          0x0081e5a4        0x0 C:/Users/jchang3/Documents/ECE492/test/software/accelerometer_pen_bsp/\libucosii_bsp.a(alt_do_ctors.o)
 .data          0x0081e5a4        0x0 C:/Users/jchang3/Documents/ECE492/test/software/accelerometer_pen_bsp/\libucosii_bsp.a(alt_do_dtors.o)
 .data          0x0081e5a4        0x0 C:/Users/jchang3/Documents/ECE492/test/software/accelerometer_pen_bsp/\libucosii_bsp.a(alt_find_dev.o)
 .data          0x0081e5a4        0x0 C:/Users/jchang3/Documents/ECE492/test/software/accelerometer_pen_bsp/\libucosii_bsp.a(alt_icache_flush_all.o)
 .data          0x0081e5a4        0x0 C:/Users/jchang3/Documents/ECE492/test/software/accelerometer_pen_bsp/\libucosii_bsp.a(alt_io_redirect.o)
 .data          0x0081e5a4        0x0 C:/Users/jchang3/Documents/ECE492/test/software/accelerometer_pen_bsp/\libucosii_bsp.a(alt_irq_register.o)
 .data          0x0081e5a4        0x0 C:/Users/jchang3/Documents/ECE492/test/software/accelerometer_pen_bsp/\libucosii_bsp.a(alt_irq_vars.o)
 .data          0x0081e5a4        0x0 C:/Users/jchang3/Documents/ECE492/test/software/accelerometer_pen_bsp/\libucosii_bsp.a(alt_open.o)
 .data          0x0081e5a4        0x0 C:/Users/jchang3/Documents/ECE492/test/software/accelerometer_pen_bsp/\libucosii_bsp.a(alt_tick.o)
 .data          0x0081e5a4        0x0 C:/Users/jchang3/Documents/ECE492/test/software/accelerometer_pen_bsp/\libucosii_bsp.a(altera_nios2_qsys_irq.o)
 .data          0x0081e5a4        0x0 C:/Users/jchang3/Documents/ECE492/test/software/accelerometer_pen_bsp/\libucosii_bsp.a(os_cpu_a.o)
 .data          0x0081e5a4        0x0 C:/Users/jchang3/Documents/ECE492/test/software/accelerometer_pen_bsp/\libucosii_bsp.a(os_cpu_c.o)
 .data          0x0081e5a4        0x0 C:/Users/jchang3/Documents/ECE492/test/software/accelerometer_pen_bsp/\libucosii_bsp.a(alt_find_file.o)
 .data          0x0081e5a4        0x0 C:/Users/jchang3/Documents/ECE492/test/software/accelerometer_pen_bsp/\libucosii_bsp.a(alt_get_fd.o)
 .data          0x0081e5a4        0x0 C:/Users/jchang3/Documents/ECE492/test/software/accelerometer_pen_bsp/\libucosii_bsp.a(alt_irq_entry.o)
 .data          0x0081e5a4        0x0 C:/Users/jchang3/Documents/ECE492/test/software/accelerometer_pen_bsp/\libucosii_bsp.a(alt_irq_handler.o)
 .data          0x0081e5a4        0x0 C:/Users/jchang3/Documents/ECE492/test/software/accelerometer_pen_bsp/\libucosii_bsp.a(alt_exception_entry.o)
 .data          0x0081e5a4        0x0 c:/altera/12.1sp1/nios2eds/bin/gnu/h-i686-mingw32/bin/../lib/gcc/nios2-elf/4.1.2/../../../../nios2-elf/lib/mno-hw-mul\libc.a(lib_a-atexit.o)
 .data          0x0081e5a4        0x0 c:/altera/12.1sp1/nios2eds/bin/gnu/h-i686-mingw32/bin/../lib/gcc/nios2-elf/4.1.2/../../../../nios2-elf/lib/mno-hw-mul\libc.a(lib_a-exit.o)
 .data          0x0081e5a4        0x0 c:/altera/12.1sp1/nios2eds/bin/gnu/h-i686-mingw32/bin/../lib/gcc/nios2-elf/4.1.2/../../../../nios2-elf/lib/mno-hw-mul\libc.a(lib_a-memcmp.o)
 .data          0x0081e5a4        0x0 c:/altera/12.1sp1/nios2eds/bin/gnu/h-i686-mingw32/bin/../lib/gcc/nios2-elf/4.1.2/../../../../nios2-elf/lib/mno-hw-mul\libc.a(lib_a-putc.o)
 .data          0x0081e5a4        0x0 c:/altera/12.1sp1/nios2eds/bin/gnu/h-i686-mingw32/bin/../lib/gcc/nios2-elf/4.1.2/../../../../nios2-elf/lib/mno-hw-mul\libc.a(lib_a-wbuf.o)
 .data          0x0081e5a4        0x0 c:/altera/12.1sp1/nios2eds/bin/gnu/h-i686-mingw32/bin/../lib/gcc/nios2-elf/4.1.2/../../../../nios2-elf/lib/mno-hw-mul\libc.a(lib_a-__atexit.o)
 .data          0x0081e5a4        0x0 c:/altera/12.1sp1/nios2eds/bin/gnu/h-i686-mingw32/bin/../lib/gcc/nios2-elf/4.1.2/../../../../nios2-elf/lib/mno-hw-mul\libc.a(lib_a-__call_atexit.o)
 .data          0x0081e5a4        0x0 C:/Users/jchang3/Documents/ECE492/test/software/accelerometer_pen_bsp/\libucosii_bsp.a(alt_exit.o)
                0x008265a4                _gp = ABSOLUTE ((. + 0x8000))
                0x008265a4                PROVIDE (gp, _gp)
 *(.rwdata .rwdata.*)
 *(.sdata .sdata.* .gnu.linkonce.s.*)
 .sdata         0x0081e5a4        0x8 c:/altera/12.1sp1/nios2eds/bin/gnu/h-i686-mingw32/bin/../lib/gcc/nios2-elf/4.1.2/../../../../nios2-elf/lib/mno-hw-mul\libc.a(lib_a-impure.o)
                0x0081e5a4                _impure_ptr
                0x0081e5a8                _global_impure_ptr
 .sdata         0x0081e5ac        0x8 c:/altera/12.1sp1/nios2eds/bin/gnu/h-i686-mingw32/bin/../lib/gcc/nios2-elf/4.1.2/../../../../nios2-elf/lib/mno-hw-mul\libc.a(lib_a-mallocr.o)
                0x0081e5ac                __malloc_trim_threshold
                0x0081e5b0                __malloc_sbrk_base
 .sdata         0x0081e5b4        0x8 c:/altera/12.1sp1/nios2eds/bin/gnu/h-i686-mingw32/bin/../lib/gcc/nios2-elf/4.1.2/../../../../nios2-elf/lib/mno-hw-mul\libc.a(lib_a-locale.o)
                0x0081e5b4                __mb_cur_max
 .sdata         0x0081e5bc       0x14 C:/Users/jchang3/Documents/ECE492/test/software/accelerometer_pen_bsp/\libucosii_bsp.a(alt_dev.o)
                0x0081e5bc                alt_fs_list
                0x0081e5c4                alt_dev_list
                0x0081e5cc                alt_max_fd
 .sdata         0x0081e5d0        0x4 C:/Users/jchang3/Documents/ECE492/test/software/accelerometer_pen_bsp/\libucosii_bsp.a(alt_errno.o)
                0x0081e5d0                alt_errno
 .sdata         0x0081e5d4        0x4 C:/Users/jchang3/Documents/ECE492/test/software/accelerometer_pen_bsp/\libucosii_bsp.a(alt_sbrk.o)
 .sdata         0x0081e5d8        0x4 C:/Users/jchang3/Documents/ECE492/test/software/accelerometer_pen_bsp/\libucosii_bsp.a(alt_env_lock.o)
 .sdata         0x0081e5dc        0x4 C:/Users/jchang3/Documents/ECE492/test/software/accelerometer_pen_bsp/\libucosii_bsp.a(alt_malloc_lock.o)
 .sdata         0x0081e5e0       0x74 C:/Users/jchang3/Documents/ECE492/test/software/accelerometer_pen_bsp/\libucosii_bsp.a(os_dbg.o)
                0x0081e5e0                OSDebugEn
                0x0081e5e4                OSEndiannessTest
                0x0081e5e8                OSEventEn
                0x0081e5ea                OSEventMax
                0x0081e5ec                OSEventNameSize
                0x0081e5ee                OSEventSize
                0x0081e5f0                OSEventTblSize
                0x0081e5f2                OSEventMultiEn
                0x0081e5f4                OSFlagEn
                0x0081e5f6                OSFlagGrpSize
                0x0081e5f8                OSFlagNodeSize
                0x0081e5fa                OSFlagWidth
                0x0081e5fc                OSFlagMax
                0x0081e5fe                OSFlagNameSize
                0x0081e600                OSLowestPrio
                0x0081e602                OSMboxEn
                0x0081e604                OSMemEn
                0x0081e606                OSMemMax
                0x0081e608                OSMemNameSize
                0x0081e60a                OSMemSize
                0x0081e60c                OSMemTblSize
                0x0081e60e                OSMutexEn
                0x0081e610                OSPtrSize
                0x0081e612                OSQEn
                0x0081e614                OSQMax
                0x0081e616                OSQSize
                0x0081e618                OSRdyTblSize
                0x0081e61a                OSSemEn
                0x0081e61c                OSStkWidth
                0x0081e61e                OSTaskCreateEn
                0x0081e620                OSTaskCreateExtEn
                0x0081e622                OSTaskDelEn
                0x0081e624                OSTaskIdleStkSize
                0x0081e626                OSTaskProfileEn
                0x0081e628                OSTaskMax
                0x0081e62a                OSTaskNameSize
                0x0081e62c                OSTaskStatEn
                0x0081e62e                OSTaskStatStkSize
                0x0081e630                OSTaskStatStkChkEn
                0x0081e632                OSTaskSwHookEn
                0x0081e634                OSTCBPrioTblMax
                0x0081e636                OSTCBSize
                0x0081e638                OSTicksPerSec
                0x0081e63a                OSTimeTickHookEn
                0x0081e63c                OSVersionNbr
                0x0081e63e                OSTmrEn
                0x0081e640                OSTmrCfgMax
                0x0081e642                OSTmrCfgNameSize
                0x0081e644                OSTmrCfgWheelSize
                0x0081e646                OSTmrCfgTicksPerSec
                0x0081e648                OSTmrSize
                0x0081e64a                OSTmrTblSize
                0x0081e64c                OSTmrWheelSize
                0x0081e64e                OSTmrWheelTblSize
                0x0081e650                OSDataSize
 .sdata         0x0081e654        0x4 C:/Users/jchang3/Documents/ECE492/test/software/accelerometer_pen_bsp/\libucosii_bsp.a(alt_irq_vars.o)
                0x0081e654                alt_priority_mask
 .sdata         0x0081e658        0x8 C:/Users/jchang3/Documents/ECE492/test/software/accelerometer_pen_bsp/\libucosii_bsp.a(alt_tick.o)
                0x0081e658                alt_alarm_list
 *(.sdata2 .sdata2.* .gnu.linkonce.s2.*)
                0x0081e660                . = ALIGN (0x4)
                0x0081e660                _edata = ABSOLUTE (.)
                0x0081e660                PROVIDE (edata, ABSOLUTE (.))
                0x0081e660                PROVIDE (__ram_rwdata_end, ABSOLUTE (.))
                0x0081e660                PROVIDE (__flash_rwdata_start, LOADADDR (.rwdata))

.bss            0x008201c8    0x14464
                0x008201c8                __bss_start = ABSOLUTE (.)
                0x008201c8                PROVIDE (__sbss_start, ABSOLUTE (.))
                0x008201c8                PROVIDE (___sbss_start, ABSOLUTE (.))
 *(.dynsbss)
 *(.sbss .sbss.* .gnu.linkonce.sb.*)
 .sbss          0x008201c8       0x44 obj/default/hello_ucosii.o
                0x008201c8                template_number
                0x008201cc                pCharacter
                0x008201d0                dtw_semy
                0x008201d4                dtwy
                0x008201d8                semy
                0x008201dc                readsem
                0x008201e0                writesem
                0x008201e4                configuresem
                0x008201e8                uartsem
                0x008201ec                message
                0x008201f0                dtwx
                0x008201f4                dtw_sem
                0x008201f8                dtw_semx
                0x008201fc                err
                0x00820200                semx
                0x00820204                modeselectsem
                0x00820208                SWQ
 .sbss          0x0082020c        0xc c:/altera/12.1sp1/nios2eds/bin/gnu/h-i686-mingw32/bin/../lib/gcc/nios2-elf/4.1.2/../../../../nios2-elf/lib/mno-hw-mul\libc.a(lib_a-mallocr.o)
                0x0082020c                __malloc_top_pad
                0x00820210                __malloc_max_sbrked_mem
                0x00820214                __malloc_max_total_mem
 .sbss          0x00820218        0x4 c:/altera/12.1sp1/nios2eds/bin/gnu/h-i686-mingw32/bin/../lib/gcc/nios2-elf/4.1.2/../../../../nios2-elf/lib/mno-hw-mul\libc.a(lib_a-int_errno.o)
                0x00820218                errno
 .sbss          0x0082021c        0xc c:/altera/12.1sp1/nios2eds/bin/gnu/h-i686-mingw32/bin/../lib/gcc/nios2-elf/4.1.2/../../../../nios2-elf/lib/mno-hw-mul\libc.a(lib_a-locale.o)
                0x0082021c                __nlocale_changed
                0x00820220                __mlocale_changed
                0x00820224                _PathLocale
 .sbss          0x00820228        0x4 C:/Users/jchang3/Documents/ECE492/test/software/accelerometer_pen_bsp/\libucosii_bsp.a(alt_dev.o)
                0x00820228                alt_fd_list_lock
 .sbss          0x0082022c        0xc C:/Users/jchang3/Documents/ECE492/test/software/accelerometer_pen_bsp/\libucosii_bsp.a(alt_main.o)
                0x0082022c                alt_argc
                0x00820230                alt_argv
                0x00820234                alt_envp
 .sbss          0x00820238        0x8 C:/Users/jchang3/Documents/ECE492/test/software/accelerometer_pen_bsp/\libucosii_bsp.a(alt_env_lock.o)
                0x0082023c                alt_envsem
 .sbss          0x00820240        0x8 C:/Users/jchang3/Documents/ECE492/test/software/accelerometer_pen_bsp/\libucosii_bsp.a(alt_malloc_lock.o)
                0x00820244                alt_heapsem
 .sbss          0x00820248       0x50 C:/Users/jchang3/Documents/ECE492/test/software/accelerometer_pen_bsp/\libucosii_bsp.a(os_core.o)
                0x00820248                OSLockNesting
                0x00820249                OSRunning
                0x0082024c                OSIdleCtr
                0x00820250                OSPrioHighRdy
                0x00820251                OSPrioCur
                0x00820254                OSTCBList
                0x00820258                OSTickStepState
                0x0082025c                OSCtxSwCtr
                0x00820260                OSIdleCtrMax
                0x00820264                OSTCBFreeList
                0x00820268                OSCPUUsage
                0x00820269                OSTaskCtr
                0x0082026c                OSMemFreeList
                0x00820270                OSTCBHighRdy
                0x00820274                OSQFreeList
                0x00820278                OSRdyGrp
                0x00820279                OSRdyTbl
                0x0082027c                OSEventFreeList
                0x00820280                OSIntNesting
                0x00820284                OSTCBCur
                0x00820288                OSTime
                0x0082028c                OSFlagFreeList
                0x00820290                OSStatRdy
                0x00820294                OSIdleCtrRun
 .sbss          0x00820298       0x34 C:/Users/jchang3/Documents/ECE492/test/software/accelerometer_pen_bsp/\libucosii_bsp.a(altera_up_sd_card_avalon_interface.o)
                0x00820298                initialized
                0x0082029c                is_sd_card_formated_as_FAT16
                0x008202a0                aux_status_register
                0x008202a4                status_register
                0x008202a8                CSD_register_w0
                0x008202ac                command_register
                0x008202b0                command_argument_register
                0x008202b4                buffer_memory
                0x008202b8                fat_partition_offset_in_512_byte_sectors
                0x008202bc                fat_partition_size_in_512_byte_sectors
                0x008202c0                device_pointer
                0x008202c4                current_sector_modified
                0x008202c8                current_sector_index
 .sbss          0x008202cc        0x4 C:/Users/jchang3/Documents/ECE492/test/software/accelerometer_pen_bsp/\libucosii_bsp.a(alt_irq_vars.o)
                0x008202cc                alt_irq_active
 .sbss          0x008202d0        0x8 C:/Users/jchang3/Documents/ECE492/test/software/accelerometer_pen_bsp/\libucosii_bsp.a(alt_tick.o)
                0x008202d0                _alt_tick_rate
                0x008202d4                _alt_nticks
 *(.sbss2 .sbss2.* .gnu.linkonce.sb2.*)
 *(.scommon)
                0x008202d8                PROVIDE (__sbss_end, ABSOLUTE (.))
                0x008202d8                PROVIDE (___sbss_end, ABSOLUTE (.))
 *(.dynbss)
 *(.bss .bss.* .gnu.linkonce.b.*)
 .bss           0x008202d8        0x0 C:/Users/jchang3/Documents/ECE492/test/software/accelerometer_pen_bsp//obj/HAL/src/crt0.o
 .bss           0x008202d8        0x0 obj/default/dtw.o
 .bss           0x008202d8        0x0 obj/default/hello_ucosii.o
 .bss           0x008202d8        0x0 c:/altera/12.1sp1/nios2eds/bin/gnu/h-i686-mingw32/bin/../lib/gcc/nios2-elf/4.1.2/mno-hw-mul\libgcc.a(_div_sf.o)
 .bss           0x008202d8        0x0 c:/altera/12.1sp1/nios2eds/bin/gnu/h-i686-mingw32/bin/../lib/gcc/nios2-elf/4.1.2/mno-hw-mul\libgcc.a(_sf_to_df.o)
 .bss           0x008202d8        0x0 c:/altera/12.1sp1/nios2eds/bin/gnu/h-i686-mingw32/bin/../lib/gcc/nios2-elf/4.1.2/mno-hw-mul\libgcc.a(_thenan_sf.o)
 .bss           0x008202d8        0x0 c:/altera/12.1sp1/nios2eds/bin/gnu/h-i686-mingw32/bin/../lib/gcc/nios2-elf/4.1.2/mno-hw-mul\libgcc.a(_usi_to_sf.o)
 .bss           0x008202d8        0x0 c:/altera/12.1sp1/nios2eds/bin/gnu/h-i686-mingw32/bin/../lib/gcc/nios2-elf/4.1.2/mno-hw-mul\libgcc.a(_addsub_df.o)
 .bss           0x008202d8        0x0 c:/altera/12.1sp1/nios2eds/bin/gnu/h-i686-mingw32/bin/../lib/gcc/nios2-elf/4.1.2/mno-hw-mul\libgcc.a(_mul_df.o)
 .bss           0x008202d8        0x0 c:/altera/12.1sp1/nios2eds/bin/gnu/h-i686-mingw32/bin/../lib/gcc/nios2-elf/4.1.2/mno-hw-mul\libgcc.a(_si_to_df.o)
 .bss           0x008202d8        0x0 c:/altera/12.1sp1/nios2eds/bin/gnu/h-i686-mingw32/bin/../lib/gcc/nios2-elf/4.1.2/mno-hw-mul\libgcc.a(_df_to_si.o)
 .bss           0x008202d8        0x0 c:/altera/12.1sp1/nios2eds/bin/gnu/h-i686-mingw32/bin/../lib/gcc/nios2-elf/4.1.2/mno-hw-mul\libgcc.a(_make_df.o)
 .bss           0x008202d8        0x0 c:/altera/12.1sp1/nios2eds/bin/gnu/h-i686-mingw32/bin/../lib/gcc/nios2-elf/4.1.2/mno-hw-mul\libgcc.a(_thenan_df.o)
 .bss           0x008202d8        0x0 c:/altera/12.1sp1/nios2eds/bin/gnu/h-i686-mingw32/bin/../lib/gcc/nios2-elf/4.1.2/mno-hw-mul\libgcc.a(lib2-mul.o)
 .bss           0x008202d8        0x0 c:/altera/12.1sp1/nios2eds/bin/gnu/h-i686-mingw32/bin/../lib/gcc/nios2-elf/4.1.2/mno-hw-mul\libgcc.a(_muldi3.o)
 .bss           0x008202d8        0x0 c:/altera/12.1sp1/nios2eds/bin/gnu/h-i686-mingw32/bin/../lib/gcc/nios2-elf/4.1.2/mno-hw-mul\libgcc.a(_clzsi2.o)
 .bss           0x008202d8        0x0 c:/altera/12.1sp1/nios2eds/bin/gnu/h-i686-mingw32/bin/../lib/gcc/nios2-elf/4.1.2/mno-hw-mul\libgcc.a(_pack_sf.o)
 .bss           0x008202d8        0x0 c:/altera/12.1sp1/nios2eds/bin/gnu/h-i686-mingw32/bin/../lib/gcc/nios2-elf/4.1.2/mno-hw-mul\libgcc.a(_unpack_sf.o)
 .bss           0x008202d8        0x0 c:/altera/12.1sp1/nios2eds/bin/gnu/h-i686-mingw32/bin/../lib/gcc/nios2-elf/4.1.2/mno-hw-mul\libgcc.a(_pack_df.o)
 .bss           0x008202d8        0x0 c:/altera/12.1sp1/nios2eds/bin/gnu/h-i686-mingw32/bin/../lib/gcc/nios2-elf/4.1.2/mno-hw-mul\libgcc.a(_unpack_df.o)
 .bss           0x008202d8        0x0 c:/altera/12.1sp1/nios2eds/bin/gnu/h-i686-mingw32/bin/../lib/gcc/nios2-elf/4.1.2/mno-hw-mul\libgcc.a(_clz.o)
 .bss           0x008202d8        0x0 c:/altera/12.1sp1/nios2eds/bin/gnu/h-i686-mingw32/bin/../lib/gcc/nios2-elf/4.1.2/../../../../nios2-elf/lib/mno-hw-mul\libc.a(lib_a-calloc.o)
 .bss           0x008202d8        0x0 c:/altera/12.1sp1/nios2eds/bin/gnu/h-i686-mingw32/bin/../lib/gcc/nios2-elf/4.1.2/../../../../nios2-elf/lib/mno-hw-mul\libc.a(lib_a-callocr.o)
 .bss           0x008202d8        0x0 c:/altera/12.1sp1/nios2eds/bin/gnu/h-i686-mingw32/bin/../lib/gcc/nios2-elf/4.1.2/../../../../nios2-elf/lib/mno-hw-mul\libc.a(lib_a-clock.o)
 .bss           0x008202d8        0x0 c:/altera/12.1sp1/nios2eds/bin/gnu/h-i686-mingw32/bin/../lib/gcc/nios2-elf/4.1.2/../../../../nios2-elf/lib/mno-hw-mul\libc.a(lib_a-impure.o)
 .bss           0x008202d8       0x28 c:/altera/12.1sp1/nios2eds/bin/gnu/h-i686-mingw32/bin/../lib/gcc/nios2-elf/4.1.2/../../../../nios2-elf/lib/mno-hw-mul\libc.a(lib_a-mallocr.o)
                0x008202d8                __malloc_current_mallinfo
 .bss           0x00820300        0x0 c:/altera/12.1sp1/nios2eds/bin/gnu/h-i686-mingw32/bin/../lib/gcc/nios2-elf/4.1.2/../../../../nios2-elf/lib/mno-hw-mul\libc.a(lib_a-memset.o)
 .bss           0x00820300        0x0 c:/altera/12.1sp1/nios2eds/bin/gnu/h-i686-mingw32/bin/../lib/gcc/nios2-elf/4.1.2/../../../../nios2-elf/lib/mno-hw-mul\libc.a(lib_a-printf.o)
 .bss           0x00820300        0x0 c:/altera/12.1sp1/nios2eds/bin/gnu/h-i686-mingw32/bin/../lib/gcc/nios2-elf/4.1.2/../../../../nios2-elf/lib/mno-hw-mul\libc.a(lib_a-puts.o)
 .bss           0x00820300        0x0 c:/altera/12.1sp1/nios2eds/bin/gnu/h-i686-mingw32/bin/../lib/gcc/nios2-elf/4.1.2/../../../../nios2-elf/lib/mno-hw-mul\libc.a(lib_a-sbrkr.o)
 .bss           0x00820300        0x0 c:/altera/12.1sp1/nios2eds/bin/gnu/h-i686-mingw32/bin/../lib/gcc/nios2-elf/4.1.2/../../../../nios2-elf/lib/mno-hw-mul\libc.a(lib_a-strlen.o)
 .bss           0x00820300        0x0 c:/altera/12.1sp1/nios2eds/bin/gnu/h-i686-mingw32/bin/../lib/gcc/nios2-elf/4.1.2/../../../../nios2-elf/lib/mno-hw-mul\libc.a(lib_a-timesr.o)
 .bss           0x00820300        0x0 c:/altera/12.1sp1/nios2eds/bin/gnu/h-i686-mingw32/bin/../lib/gcc/nios2-elf/4.1.2/../../../../nios2-elf/lib/mno-hw-mul\libc.a(lib_a-vfprintf.o)
 .bss           0x00820300        0x0 c:/altera/12.1sp1/nios2eds/bin/gnu/h-i686-mingw32/bin/../lib/gcc/nios2-elf/4.1.2/../../../../nios2-elf/lib/mno-hw-mul\libc.a(lib_a-wsetup.o)
 .bss           0x00820300        0x0 c:/altera/12.1sp1/nios2eds/bin/gnu/h-i686-mingw32/bin/../lib/gcc/nios2-elf/4.1.2/../../../../nios2-elf/lib/mno-hw-mul\libc.a(lib_a-dtoa.o)
 .bss           0x00820300        0x0 c:/altera/12.1sp1/nios2eds/bin/gnu/h-i686-mingw32/bin/../lib/gcc/nios2-elf/4.1.2/../../../../nios2-elf/lib/mno-hw-mul\libc.a(lib_a-fflush.o)
 .bss           0x00820300        0x0 c:/altera/12.1sp1/nios2eds/bin/gnu/h-i686-mingw32/bin/../lib/gcc/nios2-elf/4.1.2/../../../../nios2-elf/lib/mno-hw-mul\libc.a(lib_a-findfp.o)
 .bss           0x00820300        0x0 c:/altera/12.1sp1/nios2eds/bin/gnu/h-i686-mingw32/bin/../lib/gcc/nios2-elf/4.1.2/../../../../nios2-elf/lib/mno-hw-mul\libc.a(lib_a-freer.o)
 .bss           0x00820300        0x0 c:/altera/12.1sp1/nios2eds/bin/gnu/h-i686-mingw32/bin/../lib/gcc/nios2-elf/4.1.2/../../../../nios2-elf/lib/mno-hw-mul\libc.a(lib_a-fvwrite.o)
 .bss           0x00820300        0x0 c:/altera/12.1sp1/nios2eds/bin/gnu/h-i686-mingw32/bin/../lib/gcc/nios2-elf/4.1.2/../../../../nios2-elf/lib/mno-hw-mul\libc.a(lib_a-fwalk.o)
 .bss           0x00820300        0x0 c:/altera/12.1sp1/nios2eds/bin/gnu/h-i686-mingw32/bin/../lib/gcc/nios2-elf/4.1.2/../../../../nios2-elf/lib/mno-hw-mul\libc.a(lib_a-int_errno.o)
 .bss           0x00820300        0x0 c:/altera/12.1sp1/nios2eds/bin/gnu/h-i686-mingw32/bin/../lib/gcc/nios2-elf/4.1.2/../../../../nios2-elf/lib/mno-hw-mul\libc.a(lib_a-locale.o)
 .bss           0x00820300        0x0 c:/altera/12.1sp1/nios2eds/bin/gnu/h-i686-mingw32/bin/../lib/gcc/nios2-elf/4.1.2/../../../../nios2-elf/lib/mno-hw-mul\libc.a(lib_a-makebuf.o)
 .bss           0x00820300        0x0 c:/altera/12.1sp1/nios2eds/bin/gnu/h-i686-mingw32/bin/../lib/gcc/nios2-elf/4.1.2/../../../../nios2-elf/lib/mno-hw-mul\libc.a(lib_a-memchr.o)
 .bss           0x00820300        0x0 c:/altera/12.1sp1/nios2eds/bin/gnu/h-i686-mingw32/bin/../lib/gcc/nios2-elf/4.1.2/../../../../nios2-elf/lib/mno-hw-mul\libc.a(lib_a-memcpy.o)
 .bss           0x00820300        0x0 c:/altera/12.1sp1/nios2eds/bin/gnu/h-i686-mingw32/bin/../lib/gcc/nios2-elf/4.1.2/../../../../nios2-elf/lib/mno-hw-mul\libc.a(lib_a-memmove.o)
 .bss           0x00820300        0x0 c:/altera/12.1sp1/nios2eds/bin/gnu/h-i686-mingw32/bin/../lib/gcc/nios2-elf/4.1.2/../../../../nios2-elf/lib/mno-hw-mul\libc.a(lib_a-mprec.o)
 .bss           0x00820300        0x0 c:/altera/12.1sp1/nios2eds/bin/gnu/h-i686-mingw32/bin/../lib/gcc/nios2-elf/4.1.2/../../../../nios2-elf/lib/mno-hw-mul\libc.a(lib_a-reallocr.o)
 .bss           0x00820300        0x0 c:/altera/12.1sp1/nios2eds/bin/gnu/h-i686-mingw32/bin/../lib/gcc/nios2-elf/4.1.2/../../../../nios2-elf/lib/mno-hw-mul\libc.a(lib_a-s_isinfd.o)
 .bss           0x00820300        0x0 c:/altera/12.1sp1/nios2eds/bin/gnu/h-i686-mingw32/bin/../lib/gcc/nios2-elf/4.1.2/../../../../nios2-elf/lib/mno-hw-mul\libc.a(lib_a-s_isnand.o)
 .bss           0x00820300        0x0 c:/altera/12.1sp1/nios2eds/bin/gnu/h-i686-mingw32/bin/../lib/gcc/nios2-elf/4.1.2/../../../../nios2-elf/lib/mno-hw-mul\libc.a(lib_a-stdio.o)
 .bss           0x00820300        0x0 c:/altera/12.1sp1/nios2eds/bin/gnu/h-i686-mingw32/bin/../lib/gcc/nios2-elf/4.1.2/../../../../nios2-elf/lib/mno-hw-mul\libc.a(lib_a-strcmp.o)
 .bss           0x00820300        0x0 c:/altera/12.1sp1/nios2eds/bin/gnu/h-i686-mingw32/bin/../lib/gcc/nios2-elf/4.1.2/../../../../nios2-elf/lib/mno-hw-mul\libc.a(lib_a-writer.o)
 .bss           0x00820300        0x0 c:/altera/12.1sp1/nios2eds/bin/gnu/h-i686-mingw32/bin/../lib/gcc/nios2-elf/4.1.2/../../../../nios2-elf/lib/mno-hw-mul\libc.a(lib_a-closer.o)
 .bss           0x00820300        0x0 c:/altera/12.1sp1/nios2eds/bin/gnu/h-i686-mingw32/bin/../lib/gcc/nios2-elf/4.1.2/../../../../nios2-elf/lib/mno-hw-mul\libc.a(lib_a-fclose.o)
 .bss           0x00820300        0x0 c:/altera/12.1sp1/nios2eds/bin/gnu/h-i686-mingw32/bin/../lib/gcc/nios2-elf/4.1.2/../../../../nios2-elf/lib/mno-hw-mul\libc.a(lib_a-fstatr.o)
 .bss           0x00820300        0x0 c:/altera/12.1sp1/nios2eds/bin/gnu/h-i686-mingw32/bin/../lib/gcc/nios2-elf/4.1.2/../../../../nios2-elf/lib/mno-hw-mul\libc.a(lib_a-isattyr.o)
 .bss           0x00820300        0x0 c:/altera/12.1sp1/nios2eds/bin/gnu/h-i686-mingw32/bin/../lib/gcc/nios2-elf/4.1.2/../../../../nios2-elf/lib/mno-hw-mul\libc.a(lib_a-lseekr.o)
 .bss           0x00820300        0x0 c:/altera/12.1sp1/nios2eds/bin/gnu/h-i686-mingw32/bin/../lib/gcc/nios2-elf/4.1.2/../../../../nios2-elf/lib/mno-hw-mul\libc.a(lib_a-readr.o)
 .bss           0x00820300        0x0 c:/altera/12.1sp1/nios2eds/bin/gnu/h-i686-mingw32/bin/../lib/gcc/nios2-elf/4.1.2/mno-hw-mul\libgcc.a(_udivdi3.o)
 .bss           0x00820300        0x0 c:/altera/12.1sp1/nios2eds/bin/gnu/h-i686-mingw32/bin/../lib/gcc/nios2-elf/4.1.2/mno-hw-mul\libgcc.a(_umoddi3.o)